
shortname: benhoyt_goawk-BuiltinGsubAmpersand
toolchain: LLGo
goos: linux
goarch: amd64
pkg: github.com/benhoyt/goawk/interp
cpu: AMD EPYC 7763 64-Core Processor @ 3242.586MHz
BenchmarkBuiltinGsubAmpersand-4   	   13303	     43378 ns/op
PASS

shortname: benhoyt_goawk-BuiltinGsubAmpersand
toolchain: LLGo
goos: linux
goarch: amd64
pkg: github.com/benhoyt/goawk/interp
cpu: AMD EPYC 7763 64-Core Processor @ 3242.761MHz
BenchmarkBuiltinGsubAmpersand-4   	   13732	     43415 ns/op
PASS

shortname: benhoyt_goawk-BuiltinGsubAmpersand
toolchain: LLGo
goos: linux
goarch: amd64
pkg: github.com/benhoyt/goawk/interp
cpu: AMD EPYC 7763 64-Core Processor @ 3243.578MHz
BenchmarkBuiltinGsubAmpersand-4   	   13758	     43356 ns/op
PASS

shortname: benhoyt_goawk-BuiltinGsubAmpersand
toolchain: LLGo
goos: linux
goarch: amd64
pkg: github.com/benhoyt/goawk/interp
cpu: AMD EPYC 7763 64-Core Processor @ 3241.754MHz
BenchmarkBuiltinGsubAmpersand-4   	   13716	     43198 ns/op
PASS

shortname: benhoyt_goawk-BuiltinGsubAmpersand
toolchain: LLGo
goos: linux
goarch: amd64
pkg: github.com/benhoyt/goawk/interp
cpu: AMD EPYC 7763 64-Core Processor @ 3241.728MHz
BenchmarkBuiltinGsubAmpersand-4   	   13708	     43301 ns/op
PASS

shortname: benhoyt_goawk-NativeFunc
toolchain: LLGo
goos: linux
goarch: amd64
pkg: github.com/benhoyt/goawk/interp
cpu: AMD EPYC 7763 64-Core Processor @ 3242.120MHz
BenchmarkNativeFunc-4   	   20089	     29287 ns/op
PASS

shortname: benhoyt_goawk-NativeFunc
toolchain: LLGo
goos: linux
goarch: amd64
pkg: github.com/benhoyt/goawk/interp
cpu: AMD EPYC 7763 64-Core Processor @ 3240.731MHz
BenchmarkNativeFunc-4   	   20218	     29230 ns/op
PASS

shortname: benhoyt_goawk-NativeFunc
toolchain: LLGo
goos: linux
goarch: amd64
pkg: github.com/benhoyt/goawk/interp
cpu: AMD EPYC 7763 64-Core Processor @ 3242.168MHz
BenchmarkNativeFunc-4   	   20216	     29138 ns/op
PASS

shortname: benhoyt_goawk-NativeFunc
toolchain: LLGo
goos: linux
goarch: amd64
pkg: github.com/benhoyt/goawk/interp
cpu: AMD EPYC 7763 64-Core Processor @ 3245.840MHz
BenchmarkNativeFunc-4   	   20066	     29403 ns/op
PASS

shortname: benhoyt_goawk-NativeFunc
toolchain: LLGo
goos: linux
goarch: amd64
pkg: github.com/benhoyt/goawk/interp
cpu: AMD EPYC 7763 64-Core Processor @ 3241.749MHz
BenchmarkNativeFunc-4   	   20301	     29415 ns/op
PASS

shortname: benhoyt_goawk-RecursiveFunc
toolchain: LLGo
goos: linux
goarch: amd64
pkg: github.com/benhoyt/goawk/interp
cpu: AMD EPYC 7763 64-Core Processor @ 3244.388MHz
BenchmarkRecursiveFunc-4   	   17356	     34083 ns/op
PASS

shortname: benhoyt_goawk-RecursiveFunc
toolchain: LLGo
goos: linux
goarch: amd64
pkg: github.com/benhoyt/goawk/interp
cpu: AMD EPYC 7763 64-Core Processor @ 3241.720MHz
BenchmarkRecursiveFunc-4   	   17386	     33990 ns/op
PASS

shortname: benhoyt_goawk-RecursiveFunc
toolchain: LLGo
goos: linux
goarch: amd64
pkg: github.com/benhoyt/goawk/interp
cpu: AMD EPYC 7763 64-Core Processor @ 3243.800MHz
BenchmarkRecursiveFunc-4   	   17283	     34359 ns/op
PASS

shortname: benhoyt_goawk-RecursiveFunc
toolchain: LLGo
goos: linux
goarch: amd64
pkg: github.com/benhoyt/goawk/interp
cpu: AMD EPYC 7763 64-Core Processor @ 3236.929MHz
BenchmarkRecursiveFunc-4   	   17378	     34135 ns/op
PASS

shortname: benhoyt_goawk-RecursiveFunc
toolchain: LLGo
goos: linux
goarch: amd64
pkg: github.com/benhoyt/goawk/interp
cpu: AMD EPYC 7763 64-Core Processor @ 3243.443MHz
BenchmarkRecursiveFunc-4   	   17188	     34605 ns/op
PASS

shortname: benhoyt_goawk-SimpleBuiltins
toolchain: LLGo
goos: linux
goarch: amd64
pkg: github.com/benhoyt/goawk/interp
cpu: AMD EPYC 7763 64-Core Processor @ 3241.834MHz
BenchmarkSimpleBuiltins-4   	  242784	      2305 ns/op
PASS

shortname: benhoyt_goawk-SimpleBuiltins
toolchain: LLGo
goos: linux
goarch: amd64
pkg: github.com/benhoyt/goawk/interp
cpu: AMD EPYC 7763 64-Core Processor @ 3245.078MHz
BenchmarkSimpleBuiltins-4   	  242751	      2305 ns/op
PASS

shortname: benhoyt_goawk-SimpleBuiltins
toolchain: LLGo
goos: linux
goarch: amd64
pkg: github.com/benhoyt/goawk/interp
cpu: AMD EPYC 7763 64-Core Processor @ 3242.860MHz
BenchmarkSimpleBuiltins-4   	  243246	      2348 ns/op
PASS

shortname: benhoyt_goawk-SimpleBuiltins
toolchain: LLGo
goos: linux
goarch: amd64
pkg: github.com/benhoyt/goawk/interp
cpu: AMD EPYC 7763 64-Core Processor @ 3246.328MHz
BenchmarkSimpleBuiltins-4   	  243631	      2299 ns/op
PASS

shortname: benhoyt_goawk-SimpleBuiltins
toolchain: LLGo
goos: linux
goarch: amd64
pkg: github.com/benhoyt/goawk/interp
cpu: AMD EPYC 7763 64-Core Processor @ 3242.574MHz
BenchmarkSimpleBuiltins-4   	  244441	      2303 ns/op
PASS

shortname: bloom_bits-BitSetExtractDeposit%2Fsize%3D64%2Ffn%3DDepositTo
toolchain: LLGo
goos: linux
goarch: amd64
pkg: github.com/bits-and-blooms/bitset
cpu: AMD EPYC 7763 64-Core Processor @ 3244.920MHz
BenchmarkBitSetExtractDeposit/size=64/fn=DepositTo-4         	16147677	        37.06 ns/op	       0 B/op	       0 allocs/op
PASS

shortname: bloom_bits-BitSetExtractDeposit%2Fsize%3D64%2Ffn%3DDepositTo
toolchain: LLGo
goos: linux
goarch: amd64
pkg: github.com/bits-and-blooms/bitset
cpu: AMD EPYC 7763 64-Core Processor @ 3240.706MHz
BenchmarkBitSetExtractDeposit/size=64/fn=DepositTo-4         	16189863	        37.04 ns/op	       0 B/op	       0 allocs/op
PASS

shortname: bloom_bits-BitSetExtractDeposit%2Fsize%3D64%2Ffn%3DDepositTo
toolchain: LLGo
goos: linux
goarch: amd64
pkg: github.com/bits-and-blooms/bitset
cpu: AMD EPYC 7763 64-Core Processor @ 3243.875MHz
BenchmarkBitSetExtractDeposit/size=64/fn=DepositTo-4         	16194672	        37.08 ns/op	       0 B/op	       0 allocs/op
PASS

shortname: bloom_bits-BitSetExtractDeposit%2Fsize%3D64%2Ffn%3DDepositTo
toolchain: LLGo
goos: linux
goarch: amd64
pkg: github.com/bits-and-blooms/bitset
cpu: AMD EPYC 7763 64-Core Processor @ 3241.633MHz
BenchmarkBitSetExtractDeposit/size=64/fn=DepositTo-4         	16208746	        37.10 ns/op	       0 B/op	       0 allocs/op
PASS

shortname: bloom_bits-BitSetExtractDeposit%2Fsize%3D64%2Ffn%3DDepositTo
toolchain: LLGo
goos: linux
goarch: amd64
pkg: github.com/bits-and-blooms/bitset
cpu: AMD EPYC 7763 64-Core Processor @ 3242.967MHz
BenchmarkBitSetExtractDeposit/size=64/fn=DepositTo-4         	16191475	        37.05 ns/op	       0 B/op	       0 allocs/op
PASS

shortname: capnproto2-Growth_MultiSegment
toolchain: LLGo
goos: linux
goarch: amd64
pkg: zombiezen.com/go/capnproto2
cpu: AMD EPYC 7763 64-Core Processor @ 2445.424MHz
BenchmarkGrowth_MultiSegment-4   	      18	  30635786 ns/op	  34.23 MB/s	 8311226 B/op	       0 allocs/op
PASS

shortname: capnproto2-Growth_MultiSegment
toolchain: LLGo
goos: linux
goarch: amd64
pkg: zombiezen.com/go/capnproto2
cpu: AMD EPYC 7763 64-Core Processor @ 3043.372MHz
BenchmarkGrowth_MultiSegment-4   	      18	  30765958 ns/op	  34.08 MB/s	 8311269 B/op	       0 allocs/op
PASS

shortname: capnproto2-Growth_MultiSegment
toolchain: LLGo
goos: linux
goarch: amd64
pkg: zombiezen.com/go/capnproto2
cpu: AMD EPYC 7763 64-Core Processor @ 2445.424MHz
BenchmarkGrowth_MultiSegment-4   	      18	  30639061 ns/op	  34.22 MB/s	 8311259 B/op	       0 allocs/op
PASS

shortname: capnproto2-Growth_MultiSegment
toolchain: LLGo
goos: linux
goarch: amd64
pkg: zombiezen.com/go/capnproto2
cpu: AMD EPYC 7763 64-Core Processor @ 3244.310MHz
BenchmarkGrowth_MultiSegment-4   	      18	  30505030 ns/op	  34.37 MB/s	 8311158 B/op	       0 allocs/op
PASS

shortname: capnproto2-Growth_MultiSegment
toolchain: LLGo
goos: linux
goarch: amd64
pkg: zombiezen.com/go/capnproto2
cpu: AMD EPYC 7763 64-Core Processor @ 2445.424MHz
BenchmarkGrowth_MultiSegment-4   	      18	  30529340 ns/op	  34.35 MB/s	 8311216 B/op	       0 allocs/op
PASS

shortname: capnproto2-Unmarshal_Reuse
toolchain: LLGo
goos: linux
goarch: amd64
pkg: zombiezen.com/go/capnproto2
cpu: AMD EPYC 7763 64-Core Processor @ 3241.164MHz
BenchmarkUnmarshal_Reuse-4   	  524626	      1065 ns/op	     272 B/op	       0 allocs/op
PASS

shortname: capnproto2-Unmarshal_Reuse
toolchain: LLGo
goos: linux
goarch: amd64
pkg: zombiezen.com/go/capnproto2
cpu: AMD EPYC 7763 64-Core Processor @ 3241.765MHz
BenchmarkUnmarshal_Reuse-4   	  527460	      1050 ns/op	     272 B/op	       0 allocs/op
PASS

shortname: capnproto2-Unmarshal_Reuse
toolchain: LLGo
goos: linux
goarch: amd64
pkg: zombiezen.com/go/capnproto2
cpu: AMD EPYC 7763 64-Core Processor @ 3359.425MHz
BenchmarkUnmarshal_Reuse-4   	  521667	      1049 ns/op	     272 B/op	       0 allocs/op
PASS

shortname: capnproto2-Unmarshal_Reuse
toolchain: LLGo
goos: linux
goarch: amd64
pkg: zombiezen.com/go/capnproto2
cpu: AMD EPYC 7763 64-Core Processor @ 3255.598MHz
BenchmarkUnmarshal_Reuse-4   	  525712	      1047 ns/op	     272 B/op	       0 allocs/op
PASS

shortname: capnproto2-Unmarshal_Reuse
toolchain: LLGo
goos: linux
goarch: amd64
pkg: zombiezen.com/go/capnproto2
cpu: AMD EPYC 7763 64-Core Processor @ 3244.116MHz
BenchmarkUnmarshal_Reuse-4   	  533695	      1049 ns/op	     272 B/op	       0 allocs/op
PASS

shortname: commonmark_markdown-RenderSpecNoHTML
toolchain: LLGo
goos: linux
goarch: amd64
pkg: gitlab.com/golang-commonmark/markdown
cpu: AMD EPYC 7763 64-Core Processor @ 3243.445MHz
BenchmarkRenderSpecNoHTML-4   	      44	  12303298 ns/op
PASS

shortname: commonmark_markdown-RenderSpecNoHTML
toolchain: LLGo
goos: linux
goarch: amd64
pkg: gitlab.com/golang-commonmark/markdown
cpu: AMD EPYC 7763 64-Core Processor @ 3383.146MHz
BenchmarkRenderSpecNoHTML-4   	      43	  12315743 ns/op
PASS

shortname: commonmark_markdown-RenderSpecNoHTML
toolchain: LLGo
goos: linux
goarch: amd64
pkg: gitlab.com/golang-commonmark/markdown
cpu: AMD EPYC 7763 64-Core Processor @ 3240.112MHz
BenchmarkRenderSpecNoHTML-4   	      44	  12312002 ns/op
PASS

shortname: commonmark_markdown-RenderSpecNoHTML
toolchain: LLGo
goos: linux
goarch: amd64
pkg: gitlab.com/golang-commonmark/markdown
cpu: AMD EPYC 7763 64-Core Processor @ 3243.972MHz
BenchmarkRenderSpecNoHTML-4   	      43	  12354881 ns/op
PASS

shortname: commonmark_markdown-RenderSpecNoHTML
toolchain: LLGo
goos: linux
goarch: amd64
pkg: gitlab.com/golang-commonmark/markdown
cpu: AMD EPYC 7763 64-Core Processor @ 3243.535MHz
BenchmarkRenderSpecNoHTML-4   	      44	  12354772 ns/op
PASS

shortname: dustin_broadcast-ParallelBrodcast
toolchain: LLGo
goos: linux
goarch: amd64
pkg: github.com/dustin/go-broadcast
cpu: AMD EPYC 7763 64-Core Processor @ 3241.671MHz
BenchmarkParallelBrodcast-4   	   20614	     29145 ns/op
PASS

shortname: dustin_broadcast-ParallelBrodcast
toolchain: LLGo
goos: linux
goarch: amd64
pkg: github.com/dustin/go-broadcast
cpu: AMD EPYC 7763 64-Core Processor @ 3240.564MHz
BenchmarkParallelBrodcast-4   	   21756	     30508 ns/op
PASS

shortname: dustin_broadcast-ParallelBrodcast
toolchain: LLGo
goos: linux
goarch: amd64
pkg: github.com/dustin/go-broadcast
cpu: AMD EPYC 7763 64-Core Processor @ 3241.416MHz
BenchmarkParallelBrodcast-4   	   21931	     29128 ns/op
PASS

shortname: dustin_broadcast-ParallelBrodcast
toolchain: LLGo
goos: linux
goarch: amd64
pkg: github.com/dustin/go-broadcast
cpu: AMD EPYC 7763 64-Core Processor @ 3245.885MHz
BenchmarkParallelBrodcast-4   	   21410	     29197 ns/op
PASS

shortname: dustin_broadcast-ParallelBrodcast
toolchain: LLGo
goos: linux
goarch: amd64
pkg: github.com/dustin/go-broadcast
cpu: AMD EPYC 7763 64-Core Processor @ 3243.105MHz
BenchmarkParallelBrodcast-4   	   21241	     27828 ns/op
PASS

shortname: dustin_humanize-BigCommas
toolchain: LLGo
goos: linux
goarch: amd64
pkg: github.com/dustin/go-humanize
cpu: AMD EPYC 7763 64-Core Processor @ 3242.417MHz
BenchmarkBigCommas-4   	  249871	      2080 ns/op
PASS

shortname: dustin_humanize-BigCommas
toolchain: LLGo
goos: linux
goarch: amd64
pkg: github.com/dustin/go-humanize
cpu: AMD EPYC 7763 64-Core Processor @ 3243.861MHz
BenchmarkBigCommas-4   	  249808	      2073 ns/op
PASS

shortname: dustin_humanize-BigCommas
toolchain: LLGo
goos: linux
goarch: amd64
pkg: github.com/dustin/go-humanize
cpu: AMD EPYC 7763 64-Core Processor @ 3241.044MHz
BenchmarkBigCommas-4   	  258710	      2073 ns/op
PASS

shortname: dustin_humanize-BigCommas
toolchain: LLGo
goos: linux
goarch: amd64
pkg: github.com/dustin/go-humanize
cpu: AMD EPYC 7763 64-Core Processor @ 3240.495MHz
BenchmarkBigCommas-4   	  253102	      2076 ns/op
PASS

shortname: dustin_humanize-BigCommas
toolchain: LLGo
goos: linux
goarch: amd64
pkg: github.com/dustin/go-humanize
cpu: AMD EPYC 7763 64-Core Processor @ 3243.670MHz
BenchmarkBigCommas-4   	  260965	      2083 ns/op
PASS

shortname: dustin_humanize-Commaf
toolchain: LLGo
goos: linux
goarch: amd64
pkg: github.com/dustin/go-humanize
cpu: AMD EPYC 7763 64-Core Processor @ 3244.192MHz
BenchmarkCommaf-4   	  447650	      1191 ns/op
PASS

shortname: dustin_humanize-Commaf
toolchain: LLGo
goos: linux
goarch: amd64
pkg: github.com/dustin/go-humanize
cpu: AMD EPYC 7763 64-Core Processor @ 3240.791MHz
BenchmarkCommaf-4   	  445279	      1202 ns/op
PASS

shortname: dustin_humanize-Commaf
toolchain: LLGo
goos: linux
goarch: amd64
pkg: github.com/dustin/go-humanize
cpu: AMD EPYC 7763 64-Core Processor @ 3240.983MHz
BenchmarkCommaf-4   	  448503	      1185 ns/op
PASS

shortname: dustin_humanize-Commaf
toolchain: LLGo
goos: linux
goarch: amd64
pkg: github.com/dustin/go-humanize
cpu: AMD EPYC 7763 64-Core Processor @ 3240.577MHz
BenchmarkCommaf-4   	  448911	      1196 ns/op
PASS

shortname: dustin_humanize-Commaf
toolchain: LLGo
goos: linux
goarch: amd64
pkg: github.com/dustin/go-humanize
cpu: AMD EPYC 7763 64-Core Processor @ 3243.510MHz
BenchmarkCommaf-4   	  446904	      1189 ns/op
PASS

shortname: dustin_humanize-ParseBytes
toolchain: LLGo
goos: linux
goarch: amd64
pkg: github.com/dustin/go-humanize
cpu: AMD EPYC 7763 64-Core Processor @ 3243.253MHz
BenchmarkParseBytes-4   	 1707571	       346.5 ns/op
PASS

shortname: dustin_humanize-ParseBytes
toolchain: LLGo
goos: linux
goarch: amd64
pkg: github.com/dustin/go-humanize
cpu: AMD EPYC 7763 64-Core Processor @ 3244.484MHz
BenchmarkParseBytes-4   	 1708209	       349.2 ns/op
PASS

shortname: dustin_humanize-ParseBytes
toolchain: LLGo
goos: linux
goarch: amd64
pkg: github.com/dustin/go-humanize
cpu: AMD EPYC 7763 64-Core Processor @ 3242.811MHz
BenchmarkParseBytes-4   	 1701187	       346.1 ns/op
PASS

shortname: dustin_humanize-ParseBytes
toolchain: LLGo
goos: linux
goarch: amd64
pkg: github.com/dustin/go-humanize
cpu: AMD EPYC 7763 64-Core Processor @ 3240.993MHz
BenchmarkParseBytes-4   	 1707248	       347.8 ns/op
PASS

shortname: dustin_humanize-ParseBytes
toolchain: LLGo
goos: linux
goarch: amd64
pkg: github.com/dustin/go-humanize
cpu: AMD EPYC 7763 64-Core Processor @ 3239.798MHz
BenchmarkParseBytes-4   	 1618803	       367.3 ns/op
PASS

shortname: dustin_humanize-ParseSI
toolchain: LLGo
goos: linux
goarch: amd64
pkg: github.com/dustin/go-humanize
cpu: AMD EPYC 7763 64-Core Processor @ 3242.105MHz
BenchmarkParseSI-4   	  309876	      1674 ns/op
PASS

shortname: dustin_humanize-ParseSI
toolchain: LLGo
goos: linux
goarch: amd64
pkg: github.com/dustin/go-humanize
cpu: AMD EPYC 7763 64-Core Processor @ 3241.782MHz
BenchmarkParseSI-4   	  311568	      1668 ns/op
PASS

shortname: dustin_humanize-ParseSI
toolchain: LLGo
goos: linux
goarch: amd64
pkg: github.com/dustin/go-humanize
cpu: AMD EPYC 7763 64-Core Processor @ 3241.417MHz
BenchmarkParseSI-4   	  313695	      1665 ns/op
PASS

shortname: dustin_humanize-ParseSI
toolchain: LLGo
goos: linux
goarch: amd64
pkg: github.com/dustin/go-humanize
cpu: AMD EPYC 7763 64-Core Processor @ 3244.262MHz
BenchmarkParseSI-4   	  312626	      1665 ns/op
PASS

shortname: dustin_humanize-ParseSI
toolchain: LLGo
goos: linux
goarch: amd64
pkg: github.com/dustin/go-humanize
cpu: AMD EPYC 7763 64-Core Processor @ 3239.799MHz
BenchmarkParseSI-4   	  310482	      1666 ns/op
PASS

shortname: ericlagergren_decimal-Mandelbrot_decimal_GDA_9
toolchain: LLGo
goos: linux
goarch: amd64
pkg: github.com/ericlagergren/decimal_benchmarks
cpu: AMD EPYC 7763 64-Core Processor @ 2445.424MHz
BenchmarkMandelbrot_decimal_GDA_9-4   	       1	6090982439 ns/op
PASS

shortname: ericlagergren_decimal-Mandelbrot_decimal_GDA_9
toolchain: LLGo
goos: linux
goarch: amd64
pkg: github.com/ericlagergren/decimal_benchmarks
cpu: AMD EPYC 7763 64-Core Processor @ 2445.424MHz
BenchmarkMandelbrot_decimal_GDA_9-4   	       1	6091040864 ns/op
PASS

shortname: ericlagergren_decimal-Mandelbrot_decimal_GDA_9
toolchain: LLGo
goos: linux
goarch: amd64
pkg: github.com/ericlagergren/decimal_benchmarks
cpu: AMD EPYC 7763 64-Core Processor @ 3241.402MHz
BenchmarkMandelbrot_decimal_GDA_9-4   	       1	6084902227 ns/op
PASS

shortname: ericlagergren_decimal-Mandelbrot_decimal_GDA_9
toolchain: LLGo
goos: linux
goarch: amd64
pkg: github.com/ericlagergren/decimal_benchmarks
cpu: AMD EPYC 7763 64-Core Processor @ 3243.923MHz
BenchmarkMandelbrot_decimal_GDA_9-4   	       1	6086848841 ns/op
PASS

shortname: ericlagergren_decimal-Mandelbrot_decimal_GDA_9
toolchain: LLGo
goos: linux
goarch: amd64
pkg: github.com/ericlagergren/decimal_benchmarks
cpu: AMD EPYC 7763 64-Core Processor @ 2445.424MHz
BenchmarkMandelbrot_decimal_GDA_9-4   	       1	6086048269 ns/op
PASS

shortname: ericlagergren_decimal-Pi%2Ffoo%3Dapmckinlay%2Fprec%3D19
toolchain: LLGo
goos: linux
goarch: amd64
pkg: github.com/ericlagergren/decimal_benchmarks
cpu: AMD EPYC 7763 64-Core Processor @ 3240.567MHz
BenchmarkPi/foo=apmckinlay/prec=19-4 	   63091	      8962 ns/op
PASS

shortname: ericlagergren_decimal-Pi%2Ffoo%3Dapmckinlay%2Fprec%3D19
toolchain: LLGo
goos: linux
goarch: amd64
pkg: github.com/ericlagergren/decimal_benchmarks
cpu: AMD EPYC 7763 64-Core Processor @ 3239.958MHz
BenchmarkPi/foo=apmckinlay/prec=19-4 	   62667	      9029 ns/op
PASS

shortname: ericlagergren_decimal-Pi%2Ffoo%3Dapmckinlay%2Fprec%3D19
toolchain: LLGo
goos: linux
goarch: amd64
pkg: github.com/ericlagergren/decimal_benchmarks
cpu: AMD EPYC 7763 64-Core Processor @ 3243.113MHz
BenchmarkPi/foo=apmckinlay/prec=19-4 	   62940	      9002 ns/op
PASS

shortname: ericlagergren_decimal-Pi%2Ffoo%3Dapmckinlay%2Fprec%3D19
toolchain: LLGo
goos: linux
goarch: amd64
pkg: github.com/ericlagergren/decimal_benchmarks
cpu: AMD EPYC 7763 64-Core Processor @ 3241.237MHz
BenchmarkPi/foo=apmckinlay/prec=19-4 	   63357	      8973 ns/op
PASS

shortname: ericlagergren_decimal-Pi%2Ffoo%3Dapmckinlay%2Fprec%3D19
toolchain: LLGo
goos: linux
goarch: amd64
pkg: github.com/ericlagergren/decimal_benchmarks
cpu: AMD EPYC 7763 64-Core Processor @ 3243.257MHz
BenchmarkPi/foo=apmckinlay/prec=19-4 	   63644	      8952 ns/op
PASS

shortname: ericlagergren_decimal-Pi%2Ffoo%3Dcockroachdb%2Fapd%2Fprec%3D100
toolchain: LLGo
goos: linux
goarch: amd64
pkg: github.com/ericlagergren/decimal_benchmarks
cpu: AMD EPYC 7763 64-Core Processor @ 3244.080MHz
BenchmarkPi/foo=cockroachdb/apd/prec=100-4         	      15	  35552242 ns/op
PASS

shortname: ericlagergren_decimal-Pi%2Ffoo%3Dcockroachdb%2Fapd%2Fprec%3D100
toolchain: LLGo
goos: linux
goarch: amd64
pkg: github.com/ericlagergren/decimal_benchmarks
cpu: AMD EPYC 7763 64-Core Processor @ 3244.246MHz
BenchmarkPi/foo=cockroachdb/apd/prec=100-4         	      15	  35642303 ns/op
PASS

shortname: ericlagergren_decimal-Pi%2Ffoo%3Dcockroachdb%2Fapd%2Fprec%3D100
toolchain: LLGo
goos: linux
goarch: amd64
pkg: github.com/ericlagergren/decimal_benchmarks
cpu: AMD EPYC 7763 64-Core Processor @ 2445.424MHz
BenchmarkPi/foo=cockroachdb/apd/prec=100-4         	      15	  35596350 ns/op
PASS

shortname: ericlagergren_decimal-Pi%2Ffoo%3Dcockroachdb%2Fapd%2Fprec%3D100
toolchain: LLGo
goos: linux
goarch: amd64
pkg: github.com/ericlagergren/decimal_benchmarks
cpu: AMD EPYC 7763 64-Core Processor @ 2445.424MHz
BenchmarkPi/foo=cockroachdb/apd/prec=100-4         	      15	  35713522 ns/op
PASS

shortname: ericlagergren_decimal-Pi%2Ffoo%3Dcockroachdb%2Fapd%2Fprec%3D100
toolchain: LLGo
goos: linux
goarch: amd64
pkg: github.com/ericlagergren/decimal_benchmarks
cpu: AMD EPYC 7763 64-Core Processor @ 2445.424MHz
BenchmarkPi/foo=cockroachdb/apd/prec=100-4         	      15	  35529652 ns/op
PASS

shortname: ericlagergren_decimal-Pi%2Ffoo%3Dgo-inf%2Fprec%3D100
toolchain: LLGo
goos: linux
goarch: amd64
pkg: github.com/ericlagergren/decimal_benchmarks
cpu: AMD EPYC 7763 64-Core Processor @ 3241.936MHz
BenchmarkPi/foo=go-inf/prec=100-4         	    1826	    301923 ns/op
PASS

shortname: ericlagergren_decimal-Pi%2Ffoo%3Dgo-inf%2Fprec%3D100
toolchain: LLGo
goos: linux
goarch: amd64
pkg: github.com/ericlagergren/decimal_benchmarks
cpu: AMD EPYC 7763 64-Core Processor @ 3245.858MHz
BenchmarkPi/foo=go-inf/prec=100-4         	    1729	    312889 ns/op
PASS

shortname: ericlagergren_decimal-Pi%2Ffoo%3Dgo-inf%2Fprec%3D100
toolchain: LLGo
goos: linux
goarch: amd64
pkg: github.com/ericlagergren/decimal_benchmarks
cpu: AMD EPYC 7763 64-Core Processor @ 3241.973MHz
BenchmarkPi/foo=go-inf/prec=100-4         	    1839	    301152 ns/op
PASS

shortname: ericlagergren_decimal-Pi%2Ffoo%3Dgo-inf%2Fprec%3D100
toolchain: LLGo
goos: linux
goarch: amd64
pkg: github.com/ericlagergren/decimal_benchmarks
cpu: AMD EPYC 7763 64-Core Processor @ 3241.539MHz
BenchmarkPi/foo=go-inf/prec=100-4         	    1785	    301737 ns/op
PASS

shortname: ericlagergren_decimal-Pi%2Ffoo%3Dgo-inf%2Fprec%3D100
toolchain: LLGo
goos: linux
goarch: amd64
pkg: github.com/ericlagergren/decimal_benchmarks
cpu: AMD EPYC 7763 64-Core Processor @ 3242.980MHz
BenchmarkPi/foo=go-inf/prec=100-4         	    1832	    301261 ns/op
PASS

shortname: gonum_community-NewDirectedLayers%2FgraphSize%3D10%2CnumGraphs%3D1
toolchain: LLGo
goos: linux
goarch: amd64
pkg: gonum.org/v1/gonum/graph/community
cpu: AMD EPYC 7763 64-Core Processor @ 3240.965MHz
BenchmarkNewDirectedLayers/graphSize=10,numGraphs=1-4         	  379425	      1416 ns/op
PASS

shortname: gonum_community-NewDirectedLayers%2FgraphSize%3D10%2CnumGraphs%3D1
toolchain: LLGo
goos: linux
goarch: amd64
pkg: gonum.org/v1/gonum/graph/community
cpu: AMD EPYC 7763 64-Core Processor @ 3243.553MHz
BenchmarkNewDirectedLayers/graphSize=10,numGraphs=1-4         	  375294	      1435 ns/op
PASS

shortname: gonum_community-NewDirectedLayers%2FgraphSize%3D10%2CnumGraphs%3D1
toolchain: LLGo
goos: linux
goarch: amd64
pkg: gonum.org/v1/gonum/graph/community
cpu: AMD EPYC 7763 64-Core Processor @ 3242.139MHz
BenchmarkNewDirectedLayers/graphSize=10,numGraphs=1-4         	  377152	      1440 ns/op
PASS

shortname: gonum_community-NewDirectedLayers%2FgraphSize%3D10%2CnumGraphs%3D1
toolchain: LLGo
goos: linux
goarch: amd64
pkg: gonum.org/v1/gonum/graph/community
cpu: AMD EPYC 7763 64-Core Processor @ 3244.030MHz
BenchmarkNewDirectedLayers/graphSize=10,numGraphs=1-4         	  366158	      1458 ns/op
PASS

shortname: gonum_community-NewDirectedLayers%2FgraphSize%3D10%2CnumGraphs%3D1
toolchain: LLGo
goos: linux
goarch: amd64
pkg: gonum.org/v1/gonum/graph/community
cpu: AMD EPYC 7763 64-Core Processor @ 3241.958MHz
BenchmarkNewDirectedLayers/graphSize=10,numGraphs=1-4         	  365478	      1439 ns/op
PASS

shortname: gonum_community-NewDirectedLayers%2FgraphSize%3D1000%2CnumGraphs%3D1
toolchain: LLGo
goos: linux
goarch: amd64
pkg: gonum.org/v1/gonum/graph/community
cpu: AMD EPYC 7763 64-Core Processor @ 3241.225MHz
BenchmarkNewDirectedLayers/graphSize=1000,numGraphs=1-4         	    3460	    150715 ns/op
PASS

shortname: gonum_community-NewDirectedLayers%2FgraphSize%3D1000%2CnumGraphs%3D1
toolchain: LLGo
goos: linux
goarch: amd64
pkg: gonum.org/v1/gonum/graph/community
cpu: AMD EPYC 7763 64-Core Processor @ 3245.529MHz
BenchmarkNewDirectedLayers/graphSize=1000,numGraphs=1-4         	    3619	    148794 ns/op
PASS

shortname: gonum_community-NewDirectedLayers%2FgraphSize%3D1000%2CnumGraphs%3D1
toolchain: LLGo
goos: linux
goarch: amd64
pkg: gonum.org/v1/gonum/graph/community
cpu: AMD EPYC 7763 64-Core Processor @ 3243.309MHz
BenchmarkNewDirectedLayers/graphSize=1000,numGraphs=1-4         	    3722	    147996 ns/op
PASS

shortname: gonum_community-NewDirectedLayers%2FgraphSize%3D1000%2CnumGraphs%3D1
toolchain: LLGo
goos: linux
goarch: amd64
pkg: gonum.org/v1/gonum/graph/community
cpu: AMD EPYC 7763 64-Core Processor @ 3242.162MHz
BenchmarkNewDirectedLayers/graphSize=1000,numGraphs=1-4         	    3727	    148198 ns/op
PASS

shortname: gonum_community-NewDirectedLayers%2FgraphSize%3D1000%2CnumGraphs%3D1
toolchain: LLGo
goos: linux
goarch: amd64
pkg: gonum.org/v1/gonum/graph/community
cpu: AMD EPYC 7763 64-Core Processor @ 3246.680MHz
BenchmarkNewDirectedLayers/graphSize=1000,numGraphs=1-4         	    3538	    147676 ns/op
PASS

shortname: gonum_community-NewUndirectedLayers%2FgraphSize%3D1000%2CnumGraphs%3D10
toolchain: LLGo
goos: linux
goarch: amd64
pkg: gonum.org/v1/gonum/graph/community
cpu: AMD EPYC 7763 64-Core Processor @ 3244.492MHz
BenchmarkNewUndirectedLayers/graphSize=1000,numGraphs=10-4         	     294	   1983530 ns/op
PASS

shortname: gonum_community-NewUndirectedLayers%2FgraphSize%3D1000%2CnumGraphs%3D10
toolchain: LLGo
goos: linux
goarch: amd64
pkg: gonum.org/v1/gonum/graph/community
cpu: AMD EPYC 7763 64-Core Processor @ 3244.694MHz
BenchmarkNewUndirectedLayers/graphSize=1000,numGraphs=10-4         	     294	   1976045 ns/op
PASS

shortname: gonum_community-NewUndirectedLayers%2FgraphSize%3D1000%2CnumGraphs%3D10
toolchain: LLGo
goos: linux
goarch: amd64
pkg: gonum.org/v1/gonum/graph/community
cpu: AMD EPYC 7763 64-Core Processor @ 3243.971MHz
BenchmarkNewUndirectedLayers/graphSize=1000,numGraphs=10-4         	     298	   1976702 ns/op
PASS

shortname: gonum_community-NewUndirectedLayers%2FgraphSize%3D1000%2CnumGraphs%3D10
toolchain: LLGo
goos: linux
goarch: amd64
pkg: gonum.org/v1/gonum/graph/community
cpu: AMD EPYC 7763 64-Core Processor @ 3242.693MHz
BenchmarkNewUndirectedLayers/graphSize=1000,numGraphs=10-4         	     295	   1969187 ns/op
PASS

shortname: gonum_community-NewUndirectedLayers%2FgraphSize%3D1000%2CnumGraphs%3D10
toolchain: LLGo
goos: linux
goarch: amd64
pkg: gonum.org/v1/gonum/graph/community
cpu: AMD EPYC 7763 64-Core Processor @ 3241.709MHz
BenchmarkNewUndirectedLayers/graphSize=1000,numGraphs=10-4         	     295	   1966462 ns/op
PASS

shortname: gonum_lapack_native-Dgeev%2FCirculant5
toolchain: LLGo
goos: linux
goarch: amd64
pkg: gonum.org/v1/gonum/lapack/gonum
cpu: AMD EPYC 7763 64-Core Processor @ 3241.711MHz
BenchmarkDgeev/Circulant5-4         	   10000	     54487 ns/op
PASS

shortname: gonum_lapack_native-Dgeev%2FCirculant5
toolchain: LLGo
goos: linux
goarch: amd64
pkg: gonum.org/v1/gonum/lapack/gonum
cpu: AMD EPYC 7763 64-Core Processor @ 3242.913MHz
BenchmarkDgeev/Circulant5-4         	   10000	     54570 ns/op
PASS

shortname: gonum_lapack_native-Dgeev%2FCirculant5
toolchain: LLGo
goos: linux
goarch: amd64
pkg: gonum.org/v1/gonum/lapack/gonum
cpu: AMD EPYC 7763 64-Core Processor @ 3243.847MHz
BenchmarkDgeev/Circulant5-4         	   10000	     54447 ns/op
PASS

shortname: gonum_lapack_native-Dgeev%2FCirculant5
toolchain: LLGo
goos: linux
goarch: amd64
pkg: gonum.org/v1/gonum/lapack/gonum
cpu: AMD EPYC 7763 64-Core Processor @ 3243.844MHz
BenchmarkDgeev/Circulant5-4         	   10000	     54326 ns/op
PASS

shortname: gonum_lapack_native-Dgeev%2FCirculant5
toolchain: LLGo
goos: linux
goarch: amd64
pkg: gonum.org/v1/gonum/lapack/gonum
cpu: AMD EPYC 7763 64-Core Processor @ 3245.590MHz
BenchmarkDgeev/Circulant5-4         	   10000	     54614 ns/op
PASS

shortname: gonum_mat-AddScaledVec10Inc1
toolchain: LLGo
goos: linux
goarch: amd64
pkg: gonum.org/v1/gonum/mat
cpu: AMD EPYC 7763 64-Core Processor @ 3242.213MHz
BenchmarkAddScaledVec10Inc1-4   	  280515	      2149 ns/op
PASS

shortname: gonum_mat-AddScaledVec10Inc1
toolchain: LLGo
goos: linux
goarch: amd64
pkg: gonum.org/v1/gonum/mat
cpu: AMD EPYC 7763 64-Core Processor @ 3243.863MHz
BenchmarkAddScaledVec10Inc1-4   	  277484	      2153 ns/op
PASS

shortname: gonum_mat-AddScaledVec10Inc1
toolchain: LLGo
goos: linux
goarch: amd64
pkg: gonum.org/v1/gonum/mat
cpu: AMD EPYC 7763 64-Core Processor @ 3242.719MHz
BenchmarkAddScaledVec10Inc1-4   	  281666	      2152 ns/op
PASS

shortname: gonum_mat-AddScaledVec10Inc1
toolchain: LLGo
goos: linux
goarch: amd64
pkg: gonum.org/v1/gonum/mat
cpu: AMD EPYC 7763 64-Core Processor @ 3246.208MHz
BenchmarkAddScaledVec10Inc1-4   	  232617	      2174 ns/op
PASS

shortname: gonum_mat-AddScaledVec10Inc1
toolchain: LLGo
goos: linux
goarch: amd64
pkg: gonum.org/v1/gonum/mat
cpu: AMD EPYC 7763 64-Core Processor @ 3240.327MHz
BenchmarkAddScaledVec10Inc1-4   	  228319	      2195 ns/op
PASS

shortname: gonum_mat-CholeskyFactorize%2Fn%3D10
toolchain: LLGo
goos: linux
goarch: amd64
pkg: gonum.org/v1/gonum/mat
cpu: AMD EPYC 7763 64-Core Processor @ 3243.840MHz
BenchmarkCholeskyFactorize/n=10-4         	   22749	     25706 ns/op
PASS

shortname: gonum_mat-CholeskyFactorize%2Fn%3D10
toolchain: LLGo
goos: linux
goarch: amd64
pkg: gonum.org/v1/gonum/mat
cpu: AMD EPYC 7763 64-Core Processor @ 3244.188MHz
BenchmarkCholeskyFactorize/n=10-4         	   23095	     25582 ns/op
PASS

shortname: gonum_mat-CholeskyFactorize%2Fn%3D10
toolchain: LLGo
goos: linux
goarch: amd64
pkg: gonum.org/v1/gonum/mat
cpu: AMD EPYC 7763 64-Core Processor @ 3247.956MHz
BenchmarkCholeskyFactorize/n=10-4         	   23029	     25655 ns/op
PASS

shortname: gonum_mat-CholeskyFactorize%2Fn%3D10
toolchain: LLGo
goos: linux
goarch: amd64
pkg: gonum.org/v1/gonum/mat
cpu: AMD EPYC 7763 64-Core Processor @ 3242.726MHz
BenchmarkCholeskyFactorize/n=10-4         	   22920	     25695 ns/op
PASS

shortname: gonum_mat-CholeskyFactorize%2Fn%3D10
toolchain: LLGo
goos: linux
goarch: amd64
pkg: gonum.org/v1/gonum/mat
cpu: AMD EPYC 7763 64-Core Processor @ 3244.123MHz
BenchmarkCholeskyFactorize/n=10-4         	   23168	     25688 ns/op
PASS

shortname: gonum_mat-CholeskyInverseTo%2Fn%3D100
toolchain: LLGo
goos: linux
goarch: amd64
pkg: gonum.org/v1/gonum/mat
cpu: AMD EPYC 7763 64-Core Processor @ 3246.805MHz
BenchmarkCholeskyInverseTo/n=100-4         	    1008	    594866 ns/op
PASS

shortname: gonum_mat-CholeskyInverseTo%2Fn%3D100
toolchain: LLGo
goos: linux
goarch: amd64
pkg: gonum.org/v1/gonum/mat
cpu: AMD EPYC 7763 64-Core Processor @ 3244.161MHz
BenchmarkCholeskyInverseTo/n=100-4         	    1005	    595439 ns/op
PASS

shortname: gonum_mat-CholeskyInverseTo%2Fn%3D100
toolchain: LLGo
goos: linux
goarch: amd64
pkg: gonum.org/v1/gonum/mat
cpu: AMD EPYC 7763 64-Core Processor @ 3243.397MHz
BenchmarkCholeskyInverseTo/n=100-4         	    1010	    594626 ns/op
PASS

shortname: gonum_mat-CholeskyInverseTo%2Fn%3D100
toolchain: LLGo
goos: linux
goarch: amd64
pkg: gonum.org/v1/gonum/mat
cpu: AMD EPYC 7763 64-Core Processor @ 3243.670MHz
BenchmarkCholeskyInverseTo/n=100-4         	    1006	    595024 ns/op
PASS

shortname: gonum_mat-CholeskyInverseTo%2Fn%3D100
toolchain: LLGo
goos: linux
goarch: amd64
pkg: gonum.org/v1/gonum/mat
cpu: AMD EPYC 7763 64-Core Processor @ 3243.374MHz
BenchmarkCholeskyInverseTo/n=100-4         	    1006	    594227 ns/op
PASS

shortname: gonum_mat-MarshalToVecDense10
toolchain: LLGo
goos: linux
goarch: amd64
pkg: gonum.org/v1/gonum/mat
cpu: AMD EPYC 7763 64-Core Processor @ 3244.545MHz
BenchmarkMarshalToVecDense10-4   	  277134	      2030 ns/op
PASS

shortname: gonum_mat-MarshalToVecDense10
toolchain: LLGo
goos: linux
goarch: amd64
pkg: gonum.org/v1/gonum/mat
cpu: AMD EPYC 7763 64-Core Processor @ 3244.035MHz
BenchmarkMarshalToVecDense10-4   	  275727	      2029 ns/op
PASS

shortname: gonum_mat-MarshalToVecDense10
toolchain: LLGo
goos: linux
goarch: amd64
pkg: gonum.org/v1/gonum/mat
cpu: AMD EPYC 7763 64-Core Processor @ 3244.228MHz
BenchmarkMarshalToVecDense10-4   	  277473	      2024 ns/op
PASS

shortname: gonum_mat-MarshalToVecDense10
toolchain: LLGo
goos: linux
goarch: amd64
pkg: gonum.org/v1/gonum/mat
cpu: AMD EPYC 7763 64-Core Processor @ 3243.689MHz
BenchmarkMarshalToVecDense10-4   	  273708	      2032 ns/op
PASS

shortname: gonum_mat-MarshalToVecDense10
toolchain: LLGo
goos: linux
goarch: amd64
pkg: gonum.org/v1/gonum/mat
cpu: AMD EPYC 7763 64-Core Processor @ 3244.149MHz
BenchmarkMarshalToVecDense10-4   	  276228	      2032 ns/op
PASS

shortname: gonum_mat-Pool100by100Uncleared
toolchain: LLGo
goos: linux
goarch: amd64
pkg: gonum.org/v1/gonum/mat
cpu: AMD EPYC 7763 64-Core Processor @ 3242.389MHz
BenchmarkPool100by100Uncleared-4   	10934703	        54.70 ns/op
PASS

shortname: gonum_mat-Pool100by100Uncleared
toolchain: LLGo
goos: linux
goarch: amd64
pkg: gonum.org/v1/gonum/mat
cpu: AMD EPYC 7763 64-Core Processor @ 3244.915MHz
BenchmarkPool100by100Uncleared-4   	10955593	        54.66 ns/op
PASS

shortname: gonum_mat-Pool100by100Uncleared
toolchain: LLGo
goos: linux
goarch: amd64
pkg: gonum.org/v1/gonum/mat
cpu: AMD EPYC 7763 64-Core Processor @ 3241.542MHz
BenchmarkPool100by100Uncleared-4   	10974060	        54.70 ns/op
PASS

shortname: gonum_mat-Pool100by100Uncleared
toolchain: LLGo
goos: linux
goarch: amd64
pkg: gonum.org/v1/gonum/mat
cpu: AMD EPYC 7763 64-Core Processor @ 3243.029MHz
BenchmarkPool100by100Uncleared-4   	10973440	        54.69 ns/op
PASS

shortname: gonum_mat-Pool100by100Uncleared
toolchain: LLGo
goos: linux
goarch: amd64
pkg: gonum.org/v1/gonum/mat
cpu: AMD EPYC 7763 64-Core Processor @ 3243.169MHz
BenchmarkPool100by100Uncleared-4   	10955718	        54.68 ns/op
PASS

shortname: gonum_mat-TriMulDiag%2FBenchmarkTriMulDiag100
toolchain: LLGo
goos: linux
goarch: amd64
pkg: gonum.org/v1/gonum/mat
cpu: AMD EPYC 7763 64-Core Processor @ 3244.208MHz
BenchmarkTriMulDiag/BenchmarkTriMulDiag100-4         	    4366	    134162 ns/op
PASS

shortname: gonum_mat-TriMulDiag%2FBenchmarkTriMulDiag100
toolchain: LLGo
goos: linux
goarch: amd64
pkg: gonum.org/v1/gonum/mat
cpu: AMD EPYC 7763 64-Core Processor @ 3241.555MHz
BenchmarkTriMulDiag/BenchmarkTriMulDiag100-4         	    4352	    134299 ns/op
PASS

shortname: gonum_mat-TriMulDiag%2FBenchmarkTriMulDiag100
toolchain: LLGo
goos: linux
goarch: amd64
pkg: gonum.org/v1/gonum/mat
cpu: AMD EPYC 7763 64-Core Processor @ 3245.747MHz
BenchmarkTriMulDiag/BenchmarkTriMulDiag100-4         	    4389	    133826 ns/op
PASS

shortname: gonum_mat-TriMulDiag%2FBenchmarkTriMulDiag100
toolchain: LLGo
goos: linux
goarch: amd64
pkg: gonum.org/v1/gonum/mat
cpu: AMD EPYC 7763 64-Core Processor @ 3245.863MHz
BenchmarkTriMulDiag/BenchmarkTriMulDiag100-4         	    4360	    135955 ns/op
PASS

shortname: gonum_mat-TriMulDiag%2FBenchmarkTriMulDiag100
toolchain: LLGo
goos: linux
goarch: amd64
pkg: gonum.org/v1/gonum/mat
cpu: AMD EPYC 7763 64-Core Processor @ 3240.720MHz
BenchmarkTriMulDiag/BenchmarkTriMulDiag100-4         	    4352	    133852 ns/op
PASS

shortname: gonum_mat-UnmarshalVecDense10
toolchain: LLGo
goos: linux
goarch: amd64
pkg: gonum.org/v1/gonum/mat
cpu: AMD EPYC 7763 64-Core Processor @ 3241.403MHz
BenchmarkUnmarshalVecDense10-4   	  370125	      1507 ns/op
PASS

shortname: gonum_mat-UnmarshalVecDense10
toolchain: LLGo
goos: linux
goarch: amd64
pkg: gonum.org/v1/gonum/mat
cpu: AMD EPYC 7763 64-Core Processor @ 3241.930MHz
BenchmarkUnmarshalVecDense10-4   	  373102	      1504 ns/op
PASS

shortname: gonum_mat-UnmarshalVecDense10
toolchain: LLGo
goos: linux
goarch: amd64
pkg: gonum.org/v1/gonum/mat
cpu: AMD EPYC 7763 64-Core Processor @ 3241.008MHz
BenchmarkUnmarshalVecDense10-4   	  374856	      1502 ns/op
PASS

shortname: gonum_mat-UnmarshalVecDense10
toolchain: LLGo
goos: linux
goarch: amd64
pkg: gonum.org/v1/gonum/mat
cpu: AMD EPYC 7763 64-Core Processor @ 3244.759MHz
BenchmarkUnmarshalVecDense10-4   	  375247	      1489 ns/op
PASS

shortname: gonum_mat-UnmarshalVecDense10
toolchain: LLGo
goos: linux
goarch: amd64
pkg: gonum.org/v1/gonum/mat
cpu: AMD EPYC 7763 64-Core Processor @ 3243.065MHz
BenchmarkUnmarshalVecDense10-4   	  373677	      1498 ns/op
PASS

shortname: gonum_topo-SortStabilizedPath_100000
toolchain: LLGo
goos: linux
goarch: amd64
pkg: gonum.org/v1/gonum/graph/topo
cpu: AMD EPYC 7763 64-Core Processor @ 2445.424MHz
BenchmarkSortStabilizedPath_100000-4   	       2	 266969016 ns/op
PASS

shortname: gonum_topo-SortStabilizedPath_100000
toolchain: LLGo
goos: linux
goarch: amd64
pkg: gonum.org/v1/gonum/graph/topo
cpu: AMD EPYC 7763 64-Core Processor @ 2445.424MHz
BenchmarkSortStabilizedPath_100000-4   	       2	 266772056 ns/op
PASS

shortname: gonum_topo-SortStabilizedPath_100000
toolchain: LLGo
goos: linux
goarch: amd64
pkg: gonum.org/v1/gonum/graph/topo
cpu: AMD EPYC 7763 64-Core Processor @ 2445.424MHz
BenchmarkSortStabilizedPath_100000-4   	       2	 266686386 ns/op
PASS

shortname: gonum_topo-SortStabilizedPath_100000
toolchain: LLGo
goos: linux
goarch: amd64
pkg: gonum.org/v1/gonum/graph/topo
cpu: AMD EPYC 7763 64-Core Processor @ 2445.424MHz
BenchmarkSortStabilizedPath_100000-4   	       2	 266141360 ns/op
PASS

shortname: gonum_topo-SortStabilizedPath_100000
toolchain: LLGo
goos: linux
goarch: amd64
pkg: gonum.org/v1/gonum/graph/topo
cpu: AMD EPYC 7763 64-Core Processor @ 2445.424MHz
BenchmarkSortStabilizedPath_100000-4   	       2	 269843186 ns/op
PASS

shortname: gonum_traverse-WalkAllDepthFirstGnp_100_half
toolchain: LLGo
goos: linux
goarch: amd64
pkg: gonum.org/v1/gonum/graph/traverse
cpu: AMD EPYC 7763 64-Core Processor @ 3244.097MHz
BenchmarkWalkAllDepthFirstGnp_100_half-4   	     546	   1230169 ns/op
PASS

shortname: gonum_traverse-WalkAllDepthFirstGnp_100_half
toolchain: LLGo
goos: linux
goarch: amd64
pkg: gonum.org/v1/gonum/graph/traverse
cpu: AMD EPYC 7763 64-Core Processor @ 3240.994MHz
BenchmarkWalkAllDepthFirstGnp_100_half-4   	     532	   1259097 ns/op
PASS

shortname: gonum_traverse-WalkAllDepthFirstGnp_100_half
toolchain: LLGo
goos: linux
goarch: amd64
pkg: gonum.org/v1/gonum/graph/traverse
cpu: AMD EPYC 7763 64-Core Processor @ 3245.138MHz
BenchmarkWalkAllDepthFirstGnp_100_half-4   	     541	   1252608 ns/op
PASS

shortname: gonum_traverse-WalkAllDepthFirstGnp_100_half
toolchain: LLGo
goos: linux
goarch: amd64
pkg: gonum.org/v1/gonum/graph/traverse
cpu: AMD EPYC 7763 64-Core Processor @ 3244.247MHz
BenchmarkWalkAllDepthFirstGnp_100_half-4   	     556	   1202551 ns/op
PASS

shortname: gonum_traverse-WalkAllDepthFirstGnp_100_half
toolchain: LLGo
goos: linux
goarch: amd64
pkg: gonum.org/v1/gonum/graph/traverse
cpu: AMD EPYC 7763 64-Core Processor @ 3243.351MHz
BenchmarkWalkAllDepthFirstGnp_100_half-4   	     543	   1235623 ns/op
PASS

shortname: gproto_encoding-TextDecode
toolchain: LLGo
goos: linux
goarch: amd64
pkg: google.golang.org/protobuf/encoding
cpu: AMD EPYC 7763 64-Core Processor @ 3242.708MHz
BenchmarkTextDecode-4   	       4	 146131054 ns/op
PASS

shortname: gproto_encoding-TextDecode
toolchain: LLGo
goos: linux
goarch: amd64
pkg: google.golang.org/protobuf/encoding
cpu: AMD EPYC 7763 64-Core Processor @ 3241.253MHz
BenchmarkTextDecode-4   	       4	 144624178 ns/op
PASS

shortname: gproto_encoding-TextDecode
toolchain: LLGo
goos: linux
goarch: amd64
pkg: google.golang.org/protobuf/encoding
cpu: AMD EPYC 7763 64-Core Processor @ 3243.811MHz
BenchmarkTextDecode-4   	       4	 143437438 ns/op
PASS

shortname: gproto_encoding-TextDecode
toolchain: LLGo
goos: linux
goarch: amd64
pkg: google.golang.org/protobuf/encoding
cpu: AMD EPYC 7763 64-Core Processor @ 3125.727MHz
BenchmarkTextDecode-4   	       4	 143796027 ns/op
PASS

shortname: gproto_encoding-TextDecode
toolchain: LLGo
goos: linux
goarch: amd64
pkg: google.golang.org/protobuf/encoding
cpu: AMD EPYC 7763 64-Core Processor @ 3244.043MHz
BenchmarkTextDecode-4   	       4	 145650635 ns/op
PASS

shortname: gproto_json-Bool
toolchain: LLGo
goos: linux
goarch: amd64
pkg: google.golang.org/protobuf/internal/encoding/json
cpu: AMD EPYC 7763 64-Core Processor @ 3242.476MHz
BenchmarkBool-4   	 1760991	       332.1 ns/op
PASS

shortname: gproto_json-Bool
toolchain: LLGo
goos: linux
goarch: amd64
pkg: google.golang.org/protobuf/internal/encoding/json
cpu: AMD EPYC 7763 64-Core Processor @ 3243.834MHz
BenchmarkBool-4   	 1723188	       344.3 ns/op
PASS

shortname: gproto_json-Bool
toolchain: LLGo
goos: linux
goarch: amd64
pkg: google.golang.org/protobuf/internal/encoding/json
cpu: AMD EPYC 7763 64-Core Processor @ 3241.869MHz
BenchmarkBool-4   	 1707577	       345.6 ns/op
PASS

shortname: gproto_json-Bool
toolchain: LLGo
goos: linux
goarch: amd64
pkg: google.golang.org/protobuf/internal/encoding/json
cpu: AMD EPYC 7763 64-Core Processor @ 3241.138MHz
BenchmarkBool-4   	 1748173	       335.0 ns/op
PASS

shortname: gproto_json-Bool
toolchain: LLGo
goos: linux
goarch: amd64
pkg: google.golang.org/protobuf/internal/encoding/json
cpu: AMD EPYC 7763 64-Core Processor @ 3244.206MHz
BenchmarkBool-4   	 1777626	       332.7 ns/op
PASS

shortname: gproto_json-Int
toolchain: LLGo
goos: linux
goarch: amd64
pkg: google.golang.org/protobuf/internal/encoding/json
cpu: AMD EPYC 7763 64-Core Processor @ 3242.518MHz
BenchmarkInt-4   	  641198	       839.0 ns/op
PASS

shortname: gproto_json-Int
toolchain: LLGo
goos: linux
goarch: amd64
pkg: google.golang.org/protobuf/internal/encoding/json
cpu: AMD EPYC 7763 64-Core Processor @ 3241.788MHz
BenchmarkInt-4   	  643972	       832.1 ns/op
PASS

shortname: gproto_json-Int
toolchain: LLGo
goos: linux
goarch: amd64
pkg: google.golang.org/protobuf/internal/encoding/json
cpu: AMD EPYC 7763 64-Core Processor @ 3241.891MHz
BenchmarkInt-4   	  637891	       841.5 ns/op
PASS

shortname: gproto_json-Int
toolchain: LLGo
goos: linux
goarch: amd64
pkg: google.golang.org/protobuf/internal/encoding/json
cpu: AMD EPYC 7763 64-Core Processor @ 3244.221MHz
BenchmarkInt-4   	  646938	       835.4 ns/op
PASS

shortname: gproto_json-Int
toolchain: LLGo
goos: linux
goarch: amd64
pkg: google.golang.org/protobuf/internal/encoding/json
cpu: AMD EPYC 7763 64-Core Processor @ 3240.980MHz
BenchmarkInt-4   	  643396	       836.6 ns/op
PASS

shortname: gproto_proto-Decode%2Fbasic_scalar_types_%28%2Atest.TestAllTypes%29
toolchain: LLGo
goos: linux
goarch: amd64
pkg: google.golang.org/protobuf/proto
cpu: AMD EPYC 7763 64-Core Processor @ 3244.299MHz
BenchmarkDecode/basic_scalar_types_(*test.TestAllTypes)-4         	   45386	     12609 ns/op
PASS

shortname: gproto_proto-Decode%2Fbasic_scalar_types_%28%2Atest.TestAllTypes%29
toolchain: LLGo
goos: linux
goarch: amd64
pkg: google.golang.org/protobuf/proto
cpu: AMD EPYC 7763 64-Core Processor @ 3245.220MHz
BenchmarkDecode/basic_scalar_types_(*test.TestAllTypes)-4         	   45370	     12440 ns/op
PASS

shortname: gproto_proto-Decode%2Fbasic_scalar_types_%28%2Atest.TestAllTypes%29
toolchain: LLGo
goos: linux
goarch: amd64
pkg: google.golang.org/protobuf/proto
cpu: AMD EPYC 7763 64-Core Processor @ 3243.946MHz
BenchmarkDecode/basic_scalar_types_(*test.TestAllTypes)-4         	   45444	     12503 ns/op
PASS

shortname: gproto_proto-Decode%2Fbasic_scalar_types_%28%2Atest.TestAllTypes%29
toolchain: LLGo
goos: linux
goarch: amd64
pkg: google.golang.org/protobuf/proto
cpu: AMD EPYC 7763 64-Core Processor @ 3244.574MHz
BenchmarkDecode/basic_scalar_types_(*test.TestAllTypes)-4         	   45050	     12534 ns/op
PASS

shortname: gproto_proto-Decode%2Fbasic_scalar_types_%28%2Atest.TestAllTypes%29
toolchain: LLGo
goos: linux
goarch: amd64
pkg: google.golang.org/protobuf/proto
cpu: AMD EPYC 7763 64-Core Processor @ 3245.906MHz
BenchmarkDecode/basic_scalar_types_(*test.TestAllTypes)-4         	   44958	     12525 ns/op
PASS

shortname: gproto_proto-Decode%2Fjust_at_recursion_limit_%28%2Atest3.TestAllTypes%29
toolchain: LLGo
goos: linux
goarch: amd64
pkg: google.golang.org/protobuf/proto
cpu: AMD EPYC 7763 64-Core Processor @ 3245.544MHz
BenchmarkDecode/just_at_recursion_limit_(*test3.TestAllTypes)-4         	   42776	     13539 ns/op
PASS

shortname: gproto_proto-Decode%2Fjust_at_recursion_limit_%28%2Atest3.TestAllTypes%29
toolchain: LLGo
goos: linux
goarch: amd64
pkg: google.golang.org/protobuf/proto
cpu: AMD EPYC 7763 64-Core Processor @ 3243.379MHz
BenchmarkDecode/just_at_recursion_limit_(*test3.TestAllTypes)-4         	   42544	     13818 ns/op
PASS

shortname: gproto_proto-Decode%2Fjust_at_recursion_limit_%28%2Atest3.TestAllTypes%29
toolchain: LLGo
goos: linux
goarch: amd64
pkg: google.golang.org/protobuf/proto
cpu: AMD EPYC 7763 64-Core Processor @ 3244.164MHz
BenchmarkDecode/just_at_recursion_limit_(*test3.TestAllTypes)-4         	   42162	     13591 ns/op
PASS

shortname: gproto_proto-Decode%2Fjust_at_recursion_limit_%28%2Atest3.TestAllTypes%29
toolchain: LLGo
goos: linux
goarch: amd64
pkg: google.golang.org/protobuf/proto
cpu: AMD EPYC 7763 64-Core Processor @ 3241.874MHz
BenchmarkDecode/just_at_recursion_limit_(*test3.TestAllTypes)-4         	   42278	     13588 ns/op
PASS

shortname: gproto_proto-Decode%2Fjust_at_recursion_limit_%28%2Atest3.TestAllTypes%29
toolchain: LLGo
goos: linux
goarch: amd64
pkg: google.golang.org/protobuf/proto
cpu: AMD EPYC 7763 64-Core Processor @ 3244.359MHz
BenchmarkDecode/just_at_recursion_limit_(*test3.TestAllTypes)-4         	   41764	     13704 ns/op
PASS

shortname: gproto_proto-EqualWithDeeplyNestedEqual
toolchain: LLGo
goos: linux
goarch: amd64
pkg: google.golang.org/protobuf/proto
cpu: AMD EPYC 7763 64-Core Processor @ 3242.996MHz
BenchmarkEqualWithDeeplyNestedEqual-4   	     787	    759328 ns/op	  246654 B/op	       0 allocs/op
PASS

shortname: gproto_proto-EqualWithDeeplyNestedEqual
toolchain: LLGo
goos: linux
goarch: amd64
pkg: google.golang.org/protobuf/proto
cpu: AMD EPYC 7763 64-Core Processor @ 3241.043MHz
BenchmarkEqualWithDeeplyNestedEqual-4   	     789	    757210 ns/op	  246658 B/op	       0 allocs/op
PASS

shortname: gproto_proto-EqualWithDeeplyNestedEqual
toolchain: LLGo
goos: linux
goarch: amd64
pkg: google.golang.org/protobuf/proto
cpu: AMD EPYC 7763 64-Core Processor @ 3244.206MHz
BenchmarkEqualWithDeeplyNestedEqual-4   	     792	    756125 ns/op	  246658 B/op	       0 allocs/op
PASS

shortname: gproto_proto-EqualWithDeeplyNestedEqual
toolchain: LLGo
goos: linux
goarch: amd64
pkg: google.golang.org/protobuf/proto
cpu: AMD EPYC 7763 64-Core Processor @ 3243.565MHz
BenchmarkEqualWithDeeplyNestedEqual-4   	     793	    758788 ns/op	  246656 B/op	       0 allocs/op
PASS

shortname: gproto_proto-EqualWithDeeplyNestedEqual
toolchain: LLGo
goos: linux
goarch: amd64
pkg: google.golang.org/protobuf/proto
cpu: AMD EPYC 7763 64-Core Processor @ 3241.891MHz
BenchmarkEqualWithDeeplyNestedEqual-4   	     781	    759774 ns/op	  246655 B/op	       0 allocs/op
PASS

shortname: gproto_reflect-Value%2FInterface
toolchain: LLGo
goos: linux
goarch: amd64
pkg: google.golang.org/protobuf/reflect/protoreflect
cpu: AMD EPYC 7763 64-Core Processor @ 3244.381MHz
BenchmarkValue/Interface-4         	25338410	        23.70 ns/op	      32 B/op	       0 allocs/op
PASS

shortname: gproto_reflect-Value%2FInterface
toolchain: LLGo
goos: linux
goarch: amd64
pkg: google.golang.org/protobuf/reflect/protoreflect
cpu: AMD EPYC 7763 64-Core Processor @ 3242.049MHz
BenchmarkValue/Interface-4         	25391906	        23.48 ns/op	      32 B/op	       0 allocs/op
PASS

shortname: gproto_reflect-Value%2FInterface
toolchain: LLGo
goos: linux
goarch: amd64
pkg: google.golang.org/protobuf/reflect/protoreflect
cpu: AMD EPYC 7763 64-Core Processor @ 3242.655MHz
BenchmarkValue/Interface-4         	25199838	        23.64 ns/op	      32 B/op	       0 allocs/op
PASS

shortname: gproto_reflect-Value%2FInterface
toolchain: LLGo
goos: linux
goarch: amd64
pkg: google.golang.org/protobuf/reflect/protoreflect
cpu: AMD EPYC 7763 64-Core Processor @ 3244.655MHz
BenchmarkValue/Interface-4         	21343292	        23.53 ns/op	      32 B/op	       0 allocs/op
PASS

shortname: gproto_reflect-Value%2FInterface
toolchain: LLGo
goos: linux
goarch: amd64
pkg: google.golang.org/protobuf/reflect/protoreflect
cpu: AMD EPYC 7763 64-Core Processor @ 3243.464MHz
BenchmarkValue/Interface-4         	25353837	        23.41 ns/op	      32 B/op	       0 allocs/op
PASS

shortname: k8s_cache-EachListItemWithAlloc%2FPodList
toolchain: LLGo
goos: linux
goarch: amd64
pkg: k8s.io/client-go/tools/cache
cpu: AMD EPYC 7763 64-Core Processor @ 3244.379MHz
BenchmarkEachListItemWithAlloc/PodList-4         	    4318	    140140 ns/op
PASS

shortname: k8s_cache-EachListItemWithAlloc%2FPodList
toolchain: LLGo
goos: linux
goarch: amd64
pkg: k8s.io/client-go/tools/cache
cpu: AMD EPYC 7763 64-Core Processor @ 3243.823MHz
BenchmarkEachListItemWithAlloc/PodList-4         	    4302	    139903 ns/op
PASS

shortname: k8s_cache-EachListItemWithAlloc%2FPodList
toolchain: LLGo
goos: linux
goarch: amd64
pkg: k8s.io/client-go/tools/cache
cpu: AMD EPYC 7763 64-Core Processor @ 3245.513MHz
BenchmarkEachListItemWithAlloc/PodList-4         	    4273	    168350 ns/op
PASS

shortname: k8s_cache-EachListItemWithAlloc%2FPodList
toolchain: LLGo
goos: linux
goarch: amd64
pkg: k8s.io/client-go/tools/cache
cpu: AMD EPYC 7763 64-Core Processor @ 3244.537MHz
BenchmarkEachListItemWithAlloc/PodList-4         	    4309	    141551 ns/op
PASS

shortname: k8s_cache-EachListItemWithAlloc%2FPodList
toolchain: LLGo
goos: linux
goarch: amd64
pkg: k8s.io/client-go/tools/cache
cpu: AMD EPYC 7763 64-Core Processor @ 3244.021MHz
BenchmarkEachListItemWithAlloc/PodList-4         	    4330	    138729 ns/op
PASS

shortname: k8s_workqueue-DelayingQueue_AddAfter
toolchain: LLGo
goos: linux
goarch: amd64
pkg: k8s.io/client-go/util/workqueue
cpu: AMD EPYC 7763 64-Core Processor @ 3243.955MHz
BenchmarkDelayingQueue_AddAfter-4   	   95317	      8161 ns/op
PASS

shortname: k8s_workqueue-DelayingQueue_AddAfter
toolchain: LLGo
goos: linux
goarch: amd64
pkg: k8s.io/client-go/util/workqueue
cpu: AMD EPYC 7763 64-Core Processor @ 3241.837MHz
BenchmarkDelayingQueue_AddAfter-4   	  101442	      8525 ns/op
PASS

shortname: k8s_workqueue-DelayingQueue_AddAfter
toolchain: LLGo
goos: linux
goarch: amd64
pkg: k8s.io/client-go/util/workqueue
cpu: AMD EPYC 7763 64-Core Processor @ 3243.007MHz
BenchmarkDelayingQueue_AddAfter-4   	   99547	      8090 ns/op
PASS

shortname: k8s_workqueue-DelayingQueue_AddAfter
toolchain: LLGo
goos: linux
goarch: amd64
pkg: k8s.io/client-go/util/workqueue
cpu: AMD EPYC 7763 64-Core Processor @ 3241.957MHz
BenchmarkDelayingQueue_AddAfter-4   	  101838	      6989 ns/op
PASS

shortname: k8s_workqueue-DelayingQueue_AddAfter
toolchain: LLGo
goos: linux
goarch: amd64
pkg: k8s.io/client-go/util/workqueue
cpu: AMD EPYC 7763 64-Core Processor @ 3244.460MHz
BenchmarkDelayingQueue_AddAfter-4   	   98979	      7162 ns/op
PASS

shortname: kanzi-ANS0
toolchain: LLGo
goos: linux
goarch: amd64
pkg: github.com/flanglet/kanzi-go/v2/benchmark
cpu: AMD EPYC 7763 64-Core Processor @ 3243.857MHz
BenchmarkANS0-4   	     146	   3993045 ns/op
PASS

shortname: kanzi-ANS0
toolchain: LLGo
goos: linux
goarch: amd64
pkg: github.com/flanglet/kanzi-go/v2/benchmark
cpu: AMD EPYC 7763 64-Core Processor @ 3241.795MHz
BenchmarkANS0-4   	     146	   3997816 ns/op
PASS

shortname: kanzi-ANS0
toolchain: LLGo
goos: linux
goarch: amd64
pkg: github.com/flanglet/kanzi-go/v2/benchmark
cpu: AMD EPYC 7763 64-Core Processor @ 3243.485MHz
BenchmarkANS0-4   	     146	   3994962 ns/op
PASS

shortname: kanzi-ANS0
toolchain: LLGo
goos: linux
goarch: amd64
pkg: github.com/flanglet/kanzi-go/v2/benchmark
cpu: AMD EPYC 7763 64-Core Processor @ 3241.426MHz
BenchmarkANS0-4   	     146	   4004957 ns/op
PASS

shortname: kanzi-ANS0
toolchain: LLGo
goos: linux
goarch: amd64
pkg: github.com/flanglet/kanzi-go/v2/benchmark
cpu: AMD EPYC 7763 64-Core Processor @ 3241.466MHz
BenchmarkANS0-4   	     146	   3995708 ns/op
PASS

shortname: kanzi-BWTSmallBlock
toolchain: LLGo
goos: linux
goarch: amd64
pkg: github.com/flanglet/kanzi-go/v2/benchmark
cpu: AMD EPYC 7763 64-Core Processor @ 3243.606MHz
BenchmarkBWTSmallBlock-4   	      13	  42473528 ns/op
PASS

shortname: kanzi-BWTSmallBlock
toolchain: LLGo
goos: linux
goarch: amd64
pkg: github.com/flanglet/kanzi-go/v2/benchmark
cpu: AMD EPYC 7763 64-Core Processor @ 2445.424MHz
BenchmarkBWTSmallBlock-4   	      13	  42529598 ns/op
PASS

shortname: kanzi-BWTSmallBlock
toolchain: LLGo
goos: linux
goarch: amd64
pkg: github.com/flanglet/kanzi-go/v2/benchmark
cpu: AMD EPYC 7763 64-Core Processor @ 2445.424MHz
BenchmarkBWTSmallBlock-4   	      13	  42486078 ns/op
PASS

shortname: kanzi-BWTSmallBlock
toolchain: LLGo
goos: linux
goarch: amd64
pkg: github.com/flanglet/kanzi-go/v2/benchmark
cpu: AMD EPYC 7763 64-Core Processor @ 2445.424MHz
BenchmarkBWTSmallBlock-4   	      13	  42445421 ns/op
PASS

shortname: kanzi-BWTSmallBlock
toolchain: LLGo
goos: linux
goarch: amd64
pkg: github.com/flanglet/kanzi-go/v2/benchmark
cpu: AMD EPYC 7763 64-Core Processor @ 2445.424MHz
BenchmarkBWTSmallBlock-4   	      13	  42834809 ns/op
PASS

shortname: kanzi-CM
toolchain: LLGo
goos: linux
goarch: amd64
pkg: github.com/flanglet/kanzi-go/v2/benchmark
cpu: AMD EPYC 7763 64-Core Processor @ 2445.424MHz
BenchmarkCM-4   	      10	  53268795 ns/op
PASS

shortname: kanzi-CM
toolchain: LLGo
goos: linux
goarch: amd64
pkg: github.com/flanglet/kanzi-go/v2/benchmark
cpu: AMD EPYC 7763 64-Core Processor @ 2445.424MHz
BenchmarkCM-4   	      10	  53140181 ns/op
PASS

shortname: kanzi-CM
toolchain: LLGo
goos: linux
goarch: amd64
pkg: github.com/flanglet/kanzi-go/v2/benchmark
cpu: AMD EPYC 7763 64-Core Processor @ 2445.424MHz
BenchmarkCM-4   	      10	  53300513 ns/op
PASS

shortname: kanzi-CM
toolchain: LLGo
goos: linux
goarch: amd64
pkg: github.com/flanglet/kanzi-go/v2/benchmark
cpu: AMD EPYC 7763 64-Core Processor @ 3243.980MHz
BenchmarkCM-4   	      10	  53564211 ns/op
PASS

shortname: kanzi-CM
toolchain: LLGo
goos: linux
goarch: amd64
pkg: github.com/flanglet/kanzi-go/v2/benchmark
cpu: AMD EPYC 7763 64-Core Processor @ 3244.332MHz
BenchmarkCM-4   	      10	  53836842 ns/op
PASS

shortname: kanzi-Huffman
toolchain: LLGo
goos: linux
goarch: amd64
pkg: github.com/flanglet/kanzi-go/v2/benchmark
cpu: AMD EPYC 7763 64-Core Processor @ 3243.867MHz
BenchmarkHuffman-4   	     140	   4175572 ns/op
PASS

shortname: kanzi-Huffman
toolchain: LLGo
goos: linux
goarch: amd64
pkg: github.com/flanglet/kanzi-go/v2/benchmark
cpu: AMD EPYC 7763 64-Core Processor @ 3242.285MHz
BenchmarkHuffman-4   	     141	   4177535 ns/op
PASS

shortname: kanzi-Huffman
toolchain: LLGo
goos: linux
goarch: amd64
pkg: github.com/flanglet/kanzi-go/v2/benchmark
cpu: AMD EPYC 7763 64-Core Processor @ 3245.675MHz
BenchmarkHuffman-4   	     141	   4189999 ns/op
PASS

shortname: kanzi-Huffman
toolchain: LLGo
goos: linux
goarch: amd64
pkg: github.com/flanglet/kanzi-go/v2/benchmark
cpu: AMD EPYC 7763 64-Core Processor @ 3242.595MHz
BenchmarkHuffman-4   	     141	   4178589 ns/op
PASS

shortname: kanzi-Huffman
toolchain: LLGo
goos: linux
goarch: amd64
pkg: github.com/flanglet/kanzi-go/v2/benchmark
cpu: AMD EPYC 7763 64-Core Processor @ 3270.263MHz
BenchmarkHuffman-4   	     141	   4174594 ns/op
PASS

shortname: nelsam_gxui_interval-General
toolchain: LLGo
goos: linux
goarch: amd64
pkg: git.sr.ht/~nelsam/gxui/interval
cpu: AMD EPYC 7763 64-Core Processor @ 3243.382MHz
BenchmarkGeneral-4   	  496574	      1179 ns/op
PASS

shortname: nelsam_gxui_interval-General
toolchain: LLGo
goos: linux
goarch: amd64
pkg: git.sr.ht/~nelsam/gxui/interval
cpu: AMD EPYC 7763 64-Core Processor @ 3245.364MHz
BenchmarkGeneral-4   	  492878	      1183 ns/op
PASS

shortname: nelsam_gxui_interval-General
toolchain: LLGo
goos: linux
goarch: amd64
pkg: git.sr.ht/~nelsam/gxui/interval
cpu: AMD EPYC 7763 64-Core Processor @ 3243.338MHz
BenchmarkGeneral-4   	  488365	      1184 ns/op
PASS

shortname: nelsam_gxui_interval-General
toolchain: LLGo
goos: linux
goarch: amd64
pkg: git.sr.ht/~nelsam/gxui/interval
cpu: AMD EPYC 7763 64-Core Processor @ 3239.379MHz
BenchmarkGeneral-4   	  493032	      1191 ns/op
PASS

shortname: nelsam_gxui_interval-General
toolchain: LLGo
goos: linux
goarch: amd64
pkg: git.sr.ht/~nelsam/gxui/interval
cpu: AMD EPYC 7763 64-Core Processor @ 3239.498MHz
BenchmarkGeneral-4   	  493035	      1180 ns/op
PASS

shortname: rcrowley_metrics-Histogram
toolchain: LLGo
goos: linux
goarch: amd64
pkg: github.com/rcrowley/go-metrics
cpu: AMD EPYC 7763 64-Core Processor @ 3239.957MHz
BenchmarkHistogram-4   	 5124477	       111.9 ns/op
PASS

shortname: rcrowley_metrics-Histogram
toolchain: LLGo
goos: linux
goarch: amd64
pkg: github.com/rcrowley/go-metrics
cpu: AMD EPYC 7763 64-Core Processor @ 3240.774MHz
BenchmarkHistogram-4   	 5142555	       111.6 ns/op
PASS

shortname: rcrowley_metrics-Histogram
toolchain: LLGo
goos: linux
goarch: amd64
pkg: github.com/rcrowley/go-metrics
cpu: AMD EPYC 7763 64-Core Processor @ 3243.022MHz
BenchmarkHistogram-4   	 5178216	       112.3 ns/op
PASS

shortname: rcrowley_metrics-Histogram
toolchain: LLGo
goos: linux
goarch: amd64
pkg: github.com/rcrowley/go-metrics
cpu: AMD EPYC 7763 64-Core Processor @ 3244.210MHz
BenchmarkHistogram-4   	 5054605	       112.0 ns/op
PASS

shortname: rcrowley_metrics-Histogram
toolchain: LLGo
goos: linux
goarch: amd64
pkg: github.com/rcrowley/go-metrics
cpu: AMD EPYC 7763 64-Core Processor @ 3242.401MHz
BenchmarkHistogram-4   	 5107155	       111.8 ns/op
PASS

shortname: rcrowley_metrics-Timer
toolchain: LLGo
goos: linux
goarch: amd64
pkg: github.com/rcrowley/go-metrics
cpu: AMD EPYC 7763 64-Core Processor @ 3243.852MHz
BenchmarkTimer-4   	  748333	       704.7 ns/op
PASS

shortname: rcrowley_metrics-Timer
toolchain: LLGo
goos: linux
goarch: amd64
pkg: github.com/rcrowley/go-metrics
cpu: AMD EPYC 7763 64-Core Processor @ 3243.565MHz
BenchmarkTimer-4   	  750364	       697.9 ns/op
PASS

shortname: rcrowley_metrics-Timer
toolchain: LLGo
goos: linux
goarch: amd64
pkg: github.com/rcrowley/go-metrics
cpu: AMD EPYC 7763 64-Core Processor @ 3243.092MHz
BenchmarkTimer-4   	  742167	       702.8 ns/op
PASS

shortname: rcrowley_metrics-Timer
toolchain: LLGo
goos: linux
goarch: amd64
pkg: github.com/rcrowley/go-metrics
cpu: AMD EPYC 7763 64-Core Processor @ 3242.410MHz
BenchmarkTimer-4   	  733888	       716.6 ns/op
PASS

shortname: rcrowley_metrics-Timer
toolchain: LLGo
goos: linux
goarch: amd64
pkg: github.com/rcrowley/go-metrics
cpu: AMD EPYC 7763 64-Core Processor @ 3240.720MHz
BenchmarkTimer-4   	  746954	       708.0 ns/op
PASS

shortname: semver-CheckVersionRange
toolchain: LLGo
goos: linux
goarch: amd64
pkg: github.com/Masterminds/semver/v3
cpu: AMD EPYC 7763 64-Core Processor @ 3241.577MHz
BenchmarkCheckVersionRange-4   	 6352684	        89.79 ns/op	      64 B/op	       0 allocs/op
PASS

shortname: semver-CheckVersionRange
toolchain: LLGo
goos: linux
goarch: amd64
pkg: github.com/Masterminds/semver/v3
cpu: AMD EPYC 7763 64-Core Processor @ 3242.600MHz
BenchmarkCheckVersionRange-4   	 6031478	        93.69 ns/op	      64 B/op	       0 allocs/op
PASS

shortname: semver-CheckVersionRange
toolchain: LLGo
goos: linux
goarch: amd64
pkg: github.com/Masterminds/semver/v3
cpu: AMD EPYC 7763 64-Core Processor @ 3244.166MHz
BenchmarkCheckVersionRange-4   	 6299227	        89.63 ns/op	      64 B/op	       0 allocs/op
PASS

shortname: semver-CheckVersionRange
toolchain: LLGo
goos: linux
goarch: amd64
pkg: github.com/Masterminds/semver/v3
cpu: AMD EPYC 7763 64-Core Processor @ 3240.600MHz
BenchmarkCheckVersionRange-4   	 6324730	        90.58 ns/op	      64 B/op	       0 allocs/op
PASS

shortname: semver-CheckVersionRange
toolchain: LLGo
goos: linux
goarch: amd64
pkg: github.com/Masterminds/semver/v3
cpu: AMD EPYC 7763 64-Core Processor @ 3241.293MHz
BenchmarkCheckVersionRange-4   	 6292827	        90.25 ns/op	      64 B/op	       0 allocs/op
PASS

shortname: semver-CoerceNewVersionSimple
toolchain: LLGo
goos: linux
goarch: amd64
pkg: github.com/Masterminds/semver/v3
cpu: AMD EPYC 7763 64-Core Processor @ 3240.352MHz
BenchmarkCoerceNewVersionSimple-4   	 1188435	       499.8 ns/op	     432 B/op	       0 allocs/op
PASS

shortname: semver-CoerceNewVersionSimple
toolchain: LLGo
goos: linux
goarch: amd64
pkg: github.com/Masterminds/semver/v3
cpu: AMD EPYC 7763 64-Core Processor @ 3245.645MHz
BenchmarkCoerceNewVersionSimple-4   	 1197430	       500.6 ns/op	     432 B/op	       0 allocs/op
PASS

shortname: semver-CoerceNewVersionSimple
toolchain: LLGo
goos: linux
goarch: amd64
pkg: github.com/Masterminds/semver/v3
cpu: AMD EPYC 7763 64-Core Processor @ 3242.391MHz
BenchmarkCoerceNewVersionSimple-4   	 1183114	       502.5 ns/op	     432 B/op	       0 allocs/op
PASS

shortname: semver-CoerceNewVersionSimple
toolchain: LLGo
goos: linux
goarch: amd64
pkg: github.com/Masterminds/semver/v3
cpu: AMD EPYC 7763 64-Core Processor @ 3244.280MHz
BenchmarkCoerceNewVersionSimple-4   	 1189618	       504.1 ns/op	     432 B/op	       0 allocs/op
PASS

shortname: semver-CoerceNewVersionSimple
toolchain: LLGo
goos: linux
goarch: amd64
pkg: github.com/Masterminds/semver/v3
cpu: AMD EPYC 7763 64-Core Processor @ 3242.234MHz
BenchmarkCoerceNewVersionSimple-4   	 1187326	       502.7 ns/op	     432 B/op	       0 allocs/op
PASS

shortname: semver-ValidateVersionRangeFail
toolchain: LLGo
goos: linux
goarch: amd64
pkg: github.com/Masterminds/semver/v3
cpu: AMD EPYC 7763 64-Core Processor @ 3243.704MHz
BenchmarkValidateVersionRangeFail-4   	  237975	      2516 ns/op	    3744 B/op	       0 allocs/op
PASS

shortname: semver-ValidateVersionRangeFail
toolchain: LLGo
goos: linux
goarch: amd64
pkg: github.com/Masterminds/semver/v3
cpu: AMD EPYC 7763 64-Core Processor @ 3240.617MHz
BenchmarkValidateVersionRangeFail-4   	  200062	      2513 ns/op	    3744 B/op	       0 allocs/op
PASS

shortname: semver-ValidateVersionRangeFail
toolchain: LLGo
goos: linux
goarch: amd64
pkg: github.com/Masterminds/semver/v3
cpu: AMD EPYC 7763 64-Core Processor @ 3242.494MHz
BenchmarkValidateVersionRangeFail-4   	  237746	      2513 ns/op	    3744 B/op	       0 allocs/op
PASS

shortname: semver-ValidateVersionRangeFail
toolchain: LLGo
goos: linux
goarch: amd64
pkg: github.com/Masterminds/semver/v3
cpu: AMD EPYC 7763 64-Core Processor @ 3240.907MHz
BenchmarkValidateVersionRangeFail-4   	  240980	      2527 ns/op	    3744 B/op	       0 allocs/op
PASS

shortname: semver-ValidateVersionRangeFail
toolchain: LLGo
goos: linux
goarch: amd64
pkg: github.com/Masterminds/semver/v3
cpu: AMD EPYC 7763 64-Core Processor @ 3241.417MHz
BenchmarkValidateVersionRangeFail-4   	  237529	      2528 ns/op	    3744 B/op	       0 allocs/op
PASS

shortname: shopify_sarama-ZstdMemoryConsumption%2Fno_drain
toolchain: LLGo
goos: linux
goarch: amd64
pkg: github.com/IBM/sarama
cpu: AMD EPYC 7763 64-Core Processor @ 2445.424MHz
BenchmarkZstdMemoryConsumption/no_drain-4         	     110	   5410386 ns/op	  236427 B/op	       0 allocs/op
PASS

shortname: shopify_sarama-ZstdMemoryConsumption%2Fno_drain
toolchain: LLGo
goos: linux
goarch: amd64
pkg: github.com/IBM/sarama
cpu: AMD EPYC 7763 64-Core Processor @ 2445.424MHz
BenchmarkZstdMemoryConsumption/no_drain-4         	     111	   5359871 ns/op	  234642 B/op	       0 allocs/op
PASS

shortname: shopify_sarama-ZstdMemoryConsumption%2Fno_drain
toolchain: LLGo
goos: linux
goarch: amd64
pkg: github.com/IBM/sarama
cpu: AMD EPYC 7763 64-Core Processor @ 3240.512MHz
BenchmarkZstdMemoryConsumption/no_drain-4         	     110	   5377687 ns/op	  236423 B/op	       0 allocs/op
PASS

shortname: shopify_sarama-ZstdMemoryConsumption%2Fno_drain
toolchain: LLGo
goos: linux
goarch: amd64
pkg: github.com/IBM/sarama
cpu: AMD EPYC 7763 64-Core Processor @ 2445.424MHz
BenchmarkZstdMemoryConsumption/no_drain-4         	     111	   5349733 ns/op	  234666 B/op	       0 allocs/op
PASS

shortname: shopify_sarama-ZstdMemoryConsumption%2Fno_drain
toolchain: LLGo
goos: linux
goarch: amd64
pkg: github.com/IBM/sarama
cpu: AMD EPYC 7763 64-Core Processor @ 2445.424MHz
BenchmarkZstdMemoryConsumption/no_drain-4         	     111	   5347653 ns/op	  234667 B/op	       0 allocs/op
PASS

shortname: shopify_sarama-_getMetricNameForTopic
toolchain: LLGo
goos: linux
goarch: amd64
pkg: github.com/IBM/sarama
cpu: AMD EPYC 7763 64-Core Processor @ 2947.466MHz
Benchmark_getMetricNameForTopic-4   	 2206585	       271.5 ns/op	     128 B/op	       0 allocs/op
PASS

shortname: shopify_sarama-_getMetricNameForTopic
toolchain: LLGo
goos: linux
goarch: amd64
pkg: github.com/IBM/sarama
cpu: AMD EPYC 7763 64-Core Processor @ 3243.756MHz
Benchmark_getMetricNameForTopic-4   	 2207179	       270.4 ns/op	     128 B/op	       0 allocs/op
PASS

shortname: shopify_sarama-_getMetricNameForTopic
toolchain: LLGo
goos: linux
goarch: amd64
pkg: github.com/IBM/sarama
cpu: AMD EPYC 7763 64-Core Processor @ 3183.297MHz
Benchmark_getMetricNameForTopic-4   	 2201862	       271.6 ns/op	     128 B/op	       0 allocs/op
PASS

shortname: shopify_sarama-_getMetricNameForTopic
toolchain: LLGo
goos: linux
goarch: amd64
pkg: github.com/IBM/sarama
cpu: AMD EPYC 7763 64-Core Processor @ 3242.407MHz
Benchmark_getMetricNameForTopic-4   	 2201371	       272.1 ns/op	     128 B/op	       0 allocs/op
PASS

shortname: shopify_sarama-_getMetricNameForTopic
toolchain: LLGo
goos: linux
goarch: amd64
pkg: github.com/IBM/sarama
cpu: AMD EPYC 7763 64-Core Processor @ 3201.250MHz
Benchmark_getMetricNameForTopic-4   	 2207809	       271.4 ns/op	     128 B/op	       0 allocs/op
PASS

shortname: thriftrw_gen-RoundTrip%2FContainersOfContainers%2FDecode
toolchain: LLGo
goos: linux
goarch: amd64
pkg: go.uber.org/thriftrw/gen
cpu: AMD EPYC 7763 64-Core Processor @ 3241.449MHz
BenchmarkRoundTrip/ContainersOfContainers/Decode-4  	    2485	    212524 ns/op
PASS

shortname: thriftrw_gen-RoundTrip%2FContainersOfContainers%2FDecode
toolchain: LLGo
goos: linux
goarch: amd64
pkg: go.uber.org/thriftrw/gen
cpu: AMD EPYC 7763 64-Core Processor @ 3241.535MHz
BenchmarkRoundTrip/ContainersOfContainers/Decode-4  	    2450	    212323 ns/op
PASS

shortname: thriftrw_gen-RoundTrip%2FContainersOfContainers%2FDecode
toolchain: LLGo
goos: linux
goarch: amd64
pkg: go.uber.org/thriftrw/gen
cpu: AMD EPYC 7763 64-Core Processor @ 3241.278MHz
BenchmarkRoundTrip/ContainersOfContainers/Decode-4  	    2475	    212605 ns/op
PASS

shortname: thriftrw_gen-RoundTrip%2FContainersOfContainers%2FDecode
toolchain: LLGo
goos: linux
goarch: amd64
pkg: go.uber.org/thriftrw/gen
cpu: AMD EPYC 7763 64-Core Processor @ 3242.535MHz
BenchmarkRoundTrip/ContainersOfContainers/Decode-4  	    2458	    212391 ns/op
PASS

shortname: thriftrw_gen-RoundTrip%2FContainersOfContainers%2FDecode
toolchain: LLGo
goos: linux
goarch: amd64
pkg: go.uber.org/thriftrw/gen
cpu: AMD EPYC 7763 64-Core Processor @ 3245.432MHz
BenchmarkRoundTrip/ContainersOfContainers/Decode-4  	    2450	    212378 ns/op
PASS

shortname: thriftrw_gen-RoundTrip%2FContainersOfContainers%2FEncode
toolchain: LLGo
goos: linux
goarch: amd64
pkg: go.uber.org/thriftrw/gen
cpu: AMD EPYC 7763 64-Core Processor @ 3243.483MHz
BenchmarkRoundTrip/ContainersOfContainers/Encode-4  	    4179	    120215 ns/op
PASS

shortname: thriftrw_gen-RoundTrip%2FContainersOfContainers%2FEncode
toolchain: LLGo
goos: linux
goarch: amd64
pkg: go.uber.org/thriftrw/gen
cpu: AMD EPYC 7763 64-Core Processor @ 3243.751MHz
BenchmarkRoundTrip/ContainersOfContainers/Encode-4  	    4314	    116895 ns/op
PASS

shortname: thriftrw_gen-RoundTrip%2FContainersOfContainers%2FEncode
toolchain: LLGo
goos: linux
goarch: amd64
pkg: go.uber.org/thriftrw/gen
cpu: AMD EPYC 7763 64-Core Processor @ 3241.333MHz
BenchmarkRoundTrip/ContainersOfContainers/Encode-4  	    4274	    118489 ns/op
PASS

shortname: thriftrw_gen-RoundTrip%2FContainersOfContainers%2FEncode
toolchain: LLGo
goos: linux
goarch: amd64
pkg: go.uber.org/thriftrw/gen
cpu: AMD EPYC 7763 64-Core Processor @ 3242.932MHz
BenchmarkRoundTrip/ContainersOfContainers/Encode-4  	    4220	    119209 ns/op
PASS

shortname: thriftrw_gen-RoundTrip%2FContainersOfContainers%2FEncode
toolchain: LLGo
goos: linux
goarch: amd64
pkg: go.uber.org/thriftrw/gen
cpu: AMD EPYC 7763 64-Core Processor @ 3241.492MHz
BenchmarkRoundTrip/ContainersOfContainers/Encode-4  	    5126	    116615 ns/op
PASS

shortname: thriftrw_gen-RoundTrip%2FPrimitiveOptionalStruct%2FStreaming_Decode
toolchain: LLGo
goos: linux
goarch: amd64
pkg: go.uber.org/thriftrw/gen
cpu: AMD EPYC 7763 64-Core Processor @ 3242.314MHz
BenchmarkRoundTrip/PrimitiveOptionalStruct/Streaming_Decode-4         	   84781	      6281 ns/op
PASS

shortname: thriftrw_gen-RoundTrip%2FPrimitiveOptionalStruct%2FStreaming_Decode
toolchain: LLGo
goos: linux
goarch: amd64
pkg: go.uber.org/thriftrw/gen
cpu: AMD EPYC 7763 64-Core Processor @ 3244.650MHz
BenchmarkRoundTrip/PrimitiveOptionalStruct/Streaming_Decode-4         	   84462	      6329 ns/op
PASS

shortname: thriftrw_gen-RoundTrip%2FPrimitiveOptionalStruct%2FStreaming_Decode
toolchain: LLGo
goos: linux
goarch: amd64
pkg: go.uber.org/thriftrw/gen
cpu: AMD EPYC 7763 64-Core Processor @ 3238.773MHz
BenchmarkRoundTrip/PrimitiveOptionalStruct/Streaming_Decode-4         	   84854	      6325 ns/op
PASS

shortname: thriftrw_gen-RoundTrip%2FPrimitiveOptionalStruct%2FStreaming_Decode
toolchain: LLGo
goos: linux
goarch: amd64
pkg: go.uber.org/thriftrw/gen
cpu: AMD EPYC 7763 64-Core Processor @ 3241.892MHz
BenchmarkRoundTrip/PrimitiveOptionalStruct/Streaming_Decode-4         	   86275	      6309 ns/op
PASS

shortname: thriftrw_gen-RoundTrip%2FPrimitiveOptionalStruct%2FStreaming_Decode
toolchain: LLGo
goos: linux
goarch: amd64
pkg: go.uber.org/thriftrw/gen
cpu: AMD EPYC 7763 64-Core Processor @ 3242.068MHz
BenchmarkRoundTrip/PrimitiveOptionalStruct/Streaming_Decode-4         	   85942	      6279 ns/op
PASS

shortname: uber_zap-JSONLogMarshalerFunc
toolchain: LLGo
goos: linux
goarch: amd64
pkg: go.uber.org/zap/zapcore
cpu: AMD EPYC 7763 64-Core Processor @ 3241.639MHz
BenchmarkJSONLogMarshalerFunc-4   	  390306	      1549 ns/op
PASS

shortname: uber_zap-JSONLogMarshalerFunc
toolchain: LLGo
goos: linux
goarch: amd64
pkg: go.uber.org/zap/zapcore
cpu: AMD EPYC 7763 64-Core Processor @ 3244.715MHz
BenchmarkJSONLogMarshalerFunc-4   	  392526	      1530 ns/op
PASS

shortname: uber_zap-JSONLogMarshalerFunc
toolchain: LLGo
goos: linux
goarch: amd64
pkg: go.uber.org/zap/zapcore
cpu: AMD EPYC 7763 64-Core Processor @ 3244.507MHz
BenchmarkJSONLogMarshalerFunc-4   	  396110	      1534 ns/op
PASS

shortname: uber_zap-JSONLogMarshalerFunc
toolchain: LLGo
goos: linux
goarch: amd64
pkg: go.uber.org/zap/zapcore
cpu: AMD EPYC 7763 64-Core Processor @ 3241.195MHz
BenchmarkJSONLogMarshalerFunc-4   	  390850	      1546 ns/op
PASS

shortname: uber_zap-JSONLogMarshalerFunc
toolchain: LLGo
goos: linux
goarch: amd64
pkg: go.uber.org/zap/zapcore
cpu: AMD EPYC 7763 64-Core Processor @ 3244.710MHz
BenchmarkJSONLogMarshalerFunc-4   	  404848	      1484 ns/op
PASS

shortname: uuid-New
toolchain: LLGo
goos: linux
goarch: amd64
pkg: github.com/google/uuid
cpu: AMD EPYC 7763 64-Core Processor @ 3241.475MHz
BenchmarkNew-4   	  620901	       928.8 ns/op
PASS

shortname: uuid-New
toolchain: LLGo
goos: linux
goarch: amd64
pkg: github.com/google/uuid
cpu: AMD EPYC 7763 64-Core Processor @ 3244.703MHz
BenchmarkNew-4   	  625310	       928.7 ns/op
PASS

shortname: uuid-New
toolchain: LLGo
goos: linux
goarch: amd64
pkg: github.com/google/uuid
cpu: AMD EPYC 7763 64-Core Processor @ 3242.463MHz
BenchmarkNew-4   	  623161	       928.6 ns/op
PASS

shortname: uuid-New
toolchain: LLGo
goos: linux
goarch: amd64
pkg: github.com/google/uuid
cpu: AMD EPYC 7763 64-Core Processor @ 3244.047MHz
BenchmarkNew-4   	  621715	       929.9 ns/op
PASS

shortname: uuid-New
toolchain: LLGo
goos: linux
goarch: amd64
pkg: github.com/google/uuid
cpu: AMD EPYC 7763 64-Core Processor @ 3244.513MHz
BenchmarkNew-4   	  618213	       932.1 ns/op
PASS

shortname: uuid-UUID_MarshalJSON
toolchain: LLGo
goos: linux
goarch: amd64
pkg: github.com/google/uuid
cpu: AMD EPYC 7763 64-Core Processor @ 3243.195MHz
BenchmarkUUID_MarshalJSON-4   	  358420	      1670 ns/op
PASS

shortname: uuid-UUID_MarshalJSON
toolchain: LLGo
goos: linux
goarch: amd64
pkg: github.com/google/uuid
cpu: AMD EPYC 7763 64-Core Processor @ 3242.763MHz
BenchmarkUUID_MarshalJSON-4   	  358226	      1679 ns/op
PASS

shortname: uuid-UUID_MarshalJSON
toolchain: LLGo
goos: linux
goarch: amd64
pkg: github.com/google/uuid
cpu: AMD EPYC 7763 64-Core Processor @ 3243.382MHz
BenchmarkUUID_MarshalJSON-4   	  358380	      1665 ns/op
PASS

shortname: uuid-UUID_MarshalJSON
toolchain: LLGo
goos: linux
goarch: amd64
pkg: github.com/google/uuid
cpu: AMD EPYC 7763 64-Core Processor @ 3244.975MHz
BenchmarkUUID_MarshalJSON-4   	  358352	      1669 ns/op
PASS

shortname: uuid-UUID_MarshalJSON
toolchain: LLGo
goos: linux
goarch: amd64
pkg: github.com/google/uuid
cpu: AMD EPYC 7763 64-Core Processor @ 3244.099MHz
BenchmarkUUID_MarshalJSON-4   	  358428	      1671 ns/op
PASS

shortname: uuid-UUID_UnmarshalJSON
toolchain: LLGo
goos: linux
goarch: amd64
pkg: github.com/google/uuid
cpu: AMD EPYC 7763 64-Core Processor @ 3244.946MHz
BenchmarkUUID_UnmarshalJSON-4   	  149155	      3413 ns/op
PASS

shortname: uuid-UUID_UnmarshalJSON
toolchain: LLGo
goos: linux
goarch: amd64
pkg: github.com/google/uuid
cpu: AMD EPYC 7763 64-Core Processor @ 3244.386MHz
BenchmarkUUID_UnmarshalJSON-4   	  146940	      3410 ns/op
PASS

shortname: uuid-UUID_UnmarshalJSON
toolchain: LLGo
goos: linux
goarch: amd64
pkg: github.com/google/uuid
cpu: AMD EPYC 7763 64-Core Processor @ 3243.739MHz
BenchmarkUUID_UnmarshalJSON-4   	  147319	      3440 ns/op
PASS

shortname: uuid-UUID_UnmarshalJSON
toolchain: LLGo
goos: linux
goarch: amd64
pkg: github.com/google/uuid
cpu: AMD EPYC 7763 64-Core Processor @ 3246.480MHz
BenchmarkUUID_UnmarshalJSON-4   	  148015	      3412 ns/op
PASS

shortname: uuid-UUID_UnmarshalJSON
toolchain: LLGo
goos: linux
goarch: amd64
pkg: github.com/google/uuid
cpu: AMD EPYC 7763 64-Core Processor @ 3244.222MHz
BenchmarkUUID_UnmarshalJSON-4   	  148050	      3424 ns/op
PASS

shortname: workiva_augmentedtree-AddItems
toolchain: LLGo
goos: linux
goarch: amd64
pkg: github.com/Workiva/go-datastructures/augmentedtree
cpu: AMD EPYC 7763 64-Core Processor @ 3244.295MHz
BenchmarkAddItems-4   	    1914	    278791 ns/op
PASS

shortname: workiva_augmentedtree-AddItems
toolchain: LLGo
goos: linux
goarch: amd64
pkg: github.com/Workiva/go-datastructures/augmentedtree
cpu: AMD EPYC 7763 64-Core Processor @ 3243.898MHz
BenchmarkAddItems-4   	    1921	    277947 ns/op
PASS

shortname: workiva_augmentedtree-AddItems
toolchain: LLGo
goos: linux
goarch: amd64
pkg: github.com/Workiva/go-datastructures/augmentedtree
cpu: AMD EPYC 7763 64-Core Processor @ 3242.653MHz
BenchmarkAddItems-4   	    1926	    279592 ns/op
PASS

shortname: workiva_augmentedtree-AddItems
toolchain: LLGo
goos: linux
goarch: amd64
pkg: github.com/Workiva/go-datastructures/augmentedtree
cpu: AMD EPYC 7763 64-Core Processor @ 3243.790MHz
BenchmarkAddItems-4   	    1898	    277675 ns/op
PASS

shortname: workiva_augmentedtree-AddItems
toolchain: LLGo
goos: linux
goarch: amd64
pkg: github.com/Workiva/go-datastructures/augmentedtree
cpu: AMD EPYC 7763 64-Core Processor @ 3243.300MHz
BenchmarkAddItems-4   	    1894	    279756 ns/op
PASS

shortname: workiva_avl-ImmutableInsert
toolchain: LLGo
goos: linux
goarch: amd64
pkg: github.com/Workiva/go-datastructures/tree/avl
cpu: AMD EPYC 7763 64-Core Processor @ 3244.384MHz
BenchmarkImmutableInsert-4   	  526190	      1341 ns/op
PASS

shortname: workiva_avl-ImmutableInsert
toolchain: LLGo
goos: linux
goarch: amd64
pkg: github.com/Workiva/go-datastructures/tree/avl
cpu: AMD EPYC 7763 64-Core Processor @ 3244.283MHz
BenchmarkImmutableInsert-4   	  531812	      1360 ns/op
PASS

shortname: workiva_avl-ImmutableInsert
toolchain: LLGo
goos: linux
goarch: amd64
pkg: github.com/Workiva/go-datastructures/tree/avl
cpu: AMD EPYC 7763 64-Core Processor @ 3245.689MHz
BenchmarkImmutableInsert-4   	  534964	      1348 ns/op
PASS

shortname: workiva_avl-ImmutableInsert
toolchain: LLGo
goos: linux
goarch: amd64
pkg: github.com/Workiva/go-datastructures/tree/avl
cpu: AMD EPYC 7763 64-Core Processor @ 3244.529MHz
BenchmarkImmutableInsert-4   	  530983	      1306 ns/op
PASS

shortname: workiva_avl-ImmutableInsert
toolchain: LLGo
goos: linux
goarch: amd64
pkg: github.com/Workiva/go-datastructures/tree/avl
cpu: AMD EPYC 7763 64-Core Processor @ 3244.547MHz
BenchmarkImmutableInsert-4   	  514999	      1337 ns/op
PASS

shortname: workiva_bitarray-CompressedIntersects
toolchain: LLGo
goos: linux
goarch: amd64
pkg: github.com/Workiva/go-datastructures/bitarray
cpu: AMD EPYC 7763 64-Core Processor @ 3239.817MHz
BenchmarkCompressedIntersects-4   	 1410687	       419.5 ns/op
PASS

shortname: workiva_bitarray-CompressedIntersects
toolchain: LLGo
goos: linux
goarch: amd64
pkg: github.com/Workiva/go-datastructures/bitarray
cpu: AMD EPYC 7763 64-Core Processor @ 3244.233MHz
BenchmarkCompressedIntersects-4   	 1421577	       413.9 ns/op
PASS

shortname: workiva_bitarray-CompressedIntersects
toolchain: LLGo
goos: linux
goarch: amd64
pkg: github.com/Workiva/go-datastructures/bitarray
cpu: AMD EPYC 7763 64-Core Processor @ 3244.022MHz
BenchmarkCompressedIntersects-4   	 1433637	       412.3 ns/op
PASS

shortname: workiva_bitarray-CompressedIntersects
toolchain: LLGo
goos: linux
goarch: amd64
pkg: github.com/Workiva/go-datastructures/bitarray
cpu: AMD EPYC 7763 64-Core Processor @ 3243.586MHz
BenchmarkCompressedIntersects-4   	 1431144	       412.7 ns/op
PASS

shortname: workiva_bitarray-CompressedIntersects
toolchain: LLGo
goos: linux
goarch: amd64
pkg: github.com/Workiva/go-datastructures/bitarray
cpu: AMD EPYC 7763 64-Core Processor @ 3241.873MHz
BenchmarkCompressedIntersects-4   	 1406000	       419.8 ns/op
PASS

shortname: workiva_hilbert-BulkUpdatePoints
toolchain: LLGo
goos: linux
goarch: amd64
pkg: github.com/Workiva/go-datastructures/rtree/hilbert
cpu: AMD EPYC 7763 64-Core Processor @ 3244.184MHz
BenchmarkBulkUpdatePoints-4   	     579	   1000328 ns/op
PASS

shortname: workiva_hilbert-BulkUpdatePoints
toolchain: LLGo
goos: linux
goarch: amd64
pkg: github.com/Workiva/go-datastructures/rtree/hilbert
cpu: AMD EPYC 7763 64-Core Processor @ 3241.483MHz
BenchmarkBulkUpdatePoints-4   	     574	   1002005 ns/op
PASS

shortname: workiva_hilbert-BulkUpdatePoints
toolchain: LLGo
goos: linux
goarch: amd64
pkg: github.com/Workiva/go-datastructures/rtree/hilbert
cpu: AMD EPYC 7763 64-Core Processor @ 3235.110MHz
BenchmarkBulkUpdatePoints-4   	     580	   1002523 ns/op
PASS

shortname: workiva_hilbert-BulkUpdatePoints
toolchain: LLGo
goos: linux
goarch: amd64
pkg: github.com/Workiva/go-datastructures/rtree/hilbert
cpu: AMD EPYC 7763 64-Core Processor @ 3241.273MHz
BenchmarkBulkUpdatePoints-4   	     585	    998843 ns/op
PASS

shortname: workiva_hilbert-BulkUpdatePoints
toolchain: LLGo
goos: linux
goarch: amd64
pkg: github.com/Workiva/go-datastructures/rtree/hilbert
cpu: AMD EPYC 7763 64-Core Processor @ 3244.741MHz
BenchmarkBulkUpdatePoints-4   	     583	    999400 ns/op
PASS

shortname: workiva_queue-PriorityQueue
toolchain: LLGo
goos: linux
goarch: amd64
pkg: github.com/Workiva/go-datastructures/queue
cpu: AMD EPYC 7763 64-Core Processor @ 3244.668MHz
BenchmarkPriorityQueue-4   	  353042	      1833 ns/op
PASS

shortname: workiva_queue-PriorityQueue
toolchain: LLGo
goos: linux
goarch: amd64
pkg: github.com/Workiva/go-datastructures/queue
cpu: AMD EPYC 7763 64-Core Processor @ 3243.703MHz
BenchmarkPriorityQueue-4   	  356296	      1931 ns/op
PASS

shortname: workiva_queue-PriorityQueue
toolchain: LLGo
goos: linux
goarch: amd64
pkg: github.com/Workiva/go-datastructures/queue
cpu: AMD EPYC 7763 64-Core Processor @ 3244.788MHz
BenchmarkPriorityQueue-4   	  272109	      1973 ns/op
PASS

shortname: workiva_queue-PriorityQueue
toolchain: LLGo
goos: linux
goarch: amd64
pkg: github.com/Workiva/go-datastructures/queue
cpu: AMD EPYC 7763 64-Core Processor @ 3241.764MHz
BenchmarkPriorityQueue-4   	  288524	      1854 ns/op
PASS

shortname: workiva_queue-PriorityQueue
toolchain: LLGo
goos: linux
goarch: amd64
pkg: github.com/Workiva/go-datastructures/queue
cpu: AMD EPYC 7763 64-Core Processor @ 3241.882MHz
BenchmarkPriorityQueue-4   	  292614	      2315 ns/op
PASS

shortname: workiva_rangetree-Apply
toolchain: LLGo
goos: linux
goarch: amd64
pkg: github.com/Workiva/go-datastructures/rangetree
cpu: AMD EPYC 7763 64-Core Processor @ 3242.780MHz
BenchmarkApply-4   	    3030	    170917 ns/op
PASS

shortname: workiva_rangetree-Apply
toolchain: LLGo
goos: linux
goarch: amd64
pkg: github.com/Workiva/go-datastructures/rangetree
cpu: AMD EPYC 7763 64-Core Processor @ 3244.452MHz
BenchmarkApply-4   	    3529	    168334 ns/op
PASS

shortname: workiva_rangetree-Apply
toolchain: LLGo
goos: linux
goarch: amd64
pkg: github.com/Workiva/go-datastructures/rangetree
cpu: AMD EPYC 7763 64-Core Processor @ 3243.806MHz
BenchmarkApply-4   	    3524	    169945 ns/op
PASS

shortname: workiva_rangetree-Apply
toolchain: LLGo
goos: linux
goarch: amd64
pkg: github.com/Workiva/go-datastructures/rangetree
cpu: AMD EPYC 7763 64-Core Processor @ 3245.324MHz
BenchmarkApply-4   	    3069	    170320 ns/op
PASS

shortname: workiva_rangetree-Apply
toolchain: LLGo
goos: linux
goarch: amd64
pkg: github.com/Workiva/go-datastructures/rangetree
cpu: AMD EPYC 7763 64-Core Processor @ 3244.557MHz
BenchmarkApply-4   	    3530	    171424 ns/op
PASS

shortname: workiva_rangetree-ImmutableInsertSecondDimension
toolchain: LLGo
goos: linux
goarch: amd64
pkg: github.com/Workiva/go-datastructures/rangetree
cpu: AMD EPYC 7763 64-Core Processor @ 2445.424MHz
BenchmarkImmutableInsertSecondDimension-4   	      15	  37433727 ns/op
PASS

shortname: workiva_rangetree-ImmutableInsertSecondDimension
toolchain: LLGo
goos: linux
goarch: amd64
pkg: github.com/Workiva/go-datastructures/rangetree
cpu: AMD EPYC 7763 64-Core Processor @ 2445.424MHz
BenchmarkImmutableInsertSecondDimension-4   	      15	  37618362 ns/op
PASS

shortname: workiva_rangetree-ImmutableInsertSecondDimension
toolchain: LLGo
goos: linux
goarch: amd64
pkg: github.com/Workiva/go-datastructures/rangetree
cpu: AMD EPYC 7763 64-Core Processor @ 2445.424MHz
BenchmarkImmutableInsertSecondDimension-4   	      15	  38089362 ns/op
PASS

shortname: workiva_rangetree-ImmutableInsertSecondDimension
toolchain: LLGo
goos: linux
goarch: amd64
pkg: github.com/Workiva/go-datastructures/rangetree
cpu: AMD EPYC 7763 64-Core Processor @ 2445.424MHz
BenchmarkImmutableInsertSecondDimension-4   	      15	  37875915 ns/op
PASS

shortname: workiva_rangetree-ImmutableInsertSecondDimension
toolchain: LLGo
goos: linux
goarch: amd64
pkg: github.com/Workiva/go-datastructures/rangetree
cpu: AMD EPYC 7763 64-Core Processor @ 2445.424MHz
BenchmarkImmutableInsertSecondDimension-4   	      15	  37878825 ns/op
PASS

shortname: workiva_set-Clear
toolchain: LLGo
goos: linux
goarch: amd64
pkg: github.com/Workiva/go-datastructures/set
cpu: AMD EPYC 7763 64-Core Processor @ 3242.509MHz
BenchmarkClear-4   	11184645	        50.14 ns/op
PASS

shortname: workiva_set-Clear
toolchain: LLGo
goos: linux
goarch: amd64
pkg: github.com/Workiva/go-datastructures/set
cpu: AMD EPYC 7763 64-Core Processor @ 3244.713MHz
BenchmarkClear-4   	11069631	        50.55 ns/op
PASS

shortname: workiva_set-Clear
toolchain: LLGo
goos: linux
goarch: amd64
pkg: github.com/Workiva/go-datastructures/set
cpu: AMD EPYC 7763 64-Core Processor @ 3241.850MHz
BenchmarkClear-4   	11244202	        49.87 ns/op
PASS

shortname: workiva_set-Clear
toolchain: LLGo
goos: linux
goarch: amd64
pkg: github.com/Workiva/go-datastructures/set
cpu: AMD EPYC 7763 64-Core Processor @ 3243.884MHz
BenchmarkClear-4   	11009455	        50.24 ns/op
PASS

shortname: workiva_set-Clear
toolchain: LLGo
goos: linux
goarch: amd64
pkg: github.com/Workiva/go-datastructures/set
cpu: AMD EPYC 7763 64-Core Processor @ 3244.452MHz
BenchmarkClear-4   	10964216	        50.00 ns/op
PASS

shortname: workiva_set-Exists
toolchain: LLGo
goos: linux
goarch: amd64
pkg: github.com/Workiva/go-datastructures/set
cpu: AMD EPYC 7763 64-Core Processor @ 3242.744MHz
BenchmarkExists-4   	 9016765	        62.05 ns/op
PASS

shortname: workiva_set-Exists
toolchain: LLGo
goos: linux
goarch: amd64
pkg: github.com/Workiva/go-datastructures/set
cpu: AMD EPYC 7763 64-Core Processor @ 3244.247MHz
BenchmarkExists-4   	 8837463	        61.92 ns/op
PASS

shortname: workiva_set-Exists
toolchain: LLGo
goos: linux
goarch: amd64
pkg: github.com/Workiva/go-datastructures/set
cpu: AMD EPYC 7763 64-Core Processor @ 3244.169MHz
BenchmarkExists-4   	 8946358	        62.75 ns/op
PASS

shortname: workiva_set-Exists
toolchain: LLGo
goos: linux
goarch: amd64
pkg: github.com/Workiva/go-datastructures/set
cpu: AMD EPYC 7763 64-Core Processor @ 3241.950MHz
BenchmarkExists-4   	 8845380	        61.97 ns/op
PASS

shortname: workiva_set-Exists
toolchain: LLGo
goos: linux
goarch: amd64
pkg: github.com/Workiva/go-datastructures/set
cpu: AMD EPYC 7763 64-Core Processor @ 3242.912MHz
BenchmarkExists-4   	 9122703	        62.47 ns/op
PASS

shortname: workiva_triey-Iterator
toolchain: LLGo
goos: linux
goarch: amd64
pkg: github.com/Workiva/go-datastructures/trie/yfast
cpu: AMD EPYC 7763 64-Core Processor @ 3243.336MHz
BenchmarkIterator-4   	  230812	      2603 ns/op
PASS

shortname: workiva_triey-Iterator
toolchain: LLGo
goos: linux
goarch: amd64
pkg: github.com/Workiva/go-datastructures/trie/yfast
cpu: AMD EPYC 7763 64-Core Processor @ 3242.719MHz
BenchmarkIterator-4   	  229123	      2596 ns/op
PASS

shortname: workiva_triey-Iterator
toolchain: LLGo
goos: linux
goarch: amd64
pkg: github.com/Workiva/go-datastructures/trie/yfast
cpu: AMD EPYC 7763 64-Core Processor @ 3240.818MHz
BenchmarkIterator-4   	  231037	      2593 ns/op
PASS

shortname: workiva_triey-Iterator
toolchain: LLGo
goos: linux
goarch: amd64
pkg: github.com/Workiva/go-datastructures/trie/yfast
cpu: AMD EPYC 7763 64-Core Processor @ 3245.244MHz
BenchmarkIterator-4   	  230305	      2594 ns/op
PASS

shortname: workiva_triey-Iterator
toolchain: LLGo
goos: linux
goarch: amd64
pkg: github.com/Workiva/go-datastructures/trie/yfast
cpu: AMD EPYC 7763 64-Core Processor @ 3246.490MHz
BenchmarkIterator-4   	  229892	      2604 ns/op
PASS
