-: build constraints exclude all Go files in /home/runner/go/pkg/mod/golang.org/toolchain@v0.0.1-go1.27.0.linux-amd64/src/encoding/json/jsontext
cannot build SSA for package encoding/json/jsontext
-: build constraints exclude all Go files in /home/runner/go/pkg/mod/golang.org/toolchain@v0.0.1-go1.27.0.linux-amd64/src/encoding/json/v2
cannot build SSA for package encoding/json/v2
/home/runner/work/benchmarks/benchmarks/.ci/wasm-sources/e3acd2328eea82d1-c975de5011fb7dfb32a491cf3fcf02d4f811f50e/tsc/internal/json/json.go:5:2: could not import encoding/json/jsontext (invalid package name: "")
/home/runner/work/benchmarks/benchmarks/.ci/wasm-sources/e3acd2328eea82d1-c975de5011fb7dfb32a491cf3fcf02d4f811f50e/tsc/internal/json/json.go:6:2: could not import encoding/json/v2 (invalid package name: "")
/home/runner/work/benchmarks/benchmarks/.ci/wasm-sources/e3acd2328eea82d1-c975de5011fb7dfb32a491cf3fcf02d4f811f50e/tsc/internal/json/json.go:87:20: undefined: json
/home/runner/work/benchmarks/benchmarks/.ci/wasm-sources/e3acd2328eea82d1-c975de5011fb7dfb32a491cf3fcf02d4f811f50e/tsc/internal/json/json.go:88:20: undefined: json
/home/runner/work/benchmarks/benchmarks/.ci/wasm-sources/e3acd2328eea82d1-c975de5011fb7dfb32a491cf3fcf02d4f811f50e/tsc/internal/json/json.go:11:20: undefined: json
/home/runner/work/benchmarks/benchmarks/.ci/wasm-sources/e3acd2328eea82d1-c975de5011fb7dfb32a491cf3fcf02d4f811f50e/tsc/internal/json/json.go:11:49: undefined: json
/home/runner/work/benchmarks/benchmarks/.ci/wasm-sources/e3acd2328eea82d1-c975de5011fb7dfb32a491cf3fcf02d4f811f50e/tsc/internal/json/json.go:13:30: undefined: json
/home/runner/work/benchmarks/benchmarks/.ci/wasm-sources/e3acd2328eea82d1-c975de5011fb7dfb32a491cf3fcf02d4f811f50e/tsc/internal/json/json.go:22:59: undefined: json
/home/runner/work/benchmarks/benchmarks/.ci/wasm-sources/e3acd2328eea82d1-c975de5011fb7dfb32a491cf3fcf02d4f811f50e/tsc/internal/json/json.go:31:50: undefined: json
/home/runner/work/benchmarks/benchmarks/.ci/wasm-sources/e3acd2328eea82d1-c975de5011fb7dfb32a491cf3fcf02d4f811f50e/tsc/internal/json/json.go:56:44: undefined: json
/home/runner/work/benchmarks/benchmarks/.ci/wasm-sources/e3acd2328eea82d1-c975de5011fb7dfb32a491cf3fcf02d4f811f50e/tsc/internal/json/json.go:60:61: undefined: json
/home/runner/work/benchmarks/benchmarks/.ci/wasm-sources/e3acd2328eea82d1-c975de5011fb7dfb32a491cf3fcf02d4f811f50e/tsc/internal/json/json.go:64:51: undefined: json
/home/runner/work/benchmarks/benchmarks/.ci/wasm-sources/e3acd2328eea82d1-c975de5011fb7dfb32a491cf3fcf02d4f811f50e/tsc/internal/json/json.go:68:38: undefined: json
/home/runner/work/benchmarks/benchmarks/.ci/wasm-sources/e3acd2328eea82d1-c975de5011fb7dfb32a491cf3fcf02d4f811f50e/tsc/internal/json/json.go:72:28: undefined: json
/home/runner/work/benchmarks/benchmarks/.ci/wasm-sources/e3acd2328eea82d1-c975de5011fb7dfb32a491cf3fcf02d4f811f50e/tsc/internal/json/json.go:76:32: undefined: json
/home/runner/work/benchmarks/benchmarks/.ci/wasm-sources/e3acd2328eea82d1-c975de5011fb7dfb32a491cf3fcf02d4f811f50e/tsc/internal/json/json.go:19:9: undefined: json
/home/runner/work/benchmarks/benchmarks/.ci/wasm-sources/e3acd2328eea82d1-c975de5011fb7dfb32a491cf3fcf02d4f811f50e/tsc/internal/json/json.go:28:9: undefined: json
/home/runner/work/benchmarks/benchmarks/.ci/wasm-sources/e3acd2328eea82d1-c975de5011fb7dfb32a491cf3fcf02d4f811f50e/tsc/internal/json/json.go:37:9: undefined: json
/home/runner/work/benchmarks/benchmarks/.ci/wasm-sources/e3acd2328eea82d1-c975de5011fb7dfb32a491cf3fcf02d4f811f50e/tsc/internal/json/json.go:57:9: undefined: json
/home/runner/work/benchmarks/benchmarks/.ci/wasm-sources/e3acd2328eea82d1-c975de5011fb7dfb32a491cf3fcf02d4f811f50e/tsc/internal/json/json.go:61:9: undefined: json
/home/runner/work/benchmarks/benchmarks/.ci/wasm-sources/e3acd2328eea82d1-c975de5011fb7dfb32a491cf3fcf02d4f811f50e/tsc/internal/json/json.go:65:9: undefined: json
/home/runner/work/benchmarks/benchmarks/.ci/wasm-sources/e3acd2328eea82d1-c975de5011fb7dfb32a491cf3fcf02d4f811f50e/tsc/internal/json/json.go:73:9: undefined: json
cannot build SSA for package github.com/microsoft/TypeScript/tsc/internal/json
cannot build SSA for package github.com/microsoft/TypeScript/tsc/internal/collections
cannot build SSA for package github.com/microsoft/TypeScript/tsc/internal/core
cannot build SSA for package github.com/microsoft/TypeScript/tsc/internal/diagnostics
cannot build SSA for package github.com/microsoft/TypeScript/tsc/internal/spanmap
cannot build SSA for package github.com/microsoft/TypeScript/tsc/internal/ast
cannot build SSA for package github.com/microsoft/TypeScript/tsc/internal/api/encoder
cannot build SSA for package github.com/microsoft/TypeScript/tsc/internal/jsnum
cannot build SSA for package github.com/microsoft/TypeScript/tsc/internal/scanner
cannot build SSA for package github.com/microsoft/TypeScript/tsc/internal/diagnosticwriter
cannot build SSA for package github.com/microsoft/TypeScript/tsc/internal/jsonrpc
/home/runner/work/benchmarks/benchmarks/.ci/wasm-sources/e3acd2328eea82d1-c975de5011fb7dfb32a491cf3fcf02d4f811f50e/tsc/internal/lsp/lsproto/lsp_generated.go:11889:16: cannot convert jsonObjectRawField(data, "kind") (value with invalid type) to type string
cannot build SSA for package github.com/microsoft/TypeScript/tsc/internal/lsp/lsproto
cannot build SSA for package github.com/microsoft/TypeScript/tsc/internal/ls/lsconv
cannot build SSA for package github.com/microsoft/TypeScript/tsc/internal/binder
cannot build SSA for package github.com/microsoft/TypeScript/tsc/internal/astnav
cannot build SSA for package github.com/microsoft/TypeScript/tsc/internal/evaluator
cannot build SSA for package github.com/microsoft/TypeScript/tsc/internal/packagejson
cannot build SSA for package github.com/microsoft/TypeScript/tsc/internal/vfs/vfsmatch
cannot build SSA for package github.com/microsoft/TypeScript/tsc/internal/module
cannot build SSA for package github.com/microsoft/TypeScript/tsc/internal/outputpaths
cannot build SSA for package github.com/microsoft/TypeScript/tsc/internal/symlinks
cannot build SSA for package github.com/microsoft/TypeScript/tsc/internal/ipc
cannot build SSA for package github.com/microsoft/TypeScript/tsc/internal/parser
/home/runner/work/benchmarks/benchmarks/.ci/wasm-sources/e3acd2328eea82d1-c975de5011fb7dfb32a491cf3fcf02d4f811f50e/tsc/internal/contentmapper/contentmapper.go:110:20: cannot use m.Options (variable with invalid type) as []byte value in argument to append
cannot build SSA for package github.com/microsoft/TypeScript/tsc/internal/contentmapper
cannot build SSA for package github.com/microsoft/TypeScript/tsc/internal/tsoptions
cannot build SSA for package github.com/microsoft/TypeScript/tsc/internal/modulespecifiers
cannot build SSA for package github.com/microsoft/TypeScript/tsc/internal/nodebuilder
cannot build SSA for package github.com/microsoft/TypeScript/tsc/internal/sourcemap
cannot build SSA for package github.com/microsoft/TypeScript/tsc/internal/printer
cannot build SSA for package github.com/microsoft/TypeScript/tsc/internal/pseudochecker
cannot build SSA for package github.com/microsoft/TypeScript/tsc/internal/tracing
cannot build SSA for package github.com/microsoft/TypeScript/tsc/internal/checker
cannot build SSA for package github.com/microsoft/TypeScript/tsc/internal/transformers
cannot build SSA for package github.com/microsoft/TypeScript/tsc/internal/transformers/declarations
cannot build SSA for package github.com/microsoft/TypeScript/tsc/internal/transformers/estransforms
cannot build SSA for package github.com/microsoft/TypeScript/tsc/internal/transformers/inliners
cannot build SSA for package github.com/microsoft/TypeScript/tsc/internal/transformers/jsxtransforms
cannot build SSA for package github.com/microsoft/TypeScript/tsc/internal/transformers/moduletransforms
cannot build SSA for package github.com/microsoft/TypeScript/tsc/internal/transformers/tstransforms
cannot build SSA for package github.com/microsoft/TypeScript/tsc/internal/vfs/cachedvfs
cannot build SSA for package github.com/microsoft/TypeScript/tsc/internal/compiler
cannot build SSA for package github.com/microsoft/TypeScript/tsc/internal/ls/lsutil
cannot build SSA for package github.com/microsoft/TypeScript/tsc/internal/format
cannot build SSA for package github.com/microsoft/TypeScript/tsc/internal/ls/change
cannot build SSA for package github.com/microsoft/TypeScript/tsc/internal/project/dirty
cannot build SSA for package github.com/microsoft/TypeScript/tsc/internal/ls/autoimport
cannot build SSA for package github.com/microsoft/TypeScript/tsc/internal/ls
cannot build SSA for package github.com/microsoft/TypeScript/tsc/internal/project/ata
cannot build SSA for package github.com/microsoft/TypeScript/tsc/internal/project
cannot build SSA for package github.com/microsoft/TypeScript/tsc/internal/api/requestfilesystem
cannot build SSA for package github.com/microsoft/TypeScript/tsc/internal/transpile
cannot build SSA for package github.com/microsoft/TypeScript/tsc/internal/vfs/osvfs
cannot build SSA for package github.com/microsoft/TypeScript/tsc/internal/api
/home/runner/work/benchmarks/benchmarks/.ci/wasm-sources/e3acd2328eea82d1-c975de5011fb7dfb32a491cf3fcf02d4f811f50e/tsc/internal/execute/incremental/buildInfo.go:246:27: cannot use fileIdAndDiagnostics[0] (variable with invalid type) as []byte value in argument to json.Unmarshal
cannot build SSA for package github.com/microsoft/TypeScript/tsc/internal/execute/incremental
cannot build SSA for package github.com/microsoft/TypeScript/tsc/internal/execute/tsc
cannot build SSA for package github.com/microsoft/TypeScript/tsc/internal/execute/watchmanager
cannot build SSA for package github.com/microsoft/TypeScript/tsc/internal/execute/build
cannot build SSA for package github.com/microsoft/TypeScript/tsc/internal/vfs/trackingvfs
cannot build SSA for package github.com/microsoft/TypeScript/tsc/internal/execute
cannot build SSA for package github.com/microsoft/TypeScript/tsc/internal/lsp/lspwatcher
cannot build SSA for package github.com/microsoft/TypeScript/tsc/internal/lsp
cannot build SSA for package github.com/microsoft/TypeScript/tsc/cmd/tsc
cannot build SSA for packages
Compiler exit status: 1
