cache:INFO: generating system library: sysroot/lib/wasm32-emscripten/lto/libGL-getprocaddr.a... (this will be cached in "/home/runner/work/_temp/c458eebd-5d0a-419c-93be-1dacd8cc7e96/emsdk-main/upstream/emscripten/cache/sysroot/lib/wasm32-emscripten/lto/libGL-getprocaddr.a" for subsequent builds)
system_libs:INFO: compiled 4 inputs in 0.27s
cache:INFO:  - ok
cache:INFO: generating system library: sysroot/lib/wasm32-emscripten/lto/libal.a... (this will be cached in "/home/runner/work/_temp/c458eebd-5d0a-419c-93be-1dacd8cc7e96/emsdk-main/upstream/emscripten/cache/sysroot/lib/wasm32-emscripten/lto/libal.a" for subsequent builds)
system_libs:INFO: compiled 1 inputs in 0.16s
cache:INFO:  - ok
cache:INFO: generating system library: sysroot/lib/wasm32-emscripten/lto/libhtml5.a... (this will be cached in "/home/runner/work/_temp/c458eebd-5d0a-419c-93be-1dacd8cc7e96/emsdk-main/upstream/emscripten/cache/sysroot/lib/wasm32-emscripten/lto/libhtml5.a" for subsequent builds)
system_libs:INFO: compiled 5 inputs in 0.37s
cache:INFO:  - ok
cache:INFO: generating system library: sysroot/lib/wasm32-emscripten/lto/libstubs.a... (this will be cached in "/home/runner/work/_temp/c458eebd-5d0a-419c-93be-1dacd8cc7e96/emsdk-main/upstream/emscripten/cache/sysroot/lib/wasm32-emscripten/lto/libstubs.a" for subsequent builds)
system_libs:INFO: compiled 2 inputs in 0.16s
cache:INFO:  - ok
cache:INFO: generating system library: sysroot/lib/wasm32-emscripten/lto/libnoexit.a... (this will be cached in "/home/runner/work/_temp/c458eebd-5d0a-419c-93be-1dacd8cc7e96/emsdk-main/upstream/emscripten/cache/sysroot/lib/wasm32-emscripten/lto/libnoexit.a" for subsequent builds)
system_libs:INFO: compiled 1 inputs in 0.11s
cache:INFO:  - ok
cache:INFO: generating system library: sysroot/lib/wasm32-emscripten/lto/libc.a... (this will be cached in "/home/runner/work/_temp/c458eebd-5d0a-419c-93be-1dacd8cc7e96/emsdk-main/upstream/emscripten/cache/sysroot/lib/wasm32-emscripten/lto/libc.a" for subsequent builds)
system_libs:INFO: compiled 1045 inputs in 7.82s
cache:INFO:  - ok
cache:INFO: generating system library: sysroot/lib/wasm32-emscripten/lto/libcompiler_rt.a... (this will be cached in "/home/runner/work/_temp/c458eebd-5d0a-419c-93be-1dacd8cc7e96/emsdk-main/upstream/emscripten/cache/sysroot/lib/wasm32-emscripten/lto/libcompiler_rt.a" for subsequent builds)
system_libs:INFO: compiled 183 inputs in 1.96s
cache:INFO:  - ok
cache:INFO: generating system library: sysroot/lib/wasm32-emscripten/lto/libc++-noexcept.a... (this will be cached in "/home/runner/work/_temp/c458eebd-5d0a-419c-93be-1dacd8cc7e96/emsdk-main/upstream/emscripten/cache/sysroot/lib/wasm32-emscripten/lto/libc++-noexcept.a" for subsequent builds)
system_libs:INFO: compiled 56 inputs in 17.00s
cache:INFO:  - ok
cache:INFO: generating system library: sysroot/lib/wasm32-emscripten/lto/libc++abi-noexcept.a... (this will be cached in "/home/runner/work/_temp/c458eebd-5d0a-419c-93be-1dacd8cc7e96/emsdk-main/upstream/emscripten/cache/sysroot/lib/wasm32-emscripten/lto/libc++abi-noexcept.a" for subsequent builds)
system_libs:INFO: compiled 17 inputs in 2.09s
cache:INFO:  - ok
cache:INFO: generating system library: sysroot/lib/wasm32-emscripten/lto/libsockets.a... (this will be cached in "/home/runner/work/_temp/c458eebd-5d0a-419c-93be-1dacd8cc7e96/emsdk-main/upstream/emscripten/cache/sysroot/lib/wasm32-emscripten/lto/libsockets.a" for subsequent builds)
system_libs:INFO: compiled 27 inputs in 0.58s
cache:INFO:  - ok
LLGo build timed out after 1200s (benchmark=tsgo, configuration=LLGoFullLTONoGlobalDCE); terminating process group
Compiler exit status: 124
