cache:INFO: generating system library: sysroot/lib/wasm32-emscripten/lto/libGL-getprocaddr.a... (this will be cached in "/home/runner/work/_temp/e0028f31-d709-402e-8a02-e26a2864d6dc/emsdk-main/upstream/emscripten/cache/sysroot/lib/wasm32-emscripten/lto/libGL-getprocaddr.a" for subsequent builds)
system_libs:INFO: compiled 4 inputs in 0.21s
cache:INFO:  - ok
cache:INFO: generating system library: sysroot/lib/wasm32-emscripten/lto/libal.a... (this will be cached in "/home/runner/work/_temp/e0028f31-d709-402e-8a02-e26a2864d6dc/emsdk-main/upstream/emscripten/cache/sysroot/lib/wasm32-emscripten/lto/libal.a" for subsequent builds)
system_libs:INFO: compiled 1 inputs in 0.16s
cache:INFO:  - ok
cache:INFO: generating system library: sysroot/lib/wasm32-emscripten/lto/libhtml5.a... (this will be cached in "/home/runner/work/_temp/e0028f31-d709-402e-8a02-e26a2864d6dc/emsdk-main/upstream/emscripten/cache/sysroot/lib/wasm32-emscripten/lto/libhtml5.a" for subsequent builds)
system_libs:INFO: compiled 5 inputs in 0.28s
cache:INFO:  - ok
cache:INFO: generating system library: sysroot/lib/wasm32-emscripten/lto/libc_optz.a... (this will be cached in "/home/runner/work/_temp/e0028f31-d709-402e-8a02-e26a2864d6dc/emsdk-main/upstream/emscripten/cache/sysroot/lib/wasm32-emscripten/lto/libc_optz.a" for subsequent builds)
system_libs:INFO: compiled 7 inputs in 0.38s
cache:INFO:  - ok
cache:INFO: generating system library: sysroot/lib/wasm32-emscripten/lto/libstubs.a... (this will be cached in "/home/runner/work/_temp/e0028f31-d709-402e-8a02-e26a2864d6dc/emsdk-main/upstream/emscripten/cache/sysroot/lib/wasm32-emscripten/lto/libstubs.a" for subsequent builds)
system_libs:INFO: compiled 2 inputs in 0.16s
cache:INFO:  - ok
cache:INFO: generating system library: sysroot/lib/wasm32-emscripten/lto/libnoexit.a... (this will be cached in "/home/runner/work/_temp/e0028f31-d709-402e-8a02-e26a2864d6dc/emsdk-main/upstream/emscripten/cache/sysroot/lib/wasm32-emscripten/lto/libnoexit.a" for subsequent builds)
system_libs:INFO: compiled 1 inputs in 0.11s
cache:INFO:  - ok
cache:INFO: generating system library: sysroot/lib/wasm32-emscripten/lto/libc.a... (this will be cached in "/home/runner/work/_temp/e0028f31-d709-402e-8a02-e26a2864d6dc/emsdk-main/upstream/emscripten/cache/sysroot/lib/wasm32-emscripten/lto/libc.a" for subsequent builds)
system_libs:INFO: compiled 1045 inputs in 7.37s
cache:INFO:  - ok
cache:INFO: generating system library: sysroot/lib/wasm32-emscripten/lto/libcompiler_rt.a... (this will be cached in "/home/runner/work/_temp/e0028f31-d709-402e-8a02-e26a2864d6dc/emsdk-main/upstream/emscripten/cache/sysroot/lib/wasm32-emscripten/lto/libcompiler_rt.a" for subsequent builds)
system_libs:INFO: compiled 183 inputs in 1.87s
cache:INFO:  - ok
cache:INFO: generating system library: sysroot/lib/wasm32-emscripten/lto/libc++-noexcept.a... (this will be cached in "/home/runner/work/_temp/e0028f31-d709-402e-8a02-e26a2864d6dc/emsdk-main/upstream/emscripten/cache/sysroot/lib/wasm32-emscripten/lto/libc++-noexcept.a" for subsequent builds)
system_libs:INFO: compiled 56 inputs in 16.40s
cache:INFO:  - ok
cache:INFO: generating system library: sysroot/lib/wasm32-emscripten/lto/libc++abi-noexcept.a... (this will be cached in "/home/runner/work/_temp/e0028f31-d709-402e-8a02-e26a2864d6dc/emsdk-main/upstream/emscripten/cache/sysroot/lib/wasm32-emscripten/lto/libc++abi-noexcept.a" for subsequent builds)
system_libs:INFO: compiled 17 inputs in 2.02s
cache:INFO:  - ok
cache:INFO: generating system library: sysroot/lib/wasm32-emscripten/lto/libsockets.a... (this will be cached in "/home/runner/work/_temp/e0028f31-d709-402e-8a02-e26a2864d6dc/emsdk-main/upstream/emscripten/cache/sysroot/lib/wasm32-emscripten/lto/libsockets.a" for subsequent builds)
system_libs:INFO: compiled 27 inputs in 0.57s
cache:INFO:  - ok
warning: JS library symbol '$allocateUTF8' is deprecated. Please open a bug if you have a continuing need for this symbol [-Wdeprecated]
emcc: warning: warnings in JS library compilation [-Wjs-compiler]
Compiler exit status: 0
