
shortname: benhoyt_goawk-BuiltinGsubAmpersand
toolchain: Go
goos: linux
goarch: amd64
pkg: github.com/benhoyt/goawk/interp
cpu: Intel(R) Xeon(R) 6973P-C
BenchmarkBuiltinGsubAmpersand 	   69588	      8597 ns/op
PASS

shortname: benhoyt_goawk-BuiltinGsubAmpersand
toolchain: Go
goos: linux
goarch: amd64
pkg: github.com/benhoyt/goawk/interp
cpu: Intel(R) Xeon(R) 6973P-C
BenchmarkBuiltinGsubAmpersand 	   69332	      8570 ns/op
PASS

shortname: benhoyt_goawk-BuiltinGsubAmpersand
toolchain: Go
goos: linux
goarch: amd64
pkg: github.com/benhoyt/goawk/interp
cpu: Intel(R) Xeon(R) 6973P-C
BenchmarkBuiltinGsubAmpersand 	   68340	      8580 ns/op
PASS

shortname: benhoyt_goawk-BuiltinGsubAmpersand
toolchain: Go
goos: linux
goarch: amd64
pkg: github.com/benhoyt/goawk/interp
cpu: Intel(R) Xeon(R) 6973P-C
BenchmarkBuiltinGsubAmpersand 	   68490	      8624 ns/op
PASS

shortname: benhoyt_goawk-BuiltinGsubAmpersand
toolchain: Go
goos: linux
goarch: amd64
pkg: github.com/benhoyt/goawk/interp
cpu: Intel(R) Xeon(R) 6973P-C
BenchmarkBuiltinGsubAmpersand 	   69192	      8645 ns/op
PASS

shortname: benhoyt_goawk-NativeFunc
toolchain: Go
goos: linux
goarch: amd64
pkg: github.com/benhoyt/goawk/interp
cpu: Intel(R) Xeon(R) 6973P-C
BenchmarkNativeFunc 	  118824	      5148 ns/op
PASS

shortname: benhoyt_goawk-NativeFunc
toolchain: Go
goos: linux
goarch: amd64
pkg: github.com/benhoyt/goawk/interp
cpu: Intel(R) Xeon(R) 6973P-C
BenchmarkNativeFunc 	  118365	      5163 ns/op
PASS

shortname: benhoyt_goawk-NativeFunc
toolchain: Go
goos: linux
goarch: amd64
pkg: github.com/benhoyt/goawk/interp
cpu: Intel(R) Xeon(R) 6973P-C
BenchmarkNativeFunc 	  115701	      5124 ns/op
PASS

shortname: benhoyt_goawk-NativeFunc
toolchain: Go
goos: linux
goarch: amd64
pkg: github.com/benhoyt/goawk/interp
cpu: Intel(R) Xeon(R) 6973P-C
BenchmarkNativeFunc 	  108194	      5357 ns/op
PASS

shortname: benhoyt_goawk-NativeFunc
toolchain: Go
goos: linux
goarch: amd64
pkg: github.com/benhoyt/goawk/interp
cpu: Intel(R) Xeon(R) 6973P-C
BenchmarkNativeFunc 	  117861	      5148 ns/op
PASS

shortname: benhoyt_goawk-RecursiveFunc
toolchain: Go
goos: linux
goarch: amd64
pkg: github.com/benhoyt/goawk/interp
cpu: Intel(R) Xeon(R) 6973P-C
BenchmarkRecursiveFunc 	   81364	      7818 ns/op
PASS

shortname: benhoyt_goawk-RecursiveFunc
toolchain: Go
goos: linux
goarch: amd64
pkg: github.com/benhoyt/goawk/interp
cpu: Intel(R) Xeon(R) 6973P-C
BenchmarkRecursiveFunc 	   91188	      7087 ns/op
PASS

shortname: benhoyt_goawk-RecursiveFunc
toolchain: Go
goos: linux
goarch: amd64
pkg: github.com/benhoyt/goawk/interp
cpu: Intel(R) Xeon(R) 6973P-C
BenchmarkRecursiveFunc 	   89174	      7095 ns/op
PASS

shortname: benhoyt_goawk-RecursiveFunc
toolchain: Go
goos: linux
goarch: amd64
pkg: github.com/benhoyt/goawk/interp
cpu: Intel(R) Xeon(R) 6973P-C
BenchmarkRecursiveFunc 	   82497	      7416 ns/op
PASS

shortname: benhoyt_goawk-RecursiveFunc
toolchain: Go
goos: linux
goarch: amd64
pkg: github.com/benhoyt/goawk/interp
cpu: Intel(R) Xeon(R) 6973P-C
BenchmarkRecursiveFunc 	   89439	      7081 ns/op
PASS

shortname: benhoyt_goawk-SimpleBuiltins
toolchain: Go
goos: linux
goarch: amd64
pkg: github.com/benhoyt/goawk/interp
cpu: Intel(R) Xeon(R) 6973P-C
BenchmarkSimpleBuiltins 	 1975714	       303.9 ns/op
PASS

shortname: benhoyt_goawk-SimpleBuiltins
toolchain: Go
goos: linux
goarch: amd64
pkg: github.com/benhoyt/goawk/interp
cpu: Intel(R) Xeon(R) 6973P-C
BenchmarkSimpleBuiltins 	 1973527	       303.4 ns/op
PASS

shortname: benhoyt_goawk-SimpleBuiltins
toolchain: Go
goos: linux
goarch: amd64
pkg: github.com/benhoyt/goawk/interp
cpu: Intel(R) Xeon(R) 6973P-C
BenchmarkSimpleBuiltins 	 1844149	       304.1 ns/op
PASS

shortname: benhoyt_goawk-SimpleBuiltins
toolchain: Go
goos: linux
goarch: amd64
pkg: github.com/benhoyt/goawk/interp
cpu: Intel(R) Xeon(R) 6973P-C
BenchmarkSimpleBuiltins 	 1920367	       307.9 ns/op
PASS

shortname: benhoyt_goawk-SimpleBuiltins
toolchain: Go
goos: linux
goarch: amd64
pkg: github.com/benhoyt/goawk/interp
cpu: Intel(R) Xeon(R) 6973P-C
BenchmarkSimpleBuiltins 	 1975286	       305.4 ns/op
PASS

shortname: bloom_bits-BitSetExtractDeposit%2Fsize%3D64%2Ffn%3DDepositTo
toolchain: Go
goos: linux
goarch: amd64
pkg: github.com/bits-and-blooms/bitset
cpu: Intel(R) Xeon(R) 6973P-C
BenchmarkBitSetExtractDeposit/size=64/fn=DepositTo         	38636929	        15.27 ns/op	       0 B/op	       0 allocs/op
PASS

shortname: bloom_bits-BitSetExtractDeposit%2Fsize%3D64%2Ffn%3DDepositTo
toolchain: Go
goos: linux
goarch: amd64
pkg: github.com/bits-and-blooms/bitset
cpu: Intel(R) Xeon(R) 6973P-C
BenchmarkBitSetExtractDeposit/size=64/fn=DepositTo         	38147617	        15.42 ns/op	       0 B/op	       0 allocs/op
PASS

shortname: bloom_bits-BitSetExtractDeposit%2Fsize%3D64%2Ffn%3DDepositTo
toolchain: Go
goos: linux
goarch: amd64
pkg: github.com/bits-and-blooms/bitset
cpu: Intel(R) Xeon(R) 6973P-C
BenchmarkBitSetExtractDeposit/size=64/fn=DepositTo         	38302828	        15.35 ns/op	       0 B/op	       0 allocs/op
PASS

shortname: bloom_bits-BitSetExtractDeposit%2Fsize%3D64%2Ffn%3DDepositTo
toolchain: Go
goos: linux
goarch: amd64
pkg: github.com/bits-and-blooms/bitset
cpu: Intel(R) Xeon(R) 6973P-C
BenchmarkBitSetExtractDeposit/size=64/fn=DepositTo         	37796558	        15.92 ns/op	       0 B/op	       0 allocs/op
PASS

shortname: bloom_bits-BitSetExtractDeposit%2Fsize%3D64%2Ffn%3DDepositTo
toolchain: Go
goos: linux
goarch: amd64
pkg: github.com/bits-and-blooms/bitset
cpu: Intel(R) Xeon(R) 6973P-C
BenchmarkBitSetExtractDeposit/size=64/fn=DepositTo         	38304218	        15.24 ns/op	       0 B/op	       0 allocs/op
PASS

shortname: capnproto2-Growth_MultiSegment
toolchain: Go
goos: linux
goarch: amd64
pkg: zombiezen.com/go/capnproto2
cpu: Intel(R) Xeon(R) 6973P-C
BenchmarkGrowth_MultiSegment 	      60	   9167871 ns/op	 114.38 MB/s	 1648624 B/op	      21 allocs/op
PASS

shortname: capnproto2-Growth_MultiSegment
toolchain: Go
goos: linux
goarch: amd64
pkg: zombiezen.com/go/capnproto2
cpu: Intel(R) Xeon(R) 6973P-C
BenchmarkGrowth_MultiSegment 	      66	   8631019 ns/op	 121.49 MB/s	 1648624 B/op	      21 allocs/op
PASS

shortname: capnproto2-Growth_MultiSegment
toolchain: Go
goos: linux
goarch: amd64
pkg: zombiezen.com/go/capnproto2
cpu: Intel(R) Xeon(R) 6973P-C
BenchmarkGrowth_MultiSegment 	      64	   8260070 ns/op	 126.95 MB/s	 1648624 B/op	      21 allocs/op
PASS

shortname: capnproto2-Growth_MultiSegment
toolchain: Go
goos: linux
goarch: amd64
pkg: zombiezen.com/go/capnproto2
cpu: Intel(R) Xeon(R) 6973P-C
BenchmarkGrowth_MultiSegment 	      64	   8267279 ns/op	 126.84 MB/s	 1648624 B/op	      21 allocs/op
PASS

shortname: capnproto2-Growth_MultiSegment
toolchain: Go
goos: linux
goarch: amd64
pkg: zombiezen.com/go/capnproto2
cpu: Intel(R) Xeon(R) 6973P-C
BenchmarkGrowth_MultiSegment 	      64	   8262502 ns/op	 126.91 MB/s	 1648624 B/op	      21 allocs/op
PASS

shortname: capnproto2-Unmarshal_Reuse
toolchain: Go
goos: linux
goarch: amd64
pkg: zombiezen.com/go/capnproto2
cpu: Intel(R) Xeon(R) 6973P-C
BenchmarkUnmarshal_Reuse 	 1963383	       305.8 ns/op	       0 B/op	       0 allocs/op
PASS

shortname: capnproto2-Unmarshal_Reuse
toolchain: Go
goos: linux
goarch: amd64
pkg: zombiezen.com/go/capnproto2
cpu: Intel(R) Xeon(R) 6973P-C
BenchmarkUnmarshal_Reuse 	 1963126	       305.7 ns/op	       0 B/op	       0 allocs/op
PASS

shortname: capnproto2-Unmarshal_Reuse
toolchain: Go
goos: linux
goarch: amd64
pkg: zombiezen.com/go/capnproto2
cpu: Intel(R) Xeon(R) 6973P-C
BenchmarkUnmarshal_Reuse 	 1963881	       305.6 ns/op	       0 B/op	       0 allocs/op
PASS

shortname: capnproto2-Unmarshal_Reuse
toolchain: Go
goos: linux
goarch: amd64
pkg: zombiezen.com/go/capnproto2
cpu: Intel(R) Xeon(R) 6973P-C
BenchmarkUnmarshal_Reuse 	 1962091	       307.6 ns/op	       0 B/op	       0 allocs/op
PASS

shortname: capnproto2-Unmarshal_Reuse
toolchain: Go
goos: linux
goarch: amd64
pkg: zombiezen.com/go/capnproto2
cpu: Intel(R) Xeon(R) 6973P-C
BenchmarkUnmarshal_Reuse 	 1909903	       305.7 ns/op	       0 B/op	       0 allocs/op
PASS

shortname: commonmark_markdown-RenderSpecNoHTML
toolchain: Go
goos: linux
goarch: amd64
pkg: gitlab.com/golang-commonmark/markdown
cpu: Intel(R) Xeon(R) 6973P-C
BenchmarkRenderSpecNoHTML 	     187	   3171950 ns/op
PASS

shortname: commonmark_markdown-RenderSpecNoHTML
toolchain: Go
goos: linux
goarch: amd64
pkg: gitlab.com/golang-commonmark/markdown
cpu: Intel(R) Xeon(R) 6973P-C
BenchmarkRenderSpecNoHTML 	     180	   3158182 ns/op
PASS

shortname: commonmark_markdown-RenderSpecNoHTML
toolchain: Go
goos: linux
goarch: amd64
pkg: gitlab.com/golang-commonmark/markdown
cpu: Intel(R) Xeon(R) 6973P-C
BenchmarkRenderSpecNoHTML 	     188	   3153784 ns/op
PASS

shortname: commonmark_markdown-RenderSpecNoHTML
toolchain: Go
goos: linux
goarch: amd64
pkg: gitlab.com/golang-commonmark/markdown
cpu: Intel(R) Xeon(R) 6973P-C
BenchmarkRenderSpecNoHTML 	     189	   3157678 ns/op
PASS

shortname: commonmark_markdown-RenderSpecNoHTML
toolchain: Go
goos: linux
goarch: amd64
pkg: gitlab.com/golang-commonmark/markdown
cpu: Intel(R) Xeon(R) 6973P-C
BenchmarkRenderSpecNoHTML 	     189	   3157320 ns/op
PASS

shortname: dustin_broadcast-ParallelBrodcast
toolchain: Go
goos: linux
goarch: amd64
pkg: github.com/dustin/go-broadcast
cpu: Intel(R) Xeon(R) 6973P-C
BenchmarkParallelBrodcast 	 1439686	       408.6 ns/op
PASS

shortname: dustin_broadcast-ParallelBrodcast
toolchain: Go
goos: linux
goarch: amd64
pkg: github.com/dustin/go-broadcast
cpu: Intel(R) Xeon(R) 6973P-C
BenchmarkParallelBrodcast 	 1386925	       419.8 ns/op
PASS

shortname: dustin_broadcast-ParallelBrodcast
toolchain: Go
goos: linux
goarch: amd64
pkg: github.com/dustin/go-broadcast
cpu: Intel(R) Xeon(R) 6973P-C
BenchmarkParallelBrodcast 	 1437204	       451.5 ns/op
PASS

shortname: dustin_broadcast-ParallelBrodcast
toolchain: Go
goos: linux
goarch: amd64
pkg: github.com/dustin/go-broadcast
cpu: Intel(R) Xeon(R) 6973P-C
BenchmarkParallelBrodcast 	 1438635	       409.0 ns/op
PASS

shortname: dustin_broadcast-ParallelBrodcast
toolchain: Go
goos: linux
goarch: amd64
pkg: github.com/dustin/go-broadcast
cpu: Intel(R) Xeon(R) 6973P-C
BenchmarkParallelBrodcast 	 1420273	       410.4 ns/op
PASS

shortname: dustin_humanize-BigCommas
toolchain: Go
goos: linux
goarch: amd64
pkg: github.com/dustin/go-humanize
cpu: Intel(R) Xeon(R) 6973P-C
BenchmarkBigCommas 	 2368260	       259.1 ns/op
PASS

shortname: dustin_humanize-BigCommas
toolchain: Go
goos: linux
goarch: amd64
pkg: github.com/dustin/go-humanize
cpu: Intel(R) Xeon(R) 6973P-C
BenchmarkBigCommas 	 2399484	       248.5 ns/op
PASS

shortname: dustin_humanize-BigCommas
toolchain: Go
goos: linux
goarch: amd64
pkg: github.com/dustin/go-humanize
cpu: Intel(R) Xeon(R) 6973P-C
BenchmarkBigCommas 	 2464303	       243.3 ns/op
PASS

shortname: dustin_humanize-BigCommas
toolchain: Go
goos: linux
goarch: amd64
pkg: github.com/dustin/go-humanize
cpu: Intel(R) Xeon(R) 6973P-C
BenchmarkBigCommas 	 2411964	       249.4 ns/op
PASS

shortname: dustin_humanize-BigCommas
toolchain: Go
goos: linux
goarch: amd64
pkg: github.com/dustin/go-humanize
cpu: Intel(R) Xeon(R) 6973P-C
BenchmarkBigCommas 	 2480281	       240.8 ns/op
PASS

shortname: dustin_humanize-Commaf
toolchain: Go
goos: linux
goarch: amd64
pkg: github.com/dustin/go-humanize
cpu: Intel(R) Xeon(R) 6973P-C
BenchmarkCommaf 	 3864704	       154.6 ns/op
PASS

shortname: dustin_humanize-Commaf
toolchain: Go
goos: linux
goarch: amd64
pkg: github.com/dustin/go-humanize
cpu: Intel(R) Xeon(R) 6973P-C
BenchmarkCommaf 	 3860486	       155.4 ns/op
PASS

shortname: dustin_humanize-Commaf
toolchain: Go
goos: linux
goarch: amd64
pkg: github.com/dustin/go-humanize
cpu: Intel(R) Xeon(R) 6973P-C
BenchmarkCommaf 	 3881992	       154.9 ns/op
PASS

shortname: dustin_humanize-Commaf
toolchain: Go
goos: linux
goarch: amd64
pkg: github.com/dustin/go-humanize
cpu: Intel(R) Xeon(R) 6973P-C
BenchmarkCommaf 	 3885966	       156.3 ns/op
PASS

shortname: dustin_humanize-Commaf
toolchain: Go
goos: linux
goarch: amd64
pkg: github.com/dustin/go-humanize
cpu: Intel(R) Xeon(R) 6973P-C
BenchmarkCommaf 	 3871458	       166.3 ns/op
PASS

shortname: dustin_humanize-ParseBytes
toolchain: Go
goos: linux
goarch: amd64
pkg: github.com/dustin/go-humanize
cpu: Intel(R) Xeon(R) 6973P-C
BenchmarkParseBytes 	10510792	        56.30 ns/op
PASS

shortname: dustin_humanize-ParseBytes
toolchain: Go
goos: linux
goarch: amd64
pkg: github.com/dustin/go-humanize
cpu: Intel(R) Xeon(R) 6973P-C
BenchmarkParseBytes 	11102814	        52.26 ns/op
PASS

shortname: dustin_humanize-ParseBytes
toolchain: Go
goos: linux
goarch: amd64
pkg: github.com/dustin/go-humanize
cpu: Intel(R) Xeon(R) 6973P-C
BenchmarkParseBytes 	11351056	        51.67 ns/op
PASS

shortname: dustin_humanize-ParseBytes
toolchain: Go
goos: linux
goarch: amd64
pkg: github.com/dustin/go-humanize
cpu: Intel(R) Xeon(R) 6973P-C
BenchmarkParseBytes 	11088474	        53.38 ns/op
PASS

shortname: dustin_humanize-ParseBytes
toolchain: Go
goos: linux
goarch: amd64
pkg: github.com/dustin/go-humanize
cpu: Intel(R) Xeon(R) 6973P-C
BenchmarkParseBytes 	11428840	        51.76 ns/op
PASS

shortname: dustin_humanize-ParseSI
toolchain: Go
goos: linux
goarch: amd64
pkg: github.com/dustin/go-humanize
cpu: Intel(R) Xeon(R) 6973P-C
BenchmarkParseSI 	 2468852	       242.6 ns/op
PASS

shortname: dustin_humanize-ParseSI
toolchain: Go
goos: linux
goarch: amd64
pkg: github.com/dustin/go-humanize
cpu: Intel(R) Xeon(R) 6973P-C
BenchmarkParseSI 	 2478145	       241.9 ns/op
PASS

shortname: dustin_humanize-ParseSI
toolchain: Go
goos: linux
goarch: amd64
pkg: github.com/dustin/go-humanize
cpu: Intel(R) Xeon(R) 6973P-C
BenchmarkParseSI 	 2469219	       243.7 ns/op
PASS

shortname: dustin_humanize-ParseSI
toolchain: Go
goos: linux
goarch: amd64
pkg: github.com/dustin/go-humanize
cpu: Intel(R) Xeon(R) 6973P-C
BenchmarkParseSI 	 2465622	       243.6 ns/op
PASS

shortname: dustin_humanize-ParseSI
toolchain: Go
goos: linux
goarch: amd64
pkg: github.com/dustin/go-humanize
cpu: Intel(R) Xeon(R) 6973P-C
BenchmarkParseSI 	 2434766	       244.3 ns/op
PASS

shortname: ericlagergren_decimal-Mandelbrot_decimal_GDA_9
toolchain: Go
goos: linux
goarch: amd64
pkg: github.com/ericlagergren/decimal_benchmarks
cpu: Intel(R) Xeon(R) 6973P-C
BenchmarkMandelbrot_decimal_GDA_9 	       1	2267981351 ns/op
PASS

shortname: ericlagergren_decimal-Mandelbrot_decimal_GDA_9
toolchain: Go
goos: linux
goarch: amd64
pkg: github.com/ericlagergren/decimal_benchmarks
cpu: Intel(R) Xeon(R) 6973P-C
BenchmarkMandelbrot_decimal_GDA_9 	       1	2346271265 ns/op
PASS

shortname: ericlagergren_decimal-Mandelbrot_decimal_GDA_9
toolchain: Go
goos: linux
goarch: amd64
pkg: github.com/ericlagergren/decimal_benchmarks
cpu: Intel(R) Xeon(R) 6973P-C
BenchmarkMandelbrot_decimal_GDA_9 	       1	2273081790 ns/op
PASS

shortname: ericlagergren_decimal-Mandelbrot_decimal_GDA_9
toolchain: Go
goos: linux
goarch: amd64
pkg: github.com/ericlagergren/decimal_benchmarks
cpu: Intel(R) Xeon(R) 6973P-C
BenchmarkMandelbrot_decimal_GDA_9 	       1	2268878397 ns/op
PASS

shortname: ericlagergren_decimal-Mandelbrot_decimal_GDA_9
toolchain: Go
goos: linux
goarch: amd64
pkg: github.com/ericlagergren/decimal_benchmarks
cpu: Intel(R) Xeon(R) 6973P-C
BenchmarkMandelbrot_decimal_GDA_9 	       1	2271309080 ns/op
PASS

shortname: ericlagergren_decimal-Pi%2Ffoo%3Dapmckinlay%2Fprec%3D19
toolchain: Go
goos: linux
goarch: amd64
pkg: github.com/ericlagergren/decimal_benchmarks
cpu: Intel(R) Xeon(R) 6973P-C
BenchmarkPi/foo=apmckinlay/prec=19 	  549504	      1060 ns/op
PASS

shortname: ericlagergren_decimal-Pi%2Ffoo%3Dapmckinlay%2Fprec%3D19
toolchain: Go
goos: linux
goarch: amd64
pkg: github.com/ericlagergren/decimal_benchmarks
cpu: Intel(R) Xeon(R) 6973P-C
BenchmarkPi/foo=apmckinlay/prec=19 	  545839	      1061 ns/op
PASS

shortname: ericlagergren_decimal-Pi%2Ffoo%3Dapmckinlay%2Fprec%3D19
toolchain: Go
goos: linux
goarch: amd64
pkg: github.com/ericlagergren/decimal_benchmarks
cpu: Intel(R) Xeon(R) 6973P-C
BenchmarkPi/foo=apmckinlay/prec=19 	  535080	      1059 ns/op
PASS

shortname: ericlagergren_decimal-Pi%2Ffoo%3Dapmckinlay%2Fprec%3D19
toolchain: Go
goos: linux
goarch: amd64
pkg: github.com/ericlagergren/decimal_benchmarks
cpu: Intel(R) Xeon(R) 6973P-C
BenchmarkPi/foo=apmckinlay/prec=19 	  544590	      1061 ns/op
PASS

shortname: ericlagergren_decimal-Pi%2Ffoo%3Dapmckinlay%2Fprec%3D19
toolchain: Go
goos: linux
goarch: amd64
pkg: github.com/ericlagergren/decimal_benchmarks
cpu: Intel(R) Xeon(R) 6973P-C
BenchmarkPi/foo=apmckinlay/prec=19 	  468436	      1083 ns/op
PASS

shortname: ericlagergren_decimal-Pi%2Ffoo%3Dcockroachdb%2Fapd%2Fprec%3D100
toolchain: Go
goos: linux
goarch: amd64
pkg: github.com/ericlagergren/decimal_benchmarks
cpu: Intel(R) Xeon(R) 6973P-C
BenchmarkPi/foo=cockroachdb/apd/prec=100         	     200	   2989275 ns/op
PASS

shortname: ericlagergren_decimal-Pi%2Ffoo%3Dcockroachdb%2Fapd%2Fprec%3D100
toolchain: Go
goos: linux
goarch: amd64
pkg: github.com/ericlagergren/decimal_benchmarks
cpu: Intel(R) Xeon(R) 6973P-C
BenchmarkPi/foo=cockroachdb/apd/prec=100         	     200	   3254933 ns/op
PASS

shortname: ericlagergren_decimal-Pi%2Ffoo%3Dcockroachdb%2Fapd%2Fprec%3D100
toolchain: Go
goos: linux
goarch: amd64
pkg: github.com/ericlagergren/decimal_benchmarks
cpu: Intel(R) Xeon(R) 6973P-C
BenchmarkPi/foo=cockroachdb/apd/prec=100         	     198	   3087279 ns/op
PASS

shortname: ericlagergren_decimal-Pi%2Ffoo%3Dcockroachdb%2Fapd%2Fprec%3D100
toolchain: Go
goos: linux
goarch: amd64
pkg: github.com/ericlagergren/decimal_benchmarks
cpu: Intel(R) Xeon(R) 6973P-C
BenchmarkPi/foo=cockroachdb/apd/prec=100         	     200	   3016827 ns/op
PASS

shortname: ericlagergren_decimal-Pi%2Ffoo%3Dcockroachdb%2Fapd%2Fprec%3D100
toolchain: Go
goos: linux
goarch: amd64
pkg: github.com/ericlagergren/decimal_benchmarks
cpu: Intel(R) Xeon(R) 6973P-C
BenchmarkPi/foo=cockroachdb/apd/prec=100         	     181	   3110770 ns/op
PASS

shortname: ericlagergren_decimal-Pi%2Ffoo%3Dgo-inf%2Fprec%3D100
toolchain: Go
goos: linux
goarch: amd64
pkg: github.com/ericlagergren/decimal_benchmarks
cpu: Intel(R) Xeon(R) 6973P-C
BenchmarkPi/foo=go-inf/prec=100         	    8770	     65633 ns/op
PASS

shortname: ericlagergren_decimal-Pi%2Ffoo%3Dgo-inf%2Fprec%3D100
toolchain: Go
goos: linux
goarch: amd64
pkg: github.com/ericlagergren/decimal_benchmarks
cpu: Intel(R) Xeon(R) 6973P-C
BenchmarkPi/foo=go-inf/prec=100         	    9096	     65559 ns/op
PASS

shortname: ericlagergren_decimal-Pi%2Ffoo%3Dgo-inf%2Fprec%3D100
toolchain: Go
goos: linux
goarch: amd64
pkg: github.com/ericlagergren/decimal_benchmarks
cpu: Intel(R) Xeon(R) 6973P-C
BenchmarkPi/foo=go-inf/prec=100         	    9265	     64443 ns/op
PASS

shortname: ericlagergren_decimal-Pi%2Ffoo%3Dgo-inf%2Fprec%3D100
toolchain: Go
goos: linux
goarch: amd64
pkg: github.com/ericlagergren/decimal_benchmarks
cpu: Intel(R) Xeon(R) 6973P-C
BenchmarkPi/foo=go-inf/prec=100         	    8631	     64014 ns/op
PASS

shortname: ericlagergren_decimal-Pi%2Ffoo%3Dgo-inf%2Fprec%3D100
toolchain: Go
goos: linux
goarch: amd64
pkg: github.com/ericlagergren/decimal_benchmarks
cpu: Intel(R) Xeon(R) 6973P-C
BenchmarkPi/foo=go-inf/prec=100         	    7963	     65399 ns/op
PASS

shortname: gonum_community-NewDirectedLayers%2FgraphSize%3D10%2CnumGraphs%3D1
toolchain: Go
goos: linux
goarch: amd64
pkg: gonum.org/v1/gonum/graph/community
cpu: Intel(R) Xeon(R) 6973P-C
BenchmarkNewDirectedLayers/graphSize=10,numGraphs=1         	  797588	       756.7 ns/op
PASS

shortname: gonum_community-NewDirectedLayers%2FgraphSize%3D10%2CnumGraphs%3D1
toolchain: Go
goos: linux
goarch: amd64
pkg: gonum.org/v1/gonum/graph/community
cpu: Intel(R) Xeon(R) 6973P-C
BenchmarkNewDirectedLayers/graphSize=10,numGraphs=1         	  822336	       764.7 ns/op
PASS

shortname: gonum_community-NewDirectedLayers%2FgraphSize%3D10%2CnumGraphs%3D1
toolchain: Go
goos: linux
goarch: amd64
pkg: gonum.org/v1/gonum/graph/community
cpu: Intel(R) Xeon(R) 6973P-C
BenchmarkNewDirectedLayers/graphSize=10,numGraphs=1         	  814880	       759.6 ns/op
PASS

shortname: gonum_community-NewDirectedLayers%2FgraphSize%3D10%2CnumGraphs%3D1
toolchain: Go
goos: linux
goarch: amd64
pkg: gonum.org/v1/gonum/graph/community
cpu: Intel(R) Xeon(R) 6973P-C
BenchmarkNewDirectedLayers/graphSize=10,numGraphs=1         	  807348	       755.1 ns/op
PASS

shortname: gonum_community-NewDirectedLayers%2FgraphSize%3D10%2CnumGraphs%3D1
toolchain: Go
goos: linux
goarch: amd64
pkg: gonum.org/v1/gonum/graph/community
cpu: Intel(R) Xeon(R) 6973P-C
BenchmarkNewDirectedLayers/graphSize=10,numGraphs=1         	  807469	       772.4 ns/op
PASS

shortname: gonum_community-NewDirectedLayers%2FgraphSize%3D1000%2CnumGraphs%3D1
toolchain: Go
goos: linux
goarch: amd64
pkg: gonum.org/v1/gonum/graph/community
cpu: Intel(R) Xeon(R) 6973P-C
BenchmarkNewDirectedLayers/graphSize=1000,numGraphs=1         	    7356	     79920 ns/op
PASS

shortname: gonum_community-NewDirectedLayers%2FgraphSize%3D1000%2CnumGraphs%3D1
toolchain: Go
goos: linux
goarch: amd64
pkg: gonum.org/v1/gonum/graph/community
cpu: Intel(R) Xeon(R) 6973P-C
BenchmarkNewDirectedLayers/graphSize=1000,numGraphs=1         	    7474	     80930 ns/op
PASS

shortname: gonum_community-NewDirectedLayers%2FgraphSize%3D1000%2CnumGraphs%3D1
toolchain: Go
goos: linux
goarch: amd64
pkg: gonum.org/v1/gonum/graph/community
cpu: Intel(R) Xeon(R) 6973P-C
BenchmarkNewDirectedLayers/graphSize=1000,numGraphs=1         	    7530	     80789 ns/op
PASS

shortname: gonum_community-NewDirectedLayers%2FgraphSize%3D1000%2CnumGraphs%3D1
toolchain: Go
goos: linux
goarch: amd64
pkg: gonum.org/v1/gonum/graph/community
cpu: Intel(R) Xeon(R) 6973P-C
BenchmarkNewDirectedLayers/graphSize=1000,numGraphs=1         	    7510	     79828 ns/op
PASS

shortname: gonum_community-NewDirectedLayers%2FgraphSize%3D1000%2CnumGraphs%3D1
toolchain: Go
goos: linux
goarch: amd64
pkg: gonum.org/v1/gonum/graph/community
cpu: Intel(R) Xeon(R) 6973P-C
BenchmarkNewDirectedLayers/graphSize=1000,numGraphs=1         	    7454	     79866 ns/op
PASS

shortname: gonum_community-NewUndirectedLayers%2FgraphSize%3D1000%2CnumGraphs%3D10
toolchain: Go
goos: linux
goarch: amd64
pkg: gonum.org/v1/gonum/graph/community
cpu: Intel(R) Xeon(R) 6973P-C
BenchmarkNewUndirectedLayers/graphSize=1000,numGraphs=10         	     528	   1113540 ns/op
PASS

shortname: gonum_community-NewUndirectedLayers%2FgraphSize%3D1000%2CnumGraphs%3D10
toolchain: Go
goos: linux
goarch: amd64
pkg: gonum.org/v1/gonum/graph/community
cpu: Intel(R) Xeon(R) 6973P-C
BenchmarkNewUndirectedLayers/graphSize=1000,numGraphs=10         	     542	   1078771 ns/op
PASS

shortname: gonum_community-NewUndirectedLayers%2FgraphSize%3D1000%2CnumGraphs%3D10
toolchain: Go
goos: linux
goarch: amd64
pkg: gonum.org/v1/gonum/graph/community
cpu: Intel(R) Xeon(R) 6973P-C
BenchmarkNewUndirectedLayers/graphSize=1000,numGraphs=10         	     604	    978359 ns/op
PASS

shortname: gonum_community-NewUndirectedLayers%2FgraphSize%3D1000%2CnumGraphs%3D10
toolchain: Go
goos: linux
goarch: amd64
pkg: gonum.org/v1/gonum/graph/community
cpu: Intel(R) Xeon(R) 6973P-C
BenchmarkNewUndirectedLayers/graphSize=1000,numGraphs=10         	     609	    979924 ns/op
PASS

shortname: gonum_community-NewUndirectedLayers%2FgraphSize%3D1000%2CnumGraphs%3D10
toolchain: Go
goos: linux
goarch: amd64
pkg: gonum.org/v1/gonum/graph/community
cpu: Intel(R) Xeon(R) 6973P-C
BenchmarkNewUndirectedLayers/graphSize=1000,numGraphs=10         	     614	    976887 ns/op
PASS

shortname: gonum_lapack_native-Dgeev%2FCirculant5
toolchain: Go
goos: linux
goarch: amd64
pkg: gonum.org/v1/gonum/lapack/gonum
cpu: Intel(R) Xeon(R) 6973P-C
BenchmarkDgeev/Circulant5         	  116919	      4880 ns/op
PASS

shortname: gonum_lapack_native-Dgeev%2FCirculant5
toolchain: Go
goos: linux
goarch: amd64
pkg: gonum.org/v1/gonum/lapack/gonum
cpu: Intel(R) Xeon(R) 6973P-C
BenchmarkDgeev/Circulant5         	  123175	      4994 ns/op
PASS

shortname: gonum_lapack_native-Dgeev%2FCirculant5
toolchain: Go
goos: linux
goarch: amd64
pkg: gonum.org/v1/gonum/lapack/gonum
cpu: Intel(R) Xeon(R) 6973P-C
BenchmarkDgeev/Circulant5         	  128662	      4683 ns/op
PASS

shortname: gonum_lapack_native-Dgeev%2FCirculant5
toolchain: Go
goos: linux
goarch: amd64
pkg: gonum.org/v1/gonum/lapack/gonum
cpu: Intel(R) Xeon(R) 6973P-C
BenchmarkDgeev/Circulant5         	  127207	      4873 ns/op
PASS

shortname: gonum_lapack_native-Dgeev%2FCirculant5
toolchain: Go
goos: linux
goarch: amd64
pkg: gonum.org/v1/gonum/lapack/gonum
cpu: Intel(R) Xeon(R) 6973P-C
BenchmarkDgeev/Circulant5         	  106878	      5031 ns/op
PASS

shortname: gonum_mat-AddScaledVec10Inc1
toolchain: Go
goos: linux
goarch: amd64
pkg: gonum.org/v1/gonum/mat
cpu: Intel(R) Xeon(R) 6973P-C
BenchmarkAddScaledVec10Inc1 	 4990369	       120.4 ns/op
PASS

shortname: gonum_mat-AddScaledVec10Inc1
toolchain: Go
goos: linux
goarch: amd64
pkg: gonum.org/v1/gonum/mat
cpu: Intel(R) Xeon(R) 6973P-C
BenchmarkAddScaledVec10Inc1 	 4948854	       121.0 ns/op
PASS

shortname: gonum_mat-AddScaledVec10Inc1
toolchain: Go
goos: linux
goarch: amd64
pkg: gonum.org/v1/gonum/mat
cpu: Intel(R) Xeon(R) 6973P-C
BenchmarkAddScaledVec10Inc1 	 4957378	       121.3 ns/op
PASS

shortname: gonum_mat-AddScaledVec10Inc1
toolchain: Go
goos: linux
goarch: amd64
pkg: gonum.org/v1/gonum/mat
cpu: Intel(R) Xeon(R) 6973P-C
BenchmarkAddScaledVec10Inc1 	 4908495	       121.9 ns/op
PASS

shortname: gonum_mat-AddScaledVec10Inc1
toolchain: Go
goos: linux
goarch: amd64
pkg: gonum.org/v1/gonum/mat
cpu: Intel(R) Xeon(R) 6973P-C
BenchmarkAddScaledVec10Inc1 	 4988763	       125.3 ns/op
PASS

shortname: gonum_mat-CholeskyFactorize%2Fn%3D10
toolchain: Go
goos: linux
goarch: amd64
pkg: gonum.org/v1/gonum/mat
cpu: Intel(R) Xeon(R) 6973P-C
BenchmarkCholeskyFactorize/n=10         	  314127	      1927 ns/op
PASS

shortname: gonum_mat-CholeskyFactorize%2Fn%3D10
toolchain: Go
goos: linux
goarch: amd64
pkg: gonum.org/v1/gonum/mat
cpu: Intel(R) Xeon(R) 6973P-C
BenchmarkCholeskyFactorize/n=10         	  311401	      1826 ns/op
PASS

shortname: gonum_mat-CholeskyFactorize%2Fn%3D10
toolchain: Go
goos: linux
goarch: amd64
pkg: gonum.org/v1/gonum/mat
cpu: Intel(R) Xeon(R) 6973P-C
BenchmarkCholeskyFactorize/n=10         	  320205	      1950 ns/op
PASS

shortname: gonum_mat-CholeskyFactorize%2Fn%3D10
toolchain: Go
goos: linux
goarch: amd64
pkg: gonum.org/v1/gonum/mat
cpu: Intel(R) Xeon(R) 6973P-C
BenchmarkCholeskyFactorize/n=10         	  319934	      1817 ns/op
PASS

shortname: gonum_mat-CholeskyFactorize%2Fn%3D10
toolchain: Go
goos: linux
goarch: amd64
pkg: gonum.org/v1/gonum/mat
cpu: Intel(R) Xeon(R) 6973P-C
BenchmarkCholeskyFactorize/n=10         	  320760	      1908 ns/op
PASS

shortname: gonum_mat-CholeskyInverseTo%2Fn%3D100
toolchain: Go
goos: linux
goarch: amd64
pkg: gonum.org/v1/gonum/mat
cpu: Intel(R) Xeon(R) 6973P-C
BenchmarkCholeskyInverseTo/n=100         	    2887	    204949 ns/op
PASS

shortname: gonum_mat-CholeskyInverseTo%2Fn%3D100
toolchain: Go
goos: linux
goarch: amd64
pkg: gonum.org/v1/gonum/mat
cpu: Intel(R) Xeon(R) 6973P-C
BenchmarkCholeskyInverseTo/n=100         	    2851	    205173 ns/op
PASS

shortname: gonum_mat-CholeskyInverseTo%2Fn%3D100
toolchain: Go
goos: linux
goarch: amd64
pkg: gonum.org/v1/gonum/mat
cpu: Intel(R) Xeon(R) 6973P-C
BenchmarkCholeskyInverseTo/n=100         	    2876	    206293 ns/op
PASS

shortname: gonum_mat-CholeskyInverseTo%2Fn%3D100
toolchain: Go
goos: linux
goarch: amd64
pkg: gonum.org/v1/gonum/mat
cpu: Intel(R) Xeon(R) 6973P-C
BenchmarkCholeskyInverseTo/n=100         	    2860	    204995 ns/op
PASS

shortname: gonum_mat-CholeskyInverseTo%2Fn%3D100
toolchain: Go
goos: linux
goarch: amd64
pkg: gonum.org/v1/gonum/mat
cpu: Intel(R) Xeon(R) 6973P-C
BenchmarkCholeskyInverseTo/n=100         	    2870	    206267 ns/op
PASS

shortname: gonum_mat-MarshalToVecDense10
toolchain: Go
goos: linux
goarch: amd64
pkg: gonum.org/v1/gonum/mat
cpu: Intel(R) Xeon(R) 6973P-C
BenchmarkMarshalToVecDense10 	 1891957	       317.4 ns/op
PASS

shortname: gonum_mat-MarshalToVecDense10
toolchain: Go
goos: linux
goarch: amd64
pkg: gonum.org/v1/gonum/mat
cpu: Intel(R) Xeon(R) 6973P-C
BenchmarkMarshalToVecDense10 	 1891065	       318.0 ns/op
PASS

shortname: gonum_mat-MarshalToVecDense10
toolchain: Go
goos: linux
goarch: amd64
pkg: gonum.org/v1/gonum/mat
cpu: Intel(R) Xeon(R) 6973P-C
BenchmarkMarshalToVecDense10 	 1875776	       317.3 ns/op
PASS

shortname: gonum_mat-MarshalToVecDense10
toolchain: Go
goos: linux
goarch: amd64
pkg: gonum.org/v1/gonum/mat
cpu: Intel(R) Xeon(R) 6973P-C
BenchmarkMarshalToVecDense10 	 1892756	       317.2 ns/op
PASS

shortname: gonum_mat-MarshalToVecDense10
toolchain: Go
goos: linux
goarch: amd64
pkg: gonum.org/v1/gonum/mat
cpu: Intel(R) Xeon(R) 6973P-C
BenchmarkMarshalToVecDense10 	 1885266	       319.2 ns/op
PASS

shortname: gonum_mat-Pool100by100Uncleared
toolchain: Go
goos: linux
goarch: amd64
pkg: gonum.org/v1/gonum/mat
cpu: Intel(R) Xeon(R) 6973P-C
BenchmarkPool100by100Uncleared 	59847096	        10.32 ns/op
PASS

shortname: gonum_mat-Pool100by100Uncleared
toolchain: Go
goos: linux
goarch: amd64
pkg: gonum.org/v1/gonum/mat
cpu: Intel(R) Xeon(R) 6973P-C
BenchmarkPool100by100Uncleared 	59293506	         9.677 ns/op
PASS

shortname: gonum_mat-Pool100by100Uncleared
toolchain: Go
goos: linux
goarch: amd64
pkg: gonum.org/v1/gonum/mat
cpu: Intel(R) Xeon(R) 6973P-C
BenchmarkPool100by100Uncleared 	59739024	         9.644 ns/op
PASS

shortname: gonum_mat-Pool100by100Uncleared
toolchain: Go
goos: linux
goarch: amd64
pkg: gonum.org/v1/gonum/mat
cpu: Intel(R) Xeon(R) 6973P-C
BenchmarkPool100by100Uncleared 	59336686	        10.09 ns/op
PASS

shortname: gonum_mat-Pool100by100Uncleared
toolchain: Go
goos: linux
goarch: amd64
pkg: gonum.org/v1/gonum/mat
cpu: Intel(R) Xeon(R) 6973P-C
BenchmarkPool100by100Uncleared 	57476410	         9.921 ns/op
PASS

shortname: gonum_mat-TriMulDiag%2FBenchmarkTriMulDiag100
toolchain: Go
goos: linux
goarch: amd64
pkg: gonum.org/v1/gonum/mat
cpu: Intel(R) Xeon(R) 6973P-C
BenchmarkTriMulDiag/BenchmarkTriMulDiag100         	   22450	     26619 ns/op
PASS

shortname: gonum_mat-TriMulDiag%2FBenchmarkTriMulDiag100
toolchain: Go
goos: linux
goarch: amd64
pkg: gonum.org/v1/gonum/mat
cpu: Intel(R) Xeon(R) 6973P-C
BenchmarkTriMulDiag/BenchmarkTriMulDiag100         	   22353	     26632 ns/op
PASS

shortname: gonum_mat-TriMulDiag%2FBenchmarkTriMulDiag100
toolchain: Go
goos: linux
goarch: amd64
pkg: gonum.org/v1/gonum/mat
cpu: Intel(R) Xeon(R) 6973P-C
BenchmarkTriMulDiag/BenchmarkTriMulDiag100         	   22448	     27931 ns/op
PASS

shortname: gonum_mat-TriMulDiag%2FBenchmarkTriMulDiag100
toolchain: Go
goos: linux
goarch: amd64
pkg: gonum.org/v1/gonum/mat
cpu: Intel(R) Xeon(R) 6973P-C
BenchmarkTriMulDiag/BenchmarkTriMulDiag100         	   22129	     26596 ns/op
PASS

shortname: gonum_mat-TriMulDiag%2FBenchmarkTriMulDiag100
toolchain: Go
goos: linux
goarch: amd64
pkg: gonum.org/v1/gonum/mat
cpu: Intel(R) Xeon(R) 6973P-C
BenchmarkTriMulDiag/BenchmarkTriMulDiag100         	   22336	     26703 ns/op
PASS

shortname: gonum_mat-UnmarshalVecDense10
toolchain: Go
goos: linux
goarch: amd64
pkg: gonum.org/v1/gonum/mat
cpu: Intel(R) Xeon(R) 6973P-C
BenchmarkUnmarshalVecDense10 	 3543586	       168.6 ns/op
PASS

shortname: gonum_mat-UnmarshalVecDense10
toolchain: Go
goos: linux
goarch: amd64
pkg: gonum.org/v1/gonum/mat
cpu: Intel(R) Xeon(R) 6973P-C
BenchmarkUnmarshalVecDense10 	 3541141	       168.2 ns/op
PASS

shortname: gonum_mat-UnmarshalVecDense10
toolchain: Go
goos: linux
goarch: amd64
pkg: gonum.org/v1/gonum/mat
cpu: Intel(R) Xeon(R) 6973P-C
BenchmarkUnmarshalVecDense10 	 3558176	       168.4 ns/op
PASS

shortname: gonum_mat-UnmarshalVecDense10
toolchain: Go
goos: linux
goarch: amd64
pkg: gonum.org/v1/gonum/mat
cpu: Intel(R) Xeon(R) 6973P-C
BenchmarkUnmarshalVecDense10 	 3597922	       175.2 ns/op
PASS

shortname: gonum_mat-UnmarshalVecDense10
toolchain: Go
goos: linux
goarch: amd64
pkg: gonum.org/v1/gonum/mat
cpu: Intel(R) Xeon(R) 6973P-C
BenchmarkUnmarshalVecDense10 	 3604958	       174.8 ns/op
PASS

shortname: gonum_topo-SortStabilizedPath_100000
toolchain: Go
goos: linux
goarch: amd64
pkg: gonum.org/v1/gonum/graph/topo
cpu: Intel(R) Xeon(R) 6973P-C
BenchmarkSortStabilizedPath_100000 	       4	 137610267 ns/op
PASS

shortname: gonum_topo-SortStabilizedPath_100000
toolchain: Go
goos: linux
goarch: amd64
pkg: gonum.org/v1/gonum/graph/topo
cpu: Intel(R) Xeon(R) 6973P-C
BenchmarkSortStabilizedPath_100000 	       4	 138625270 ns/op
PASS

shortname: gonum_topo-SortStabilizedPath_100000
toolchain: Go
goos: linux
goarch: amd64
pkg: gonum.org/v1/gonum/graph/topo
cpu: Intel(R) Xeon(R) 6973P-C
BenchmarkSortStabilizedPath_100000 	       6	 116384322 ns/op
PASS

shortname: gonum_topo-SortStabilizedPath_100000
toolchain: Go
goos: linux
goarch: amd64
pkg: gonum.org/v1/gonum/graph/topo
cpu: Intel(R) Xeon(R) 6973P-C
BenchmarkSortStabilizedPath_100000 	       6	 123667196 ns/op
PASS

shortname: gonum_topo-SortStabilizedPath_100000
toolchain: Go
goos: linux
goarch: amd64
pkg: gonum.org/v1/gonum/graph/topo
cpu: Intel(R) Xeon(R) 6973P-C
BenchmarkSortStabilizedPath_100000 	       6	 125234953 ns/op
PASS

shortname: gonum_traverse-WalkAllDepthFirstGnp_100_half
toolchain: Go
goos: linux
goarch: amd64
pkg: gonum.org/v1/gonum/graph/traverse
cpu: Intel(R) Xeon(R) 6973P-C
BenchmarkWalkAllDepthFirstGnp_100_half 	    2936	    306912 ns/op
PASS

shortname: gonum_traverse-WalkAllDepthFirstGnp_100_half
toolchain: Go
goos: linux
goarch: amd64
pkg: gonum.org/v1/gonum/graph/traverse
cpu: Intel(R) Xeon(R) 6973P-C
BenchmarkWalkAllDepthFirstGnp_100_half 	    2910	    316718 ns/op
PASS

shortname: gonum_traverse-WalkAllDepthFirstGnp_100_half
toolchain: Go
goos: linux
goarch: amd64
pkg: gonum.org/v1/gonum/graph/traverse
cpu: Intel(R) Xeon(R) 6973P-C
BenchmarkWalkAllDepthFirstGnp_100_half 	    2901	    306791 ns/op
PASS

shortname: gonum_traverse-WalkAllDepthFirstGnp_100_half
toolchain: Go
goos: linux
goarch: amd64
pkg: gonum.org/v1/gonum/graph/traverse
cpu: Intel(R) Xeon(R) 6973P-C
BenchmarkWalkAllDepthFirstGnp_100_half 	    2900	    310031 ns/op
PASS

shortname: gonum_traverse-WalkAllDepthFirstGnp_100_half
toolchain: Go
goos: linux
goarch: amd64
pkg: gonum.org/v1/gonum/graph/traverse
cpu: Intel(R) Xeon(R) 6973P-C
BenchmarkWalkAllDepthFirstGnp_100_half 	    2851	    307178 ns/op
PASS

shortname: gproto_encoding-TextDecode
toolchain: Go
goos: linux
goarch: amd64
pkg: google.golang.org/protobuf/encoding
cpu: Intel(R) Xeon(R) 6973P-C
BenchmarkTextDecode 	      27	  20638861 ns/op
PASS

shortname: gproto_encoding-TextDecode
toolchain: Go
goos: linux
goarch: amd64
pkg: google.golang.org/protobuf/encoding
cpu: Intel(R) Xeon(R) 6973P-C
BenchmarkTextDecode 	      27	  20709586 ns/op
PASS

shortname: gproto_encoding-TextDecode
toolchain: Go
goos: linux
goarch: amd64
pkg: google.golang.org/protobuf/encoding
cpu: Intel(R) Xeon(R) 6973P-C
BenchmarkTextDecode 	      27	  20564454 ns/op
PASS

shortname: gproto_encoding-TextDecode
toolchain: Go
goos: linux
goarch: amd64
pkg: google.golang.org/protobuf/encoding
cpu: Intel(R) Xeon(R) 6973P-C
BenchmarkTextDecode 	      27	  20727269 ns/op
PASS

shortname: gproto_encoding-TextDecode
toolchain: Go
goos: linux
goarch: amd64
pkg: google.golang.org/protobuf/encoding
cpu: Intel(R) Xeon(R) 6973P-C
BenchmarkTextDecode 	      27	  20615974 ns/op
PASS

shortname: gproto_json-Bool
toolchain: Go
goos: linux
goarch: amd64
pkg: google.golang.org/protobuf/internal/encoding/json
cpu: Intel(R) Xeon(R) 6973P-C
BenchmarkBool 	17503098	        34.16 ns/op
PASS

shortname: gproto_json-Bool
toolchain: Go
goos: linux
goarch: amd64
pkg: google.golang.org/protobuf/internal/encoding/json
cpu: Intel(R) Xeon(R) 6973P-C
BenchmarkBool 	17489505	        34.07 ns/op
PASS

shortname: gproto_json-Bool
toolchain: Go
goos: linux
goarch: amd64
pkg: google.golang.org/protobuf/internal/encoding/json
cpu: Intel(R) Xeon(R) 6973P-C
BenchmarkBool 	17462413	        34.06 ns/op
PASS

shortname: gproto_json-Bool
toolchain: Go
goos: linux
goarch: amd64
pkg: google.golang.org/protobuf/internal/encoding/json
cpu: Intel(R) Xeon(R) 6973P-C
BenchmarkBool 	17458353	        34.04 ns/op
PASS

shortname: gproto_json-Bool
toolchain: Go
goos: linux
goarch: amd64
pkg: google.golang.org/protobuf/internal/encoding/json
cpu: Intel(R) Xeon(R) 6973P-C
BenchmarkBool 	17468630	        34.04 ns/op
PASS

shortname: gproto_json-Int
toolchain: Go
goos: linux
goarch: amd64
pkg: google.golang.org/protobuf/internal/encoding/json
cpu: Intel(R) Xeon(R) 6973P-C
BenchmarkInt 	 4449051	       134.9 ns/op
PASS

shortname: gproto_json-Int
toolchain: Go
goos: linux
goarch: amd64
pkg: google.golang.org/protobuf/internal/encoding/json
cpu: Intel(R) Xeon(R) 6973P-C
BenchmarkInt 	 4451571	       133.8 ns/op
PASS

shortname: gproto_json-Int
toolchain: Go
goos: linux
goarch: amd64
pkg: google.golang.org/protobuf/internal/encoding/json
cpu: Intel(R) Xeon(R) 6973P-C
BenchmarkInt 	 4470256	       134.1 ns/op
PASS

shortname: gproto_json-Int
toolchain: Go
goos: linux
goarch: amd64
pkg: google.golang.org/protobuf/internal/encoding/json
cpu: Intel(R) Xeon(R) 6973P-C
BenchmarkInt 	 4458493	       134.4 ns/op
PASS

shortname: gproto_json-Int
toolchain: Go
goos: linux
goarch: amd64
pkg: google.golang.org/protobuf/internal/encoding/json
cpu: Intel(R) Xeon(R) 6973P-C
BenchmarkInt 	 4448140	       133.6 ns/op
PASS

shortname: gproto_proto-Decode%2Fbasic_scalar_types_%28%2Atest.TestAllTypes%29
toolchain: Go
goos: linux
goarch: amd64
pkg: google.golang.org/protobuf/proto
cpu: Intel(R) Xeon(R) 6973P-C
BenchmarkDecode/basic_scalar_types_(*test.TestAllTypes)         	  736912	       826.5 ns/op
PASS

shortname: gproto_proto-Decode%2Fbasic_scalar_types_%28%2Atest.TestAllTypes%29
toolchain: Go
goos: linux
goarch: amd64
pkg: google.golang.org/protobuf/proto
cpu: Intel(R) Xeon(R) 6973P-C
BenchmarkDecode/basic_scalar_types_(*test.TestAllTypes)         	  735709	       812.1 ns/op
PASS

shortname: gproto_proto-Decode%2Fbasic_scalar_types_%28%2Atest.TestAllTypes%29
toolchain: Go
goos: linux
goarch: amd64
pkg: google.golang.org/protobuf/proto
cpu: Intel(R) Xeon(R) 6973P-C
BenchmarkDecode/basic_scalar_types_(*test.TestAllTypes)         	  737098	       813.7 ns/op
PASS

shortname: gproto_proto-Decode%2Fbasic_scalar_types_%28%2Atest.TestAllTypes%29
toolchain: Go
goos: linux
goarch: amd64
pkg: google.golang.org/protobuf/proto
cpu: Intel(R) Xeon(R) 6973P-C
BenchmarkDecode/basic_scalar_types_(*test.TestAllTypes)         	  721680	       807.6 ns/op
PASS

shortname: gproto_proto-Decode%2Fbasic_scalar_types_%28%2Atest.TestAllTypes%29
toolchain: Go
goos: linux
goarch: amd64
pkg: google.golang.org/protobuf/proto
cpu: Intel(R) Xeon(R) 6973P-C
BenchmarkDecode/basic_scalar_types_(*test.TestAllTypes)         	  596734	       847.9 ns/op
PASS

shortname: gproto_proto-Decode%2Fjust_at_recursion_limit_%28%2Atest3.TestAllTypes%29
toolchain: Go
goos: linux
goarch: amd64
pkg: google.golang.org/protobuf/proto
cpu: Intel(R) Xeon(R) 6973P-C
BenchmarkDecode/just_at_recursion_limit_(*test3.TestAllTypes)         	  677114	       888.7 ns/op
PASS

shortname: gproto_proto-Decode%2Fjust_at_recursion_limit_%28%2Atest3.TestAllTypes%29
toolchain: Go
goos: linux
goarch: amd64
pkg: google.golang.org/protobuf/proto
cpu: Intel(R) Xeon(R) 6973P-C
BenchmarkDecode/just_at_recursion_limit_(*test3.TestAllTypes)         	  635697	       938.7 ns/op
PASS

shortname: gproto_proto-Decode%2Fjust_at_recursion_limit_%28%2Atest3.TestAllTypes%29
toolchain: Go
goos: linux
goarch: amd64
pkg: google.golang.org/protobuf/proto
cpu: Intel(R) Xeon(R) 6973P-C
BenchmarkDecode/just_at_recursion_limit_(*test3.TestAllTypes)         	  589686	       917.3 ns/op
PASS

shortname: gproto_proto-Decode%2Fjust_at_recursion_limit_%28%2Atest3.TestAllTypes%29
toolchain: Go
goos: linux
goarch: amd64
pkg: google.golang.org/protobuf/proto
cpu: Intel(R) Xeon(R) 6973P-C
BenchmarkDecode/just_at_recursion_limit_(*test3.TestAllTypes)         	  676622	       888.6 ns/op
PASS

shortname: gproto_proto-Decode%2Fjust_at_recursion_limit_%28%2Atest3.TestAllTypes%29
toolchain: Go
goos: linux
goarch: amd64
pkg: google.golang.org/protobuf/proto
cpu: Intel(R) Xeon(R) 6973P-C
BenchmarkDecode/just_at_recursion_limit_(*test3.TestAllTypes)         	  679804	       891.5 ns/op
PASS

shortname: gproto_proto-EqualWithDeeplyNestedEqual
toolchain: Go
goos: linux
goarch: amd64
pkg: google.golang.org/protobuf/proto
cpu: Intel(R) Xeon(R) 6973P-C
BenchmarkEqualWithDeeplyNestedEqual 	   22111	     27135 ns/op	       0 B/op	       0 allocs/op
PASS

shortname: gproto_proto-EqualWithDeeplyNestedEqual
toolchain: Go
goos: linux
goarch: amd64
pkg: google.golang.org/protobuf/proto
cpu: Intel(R) Xeon(R) 6973P-C
BenchmarkEqualWithDeeplyNestedEqual 	   22082	     27177 ns/op	       0 B/op	       0 allocs/op
PASS

shortname: gproto_proto-EqualWithDeeplyNestedEqual
toolchain: Go
goos: linux
goarch: amd64
pkg: google.golang.org/protobuf/proto
cpu: Intel(R) Xeon(R) 6973P-C
BenchmarkEqualWithDeeplyNestedEqual 	   22120	     27023 ns/op	       0 B/op	       0 allocs/op
PASS

shortname: gproto_proto-EqualWithDeeplyNestedEqual
toolchain: Go
goos: linux
goarch: amd64
pkg: google.golang.org/protobuf/proto
cpu: Intel(R) Xeon(R) 6973P-C
BenchmarkEqualWithDeeplyNestedEqual 	   22522	     26619 ns/op	       0 B/op	       0 allocs/op
PASS

shortname: gproto_proto-EqualWithDeeplyNestedEqual
toolchain: Go
goos: linux
goarch: amd64
pkg: google.golang.org/protobuf/proto
cpu: Intel(R) Xeon(R) 6973P-C
BenchmarkEqualWithDeeplyNestedEqual 	   21069	     26508 ns/op	       0 B/op	       0 allocs/op
PASS

shortname: gproto_reflect-Value%2FInterface
toolchain: Go
goos: linux
goarch: amd64
pkg: google.golang.org/protobuf/reflect/protoreflect
cpu: Intel(R) Xeon(R) 6973P-C
BenchmarkValue/Interface         	35330310	        17.27 ns/op	      15 B/op	       0 allocs/op
PASS

shortname: gproto_reflect-Value%2FInterface
toolchain: Go
goos: linux
goarch: amd64
pkg: google.golang.org/protobuf/reflect/protoreflect
cpu: Intel(R) Xeon(R) 6973P-C
BenchmarkValue/Interface         	36003980	        17.38 ns/op	      15 B/op	       0 allocs/op
PASS

shortname: gproto_reflect-Value%2FInterface
toolchain: Go
goos: linux
goarch: amd64
pkg: google.golang.org/protobuf/reflect/protoreflect
cpu: Intel(R) Xeon(R) 6973P-C
BenchmarkValue/Interface         	35241068	        17.11 ns/op	      15 B/op	       0 allocs/op
PASS

shortname: gproto_reflect-Value%2FInterface
toolchain: Go
goos: linux
goarch: amd64
pkg: google.golang.org/protobuf/reflect/protoreflect
cpu: Intel(R) Xeon(R) 6973P-C
BenchmarkValue/Interface         	36493215	        17.37 ns/op	      15 B/op	       0 allocs/op
PASS

shortname: gproto_reflect-Value%2FInterface
toolchain: Go
goos: linux
goarch: amd64
pkg: google.golang.org/protobuf/reflect/protoreflect
cpu: Intel(R) Xeon(R) 6973P-C
BenchmarkValue/Interface         	35712267	        17.17 ns/op	      15 B/op	       0 allocs/op
PASS

shortname: k8s_cache-EachListItemWithAlloc%2FPodList
toolchain: Go
goos: linux
goarch: amd64
pkg: k8s.io/client-go/tools/cache
cpu: Intel(R) Xeon(R) 6973P-C
BenchmarkEachListItemWithAlloc/PodList         	   13131	     45955 ns/op
PASS

shortname: k8s_cache-EachListItemWithAlloc%2FPodList
toolchain: Go
goos: linux
goarch: amd64
pkg: k8s.io/client-go/tools/cache
cpu: Intel(R) Xeon(R) 6973P-C
BenchmarkEachListItemWithAlloc/PodList         	   13188	     45647 ns/op
PASS

shortname: k8s_cache-EachListItemWithAlloc%2FPodList
toolchain: Go
goos: linux
goarch: amd64
pkg: k8s.io/client-go/tools/cache
cpu: Intel(R) Xeon(R) 6973P-C
BenchmarkEachListItemWithAlloc/PodList         	   13112	     45561 ns/op
PASS

shortname: k8s_cache-EachListItemWithAlloc%2FPodList
toolchain: Go
goos: linux
goarch: amd64
pkg: k8s.io/client-go/tools/cache
cpu: Intel(R) Xeon(R) 6973P-C
BenchmarkEachListItemWithAlloc/PodList         	   13000	     46227 ns/op
PASS

shortname: k8s_cache-EachListItemWithAlloc%2FPodList
toolchain: Go
goos: linux
goarch: amd64
pkg: k8s.io/client-go/tools/cache
cpu: Intel(R) Xeon(R) 6973P-C
BenchmarkEachListItemWithAlloc/PodList         	   12130	     47075 ns/op
PASS

shortname: k8s_workqueue-DelayingQueue_AddAfter
toolchain: Go
goos: linux
goarch: amd64
pkg: k8s.io/client-go/util/workqueue
cpu: Intel(R) Xeon(R) 6973P-C
BenchmarkDelayingQueue_AddAfter 	  696250	      2172 ns/op
PASS

shortname: k8s_workqueue-DelayingQueue_AddAfter
toolchain: Go
goos: linux
goarch: amd64
pkg: k8s.io/client-go/util/workqueue
cpu: Intel(R) Xeon(R) 6973P-C
BenchmarkDelayingQueue_AddAfter 	  722239	      2095 ns/op
PASS

shortname: k8s_workqueue-DelayingQueue_AddAfter
toolchain: Go
goos: linux
goarch: amd64
pkg: k8s.io/client-go/util/workqueue
cpu: Intel(R) Xeon(R) 6973P-C
BenchmarkDelayingQueue_AddAfter 	  731931	      2143 ns/op
PASS

shortname: k8s_workqueue-DelayingQueue_AddAfter
toolchain: Go
goos: linux
goarch: amd64
pkg: k8s.io/client-go/util/workqueue
cpu: Intel(R) Xeon(R) 6973P-C
BenchmarkDelayingQueue_AddAfter 	  675945	      2092 ns/op
PASS

shortname: k8s_workqueue-DelayingQueue_AddAfter
toolchain: Go
goos: linux
goarch: amd64
pkg: k8s.io/client-go/util/workqueue
cpu: Intel(R) Xeon(R) 6973P-C
BenchmarkDelayingQueue_AddAfter 	  711279	      2139 ns/op
PASS

shortname: kanzi-ANS0
toolchain: Go
goos: linux
goarch: amd64
pkg: github.com/flanglet/kanzi-go/v2/benchmark
cpu: Intel(R) Xeon(R) 6973P-C
BenchmarkANS0 	     487	   1216078 ns/op
PASS

shortname: kanzi-ANS0
toolchain: Go
goos: linux
goarch: amd64
pkg: github.com/flanglet/kanzi-go/v2/benchmark
cpu: Intel(R) Xeon(R) 6973P-C
BenchmarkANS0 	     488	   1212249 ns/op
PASS

shortname: kanzi-ANS0
toolchain: Go
goos: linux
goarch: amd64
pkg: github.com/flanglet/kanzi-go/v2/benchmark
cpu: Intel(R) Xeon(R) 6973P-C
BenchmarkANS0 	     487	   1213660 ns/op
PASS

shortname: kanzi-ANS0
toolchain: Go
goos: linux
goarch: amd64
pkg: github.com/flanglet/kanzi-go/v2/benchmark
cpu: Intel(R) Xeon(R) 6973P-C
BenchmarkANS0 	     488	   1210577 ns/op
PASS

shortname: kanzi-ANS0
toolchain: Go
goos: linux
goarch: amd64
pkg: github.com/flanglet/kanzi-go/v2/benchmark
cpu: Intel(R) Xeon(R) 6973P-C
BenchmarkANS0 	     488	   1207217 ns/op
PASS

shortname: kanzi-BWTSmallBlock
toolchain: Go
goos: linux
goarch: amd64
pkg: github.com/flanglet/kanzi-go/v2/benchmark
cpu: Intel(R) Xeon(R) 6973P-C
BenchmarkBWTSmallBlock 	      24	  23884441 ns/op
PASS

shortname: kanzi-BWTSmallBlock
toolchain: Go
goos: linux
goarch: amd64
pkg: github.com/flanglet/kanzi-go/v2/benchmark
cpu: Intel(R) Xeon(R) 6973P-C
BenchmarkBWTSmallBlock 	      24	  23799220 ns/op
PASS

shortname: kanzi-BWTSmallBlock
toolchain: Go
goos: linux
goarch: amd64
pkg: github.com/flanglet/kanzi-go/v2/benchmark
cpu: Intel(R) Xeon(R) 6973P-C
BenchmarkBWTSmallBlock 	      24	  25338935 ns/op
PASS

shortname: kanzi-BWTSmallBlock
toolchain: Go
goos: linux
goarch: amd64
pkg: github.com/flanglet/kanzi-go/v2/benchmark
cpu: Intel(R) Xeon(R) 6973P-C
BenchmarkBWTSmallBlock 	      24	  23632888 ns/op
PASS

shortname: kanzi-BWTSmallBlock
toolchain: Go
goos: linux
goarch: amd64
pkg: github.com/flanglet/kanzi-go/v2/benchmark
cpu: Intel(R) Xeon(R) 6973P-C
BenchmarkBWTSmallBlock 	      24	  23673096 ns/op
PASS

shortname: kanzi-CM
toolchain: Go
goos: linux
goarch: amd64
pkg: github.com/flanglet/kanzi-go/v2/benchmark
cpu: Intel(R) Xeon(R) 6973P-C
BenchmarkCM 	      20	  27345747 ns/op
PASS

shortname: kanzi-CM
toolchain: Go
goos: linux
goarch: amd64
pkg: github.com/flanglet/kanzi-go/v2/benchmark
cpu: Intel(R) Xeon(R) 6973P-C
BenchmarkCM 	      21	  27300950 ns/op
PASS

shortname: kanzi-CM
toolchain: Go
goos: linux
goarch: amd64
pkg: github.com/flanglet/kanzi-go/v2/benchmark
cpu: Intel(R) Xeon(R) 6973P-C
BenchmarkCM 	      21	  28358508 ns/op
PASS

shortname: kanzi-CM
toolchain: Go
goos: linux
goarch: amd64
pkg: github.com/flanglet/kanzi-go/v2/benchmark
cpu: Intel(R) Xeon(R) 6973P-C
BenchmarkCM 	      20	  27344384 ns/op
PASS

shortname: kanzi-CM
toolchain: Go
goos: linux
goarch: amd64
pkg: github.com/flanglet/kanzi-go/v2/benchmark
cpu: Intel(R) Xeon(R) 6973P-C
BenchmarkCM 	      21	  27420699 ns/op
PASS

shortname: kanzi-Huffman
toolchain: Go
goos: linux
goarch: amd64
pkg: github.com/flanglet/kanzi-go/v2/benchmark
cpu: Intel(R) Xeon(R) 6973P-C
BenchmarkHuffman 	     508	   1163039 ns/op
PASS

shortname: kanzi-Huffman
toolchain: Go
goos: linux
goarch: amd64
pkg: github.com/flanglet/kanzi-go/v2/benchmark
cpu: Intel(R) Xeon(R) 6973P-C
BenchmarkHuffman 	     511	   1163620 ns/op
PASS

shortname: kanzi-Huffman
toolchain: Go
goos: linux
goarch: amd64
pkg: github.com/flanglet/kanzi-go/v2/benchmark
cpu: Intel(R) Xeon(R) 6973P-C
BenchmarkHuffman 	     510	   1161925 ns/op
PASS

shortname: kanzi-Huffman
toolchain: Go
goos: linux
goarch: amd64
pkg: github.com/flanglet/kanzi-go/v2/benchmark
cpu: Intel(R) Xeon(R) 6973P-C
BenchmarkHuffman 	     508	   1162024 ns/op
PASS

shortname: kanzi-Huffman
toolchain: Go
goos: linux
goarch: amd64
pkg: github.com/flanglet/kanzi-go/v2/benchmark
cpu: Intel(R) Xeon(R) 6973P-C
BenchmarkHuffman 	     510	   1165004 ns/op
PASS

shortname: nelsam_gxui_interval-General
toolchain: Go
goos: linux
goarch: amd64
pkg: git.sr.ht/~nelsam/gxui/interval
cpu: Intel(R) Xeon(R) 6973P-C
BenchmarkGeneral 	 3347600	       177.9 ns/op
PASS

shortname: nelsam_gxui_interval-General
toolchain: Go
goos: linux
goarch: amd64
pkg: git.sr.ht/~nelsam/gxui/interval
cpu: Intel(R) Xeon(R) 6973P-C
BenchmarkGeneral 	 3368576	       177.5 ns/op
PASS

shortname: nelsam_gxui_interval-General
toolchain: Go
goos: linux
goarch: amd64
pkg: git.sr.ht/~nelsam/gxui/interval
cpu: Intel(R) Xeon(R) 6973P-C
BenchmarkGeneral 	 3340100	       178.2 ns/op
PASS

shortname: nelsam_gxui_interval-General
toolchain: Go
goos: linux
goarch: amd64
pkg: git.sr.ht/~nelsam/gxui/interval
cpu: Intel(R) Xeon(R) 6973P-C
BenchmarkGeneral 	 3050932	       177.2 ns/op
PASS

shortname: nelsam_gxui_interval-General
toolchain: Go
goos: linux
goarch: amd64
pkg: git.sr.ht/~nelsam/gxui/interval
cpu: Intel(R) Xeon(R) 6973P-C
BenchmarkGeneral 	 3357334	       192.1 ns/op
PASS

shortname: rcrowley_metrics-Histogram
toolchain: Go
goos: linux
goarch: amd64
pkg: github.com/rcrowley/go-metrics
cpu: Intel(R) Xeon(R) 6973P-C
BenchmarkHistogram 	34951552	        16.92 ns/op
PASS

shortname: rcrowley_metrics-Histogram
toolchain: Go
goos: linux
goarch: amd64
pkg: github.com/rcrowley/go-metrics
cpu: Intel(R) Xeon(R) 6973P-C
BenchmarkHistogram 	34770556	        16.93 ns/op
PASS

shortname: rcrowley_metrics-Histogram
toolchain: Go
goos: linux
goarch: amd64
pkg: github.com/rcrowley/go-metrics
cpu: Intel(R) Xeon(R) 6973P-C
BenchmarkHistogram 	34834653	        16.96 ns/op
PASS

shortname: rcrowley_metrics-Histogram
toolchain: Go
goos: linux
goarch: amd64
pkg: github.com/rcrowley/go-metrics
cpu: Intel(R) Xeon(R) 6973P-C
BenchmarkHistogram 	34813336	        16.94 ns/op
PASS

shortname: rcrowley_metrics-Histogram
toolchain: Go
goos: linux
goarch: amd64
pkg: github.com/rcrowley/go-metrics
cpu: Intel(R) Xeon(R) 6973P-C
BenchmarkHistogram 	34711066	        16.99 ns/op
PASS

shortname: rcrowley_metrics-Timer
toolchain: Go
goos: linux
goarch: amd64
pkg: github.com/rcrowley/go-metrics
cpu: Intel(R) Xeon(R) 6973P-C
BenchmarkTimer 	 2999875	       207.4 ns/op
PASS

shortname: rcrowley_metrics-Timer
toolchain: Go
goos: linux
goarch: amd64
pkg: github.com/rcrowley/go-metrics
cpu: Intel(R) Xeon(R) 6973P-C
BenchmarkTimer 	 3011353	       196.2 ns/op
PASS

shortname: rcrowley_metrics-Timer
toolchain: Go
goos: linux
goarch: amd64
pkg: github.com/rcrowley/go-metrics
cpu: Intel(R) Xeon(R) 6973P-C
BenchmarkTimer 	 2980701	       195.9 ns/op
PASS

shortname: rcrowley_metrics-Timer
toolchain: Go
goos: linux
goarch: amd64
pkg: github.com/rcrowley/go-metrics
cpu: Intel(R) Xeon(R) 6973P-C
BenchmarkTimer 	 3010688	       209.7 ns/op
PASS

shortname: rcrowley_metrics-Timer
toolchain: Go
goos: linux
goarch: amd64
pkg: github.com/rcrowley/go-metrics
cpu: Intel(R) Xeon(R) 6973P-C
BenchmarkTimer 	 3014968	       196.6 ns/op
PASS

shortname: semver-CheckVersionRange
toolchain: Go
goos: linux
goarch: amd64
pkg: github.com/Masterminds/semver/v3
cpu: Intel(R) Xeon(R) 6973P-C
BenchmarkCheckVersionRange 	23371779	        26.36 ns/op	       0 B/op	       0 allocs/op
PASS

shortname: semver-CheckVersionRange
toolchain: Go
goos: linux
goarch: amd64
pkg: github.com/Masterminds/semver/v3
cpu: Intel(R) Xeon(R) 6973P-C
BenchmarkCheckVersionRange 	23397705	        25.22 ns/op	       0 B/op	       0 allocs/op
PASS

shortname: semver-CheckVersionRange
toolchain: Go
goos: linux
goarch: amd64
pkg: github.com/Masterminds/semver/v3
cpu: Intel(R) Xeon(R) 6973P-C
BenchmarkCheckVersionRange 	23395011	        24.92 ns/op	       0 B/op	       0 allocs/op
PASS

shortname: semver-CheckVersionRange
toolchain: Go
goos: linux
goarch: amd64
pkg: github.com/Masterminds/semver/v3
cpu: Intel(R) Xeon(R) 6973P-C
BenchmarkCheckVersionRange 	23610157	        24.39 ns/op	       0 B/op	       0 allocs/op
PASS

shortname: semver-CheckVersionRange
toolchain: Go
goos: linux
goarch: amd64
pkg: github.com/Masterminds/semver/v3
cpu: Intel(R) Xeon(R) 6973P-C
BenchmarkCheckVersionRange 	23386333	        24.60 ns/op	       0 B/op	       0 allocs/op
PASS

shortname: semver-CoerceNewVersionSimple
toolchain: Go
goos: linux
goarch: amd64
pkg: github.com/Masterminds/semver/v3
cpu: Intel(R) Xeon(R) 6973P-C
BenchmarkCoerceNewVersionSimple 	 5814231	        98.90 ns/op	     128 B/op	       2 allocs/op
PASS

shortname: semver-CoerceNewVersionSimple
toolchain: Go
goos: linux
goarch: amd64
pkg: github.com/Masterminds/semver/v3
cpu: Intel(R) Xeon(R) 6973P-C
BenchmarkCoerceNewVersionSimple 	 5819414	       100.2 ns/op	     128 B/op	       2 allocs/op
PASS

shortname: semver-CoerceNewVersionSimple
toolchain: Go
goos: linux
goarch: amd64
pkg: github.com/Masterminds/semver/v3
cpu: Intel(R) Xeon(R) 6973P-C
BenchmarkCoerceNewVersionSimple 	 6170128	        99.47 ns/op	     128 B/op	       2 allocs/op
PASS

shortname: semver-CoerceNewVersionSimple
toolchain: Go
goos: linux
goarch: amd64
pkg: github.com/Masterminds/semver/v3
cpu: Intel(R) Xeon(R) 6973P-C
BenchmarkCoerceNewVersionSimple 	 6076990	        97.86 ns/op	     128 B/op	       2 allocs/op
PASS

shortname: semver-CoerceNewVersionSimple
toolchain: Go
goos: linux
goarch: amd64
pkg: github.com/Masterminds/semver/v3
cpu: Intel(R) Xeon(R) 6973P-C
BenchmarkCoerceNewVersionSimple 	 5863190	        97.13 ns/op	     128 B/op	       2 allocs/op
PASS

shortname: semver-ValidateVersionRangeFail
toolchain: Go
goos: linux
goarch: amd64
pkg: github.com/Masterminds/semver/v3
cpu: Intel(R) Xeon(R) 6973P-C
BenchmarkValidateVersionRangeFail 	 1456384	       409.9 ns/op	     189 B/op	       7 allocs/op
PASS

shortname: semver-ValidateVersionRangeFail
toolchain: Go
goos: linux
goarch: amd64
pkg: github.com/Masterminds/semver/v3
cpu: Intel(R) Xeon(R) 6973P-C
BenchmarkValidateVersionRangeFail 	 1521078	       404.1 ns/op	     189 B/op	       7 allocs/op
PASS

shortname: semver-ValidateVersionRangeFail
toolchain: Go
goos: linux
goarch: amd64
pkg: github.com/Masterminds/semver/v3
cpu: Intel(R) Xeon(R) 6973P-C
BenchmarkValidateVersionRangeFail 	 1532536	       404.4 ns/op	     189 B/op	       7 allocs/op
PASS

shortname: semver-ValidateVersionRangeFail
toolchain: Go
goos: linux
goarch: amd64
pkg: github.com/Masterminds/semver/v3
cpu: Intel(R) Xeon(R) 6973P-C
BenchmarkValidateVersionRangeFail 	 1513131	       400.2 ns/op	     189 B/op	       7 allocs/op
PASS

shortname: semver-ValidateVersionRangeFail
toolchain: Go
goos: linux
goarch: amd64
pkg: github.com/Masterminds/semver/v3
cpu: Intel(R) Xeon(R) 6973P-C
BenchmarkValidateVersionRangeFail 	 1517180	       406.0 ns/op	     189 B/op	       7 allocs/op
PASS

shortname: shopify_sarama-ZstdMemoryConsumption%2Fno_drain
toolchain: Go
goos: linux
goarch: amd64
pkg: github.com/IBM/sarama
cpu: Intel(R) Xeon(R) 6973P-C
BenchmarkZstdMemoryConsumption/no_drain         	    1866	    300193 ns/op	   14557 B/op	       4 allocs/op
PASS

shortname: shopify_sarama-ZstdMemoryConsumption%2Fno_drain
toolchain: Go
goos: linux
goarch: amd64
pkg: github.com/IBM/sarama
cpu: Intel(R) Xeon(R) 6973P-C
BenchmarkZstdMemoryConsumption/no_drain         	    1858	    299409 ns/op	   14606 B/op	       4 allocs/op
PASS

shortname: shopify_sarama-ZstdMemoryConsumption%2Fno_drain
toolchain: Go
goos: linux
goarch: amd64
pkg: github.com/IBM/sarama
cpu: Intel(R) Xeon(R) 6973P-C
BenchmarkZstdMemoryConsumption/no_drain         	    1857	    300713 ns/op	   14613 B/op	       4 allocs/op
PASS

shortname: shopify_sarama-ZstdMemoryConsumption%2Fno_drain
toolchain: Go
goos: linux
goarch: amd64
pkg: github.com/IBM/sarama
cpu: Intel(R) Xeon(R) 6973P-C
BenchmarkZstdMemoryConsumption/no_drain         	    1839	    300174 ns/op	   14725 B/op	       4 allocs/op
PASS

shortname: shopify_sarama-ZstdMemoryConsumption%2Fno_drain
toolchain: Go
goos: linux
goarch: amd64
pkg: github.com/IBM/sarama
cpu: Intel(R) Xeon(R) 6973P-C
BenchmarkZstdMemoryConsumption/no_drain         	    1796	    309210 ns/op	   15004 B/op	       4 allocs/op
PASS

shortname: shopify_sarama-_getMetricNameForTopic
toolchain: Go
goos: linux
goarch: amd64
pkg: github.com/IBM/sarama
cpu: Intel(R) Xeon(R) 6973P-C
Benchmark_getMetricNameForTopic 	12620641	        48.84 ns/op	      16 B/op	       1 allocs/op
PASS

shortname: shopify_sarama-_getMetricNameForTopic
toolchain: Go
goos: linux
goarch: amd64
pkg: github.com/IBM/sarama
cpu: Intel(R) Xeon(R) 6973P-C
Benchmark_getMetricNameForTopic 	12667348	        51.69 ns/op	      16 B/op	       1 allocs/op
PASS

shortname: shopify_sarama-_getMetricNameForTopic
toolchain: Go
goos: linux
goarch: amd64
pkg: github.com/IBM/sarama
cpu: Intel(R) Xeon(R) 6973P-C
Benchmark_getMetricNameForTopic 	12628219	        48.85 ns/op	      16 B/op	       1 allocs/op
PASS

shortname: shopify_sarama-_getMetricNameForTopic
toolchain: Go
goos: linux
goarch: amd64
pkg: github.com/IBM/sarama
cpu: Intel(R) Xeon(R) 6973P-C
Benchmark_getMetricNameForTopic 	12814369	        48.88 ns/op	      16 B/op	       1 allocs/op
PASS

shortname: shopify_sarama-_getMetricNameForTopic
toolchain: Go
goos: linux
goarch: amd64
pkg: github.com/IBM/sarama
cpu: Intel(R) Xeon(R) 6973P-C
Benchmark_getMetricNameForTopic 	12758462	        48.99 ns/op	      16 B/op	       1 allocs/op
PASS

shortname: thriftrw_gen-RoundTrip%2FContainersOfContainers%2FDecode
toolchain: Go
goos: linux
goarch: amd64
pkg: go.uber.org/thriftrw/gen
cpu: Intel(R) Xeon(R) 6973P-C
BenchmarkRoundTrip/ContainersOfContainers/Decode  	   22173	     27158 ns/op
PASS

shortname: thriftrw_gen-RoundTrip%2FContainersOfContainers%2FDecode
toolchain: Go
goos: linux
goarch: amd64
pkg: go.uber.org/thriftrw/gen
cpu: Intel(R) Xeon(R) 6973P-C
BenchmarkRoundTrip/ContainersOfContainers/Decode  	   21554	     27584 ns/op
PASS

shortname: thriftrw_gen-RoundTrip%2FContainersOfContainers%2FDecode
toolchain: Go
goos: linux
goarch: amd64
pkg: go.uber.org/thriftrw/gen
cpu: Intel(R) Xeon(R) 6973P-C
BenchmarkRoundTrip/ContainersOfContainers/Decode  	   22242	     26938 ns/op
PASS

shortname: thriftrw_gen-RoundTrip%2FContainersOfContainers%2FDecode
toolchain: Go
goos: linux
goarch: amd64
pkg: go.uber.org/thriftrw/gen
cpu: Intel(R) Xeon(R) 6973P-C
BenchmarkRoundTrip/ContainersOfContainers/Decode  	   22034	     27158 ns/op
PASS

shortname: thriftrw_gen-RoundTrip%2FContainersOfContainers%2FDecode
toolchain: Go
goos: linux
goarch: amd64
pkg: go.uber.org/thriftrw/gen
cpu: Intel(R) Xeon(R) 6973P-C
BenchmarkRoundTrip/ContainersOfContainers/Decode  	   22128	     27046 ns/op
PASS

shortname: thriftrw_gen-RoundTrip%2FContainersOfContainers%2FEncode
toolchain: Go
goos: linux
goarch: amd64
pkg: go.uber.org/thriftrw/gen
cpu: Intel(R) Xeon(R) 6973P-C
BenchmarkRoundTrip/ContainersOfContainers/Encode  	   53826	     11412 ns/op
PASS

shortname: thriftrw_gen-RoundTrip%2FContainersOfContainers%2FEncode
toolchain: Go
goos: linux
goarch: amd64
pkg: go.uber.org/thriftrw/gen
cpu: Intel(R) Xeon(R) 6973P-C
BenchmarkRoundTrip/ContainersOfContainers/Encode  	   54433	     11426 ns/op
PASS

shortname: thriftrw_gen-RoundTrip%2FContainersOfContainers%2FEncode
toolchain: Go
goos: linux
goarch: amd64
pkg: go.uber.org/thriftrw/gen
cpu: Intel(R) Xeon(R) 6973P-C
BenchmarkRoundTrip/ContainersOfContainers/Encode  	   54716	     11248 ns/op
PASS

shortname: thriftrw_gen-RoundTrip%2FContainersOfContainers%2FEncode
toolchain: Go
goos: linux
goarch: amd64
pkg: go.uber.org/thriftrw/gen
cpu: Intel(R) Xeon(R) 6973P-C
BenchmarkRoundTrip/ContainersOfContainers/Encode  	   54505	     11222 ns/op
PASS

shortname: thriftrw_gen-RoundTrip%2FContainersOfContainers%2FEncode
toolchain: Go
goos: linux
goarch: amd64
pkg: go.uber.org/thriftrw/gen
cpu: Intel(R) Xeon(R) 6973P-C
BenchmarkRoundTrip/ContainersOfContainers/Encode  	   54633	     11255 ns/op
PASS

shortname: thriftrw_gen-RoundTrip%2FPrimitiveOptionalStruct%2FStreaming_Decode
toolchain: Go
goos: linux
goarch: amd64
pkg: go.uber.org/thriftrw/gen
cpu: Intel(R) Xeon(R) 6973P-C
BenchmarkRoundTrip/PrimitiveOptionalStruct/Streaming_Decode         	 1000000	       604.8 ns/op
PASS

shortname: thriftrw_gen-RoundTrip%2FPrimitiveOptionalStruct%2FStreaming_Decode
toolchain: Go
goos: linux
goarch: amd64
pkg: go.uber.org/thriftrw/gen
cpu: Intel(R) Xeon(R) 6973P-C
BenchmarkRoundTrip/PrimitiveOptionalStruct/Streaming_Decode         	  927199	       610.4 ns/op
PASS

shortname: thriftrw_gen-RoundTrip%2FPrimitiveOptionalStruct%2FStreaming_Decode
toolchain: Go
goos: linux
goarch: amd64
pkg: go.uber.org/thriftrw/gen
cpu: Intel(R) Xeon(R) 6973P-C
BenchmarkRoundTrip/PrimitiveOptionalStruct/Streaming_Decode         	 1000000	       540.7 ns/op
PASS

shortname: thriftrw_gen-RoundTrip%2FPrimitiveOptionalStruct%2FStreaming_Decode
toolchain: Go
goos: linux
goarch: amd64
pkg: go.uber.org/thriftrw/gen
cpu: Intel(R) Xeon(R) 6973P-C
BenchmarkRoundTrip/PrimitiveOptionalStruct/Streaming_Decode         	 1000000	       537.3 ns/op
PASS

shortname: thriftrw_gen-RoundTrip%2FPrimitiveOptionalStruct%2FStreaming_Decode
toolchain: Go
goos: linux
goarch: amd64
pkg: go.uber.org/thriftrw/gen
cpu: Intel(R) Xeon(R) 6973P-C
BenchmarkRoundTrip/PrimitiveOptionalStruct/Streaming_Decode         	  913269	       600.9 ns/op
PASS

shortname: uber_zap-JSONLogMarshalerFunc
toolchain: Go
goos: linux
goarch: amd64
pkg: go.uber.org/zap/zapcore
cpu: Intel(R) Xeon(R) 6973P-C
BenchmarkJSONLogMarshalerFunc 	 1957120	       307.5 ns/op
PASS

shortname: uber_zap-JSONLogMarshalerFunc
toolchain: Go
goos: linux
goarch: amd64
pkg: go.uber.org/zap/zapcore
cpu: Intel(R) Xeon(R) 6973P-C
BenchmarkJSONLogMarshalerFunc 	 1958298	       306.5 ns/op
PASS

shortname: uber_zap-JSONLogMarshalerFunc
toolchain: Go
goos: linux
goarch: amd64
pkg: go.uber.org/zap/zapcore
cpu: Intel(R) Xeon(R) 6973P-C
BenchmarkJSONLogMarshalerFunc 	 1978314	       304.1 ns/op
PASS

shortname: uber_zap-JSONLogMarshalerFunc
toolchain: Go
goos: linux
goarch: amd64
pkg: go.uber.org/zap/zapcore
cpu: Intel(R) Xeon(R) 6973P-C
BenchmarkJSONLogMarshalerFunc 	 1973374	       306.5 ns/op
PASS

shortname: uber_zap-JSONLogMarshalerFunc
toolchain: Go
goos: linux
goarch: amd64
pkg: go.uber.org/zap/zapcore
cpu: Intel(R) Xeon(R) 6973P-C
BenchmarkJSONLogMarshalerFunc 	 1710601	       345.3 ns/op
PASS

shortname: uuid-New
toolchain: Go
goos: linux
goarch: amd64
pkg: github.com/google/uuid
cpu: Intel(R) Xeon(R) 6973P-C
BenchmarkNew 	 8510162	        70.88 ns/op
PASS

shortname: uuid-New
toolchain: Go
goos: linux
goarch: amd64
pkg: github.com/google/uuid
cpu: Intel(R) Xeon(R) 6973P-C
BenchmarkNew 	 8079748	        73.03 ns/op
PASS

shortname: uuid-New
toolchain: Go
goos: linux
goarch: amd64
pkg: github.com/google/uuid
cpu: Intel(R) Xeon(R) 6973P-C
BenchmarkNew 	 9274665	        64.00 ns/op
PASS

shortname: uuid-New
toolchain: Go
goos: linux
goarch: amd64
pkg: github.com/google/uuid
cpu: Intel(R) Xeon(R) 6973P-C
BenchmarkNew 	 9200271	        64.22 ns/op
PASS

shortname: uuid-New
toolchain: Go
goos: linux
goarch: amd64
pkg: github.com/google/uuid
cpu: Intel(R) Xeon(R) 6973P-C
BenchmarkNew 	 9143451	        64.18 ns/op
PASS

shortname: uuid-UUID_MarshalJSON
toolchain: Go
goos: linux
goarch: amd64
pkg: github.com/google/uuid
cpu: Intel(R) Xeon(R) 6973P-C
BenchmarkUUID_MarshalJSON 	 3481132	       172.5 ns/op
PASS

shortname: uuid-UUID_MarshalJSON
toolchain: Go
goos: linux
goarch: amd64
pkg: github.com/google/uuid
cpu: Intel(R) Xeon(R) 6973P-C
BenchmarkUUID_MarshalJSON 	 3548014	       169.2 ns/op
PASS

shortname: uuid-UUID_MarshalJSON
toolchain: Go
goos: linux
goarch: amd64
pkg: github.com/google/uuid
cpu: Intel(R) Xeon(R) 6973P-C
BenchmarkUUID_MarshalJSON 	 3498493	       171.6 ns/op
PASS

shortname: uuid-UUID_MarshalJSON
toolchain: Go
goos: linux
goarch: amd64
pkg: github.com/google/uuid
cpu: Intel(R) Xeon(R) 6973P-C
BenchmarkUUID_MarshalJSON 	 3052906	       189.1 ns/op
PASS

shortname: uuid-UUID_MarshalJSON
toolchain: Go
goos: linux
goarch: amd64
pkg: github.com/google/uuid
cpu: Intel(R) Xeon(R) 6973P-C
BenchmarkUUID_MarshalJSON 	 3538968	       168.6 ns/op
PASS

shortname: uuid-UUID_UnmarshalJSON
toolchain: Go
goos: linux
goarch: amd64
pkg: github.com/google/uuid
cpu: Intel(R) Xeon(R) 6973P-C
BenchmarkUUID_UnmarshalJSON 	 1000000	       572.8 ns/op
PASS

shortname: uuid-UUID_UnmarshalJSON
toolchain: Go
goos: linux
goarch: amd64
pkg: github.com/google/uuid
cpu: Intel(R) Xeon(R) 6973P-C
BenchmarkUUID_UnmarshalJSON 	 1000000	       557.5 ns/op
PASS

shortname: uuid-UUID_UnmarshalJSON
toolchain: Go
goos: linux
goarch: amd64
pkg: github.com/google/uuid
cpu: Intel(R) Xeon(R) 6973P-C
BenchmarkUUID_UnmarshalJSON 	  990464	       585.3 ns/op
PASS

shortname: uuid-UUID_UnmarshalJSON
toolchain: Go
goos: linux
goarch: amd64
pkg: github.com/google/uuid
cpu: Intel(R) Xeon(R) 6973P-C
BenchmarkUUID_UnmarshalJSON 	 1000000	       589.2 ns/op
PASS

shortname: uuid-UUID_UnmarshalJSON
toolchain: Go
goos: linux
goarch: amd64
pkg: github.com/google/uuid
cpu: Intel(R) Xeon(R) 6973P-C
BenchmarkUUID_UnmarshalJSON 	 1000000	       514.5 ns/op
PASS

shortname: workiva_augmentedtree-AddItems
toolchain: Go
goos: linux
goarch: amd64
pkg: github.com/Workiva/go-datastructures/augmentedtree
cpu: Intel(R) Xeon(R) 6973P-C
BenchmarkAddItems 	    5023	    124117 ns/op
PASS

shortname: workiva_augmentedtree-AddItems
toolchain: Go
goos: linux
goarch: amd64
pkg: github.com/Workiva/go-datastructures/augmentedtree
cpu: Intel(R) Xeon(R) 6973P-C
BenchmarkAddItems 	    4549	    140702 ns/op
PASS

shortname: workiva_augmentedtree-AddItems
toolchain: Go
goos: linux
goarch: amd64
pkg: github.com/Workiva/go-datastructures/augmentedtree
cpu: Intel(R) Xeon(R) 6973P-C
BenchmarkAddItems 	    4453	    139004 ns/op
PASS

shortname: workiva_augmentedtree-AddItems
toolchain: Go
goos: linux
goarch: amd64
pkg: github.com/Workiva/go-datastructures/augmentedtree
cpu: Intel(R) Xeon(R) 6973P-C
BenchmarkAddItems 	    4986	    123644 ns/op
PASS

shortname: workiva_augmentedtree-AddItems
toolchain: Go
goos: linux
goarch: amd64
pkg: github.com/Workiva/go-datastructures/augmentedtree
cpu: Intel(R) Xeon(R) 6973P-C
BenchmarkAddItems 	    4626	    124613 ns/op
PASS

shortname: workiva_avl-ImmutableInsert
toolchain: Go
goos: linux
goarch: amd64
pkg: github.com/Workiva/go-datastructures/tree/avl
cpu: Intel(R) Xeon(R) 6973P-C
BenchmarkImmutableInsert 	  958789	      2202 ns/op
PASS

shortname: workiva_avl-ImmutableInsert
toolchain: Go
goos: linux
goarch: amd64
pkg: github.com/Workiva/go-datastructures/tree/avl
cpu: Intel(R) Xeon(R) 6973P-C
BenchmarkImmutableInsert 	  992077	      2151 ns/op
PASS

shortname: workiva_avl-ImmutableInsert
toolchain: Go
goos: linux
goarch: amd64
pkg: github.com/Workiva/go-datastructures/tree/avl
cpu: Intel(R) Xeon(R) 6973P-C
BenchmarkImmutableInsert 	  991330	      2126 ns/op
PASS

shortname: workiva_avl-ImmutableInsert
toolchain: Go
goos: linux
goarch: amd64
pkg: github.com/Workiva/go-datastructures/tree/avl
cpu: Intel(R) Xeon(R) 6973P-C
BenchmarkImmutableInsert 	  976902	      2281 ns/op
PASS

shortname: workiva_avl-ImmutableInsert
toolchain: Go
goos: linux
goarch: amd64
pkg: github.com/Workiva/go-datastructures/tree/avl
cpu: Intel(R) Xeon(R) 6973P-C
BenchmarkImmutableInsert 	  847191	      2163 ns/op
PASS

shortname: workiva_bitarray-CompressedIntersects
toolchain: Go
goos: linux
goarch: amd64
pkg: github.com/Workiva/go-datastructures/bitarray
cpu: Intel(R) Xeon(R) 6973P-C
BenchmarkCompressedIntersects 	18142140	        34.35 ns/op
PASS

shortname: workiva_bitarray-CompressedIntersects
toolchain: Go
goos: linux
goarch: amd64
pkg: github.com/Workiva/go-datastructures/bitarray
cpu: Intel(R) Xeon(R) 6973P-C
BenchmarkCompressedIntersects 	17943277	        34.26 ns/op
PASS

shortname: workiva_bitarray-CompressedIntersects
toolchain: Go
goos: linux
goarch: amd64
pkg: github.com/Workiva/go-datastructures/bitarray
cpu: Intel(R) Xeon(R) 6973P-C
BenchmarkCompressedIntersects 	18068811	        34.22 ns/op
PASS

shortname: workiva_bitarray-CompressedIntersects
toolchain: Go
goos: linux
goarch: amd64
pkg: github.com/Workiva/go-datastructures/bitarray
cpu: Intel(R) Xeon(R) 6973P-C
BenchmarkCompressedIntersects 	18039573	        34.27 ns/op
PASS

shortname: workiva_bitarray-CompressedIntersects
toolchain: Go
goos: linux
goarch: amd64
pkg: github.com/Workiva/go-datastructures/bitarray
cpu: Intel(R) Xeon(R) 6973P-C
BenchmarkCompressedIntersects 	16231071	        38.35 ns/op
PASS

shortname: workiva_hilbert-BulkUpdatePoints
toolchain: Go
goos: linux
goarch: amd64
pkg: github.com/Workiva/go-datastructures/rtree/hilbert
cpu: Intel(R) Xeon(R) 6973P-C
BenchmarkBulkUpdatePoints 	    2860	    196139 ns/op
PASS

shortname: workiva_hilbert-BulkUpdatePoints
toolchain: Go
goos: linux
goarch: amd64
pkg: github.com/Workiva/go-datastructures/rtree/hilbert
cpu: Intel(R) Xeon(R) 6973P-C
BenchmarkBulkUpdatePoints 	    2852	    197081 ns/op
PASS

shortname: workiva_hilbert-BulkUpdatePoints
toolchain: Go
goos: linux
goarch: amd64
pkg: github.com/Workiva/go-datastructures/rtree/hilbert
cpu: Intel(R) Xeon(R) 6973P-C
BenchmarkBulkUpdatePoints 	    2950	    215277 ns/op
PASS

shortname: workiva_hilbert-BulkUpdatePoints
toolchain: Go
goos: linux
goarch: amd64
pkg: github.com/Workiva/go-datastructures/rtree/hilbert
cpu: Intel(R) Xeon(R) 6973P-C
BenchmarkBulkUpdatePoints 	    2857	    197245 ns/op
PASS

shortname: workiva_hilbert-BulkUpdatePoints
toolchain: Go
goos: linux
goarch: amd64
pkg: github.com/Workiva/go-datastructures/rtree/hilbert
cpu: Intel(R) Xeon(R) 6973P-C
BenchmarkBulkUpdatePoints 	    2894	    196546 ns/op
PASS

shortname: workiva_queue-PriorityQueue
toolchain: Go
goos: linux
goarch: amd64
pkg: github.com/Workiva/go-datastructures/queue
cpu: Intel(R) Xeon(R) 6973P-C
BenchmarkPriorityQueue 	 1000000	       511.7 ns/op
PASS

shortname: workiva_queue-PriorityQueue
toolchain: Go
goos: linux
goarch: amd64
pkg: github.com/Workiva/go-datastructures/queue
cpu: Intel(R) Xeon(R) 6973P-C
BenchmarkPriorityQueue 	 1268926	       556.1 ns/op
PASS

shortname: workiva_queue-PriorityQueue
toolchain: Go
goos: linux
goarch: amd64
pkg: github.com/Workiva/go-datastructures/queue
cpu: Intel(R) Xeon(R) 6973P-C
BenchmarkPriorityQueue 	 1000000	       535.3 ns/op
PASS

shortname: workiva_queue-PriorityQueue
toolchain: Go
goos: linux
goarch: amd64
pkg: github.com/Workiva/go-datastructures/queue
cpu: Intel(R) Xeon(R) 6973P-C
BenchmarkPriorityQueue 	 1000000	       516.4 ns/op
PASS

shortname: workiva_queue-PriorityQueue
toolchain: Go
goos: linux
goarch: amd64
pkg: github.com/Workiva/go-datastructures/queue
cpu: Intel(R) Xeon(R) 6973P-C
BenchmarkPriorityQueue 	 1219062	       419.6 ns/op
PASS

shortname: workiva_rangetree-Apply
toolchain: Go
goos: linux
goarch: amd64
pkg: github.com/Workiva/go-datastructures/rangetree
cpu: Intel(R) Xeon(R) 6973P-C
BenchmarkApply 	   72942	      8173 ns/op
PASS

shortname: workiva_rangetree-Apply
toolchain: Go
goos: linux
goarch: amd64
pkg: github.com/Workiva/go-datastructures/rangetree
cpu: Intel(R) Xeon(R) 6973P-C
BenchmarkApply 	   73540	      8189 ns/op
PASS

shortname: workiva_rangetree-Apply
toolchain: Go
goos: linux
goarch: amd64
pkg: github.com/Workiva/go-datastructures/rangetree
cpu: Intel(R) Xeon(R) 6973P-C
BenchmarkApply 	   73126	      8776 ns/op
PASS

shortname: workiva_rangetree-Apply
toolchain: Go
goos: linux
goarch: amd64
pkg: github.com/Workiva/go-datastructures/rangetree
cpu: Intel(R) Xeon(R) 6973P-C
BenchmarkApply 	   73164	      8174 ns/op
PASS

shortname: workiva_rangetree-Apply
toolchain: Go
goos: linux
goarch: amd64
pkg: github.com/Workiva/go-datastructures/rangetree
cpu: Intel(R) Xeon(R) 6973P-C
BenchmarkApply 	   73311	      8173 ns/op
PASS

shortname: workiva_rangetree-ImmutableInsertSecondDimension
toolchain: Go
goos: linux
goarch: amd64
pkg: github.com/Workiva/go-datastructures/rangetree
cpu: Intel(R) Xeon(R) 6973P-C
BenchmarkImmutableInsertSecondDimension 	      22	  25893556 ns/op
PASS

shortname: workiva_rangetree-ImmutableInsertSecondDimension
toolchain: Go
goos: linux
goarch: amd64
pkg: github.com/Workiva/go-datastructures/rangetree
cpu: Intel(R) Xeon(R) 6973P-C
BenchmarkImmutableInsertSecondDimension 	      24	  26040027 ns/op
PASS

shortname: workiva_rangetree-ImmutableInsertSecondDimension
toolchain: Go
goos: linux
goarch: amd64
pkg: github.com/Workiva/go-datastructures/rangetree
cpu: Intel(R) Xeon(R) 6973P-C
BenchmarkImmutableInsertSecondDimension 	      25	  23019766 ns/op
PASS

shortname: workiva_rangetree-ImmutableInsertSecondDimension
toolchain: Go
goos: linux
goarch: amd64
pkg: github.com/Workiva/go-datastructures/rangetree
cpu: Intel(R) Xeon(R) 6973P-C
BenchmarkImmutableInsertSecondDimension 	      25	  22871112 ns/op
PASS

shortname: workiva_rangetree-ImmutableInsertSecondDimension
toolchain: Go
goos: linux
goarch: amd64
pkg: github.com/Workiva/go-datastructures/rangetree
cpu: Intel(R) Xeon(R) 6973P-C
BenchmarkImmutableInsertSecondDimension 	      21	  26139007 ns/op
PASS

shortname: workiva_set-Clear
toolchain: Go
goos: linux
goarch: amd64
pkg: github.com/Workiva/go-datastructures/set
cpu: Intel(R) Xeon(R) 6973P-C
BenchmarkClear 	14276547	        47.86 ns/op
PASS

shortname: workiva_set-Clear
toolchain: Go
goos: linux
goarch: amd64
pkg: github.com/Workiva/go-datastructures/set
cpu: Intel(R) Xeon(R) 6973P-C
BenchmarkClear 	14041881	        41.93 ns/op
PASS

shortname: workiva_set-Clear
toolchain: Go
goos: linux
goarch: amd64
pkg: github.com/Workiva/go-datastructures/set
cpu: Intel(R) Xeon(R) 6973P-C
BenchmarkClear 	12127659	        42.25 ns/op
PASS

shortname: workiva_set-Clear
toolchain: Go
goos: linux
goarch: amd64
pkg: github.com/Workiva/go-datastructures/set
cpu: Intel(R) Xeon(R) 6973P-C
BenchmarkClear 	14351694	        41.72 ns/op
PASS

shortname: workiva_set-Clear
toolchain: Go
goos: linux
goarch: amd64
pkg: github.com/Workiva/go-datastructures/set
cpu: Intel(R) Xeon(R) 6973P-C
BenchmarkClear 	14236675	        45.97 ns/op
PASS

shortname: workiva_set-Exists
toolchain: Go
goos: linux
goarch: amd64
pkg: github.com/Workiva/go-datastructures/set
cpu: Intel(R) Xeon(R) 6973P-C
BenchmarkExists 	35459089	        16.44 ns/op
PASS

shortname: workiva_set-Exists
toolchain: Go
goos: linux
goarch: amd64
pkg: github.com/Workiva/go-datastructures/set
cpu: Intel(R) Xeon(R) 6973P-C
BenchmarkExists 	35769037	        16.42 ns/op
PASS

shortname: workiva_set-Exists
toolchain: Go
goos: linux
goarch: amd64
pkg: github.com/Workiva/go-datastructures/set
cpu: Intel(R) Xeon(R) 6973P-C
BenchmarkExists 	35019488	        16.75 ns/op
PASS

shortname: workiva_set-Exists
toolchain: Go
goos: linux
goarch: amd64
pkg: github.com/Workiva/go-datastructures/set
cpu: Intel(R) Xeon(R) 6973P-C
BenchmarkExists 	35477917	        16.56 ns/op
PASS

shortname: workiva_set-Exists
toolchain: Go
goos: linux
goarch: amd64
pkg: github.com/Workiva/go-datastructures/set
cpu: Intel(R) Xeon(R) 6973P-C
BenchmarkExists 	35875357	        16.46 ns/op
PASS

shortname: workiva_triey-Iterator
toolchain: Go
goos: linux
goarch: amd64
pkg: github.com/Workiva/go-datastructures/trie/yfast
cpu: Intel(R) Xeon(R) 6973P-C
BenchmarkIterator 	  510039	      1113 ns/op
PASS

shortname: workiva_triey-Iterator
toolchain: Go
goos: linux
goarch: amd64
pkg: github.com/Workiva/go-datastructures/trie/yfast
cpu: Intel(R) Xeon(R) 6973P-C
BenchmarkIterator 	  474526	      1147 ns/op
PASS

shortname: workiva_triey-Iterator
toolchain: Go
goos: linux
goarch: amd64
pkg: github.com/Workiva/go-datastructures/trie/yfast
cpu: Intel(R) Xeon(R) 6973P-C
BenchmarkIterator 	  513686	      1113 ns/op
PASS

shortname: workiva_triey-Iterator
toolchain: Go
goos: linux
goarch: amd64
pkg: github.com/Workiva/go-datastructures/trie/yfast
cpu: Intel(R) Xeon(R) 6973P-C
BenchmarkIterator 	  529236	      1111 ns/op
PASS

shortname: workiva_triey-Iterator
toolchain: Go
goos: linux
goarch: amd64
pkg: github.com/Workiva/go-datastructures/trie/yfast
cpu: Intel(R) Xeon(R) 6973P-C
BenchmarkIterator 	  524091	      1104 ns/op
PASS
