
shortname: benhoyt_goawk-BuiltinGsubAmpersand
toolchain: LLGoFullLTO
goos: linux
goarch: amd64
pkg: github.com/benhoyt/goawk/interp
cpu: Intel(R) Xeon(R) 6973P-C @ 3993.160MHz
BenchmarkBuiltinGsubAmpersand-4   	   21441	     27615 ns/op
PASS

shortname: benhoyt_goawk-BuiltinGsubAmpersand
toolchain: LLGoFullLTO
goos: linux
goarch: amd64
pkg: github.com/benhoyt/goawk/interp
cpu: Intel(R) Xeon(R) 6973P-C @ 3559.911MHz
BenchmarkBuiltinGsubAmpersand-4   	   22347	     26716 ns/op
PASS

shortname: benhoyt_goawk-BuiltinGsubAmpersand
toolchain: LLGoFullLTO
goos: linux
goarch: amd64
pkg: github.com/benhoyt/goawk/interp
cpu: Intel(R) Xeon(R) 6973P-C @ 3876.325MHz
BenchmarkBuiltinGsubAmpersand-4   	   19173	     29566 ns/op
PASS

shortname: benhoyt_goawk-BuiltinGsubAmpersand
toolchain: LLGoFullLTO
goos: linux
goarch: amd64
pkg: github.com/benhoyt/goawk/interp
cpu: Intel(R) Xeon(R) 6973P-C @ 3600.725MHz
BenchmarkBuiltinGsubAmpersand-4   	   21027	     29797 ns/op
PASS

shortname: benhoyt_goawk-BuiltinGsubAmpersand
toolchain: LLGoFullLTO
goos: linux
goarch: amd64
pkg: github.com/benhoyt/goawk/interp
cpu: Intel(R) Xeon(R) 6973P-C @ 4199.912MHz
BenchmarkBuiltinGsubAmpersand-4   	   21592	     27581 ns/op
PASS

shortname: benhoyt_goawk-NativeFunc
toolchain: LLGoFullLTO
goos: linux
goarch: amd64
pkg: github.com/benhoyt/goawk/interp
cpu: Intel(R) Xeon(R) 6973P-C @ 4100.285MHz
BenchmarkNativeFunc-4   	   31072	     19670 ns/op
PASS

shortname: benhoyt_goawk-NativeFunc
toolchain: LLGoFullLTO
goos: linux
goarch: amd64
pkg: github.com/benhoyt/goawk/interp
cpu: Intel(R) Xeon(R) 6973P-C @ 3600.898MHz
BenchmarkNativeFunc-4   	   29505	     19685 ns/op
PASS

shortname: benhoyt_goawk-NativeFunc
toolchain: LLGoFullLTO
goos: linux
goarch: amd64
pkg: github.com/benhoyt/goawk/interp
cpu: Intel(R) Xeon(R) 6973P-C @ 3600.539MHz
BenchmarkNativeFunc-4   	   28296	     19652 ns/op
PASS

shortname: benhoyt_goawk-NativeFunc
toolchain: LLGoFullLTO
goos: linux
goarch: amd64
pkg: github.com/benhoyt/goawk/interp
cpu: Intel(R) Xeon(R) 6973P-C @ 4001.008MHz
BenchmarkNativeFunc-4   	   29956	     19327 ns/op
PASS

shortname: benhoyt_goawk-NativeFunc
toolchain: LLGoFullLTO
goos: linux
goarch: amd64
pkg: github.com/benhoyt/goawk/interp
cpu: Intel(R) Xeon(R) 6973P-C @ 4200.417MHz
BenchmarkNativeFunc-4   	   31010	     19428 ns/op
PASS

shortname: benhoyt_goawk-RecursiveFunc
toolchain: LLGoFullLTO
goos: linux
goarch: amd64
pkg: github.com/benhoyt/goawk/interp
cpu: Intel(R) Xeon(R) 6973P-C @ 4200.080MHz
BenchmarkRecursiveFunc-4   	   29817	     20370 ns/op
PASS

shortname: benhoyt_goawk-RecursiveFunc
toolchain: LLGoFullLTO
goos: linux
goarch: amd64
pkg: github.com/benhoyt/goawk/interp
cpu: Intel(R) Xeon(R) 6973P-C @ 3599.925MHz
BenchmarkRecursiveFunc-4   	   29114	     20333 ns/op
PASS

shortname: benhoyt_goawk-RecursiveFunc
toolchain: LLGoFullLTO
goos: linux
goarch: amd64
pkg: github.com/benhoyt/goawk/interp
cpu: Intel(R) Xeon(R) 6973P-C @ 4199.996MHz
BenchmarkRecursiveFunc-4   	   29452	     20808 ns/op
PASS

shortname: benhoyt_goawk-RecursiveFunc
toolchain: LLGoFullLTO
goos: linux
goarch: amd64
pkg: github.com/benhoyt/goawk/interp
cpu: Intel(R) Xeon(R) 6973P-C @ 3599.961MHz
BenchmarkRecursiveFunc-4   	   26128	     21460 ns/op
PASS

shortname: benhoyt_goawk-RecursiveFunc
toolchain: LLGoFullLTO
goos: linux
goarch: amd64
pkg: github.com/benhoyt/goawk/interp
cpu: Intel(R) Xeon(R) 6973P-C @ 4200.123MHz
BenchmarkRecursiveFunc-4   	   28708	     20567 ns/op
PASS

shortname: benhoyt_goawk-SimpleBuiltins
toolchain: LLGoFullLTO
goos: linux
goarch: amd64
pkg: github.com/benhoyt/goawk/interp
cpu: Intel(R) Xeon(R) 6973P-C @ 3936.350MHz
BenchmarkSimpleBuiltins-4   	  379357	      1563 ns/op
PASS

shortname: benhoyt_goawk-SimpleBuiltins
toolchain: LLGoFullLTO
goos: linux
goarch: amd64
pkg: github.com/benhoyt/goawk/interp
cpu: Intel(R) Xeon(R) 6973P-C @ 4199.996MHz
BenchmarkSimpleBuiltins-4   	  371564	      1565 ns/op
PASS

shortname: benhoyt_goawk-SimpleBuiltins
toolchain: LLGoFullLTO
goos: linux
goarch: amd64
pkg: github.com/benhoyt/goawk/interp
cpu: Intel(R) Xeon(R) 6973P-C @ 4200.080MHz
BenchmarkSimpleBuiltins-4   	  365461	      1563 ns/op
PASS

shortname: benhoyt_goawk-SimpleBuiltins
toolchain: LLGoFullLTO
goos: linux
goarch: amd64
pkg: github.com/benhoyt/goawk/interp
cpu: Intel(R) Xeon(R) 6973P-C @ 3865.322MHz
BenchmarkSimpleBuiltins-4   	  355066	      1689 ns/op
PASS

shortname: benhoyt_goawk-SimpleBuiltins
toolchain: LLGoFullLTO
goos: linux
goarch: amd64
pkg: github.com/benhoyt/goawk/interp
cpu: Intel(R) Xeon(R) 6973P-C @ 3599.708MHz
BenchmarkSimpleBuiltins-4   	  360423	      1557 ns/op
PASS

shortname: bloom_bits-BitSetExtractDeposit%2Fsize%3D64%2Ffn%3DDepositTo
toolchain: LLGoFullLTO
goos: linux
goarch: amd64
pkg: github.com/bits-and-blooms/bitset
cpu: Intel(R) Xeon(R) 6973P-C @ 3600.069MHz
BenchmarkBitSetExtractDeposit/size=64/fn=DepositTo-4         	41766912	        13.44 ns/op	       0 B/op	       0 allocs/op
PASS

shortname: bloom_bits-BitSetExtractDeposit%2Fsize%3D64%2Ffn%3DDepositTo
toolchain: LLGoFullLTO
goos: linux
goarch: amd64
pkg: github.com/bits-and-blooms/bitset
cpu: Intel(R) Xeon(R) 6973P-C @ 3600.105MHz
BenchmarkBitSetExtractDeposit/size=64/fn=DepositTo-4         	40890507	        13.41 ns/op	       0 B/op	       0 allocs/op
PASS

shortname: bloom_bits-BitSetExtractDeposit%2Fsize%3D64%2Ffn%3DDepositTo
toolchain: LLGoFullLTO
goos: linux
goarch: amd64
pkg: github.com/bits-and-blooms/bitset
cpu: Intel(R) Xeon(R) 6973P-C @ 3600.322MHz
BenchmarkBitSetExtractDeposit/size=64/fn=DepositTo-4         	42427788	        13.37 ns/op	       0 B/op	       0 allocs/op
PASS

shortname: bloom_bits-BitSetExtractDeposit%2Fsize%3D64%2Ffn%3DDepositTo
toolchain: LLGoFullLTO
goos: linux
goarch: amd64
pkg: github.com/bits-and-blooms/bitset
cpu: Intel(R) Xeon(R) 6973P-C @ 3600.394MHz
BenchmarkBitSetExtractDeposit/size=64/fn=DepositTo-4         	41485039	        13.41 ns/op	       0 B/op	       0 allocs/op
PASS

shortname: bloom_bits-BitSetExtractDeposit%2Fsize%3D64%2Ffn%3DDepositTo
toolchain: LLGoFullLTO
goos: linux
goarch: amd64
pkg: github.com/bits-and-blooms/bitset
cpu: Intel(R) Xeon(R) 6973P-C @ 3600.430MHz
BenchmarkBitSetExtractDeposit/size=64/fn=DepositTo-4         	41407267	        13.42 ns/op	       0 B/op	       0 allocs/op
PASS

shortname: capnproto2-Growth_MultiSegment
toolchain: LLGoFullLTO
goos: linux
goarch: amd64
pkg: zombiezen.com/go/capnproto2
cpu: Intel(R) Xeon(R) 6973P-C @ 3603.615MHz
BenchmarkGrowth_MultiSegment-4   	      32	  17096556 ns/op	  61.33 MB/s	 8310586 B/op	       0 allocs/op
PASS

shortname: capnproto2-Growth_MultiSegment
toolchain: LLGoFullLTO
goos: linux
goarch: amd64
pkg: zombiezen.com/go/capnproto2
cpu: Intel(R) Xeon(R) 6973P-C @ 3600.035MHz
BenchmarkGrowth_MultiSegment-4   	      33	  16675592 ns/op	  62.88 MB/s	 8310860 B/op	       0 allocs/op
PASS

shortname: capnproto2-Growth_MultiSegment
toolchain: LLGoFullLTO
goos: linux
goarch: amd64
pkg: zombiezen.com/go/capnproto2
cpu: Intel(R) Xeon(R) 6973P-C @ 3539.983MHz
BenchmarkGrowth_MultiSegment-4   	      31	  16964422 ns/op	  61.81 MB/s	 8310786 B/op	       0 allocs/op
PASS

shortname: capnproto2-Growth_MultiSegment
toolchain: LLGoFullLTO
goos: linux
goarch: amd64
pkg: zombiezen.com/go/capnproto2
cpu: Intel(R) Xeon(R) 6973P-C @ 4200.080MHz
BenchmarkGrowth_MultiSegment-4   	      33	  17004591 ns/op	  61.67 MB/s	 8310971 B/op	       0 allocs/op
PASS

shortname: capnproto2-Growth_MultiSegment
toolchain: LLGoFullLTO
goos: linux
goarch: amd64
pkg: zombiezen.com/go/capnproto2
cpu: Intel(R) Xeon(R) 6973P-C @ 3571.959MHz
BenchmarkGrowth_MultiSegment-4   	      33	  16988961 ns/op	  61.72 MB/s	 8310890 B/op	       0 allocs/op
PASS

shortname: capnproto2-Unmarshal_Reuse
toolchain: LLGoFullLTO
goos: linux
goarch: amd64
pkg: zombiezen.com/go/capnproto2
cpu: Intel(R) Xeon(R) 6973P-C @ 3599.564MHz
BenchmarkUnmarshal_Reuse-4   	  861972	       645.2 ns/op	     272 B/op	       0 allocs/op
PASS

shortname: capnproto2-Unmarshal_Reuse
toolchain: LLGoFullLTO
goos: linux
goarch: amd64
pkg: zombiezen.com/go/capnproto2
cpu: Intel(R) Xeon(R) 6973P-C @ 3600.574MHz
BenchmarkUnmarshal_Reuse-4   	  863360	       647.8 ns/op	     272 B/op	       0 allocs/op
PASS

shortname: capnproto2-Unmarshal_Reuse
toolchain: LLGoFullLTO
goos: linux
goarch: amd64
pkg: zombiezen.com/go/capnproto2
cpu: Intel(R) Xeon(R) 6973P-C @ 3881.680MHz
BenchmarkUnmarshal_Reuse-4   	  897952	       654.0 ns/op	     272 B/op	       0 allocs/op
PASS

shortname: capnproto2-Unmarshal_Reuse
toolchain: LLGoFullLTO
goos: linux
goarch: amd64
pkg: zombiezen.com/go/capnproto2
cpu: Intel(R) Xeon(R) 6973P-C @ 3600.358MHz
BenchmarkUnmarshal_Reuse-4   	  872586	       693.1 ns/op	     272 B/op	       0 allocs/op
PASS

shortname: capnproto2-Unmarshal_Reuse
toolchain: LLGoFullLTO
goos: linux
goarch: amd64
pkg: zombiezen.com/go/capnproto2
cpu: Intel(R) Xeon(R) 6973P-C @ 3498.019MHz
BenchmarkUnmarshal_Reuse-4   	  934112	       637.0 ns/op	     272 B/op	       0 allocs/op
PASS

shortname: commonmark_markdown-RenderSpecNoHTML
toolchain: LLGoFullLTO
goos: linux
goarch: amd64
pkg: gitlab.com/golang-commonmark/markdown
cpu: Intel(R) Xeon(R) 6973P-C @ 3130.542MHz
BenchmarkRenderSpecNoHTML-4   	      69	   7599408 ns/op
PASS

shortname: commonmark_markdown-RenderSpecNoHTML
toolchain: LLGoFullLTO
goos: linux
goarch: amd64
pkg: gitlab.com/golang-commonmark/markdown
cpu: Intel(R) Xeon(R) 6973P-C @ 4199.954MHz
BenchmarkRenderSpecNoHTML-4   	      70	   7323732 ns/op
PASS

shortname: commonmark_markdown-RenderSpecNoHTML
toolchain: LLGoFullLTO
goos: linux
goarch: amd64
pkg: gitlab.com/golang-commonmark/markdown
cpu: Intel(R) Xeon(R) 6973P-C @ 3953.395MHz
BenchmarkRenderSpecNoHTML-4   	      68	   7405979 ns/op
PASS

shortname: commonmark_markdown-RenderSpecNoHTML
toolchain: LLGoFullLTO
goos: linux
goarch: amd64
pkg: gitlab.com/golang-commonmark/markdown
cpu: Intel(R) Xeon(R) 6973P-C @ 3773.646MHz
BenchmarkRenderSpecNoHTML-4   	      68	   7444709 ns/op
PASS

shortname: commonmark_markdown-RenderSpecNoHTML
toolchain: LLGoFullLTO
goos: linux
goarch: amd64
pkg: gitlab.com/golang-commonmark/markdown
cpu: Intel(R) Xeon(R) 6973P-C @ 3599.997MHz
BenchmarkRenderSpecNoHTML-4   	      68	   7430760 ns/op
PASS

shortname: dustin_broadcast-ParallelBrodcast
toolchain: LLGoFullLTO
goos: linux
goarch: amd64
pkg: github.com/dustin/go-broadcast
cpu: Intel(R) Xeon(R) 6973P-C @ 3794.528MHz
BenchmarkParallelBrodcast-4   	   19044	     33133 ns/op
PASS

shortname: dustin_broadcast-ParallelBrodcast
toolchain: LLGoFullLTO
goos: linux
goarch: amd64
pkg: github.com/dustin/go-broadcast
cpu: Intel(R) Xeon(R) 6973P-C @ 3600.249MHz
BenchmarkParallelBrodcast-4   	   21782	     31037 ns/op
PASS

shortname: dustin_broadcast-ParallelBrodcast
toolchain: LLGoFullLTO
goos: linux
goarch: amd64
pkg: github.com/dustin/go-broadcast
cpu: Intel(R) Xeon(R) 6973P-C @ 3983.318MHz
BenchmarkParallelBrodcast-4   	   20112	     36783 ns/op
PASS

shortname: dustin_broadcast-ParallelBrodcast
toolchain: LLGoFullLTO
goos: linux
goarch: amd64
pkg: github.com/dustin/go-broadcast
cpu: Intel(R) Xeon(R) 6973P-C @ 4180.911MHz
BenchmarkParallelBrodcast-4   	   16759	     33338 ns/op
PASS

shortname: dustin_broadcast-ParallelBrodcast
toolchain: LLGoFullLTO
goos: linux
goarch: amd64
pkg: github.com/dustin/go-broadcast
cpu: Intel(R) Xeon(R) 6973P-C @ 4102.842MHz
BenchmarkParallelBrodcast-4   	   20366	     31048 ns/op
PASS

shortname: dustin_humanize-BigCommas
toolchain: LLGoFullLTO
goos: linux
goarch: amd64
pkg: github.com/dustin/go-humanize
cpu: Intel(R) Xeon(R) 6973P-C @ 4200.797MHz
BenchmarkBigCommas-4   	  385928	      1547 ns/op
PASS

shortname: dustin_humanize-BigCommas
toolchain: LLGoFullLTO
goos: linux
goarch: amd64
pkg: github.com/dustin/go-humanize
cpu: Intel(R) Xeon(R) 6973P-C @ 3600.720MHz
BenchmarkBigCommas-4   	  388798	      1443 ns/op
PASS

shortname: dustin_humanize-BigCommas
toolchain: LLGoFullLTO
goos: linux
goarch: amd64
pkg: github.com/dustin/go-humanize
cpu: Intel(R) Xeon(R) 6973P-C @ 3599.744MHz
BenchmarkBigCommas-4   	  373585	      1449 ns/op
PASS

shortname: dustin_humanize-BigCommas
toolchain: LLGoFullLTO
goos: linux
goarch: amd64
pkg: github.com/dustin/go-humanize
cpu: Intel(R) Xeon(R) 6973P-C @ 3600.069MHz
BenchmarkBigCommas-4   	  386210	      1465 ns/op
PASS

shortname: dustin_humanize-BigCommas
toolchain: LLGoFullLTO
goos: linux
goarch: amd64
pkg: github.com/dustin/go-humanize
cpu: Intel(R) Xeon(R) 6973P-C @ 3600.683MHz
BenchmarkBigCommas-4   	  369607	      1427 ns/op
PASS

shortname: dustin_humanize-Commaf
toolchain: LLGoFullLTO
goos: linux
goarch: amd64
pkg: github.com/dustin/go-humanize
cpu: Intel(R) Xeon(R) 6973P-C @ 3600.069MHz
BenchmarkCommaf-4   	  774400	       679.2 ns/op
PASS

shortname: dustin_humanize-Commaf
toolchain: LLGoFullLTO
goos: linux
goarch: amd64
pkg: github.com/dustin/go-humanize
cpu: Intel(R) Xeon(R) 6973P-C @ 3600.178MHz
BenchmarkCommaf-4   	  764446	       674.2 ns/op
PASS

shortname: dustin_humanize-Commaf
toolchain: LLGoFullLTO
goos: linux
goarch: amd64
pkg: github.com/dustin/go-humanize
cpu: Intel(R) Xeon(R) 6973P-C @ 3599.961MHz
BenchmarkCommaf-4   	  758640	       679.8 ns/op
PASS

shortname: dustin_humanize-Commaf
toolchain: LLGoFullLTO
goos: linux
goarch: amd64
pkg: github.com/dustin/go-humanize
cpu: Intel(R) Xeon(R) 6973P-C @ 3980.021MHz
BenchmarkCommaf-4   	  797802	       689.3 ns/op
PASS

shortname: dustin_humanize-Commaf
toolchain: LLGoFullLTO
goos: linux
goarch: amd64
pkg: github.com/dustin/go-humanize
cpu: Intel(R) Xeon(R) 6973P-C @ 4200.796MHz
BenchmarkCommaf-4   	  773118	       696.1 ns/op
PASS

shortname: dustin_humanize-ParseBytes
toolchain: LLGoFullLTO
goos: linux
goarch: amd64
pkg: github.com/dustin/go-humanize
cpu: Intel(R) Xeon(R) 6973P-C @ 4143.661MHz
BenchmarkParseBytes-4   	 3001887	       193.9 ns/op
PASS

shortname: dustin_humanize-ParseBytes
toolchain: LLGoFullLTO
goos: linux
goarch: amd64
pkg: github.com/dustin/go-humanize
cpu: Intel(R) Xeon(R) 6973P-C @ 4182.168MHz
BenchmarkParseBytes-4   	 2948115	       205.1 ns/op
PASS

shortname: dustin_humanize-ParseBytes
toolchain: LLGoFullLTO
goos: linux
goarch: amd64
pkg: github.com/dustin/go-humanize
cpu: Intel(R) Xeon(R) 6973P-C @ 3600.033MHz
BenchmarkParseBytes-4   	 2945779	       194.1 ns/op
PASS

shortname: dustin_humanize-ParseBytes
toolchain: LLGoFullLTO
goos: linux
goarch: amd64
pkg: github.com/dustin/go-humanize
cpu: Intel(R) Xeon(R) 6973P-C @ 3599.997MHz
BenchmarkParseBytes-4   	 2971544	       200.6 ns/op
PASS

shortname: dustin_humanize-ParseBytes
toolchain: LLGoFullLTO
goos: linux
goarch: amd64
pkg: github.com/dustin/go-humanize
cpu: Intel(R) Xeon(R) 6973P-C @ 3599.960MHz
BenchmarkParseBytes-4   	 3002702	       195.5 ns/op
PASS

shortname: dustin_humanize-ParseSI
toolchain: LLGoFullLTO
goos: linux
goarch: amd64
pkg: github.com/dustin/go-humanize
cpu: Intel(R) Xeon(R) 6973P-C @ 3600.610MHz
BenchmarkParseSI-4   	  559921	       958.5 ns/op
PASS

shortname: dustin_humanize-ParseSI
toolchain: LLGoFullLTO
goos: linux
goarch: amd64
pkg: github.com/dustin/go-humanize
cpu: Intel(R) Xeon(R) 6973P-C @ 3600.466MHz
BenchmarkParseSI-4   	  568497	       954.9 ns/op
PASS

shortname: dustin_humanize-ParseSI
toolchain: LLGoFullLTO
goos: linux
goarch: amd64
pkg: github.com/dustin/go-humanize
cpu: Intel(R) Xeon(R) 6973P-C @ 4000.077MHz
BenchmarkParseSI-4   	  569968	       936.9 ns/op
PASS

shortname: dustin_humanize-ParseSI
toolchain: LLGoFullLTO
goos: linux
goarch: amd64
pkg: github.com/dustin/go-humanize
cpu: Intel(R) Xeon(R) 6973P-C @ 4200.628MHz
BenchmarkParseSI-4   	  557770	       970.9 ns/op
PASS

shortname: dustin_humanize-ParseSI
toolchain: LLGoFullLTO
goos: linux
goarch: amd64
pkg: github.com/dustin/go-humanize
cpu: Intel(R) Xeon(R) 6973P-C @ 4201.602MHz
BenchmarkParseSI-4   	  534666	       961.6 ns/op
PASS

shortname: ericlagergren_decimal-Mandelbrot_decimal_GDA_9
toolchain: LLGoFullLTO
goos: linux
goarch: amd64
pkg: github.com/ericlagergren/decimal_benchmarks
cpu: Intel(R) Xeon(R) 6973P-C @ 2600.000MHz
BenchmarkMandelbrot_decimal_GDA_9-4   	       1	3804168276 ns/op
PASS

shortname: ericlagergren_decimal-Mandelbrot_decimal_GDA_9
toolchain: LLGoFullLTO
goos: linux
goarch: amd64
pkg: github.com/ericlagergren/decimal_benchmarks
cpu: Intel(R) Xeon(R) 6973P-C @ 2600.000MHz
BenchmarkMandelbrot_decimal_GDA_9-4   	       1	3837127428 ns/op
PASS

shortname: ericlagergren_decimal-Mandelbrot_decimal_GDA_9
toolchain: LLGoFullLTO
goos: linux
goarch: amd64
pkg: github.com/ericlagergren/decimal_benchmarks
cpu: Intel(R) Xeon(R) 6973P-C @ 2600.000MHz
BenchmarkMandelbrot_decimal_GDA_9-4   	       1	3775241214 ns/op
PASS

shortname: ericlagergren_decimal-Mandelbrot_decimal_GDA_9
toolchain: LLGoFullLTO
goos: linux
goarch: amd64
pkg: github.com/ericlagergren/decimal_benchmarks
cpu: Intel(R) Xeon(R) 6973P-C @ 2600.000MHz
BenchmarkMandelbrot_decimal_GDA_9-4   	       1	3751695472 ns/op
PASS

shortname: ericlagergren_decimal-Mandelbrot_decimal_GDA_9
toolchain: LLGoFullLTO
goos: linux
goarch: amd64
pkg: github.com/ericlagergren/decimal_benchmarks
cpu: Intel(R) Xeon(R) 6973P-C @ 2600.000MHz
BenchmarkMandelbrot_decimal_GDA_9-4   	       1	3788892697 ns/op
PASS

shortname: ericlagergren_decimal-Pi%2Ffoo%3Dapmckinlay%2Fprec%3D19
toolchain: LLGoFullLTO
goos: linux
goarch: amd64
pkg: github.com/ericlagergren/decimal_benchmarks
cpu: Intel(R) Xeon(R) 6973P-C @ 3599.272MHz
BenchmarkPi/foo=apmckinlay/prec=19-4 	   85375	      6521 ns/op
PASS

shortname: ericlagergren_decimal-Pi%2Ffoo%3Dapmckinlay%2Fprec%3D19
toolchain: LLGoFullLTO
goos: linux
goarch: amd64
pkg: github.com/ericlagergren/decimal_benchmarks
cpu: Intel(R) Xeon(R) 6973P-C @ 3560.306MHz
BenchmarkPi/foo=apmckinlay/prec=19-4 	   80403	      6471 ns/op
PASS

shortname: ericlagergren_decimal-Pi%2Ffoo%3Dapmckinlay%2Fprec%3D19
toolchain: LLGoFullLTO
goos: linux
goarch: amd64
pkg: github.com/ericlagergren/decimal_benchmarks
cpu: Intel(R) Xeon(R) 6973P-C @ 3600.430MHz
BenchmarkPi/foo=apmckinlay/prec=19-4 	   85836	      6431 ns/op
PASS

shortname: ericlagergren_decimal-Pi%2Ffoo%3Dapmckinlay%2Fprec%3D19
toolchain: LLGoFullLTO
goos: linux
goarch: amd64
pkg: github.com/ericlagergren/decimal_benchmarks
cpu: Intel(R) Xeon(R) 6973P-C @ 3600.590MHz
BenchmarkPi/foo=apmckinlay/prec=19-4 	   86898	      6396 ns/op
PASS

shortname: ericlagergren_decimal-Pi%2Ffoo%3Dapmckinlay%2Fprec%3D19
toolchain: LLGoFullLTO
goos: linux
goarch: amd64
pkg: github.com/ericlagergren/decimal_benchmarks
cpu: Intel(R) Xeon(R) 6973P-C @ 3600.276MHz
BenchmarkPi/foo=apmckinlay/prec=19-4 	   85952	      6726 ns/op
PASS

shortname: ericlagergren_decimal-Pi%2Ffoo%3Dcockroachdb%2Fapd%2Fprec%3D100
toolchain: LLGoFullLTO
goos: linux
goarch: amd64
pkg: github.com/ericlagergren/decimal_benchmarks
cpu: Intel(R) Xeon(R) 6973P-C @ 4199.786MHz
BenchmarkPi/foo=cockroachdb/apd/prec=100-4         	      27	  21283604 ns/op
PASS

shortname: ericlagergren_decimal-Pi%2Ffoo%3Dcockroachdb%2Fapd%2Fprec%3D100
toolchain: LLGoFullLTO
goos: linux
goarch: amd64
pkg: github.com/ericlagergren/decimal_benchmarks
cpu: Intel(R) Xeon(R) 6973P-C @ 4099.873MHz
BenchmarkPi/foo=cockroachdb/apd/prec=100-4         	      26	  21611548 ns/op
PASS

shortname: ericlagergren_decimal-Pi%2Ffoo%3Dcockroachdb%2Fapd%2Fprec%3D100
toolchain: LLGoFullLTO
goos: linux
goarch: amd64
pkg: github.com/ericlagergren/decimal_benchmarks
cpu: Intel(R) Xeon(R) 6973P-C @ 2600.000MHz
BenchmarkPi/foo=cockroachdb/apd/prec=100-4         	      26	  21416935 ns/op
PASS

shortname: ericlagergren_decimal-Pi%2Ffoo%3Dcockroachdb%2Fapd%2Fprec%3D100
toolchain: LLGoFullLTO
goos: linux
goarch: amd64
pkg: github.com/ericlagergren/decimal_benchmarks
cpu: Intel(R) Xeon(R) 6973P-C @ 2600.000MHz
BenchmarkPi/foo=cockroachdb/apd/prec=100-4         	      26	  21419627 ns/op
PASS

shortname: ericlagergren_decimal-Pi%2Ffoo%3Dcockroachdb%2Fapd%2Fprec%3D100
toolchain: LLGoFullLTO
goos: linux
goarch: amd64
pkg: github.com/ericlagergren/decimal_benchmarks
cpu: Intel(R) Xeon(R) 6973P-C @ 3788.224MHz
BenchmarkPi/foo=cockroachdb/apd/prec=100-4         	      26	  21375781 ns/op
PASS

shortname: ericlagergren_decimal-Pi%2Ffoo%3Dgo-inf%2Fprec%3D100
toolchain: LLGoFullLTO
goos: linux
goarch: amd64
pkg: github.com/ericlagergren/decimal_benchmarks
cpu: Intel(R) Xeon(R) 6973P-C @ 3599.672MHz
BenchmarkPi/foo=go-inf/prec=100-4         	    2896	    201507 ns/op
PASS

shortname: ericlagergren_decimal-Pi%2Ffoo%3Dgo-inf%2Fprec%3D100
toolchain: LLGoFullLTO
goos: linux
goarch: amd64
pkg: github.com/ericlagergren/decimal_benchmarks
cpu: Intel(R) Xeon(R) 6973P-C @ 3599.564MHz
BenchmarkPi/foo=go-inf/prec=100-4         	    2876	    202752 ns/op
PASS

shortname: ericlagergren_decimal-Pi%2Ffoo%3Dgo-inf%2Fprec%3D100
toolchain: LLGoFullLTO
goos: linux
goarch: amd64
pkg: github.com/ericlagergren/decimal_benchmarks
cpu: Intel(R) Xeon(R) 6973P-C @ 3599.852MHz
BenchmarkPi/foo=go-inf/prec=100-4         	    2847	    197706 ns/op
PASS

shortname: ericlagergren_decimal-Pi%2Ffoo%3Dgo-inf%2Fprec%3D100
toolchain: LLGoFullLTO
goos: linux
goarch: amd64
pkg: github.com/ericlagergren/decimal_benchmarks
cpu: Intel(R) Xeon(R) 6973P-C @ 3599.564MHz
BenchmarkPi/foo=go-inf/prec=100-4         	    2923	    200062 ns/op
PASS

shortname: ericlagergren_decimal-Pi%2Ffoo%3Dgo-inf%2Fprec%3D100
toolchain: LLGoFullLTO
goos: linux
goarch: amd64
pkg: github.com/ericlagergren/decimal_benchmarks
cpu: Intel(R) Xeon(R) 6973P-C @ 3600.828MHz
BenchmarkPi/foo=go-inf/prec=100-4         	    3048	    198388 ns/op
PASS

shortname: gonum_community-NewDirectedLayers%2FgraphSize%3D10%2CnumGraphs%3D1
toolchain: LLGoFullLTO
goos: linux
goarch: amd64
pkg: gonum.org/v1/gonum/graph/community
cpu: Intel(R) Xeon(R) 6973P-C @ 3598.989MHz
BenchmarkNewDirectedLayers/graphSize=10,numGraphs=1-4         	  453968	      1303 ns/op
PASS

shortname: gonum_community-NewDirectedLayers%2FgraphSize%3D10%2CnumGraphs%3D1
toolchain: LLGoFullLTO
goos: linux
goarch: amd64
pkg: gonum.org/v1/gonum/graph/community
cpu: Intel(R) Xeon(R) 6973P-C @ 3599.385MHz
BenchmarkNewDirectedLayers/graphSize=10,numGraphs=1-4         	  478438	      1312 ns/op
PASS

shortname: gonum_community-NewDirectedLayers%2FgraphSize%3D10%2CnumGraphs%3D1
toolchain: LLGoFullLTO
goos: linux
goarch: amd64
pkg: gonum.org/v1/gonum/graph/community
cpu: Intel(R) Xeon(R) 6973P-C @ 3600.141MHz
BenchmarkNewDirectedLayers/graphSize=10,numGraphs=1-4         	  438372	      1310 ns/op
PASS

shortname: gonum_community-NewDirectedLayers%2FgraphSize%3D10%2CnumGraphs%3D1
toolchain: LLGoFullLTO
goos: linux
goarch: amd64
pkg: gonum.org/v1/gonum/graph/community
cpu: Intel(R) Xeon(R) 6973P-C @ 3599.636MHz
BenchmarkNewDirectedLayers/graphSize=10,numGraphs=1-4         	  455143	      1295 ns/op
PASS

shortname: gonum_community-NewDirectedLayers%2FgraphSize%3D10%2CnumGraphs%3D1
toolchain: LLGoFullLTO
goos: linux
goarch: amd64
pkg: gonum.org/v1/gonum/graph/community
cpu: Intel(R) Xeon(R) 6973P-C @ 3600.465MHz
BenchmarkNewDirectedLayers/graphSize=10,numGraphs=1-4         	  457716	      1287 ns/op
PASS

shortname: gonum_community-NewDirectedLayers%2FgraphSize%3D1000%2CnumGraphs%3D1
toolchain: LLGoFullLTO
goos: linux
goarch: amd64
pkg: gonum.org/v1/gonum/graph/community
cpu: Intel(R) Xeon(R) 6973P-C @ 3600.285MHz
BenchmarkNewDirectedLayers/graphSize=1000,numGraphs=1-4         	    3993	    140090 ns/op
PASS

shortname: gonum_community-NewDirectedLayers%2FgraphSize%3D1000%2CnumGraphs%3D1
toolchain: LLGoFullLTO
goos: linux
goarch: amd64
pkg: gonum.org/v1/gonum/graph/community
cpu: Intel(R) Xeon(R) 6973P-C @ 3599.924MHz
BenchmarkNewDirectedLayers/graphSize=1000,numGraphs=1-4         	    4022	    141225 ns/op
PASS

shortname: gonum_community-NewDirectedLayers%2FgraphSize%3D1000%2CnumGraphs%3D1
toolchain: LLGoFullLTO
goos: linux
goarch: amd64
pkg: gonum.org/v1/gonum/graph/community
cpu: Intel(R) Xeon(R) 6973P-C @ 3599.781MHz
BenchmarkNewDirectedLayers/graphSize=1000,numGraphs=1-4         	    3901	    150690 ns/op
PASS

shortname: gonum_community-NewDirectedLayers%2FgraphSize%3D1000%2CnumGraphs%3D1
toolchain: LLGoFullLTO
goos: linux
goarch: amd64
pkg: gonum.org/v1/gonum/graph/community
cpu: Intel(R) Xeon(R) 6973P-C @ 3518.027MHz
BenchmarkNewDirectedLayers/graphSize=1000,numGraphs=1-4         	    4011	    140458 ns/op
PASS

shortname: gonum_community-NewDirectedLayers%2FgraphSize%3D1000%2CnumGraphs%3D1
toolchain: LLGoFullLTO
goos: linux
goarch: amd64
pkg: gonum.org/v1/gonum/graph/community
cpu: Intel(R) Xeon(R) 6973P-C @ 3600.034MHz
BenchmarkNewDirectedLayers/graphSize=1000,numGraphs=1-4         	    3693	    142083 ns/op
PASS

shortname: gonum_community-NewUndirectedLayers%2FgraphSize%3D1000%2CnumGraphs%3D10
toolchain: LLGoFullLTO
goos: linux
goarch: amd64
pkg: gonum.org/v1/gonum/graph/community
cpu: Intel(R) Xeon(R) 6973P-C @ 3600.791MHz
BenchmarkNewUndirectedLayers/graphSize=1000,numGraphs=10-4         	     310	   1865506 ns/op
PASS

shortname: gonum_community-NewUndirectedLayers%2FgraphSize%3D1000%2CnumGraphs%3D10
toolchain: LLGoFullLTO
goos: linux
goarch: amd64
pkg: gonum.org/v1/gonum/graph/community
cpu: Intel(R) Xeon(R) 6973P-C @ 3599.961MHz
BenchmarkNewUndirectedLayers/graphSize=1000,numGraphs=10-4         	     312	   1899027 ns/op
PASS

shortname: gonum_community-NewUndirectedLayers%2FgraphSize%3D1000%2CnumGraphs%3D10
toolchain: LLGoFullLTO
goos: linux
goarch: amd64
pkg: gonum.org/v1/gonum/graph/community
cpu: Intel(R) Xeon(R) 6973P-C @ 3600.033MHz
BenchmarkNewUndirectedLayers/graphSize=1000,numGraphs=10-4         	     314	   1895008 ns/op
PASS

shortname: gonum_community-NewUndirectedLayers%2FgraphSize%3D1000%2CnumGraphs%3D10
toolchain: LLGoFullLTO
goos: linux
goarch: amd64
pkg: gonum.org/v1/gonum/graph/community
cpu: Intel(R) Xeon(R) 6973P-C @ 3599.167MHz
BenchmarkNewUndirectedLayers/graphSize=1000,numGraphs=10-4         	     312	   1869086 ns/op
PASS

shortname: gonum_community-NewUndirectedLayers%2FgraphSize%3D1000%2CnumGraphs%3D10
toolchain: LLGoFullLTO
goos: linux
goarch: amd64
pkg: gonum.org/v1/gonum/graph/community
cpu: Intel(R) Xeon(R) 6973P-C @ 3600.395MHz
BenchmarkNewUndirectedLayers/graphSize=1000,numGraphs=10-4         	     313	   1875176 ns/op
PASS

shortname: gonum_lapack_native-Dgeev%2FCirculant5
toolchain: LLGoFullLTO
goos: linux
goarch: amd64
pkg: gonum.org/v1/gonum/lapack/gonum
cpu: Intel(R) Xeon(R) 6973P-C @ 3601.660MHz
BenchmarkDgeev/Circulant5-4         	   15554	     38011 ns/op
PASS

shortname: gonum_lapack_native-Dgeev%2FCirculant5
toolchain: LLGoFullLTO
goos: linux
goarch: amd64
pkg: gonum.org/v1/gonum/lapack/gonum
cpu: Intel(R) Xeon(R) 6973P-C @ 3601.769MHz
BenchmarkDgeev/Circulant5-4         	   16540	     36167 ns/op
PASS

shortname: gonum_lapack_native-Dgeev%2FCirculant5
toolchain: LLGoFullLTO
goos: linux
goarch: amd64
pkg: gonum.org/v1/gonum/lapack/gonum
cpu: Intel(R) Xeon(R) 6973P-C @ 3571.903MHz
BenchmarkDgeev/Circulant5-4         	   16858	     36099 ns/op
PASS

shortname: gonum_lapack_native-Dgeev%2FCirculant5
toolchain: LLGoFullLTO
goos: linux
goarch: amd64
pkg: gonum.org/v1/gonum/lapack/gonum
cpu: Intel(R) Xeon(R) 6973P-C @ 3600.431MHz
BenchmarkDgeev/Circulant5-4         	   16914	     36004 ns/op
PASS

shortname: gonum_lapack_native-Dgeev%2FCirculant5
toolchain: LLGoFullLTO
goos: linux
goarch: amd64
pkg: gonum.org/v1/gonum/lapack/gonum
cpu: Intel(R) Xeon(R) 6973P-C @ 4000.880MHz
BenchmarkDgeev/Circulant5-4         	   16726	     36372 ns/op
PASS

shortname: gonum_mat-AddScaledVec10Inc1
toolchain: LLGoFullLTO
goos: linux
goarch: amd64
pkg: gonum.org/v1/gonum/mat
cpu: Intel(R) Xeon(R) 6973P-C @ 3600.249MHz
BenchmarkAddScaledVec10Inc1-4   	  260372	      1999 ns/op
PASS

shortname: gonum_mat-AddScaledVec10Inc1
toolchain: LLGoFullLTO
goos: linux
goarch: amd64
pkg: gonum.org/v1/gonum/mat
cpu: Intel(R) Xeon(R) 6973P-C @ 3600.141MHz
BenchmarkAddScaledVec10Inc1-4   	  263721	      1985 ns/op
PASS

shortname: gonum_mat-AddScaledVec10Inc1
toolchain: LLGoFullLTO
goos: linux
goarch: amd64
pkg: gonum.org/v1/gonum/mat
cpu: Intel(R) Xeon(R) 6973P-C @ 4200.165MHz
BenchmarkAddScaledVec10Inc1-4   	  252514	      2108 ns/op
PASS

shortname: gonum_mat-AddScaledVec10Inc1
toolchain: LLGoFullLTO
goos: linux
goarch: amd64
pkg: gonum.org/v1/gonum/mat
cpu: Intel(R) Xeon(R) 6973P-C @ 3846.701MHz
BenchmarkAddScaledVec10Inc1-4   	  246128	      2049 ns/op
PASS

shortname: gonum_mat-AddScaledVec10Inc1
toolchain: LLGoFullLTO
goos: linux
goarch: amd64
pkg: gonum.org/v1/gonum/mat
cpu: Intel(R) Xeon(R) 6973P-C @ 3599.742MHz
BenchmarkAddScaledVec10Inc1-4   	  294937	      2013 ns/op
PASS

shortname: gonum_mat-CholeskyFactorize%2Fn%3D10
toolchain: LLGoFullLTO
goos: linux
goarch: amd64
pkg: gonum.org/v1/gonum/mat
cpu: Intel(R) Xeon(R) 6973P-C @ 3599.997MHz
BenchmarkCholeskyFactorize/n=10-4         	   35215	     16839 ns/op
PASS

shortname: gonum_mat-CholeskyFactorize%2Fn%3D10
toolchain: LLGoFullLTO
goos: linux
goarch: amd64
pkg: gonum.org/v1/gonum/mat
cpu: Intel(R) Xeon(R) 6973P-C @ 3600.721MHz
BenchmarkCholeskyFactorize/n=10-4         	   34552	     16705 ns/op
PASS

shortname: gonum_mat-CholeskyFactorize%2Fn%3D10
toolchain: LLGoFullLTO
goos: linux
goarch: amd64
pkg: gonum.org/v1/gonum/mat
cpu: Intel(R) Xeon(R) 6973P-C @ 3599.564MHz
BenchmarkCholeskyFactorize/n=10-4         	   35000	     16882 ns/op
PASS

shortname: gonum_mat-CholeskyFactorize%2Fn%3D10
toolchain: LLGoFullLTO
goos: linux
goarch: amd64
pkg: gonum.org/v1/gonum/mat
cpu: Intel(R) Xeon(R) 6973P-C @ 3600.431MHz
BenchmarkCholeskyFactorize/n=10-4         	   35094	     16579 ns/op
PASS

shortname: gonum_mat-CholeskyFactorize%2Fn%3D10
toolchain: LLGoFullLTO
goos: linux
goarch: amd64
pkg: gonum.org/v1/gonum/mat
cpu: Intel(R) Xeon(R) 6973P-C @ 3572.756MHz
BenchmarkCholeskyFactorize/n=10-4         	   33860	     16707 ns/op
PASS

shortname: gonum_mat-CholeskyInverseTo%2Fn%3D100
toolchain: LLGoFullLTO
goos: linux
goarch: amd64
pkg: gonum.org/v1/gonum/mat
cpu: Intel(R) Xeon(R) 6973P-C @ 3599.816MHz
BenchmarkCholeskyInverseTo/n=100-4         	    2281	    255061 ns/op
PASS

shortname: gonum_mat-CholeskyInverseTo%2Fn%3D100
toolchain: LLGoFullLTO
goos: linux
goarch: amd64
pkg: gonum.org/v1/gonum/mat
cpu: Intel(R) Xeon(R) 6973P-C @ 3600.163MHz
BenchmarkCholeskyInverseTo/n=100-4         	    2344	    254113 ns/op
PASS

shortname: gonum_mat-CholeskyInverseTo%2Fn%3D100
toolchain: LLGoFullLTO
goos: linux
goarch: amd64
pkg: gonum.org/v1/gonum/mat
cpu: Intel(R) Xeon(R) 6973P-C @ 3600.473MHz
BenchmarkCholeskyInverseTo/n=100-4         	    2350	    254264 ns/op
PASS

shortname: gonum_mat-CholeskyInverseTo%2Fn%3D100
toolchain: LLGoFullLTO
goos: linux
goarch: amd64
pkg: gonum.org/v1/gonum/mat
cpu: Intel(R) Xeon(R) 6973P-C @ 3600.394MHz
BenchmarkCholeskyInverseTo/n=100-4         	    2322	    255448 ns/op
PASS

shortname: gonum_mat-CholeskyInverseTo%2Fn%3D100
toolchain: LLGoFullLTO
goos: linux
goarch: amd64
pkg: gonum.org/v1/gonum/mat
cpu: Intel(R) Xeon(R) 6973P-C @ 3594.521MHz
BenchmarkCholeskyInverseTo/n=100-4         	    2331	    262414 ns/op
PASS

shortname: gonum_mat-MarshalToVecDense10
toolchain: LLGoFullLTO
goos: linux
goarch: amd64
pkg: gonum.org/v1/gonum/mat
cpu: Intel(R) Xeon(R) 6973P-C @ 3600.430MHz
BenchmarkMarshalToVecDense10-4   	  473528	      1292 ns/op
PASS

shortname: gonum_mat-MarshalToVecDense10
toolchain: LLGoFullLTO
goos: linux
goarch: amd64
pkg: gonum.org/v1/gonum/mat
cpu: Intel(R) Xeon(R) 6973P-C @ 4074.106MHz
BenchmarkMarshalToVecDense10-4   	  445494	      1300 ns/op
PASS

shortname: gonum_mat-MarshalToVecDense10
toolchain: LLGoFullLTO
goos: linux
goarch: amd64
pkg: gonum.org/v1/gonum/mat
cpu: Intel(R) Xeon(R) 6973P-C @ 4000.157MHz
BenchmarkMarshalToVecDense10-4   	  453686	      1312 ns/op
PASS

shortname: gonum_mat-MarshalToVecDense10
toolchain: LLGoFullLTO
goos: linux
goarch: amd64
pkg: gonum.org/v1/gonum/mat
cpu: Intel(R) Xeon(R) 6973P-C @ 3599.997MHz
BenchmarkMarshalToVecDense10-4   	  431734	      1313 ns/op
PASS

shortname: gonum_mat-MarshalToVecDense10
toolchain: LLGoFullLTO
goos: linux
goarch: amd64
pkg: gonum.org/v1/gonum/mat
cpu: Intel(R) Xeon(R) 6973P-C @ 3581.496MHz
BenchmarkMarshalToVecDense10-4   	  439796	      1298 ns/op
PASS

shortname: gonum_mat-Pool100by100Uncleared
toolchain: LLGoFullLTO
goos: linux
goarch: amd64
pkg: gonum.org/v1/gonum/mat
cpu: Intel(R) Xeon(R) 6973P-C @ 3999.233MHz
BenchmarkPool100by100Uncleared-4   	23510340	        24.33 ns/op
PASS

shortname: gonum_mat-Pool100by100Uncleared
toolchain: LLGoFullLTO
goos: linux
goarch: amd64
pkg: gonum.org/v1/gonum/mat
cpu: Intel(R) Xeon(R) 6973P-C @ 3599.670MHz
BenchmarkPool100by100Uncleared-4   	24759721	        24.27 ns/op
PASS

shortname: gonum_mat-Pool100by100Uncleared
toolchain: LLGoFullLTO
goos: linux
goarch: amd64
pkg: gonum.org/v1/gonum/mat
cpu: Intel(R) Xeon(R) 6973P-C @ 3599.997MHz
BenchmarkPool100by100Uncleared-4   	24690363	        24.30 ns/op
PASS

shortname: gonum_mat-Pool100by100Uncleared
toolchain: LLGoFullLTO
goos: linux
goarch: amd64
pkg: gonum.org/v1/gonum/mat
cpu: Intel(R) Xeon(R) 6973P-C @ 3560.144MHz
BenchmarkPool100by100Uncleared-4   	23654275	        24.43 ns/op
PASS

shortname: gonum_mat-Pool100by100Uncleared
toolchain: LLGoFullLTO
goos: linux
goarch: amd64
pkg: gonum.org/v1/gonum/mat
cpu: Intel(R) Xeon(R) 6973P-C @ 3599.961MHz
BenchmarkPool100by100Uncleared-4   	24018849	        24.34 ns/op
PASS

shortname: gonum_mat-TriMulDiag%2FBenchmarkTriMulDiag100
toolchain: LLGoFullLTO
goos: linux
goarch: amd64
pkg: gonum.org/v1/gonum/mat
cpu: Intel(R) Xeon(R) 6973P-C @ 3600.683MHz
BenchmarkTriMulDiag/BenchmarkTriMulDiag100-4         	    9145	     63208 ns/op
PASS

shortname: gonum_mat-TriMulDiag%2FBenchmarkTriMulDiag100
toolchain: LLGoFullLTO
goos: linux
goarch: amd64
pkg: gonum.org/v1/gonum/mat
cpu: Intel(R) Xeon(R) 6973P-C @ 3585.675MHz
BenchmarkTriMulDiag/BenchmarkTriMulDiag100-4         	    8916	     63251 ns/op
PASS

shortname: gonum_mat-TriMulDiag%2FBenchmarkTriMulDiag100
toolchain: LLGoFullLTO
goos: linux
goarch: amd64
pkg: gonum.org/v1/gonum/mat
cpu: Intel(R) Xeon(R) 6973P-C @ 3600.213MHz
BenchmarkTriMulDiag/BenchmarkTriMulDiag100-4         	    8751	     62941 ns/op
PASS

shortname: gonum_mat-TriMulDiag%2FBenchmarkTriMulDiag100
toolchain: LLGoFullLTO
goos: linux
goarch: amd64
pkg: gonum.org/v1/gonum/mat
cpu: Intel(R) Xeon(R) 6973P-C @ 3599.997MHz
BenchmarkTriMulDiag/BenchmarkTriMulDiag100-4         	    8468	     62731 ns/op
PASS

shortname: gonum_mat-TriMulDiag%2FBenchmarkTriMulDiag100
toolchain: LLGoFullLTO
goos: linux
goarch: amd64
pkg: gonum.org/v1/gonum/mat
cpu: Intel(R) Xeon(R) 6973P-C @ 3600.358MHz
BenchmarkTriMulDiag/BenchmarkTriMulDiag100-4         	    9778	     63699 ns/op
PASS

shortname: gonum_mat-UnmarshalVecDense10
toolchain: LLGoFullLTO
goos: linux
goarch: amd64
pkg: gonum.org/v1/gonum/mat
cpu: Intel(R) Xeon(R) 6973P-C @ 3576.216MHz
BenchmarkUnmarshalVecDense10-4   	  630703	       907.3 ns/op
PASS

shortname: gonum_mat-UnmarshalVecDense10
toolchain: LLGoFullLTO
goos: linux
goarch: amd64
pkg: gonum.org/v1/gonum/mat
cpu: Intel(R) Xeon(R) 6973P-C @ 4200.333MHz
BenchmarkUnmarshalVecDense10-4   	  603896	       884.7 ns/op
PASS

shortname: gonum_mat-UnmarshalVecDense10
toolchain: LLGoFullLTO
goos: linux
goarch: amd64
pkg: gonum.org/v1/gonum/mat
cpu: Intel(R) Xeon(R) 6973P-C @ 4200.165MHz
BenchmarkUnmarshalVecDense10-4   	  623772	       909.1 ns/op
PASS

shortname: gonum_mat-UnmarshalVecDense10
toolchain: LLGoFullLTO
goos: linux
goarch: amd64
pkg: gonum.org/v1/gonum/mat
cpu: Intel(R) Xeon(R) 6973P-C @ 3599.888MHz
BenchmarkUnmarshalVecDense10-4   	  620618	       906.6 ns/op
PASS

shortname: gonum_mat-UnmarshalVecDense10
toolchain: LLGoFullLTO
goos: linux
goarch: amd64
pkg: gonum.org/v1/gonum/mat
cpu: Intel(R) Xeon(R) 6973P-C @ 4141.405MHz
BenchmarkUnmarshalVecDense10-4   	  621916	       900.1 ns/op
PASS

shortname: gonum_topo-SortStabilizedPath_100000
toolchain: LLGoFullLTO
goos: linux
goarch: amd64
pkg: gonum.org/v1/gonum/graph/topo
cpu: Intel(R) Xeon(R) 6973P-C @ 2600.000MHz
BenchmarkSortStabilizedPath_100000-4   	       3	 225005870 ns/op
PASS

shortname: gonum_topo-SortStabilizedPath_100000
toolchain: LLGoFullLTO
goos: linux
goarch: amd64
pkg: gonum.org/v1/gonum/graph/topo
cpu: Intel(R) Xeon(R) 6973P-C @ 2600.000MHz
BenchmarkSortStabilizedPath_100000-4   	       3	 231619660 ns/op
PASS

shortname: gonum_topo-SortStabilizedPath_100000
toolchain: LLGoFullLTO
goos: linux
goarch: amd64
pkg: gonum.org/v1/gonum/graph/topo
cpu: Intel(R) Xeon(R) 6973P-C @ 2600.000MHz
BenchmarkSortStabilizedPath_100000-4   	       3	 231289509 ns/op
PASS

shortname: gonum_topo-SortStabilizedPath_100000
toolchain: LLGoFullLTO
goos: linux
goarch: amd64
pkg: gonum.org/v1/gonum/graph/topo
cpu: Intel(R) Xeon(R) 6973P-C @ 2600.000MHz
BenchmarkSortStabilizedPath_100000-4   	       3	 228117133 ns/op
PASS

shortname: gonum_topo-SortStabilizedPath_100000
toolchain: LLGoFullLTO
goos: linux
goarch: amd64
pkg: gonum.org/v1/gonum/graph/topo
cpu: Intel(R) Xeon(R) 6973P-C @ 2600.000MHz
BenchmarkSortStabilizedPath_100000-4   	       3	 232289012 ns/op
PASS

shortname: gonum_traverse-WalkAllDepthFirstGnp_100_half
toolchain: LLGoFullLTO
goos: linux
goarch: amd64
pkg: gonum.org/v1/gonum/graph/traverse
cpu: Intel(R) Xeon(R) 6973P-C @ 4197.935MHz
BenchmarkWalkAllDepthFirstGnp_100_half-4   	     795	    900792 ns/op
PASS

shortname: gonum_traverse-WalkAllDepthFirstGnp_100_half
toolchain: LLGoFullLTO
goos: linux
goarch: amd64
pkg: gonum.org/v1/gonum/graph/traverse
cpu: Intel(R) Xeon(R) 6973P-C @ 4060.031MHz
BenchmarkWalkAllDepthFirstGnp_100_half-4   	     819	    884495 ns/op
PASS

shortname: gonum_traverse-WalkAllDepthFirstGnp_100_half
toolchain: LLGoFullLTO
goos: linux
goarch: amd64
pkg: gonum.org/v1/gonum/graph/traverse
cpu: Intel(R) Xeon(R) 6973P-C @ 4200.473MHz
BenchmarkWalkAllDepthFirstGnp_100_half-4   	     805	    911056 ns/op
PASS

shortname: gonum_traverse-WalkAllDepthFirstGnp_100_half
toolchain: LLGoFullLTO
goos: linux
goarch: amd64
pkg: gonum.org/v1/gonum/graph/traverse
cpu: Intel(R) Xeon(R) 6973P-C @ 4182.284MHz
BenchmarkWalkAllDepthFirstGnp_100_half-4   	     782	    928542 ns/op
PASS

shortname: gonum_traverse-WalkAllDepthFirstGnp_100_half
toolchain: LLGoFullLTO
goos: linux
goarch: amd64
pkg: gonum.org/v1/gonum/graph/traverse
cpu: Intel(R) Xeon(R) 6973P-C @ 4200.376MHz
BenchmarkWalkAllDepthFirstGnp_100_half-4   	     804	    905427 ns/op
PASS

shortname: gproto_encoding-TextDecode
toolchain: LLGoFullLTO
goos: linux
goarch: amd64
pkg: google.golang.org/protobuf/encoding
cpu: Intel(R) Xeon(R) 6973P-C @ 4200.502MHz
BenchmarkTextDecode-4   	       6	  95421236 ns/op
PASS

shortname: gproto_encoding-TextDecode
toolchain: LLGoFullLTO
goos: linux
goarch: amd64
pkg: google.golang.org/protobuf/encoding
cpu: Intel(R) Xeon(R) 6973P-C @ 4200.291MHz
BenchmarkTextDecode-4   	       6	  84778011 ns/op
PASS

shortname: gproto_encoding-TextDecode
toolchain: LLGoFullLTO
goos: linux
goarch: amd64
pkg: google.golang.org/protobuf/encoding
cpu: Intel(R) Xeon(R) 6973P-C @ 4000.237MHz
BenchmarkTextDecode-4   	       6	  86574086 ns/op
PASS

shortname: gproto_encoding-TextDecode
toolchain: LLGoFullLTO
goos: linux
goarch: amd64
pkg: google.golang.org/protobuf/encoding
cpu: Intel(R) Xeon(R) 6973P-C @ 4199.575MHz
BenchmarkTextDecode-4   	       6	  90973500 ns/op
PASS

shortname: gproto_encoding-TextDecode
toolchain: LLGoFullLTO
goos: linux
goarch: amd64
pkg: google.golang.org/protobuf/encoding
cpu: Intel(R) Xeon(R) 6973P-C @ 4199.954MHz
BenchmarkTextDecode-4   	       6	  88424389 ns/op
PASS

shortname: gproto_json-Bool
toolchain: LLGoFullLTO
goos: linux
goarch: amd64
pkg: google.golang.org/protobuf/internal/encoding/json
cpu: Intel(R) Xeon(R) 6973P-C @ 3599.600MHz
BenchmarkBool-4   	 2176062	       282.9 ns/op
PASS

shortname: gproto_json-Bool
toolchain: LLGoFullLTO
goos: linux
goarch: amd64
pkg: google.golang.org/protobuf/internal/encoding/json
cpu: Intel(R) Xeon(R) 6973P-C @ 3633.782MHz
BenchmarkBool-4   	 2128873	       284.3 ns/op
PASS

shortname: gproto_json-Bool
toolchain: LLGoFullLTO
goos: linux
goarch: amd64
pkg: google.golang.org/protobuf/internal/encoding/json
cpu: Intel(R) Xeon(R) 6973P-C @ 4099.914MHz
BenchmarkBool-4   	 2051181	       279.5 ns/op
PASS

shortname: gproto_json-Bool
toolchain: LLGoFullLTO
goos: linux
goarch: amd64
pkg: google.golang.org/protobuf/internal/encoding/json
cpu: Intel(R) Xeon(R) 6973P-C @ 3600.610MHz
BenchmarkBool-4   	 2121567	       280.7 ns/op
PASS

shortname: gproto_json-Bool
toolchain: LLGoFullLTO
goos: linux
goarch: amd64
pkg: google.golang.org/protobuf/internal/encoding/json
cpu: Intel(R) Xeon(R) 6973P-C @ 3582.928MHz
BenchmarkBool-4   	 2074784	       287.5 ns/op
PASS

shortname: gproto_json-Int
toolchain: LLGoFullLTO
goos: linux
goarch: amd64
pkg: google.golang.org/protobuf/internal/encoding/json
cpu: Intel(R) Xeon(R) 6973P-C @ 3600.322MHz
BenchmarkInt-4   	  964210	       542.0 ns/op
PASS

shortname: gproto_json-Int
toolchain: LLGoFullLTO
goos: linux
goarch: amd64
pkg: google.golang.org/protobuf/internal/encoding/json
cpu: Intel(R) Xeon(R) 6973P-C @ 4200.544MHz
BenchmarkInt-4   	  975549	       538.0 ns/op
PASS

shortname: gproto_json-Int
toolchain: LLGoFullLTO
goos: linux
goarch: amd64
pkg: google.golang.org/protobuf/internal/encoding/json
cpu: Intel(R) Xeon(R) 6973P-C @ 3600.249MHz
BenchmarkInt-4   	  998696	       538.2 ns/op
PASS

shortname: gproto_json-Int
toolchain: LLGoFullLTO
goos: linux
goarch: amd64
pkg: google.golang.org/protobuf/internal/encoding/json
cpu: Intel(R) Xeon(R) 6973P-C @ 4200.796MHz
BenchmarkInt-4   	  957859	       541.4 ns/op
PASS

shortname: gproto_json-Int
toolchain: LLGoFullLTO
goos: linux
goarch: amd64
pkg: google.golang.org/protobuf/internal/encoding/json
cpu: Intel(R) Xeon(R) 6973P-C @ 4201.177MHz
BenchmarkInt-4   	 1141701	       567.4 ns/op
PASS

shortname: gproto_proto-Decode%2Fbasic_scalar_types_%28%2Atest.TestAllTypes%29
toolchain: LLGoFullLTO
goos: linux
goarch: amd64
pkg: google.golang.org/protobuf/proto
cpu: Intel(R) Xeon(R) 6973P-C @ 3599.885MHz
BenchmarkDecode/basic_scalar_types_(*test.TestAllTypes)-4         	   71164	      7681 ns/op
PASS

shortname: gproto_proto-Decode%2Fbasic_scalar_types_%28%2Atest.TestAllTypes%29
toolchain: LLGoFullLTO
goos: linux
goarch: amd64
pkg: google.golang.org/protobuf/proto
cpu: Intel(R) Xeon(R) 6973P-C @ 3599.997MHz
BenchmarkDecode/basic_scalar_types_(*test.TestAllTypes)-4         	   64987	      7879 ns/op
PASS

shortname: gproto_proto-Decode%2Fbasic_scalar_types_%28%2Atest.TestAllTypes%29
toolchain: LLGoFullLTO
goos: linux
goarch: amd64
pkg: google.golang.org/protobuf/proto
cpu: Intel(R) Xeon(R) 6973P-C @ 3600.430MHz
BenchmarkDecode/basic_scalar_types_(*test.TestAllTypes)-4         	   72724	      7695 ns/op
PASS

shortname: gproto_proto-Decode%2Fbasic_scalar_types_%28%2Atest.TestAllTypes%29
toolchain: LLGoFullLTO
goos: linux
goarch: amd64
pkg: google.golang.org/protobuf/proto
cpu: Intel(R) Xeon(R) 6973P-C @ 3599.781MHz
BenchmarkDecode/basic_scalar_types_(*test.TestAllTypes)-4         	   71848	      7774 ns/op
PASS

shortname: gproto_proto-Decode%2Fbasic_scalar_types_%28%2Atest.TestAllTypes%29
toolchain: LLGoFullLTO
goos: linux
goarch: amd64
pkg: google.golang.org/protobuf/proto
cpu: Intel(R) Xeon(R) 6973P-C @ 3728.488MHz
BenchmarkDecode/basic_scalar_types_(*test.TestAllTypes)-4         	   70737	      7660 ns/op
PASS

shortname: gproto_proto-Decode%2Fjust_at_recursion_limit_%28%2Atest3.TestAllTypes%29
toolchain: LLGoFullLTO
goos: linux
goarch: amd64
pkg: google.golang.org/protobuf/proto
cpu: Intel(R) Xeon(R) 6973P-C @ 4099.709MHz
BenchmarkDecode/just_at_recursion_limit_(*test3.TestAllTypes)-4         	   66656	      8479 ns/op
PASS

shortname: gproto_proto-Decode%2Fjust_at_recursion_limit_%28%2Atest3.TestAllTypes%29
toolchain: LLGoFullLTO
goos: linux
goarch: amd64
pkg: google.golang.org/protobuf/proto
cpu: Intel(R) Xeon(R) 6973P-C @ 4200.334MHz
BenchmarkDecode/just_at_recursion_limit_(*test3.TestAllTypes)-4         	   67215	      8284 ns/op
PASS

shortname: gproto_proto-Decode%2Fjust_at_recursion_limit_%28%2Atest3.TestAllTypes%29
toolchain: LLGoFullLTO
goos: linux
goarch: amd64
pkg: google.golang.org/protobuf/proto
cpu: Intel(R) Xeon(R) 6973P-C @ 3600.814MHz
BenchmarkDecode/just_at_recursion_limit_(*test3.TestAllTypes)-4         	   64633	      8556 ns/op
PASS

shortname: gproto_proto-Decode%2Fjust_at_recursion_limit_%28%2Atest3.TestAllTypes%29
toolchain: LLGoFullLTO
goos: linux
goarch: amd64
pkg: google.golang.org/protobuf/proto
cpu: Intel(R) Xeon(R) 6973P-C @ 4156.158MHz
BenchmarkDecode/just_at_recursion_limit_(*test3.TestAllTypes)-4         	   65481	      8217 ns/op
PASS

shortname: gproto_proto-Decode%2Fjust_at_recursion_limit_%28%2Atest3.TestAllTypes%29
toolchain: LLGoFullLTO
goos: linux
goarch: amd64
pkg: google.golang.org/protobuf/proto
cpu: Intel(R) Xeon(R) 6973P-C @ 4200.292MHz
BenchmarkDecode/just_at_recursion_limit_(*test3.TestAllTypes)-4         	   71586	      8197 ns/op
PASS

shortname: gproto_proto-EqualWithDeeplyNestedEqual
toolchain: LLGoFullLTO
goos: linux
goarch: amd64
pkg: google.golang.org/protobuf/proto
cpu: Intel(R) Xeon(R) 6973P-C @ 4199.996MHz
BenchmarkEqualWithDeeplyNestedEqual-4   	    1453	    428008 ns/op	  246653 B/op	       0 allocs/op
PASS

shortname: gproto_proto-EqualWithDeeplyNestedEqual
toolchain: LLGoFullLTO
goos: linux
goarch: amd64
pkg: google.golang.org/protobuf/proto
cpu: Intel(R) Xeon(R) 6973P-C @ 3600.321MHz
BenchmarkEqualWithDeeplyNestedEqual-4   	    1429	    421403 ns/op	  246656 B/op	       0 allocs/op
PASS

shortname: gproto_proto-EqualWithDeeplyNestedEqual
toolchain: LLGoFullLTO
goos: linux
goarch: amd64
pkg: google.golang.org/protobuf/proto
cpu: Intel(R) Xeon(R) 6973P-C @ 4001.307MHz
BenchmarkEqualWithDeeplyNestedEqual-4   	    1500	    408192 ns/op	  246654 B/op	       0 allocs/op
PASS

shortname: gproto_proto-EqualWithDeeplyNestedEqual
toolchain: LLGoFullLTO
goos: linux
goarch: amd64
pkg: google.golang.org/protobuf/proto
cpu: Intel(R) Xeon(R) 6973P-C @ 3599.961MHz
BenchmarkEqualWithDeeplyNestedEqual-4   	    1460	    424332 ns/op	  246656 B/op	       0 allocs/op
PASS

shortname: gproto_proto-EqualWithDeeplyNestedEqual
toolchain: LLGoFullLTO
goos: linux
goarch: amd64
pkg: google.golang.org/protobuf/proto
cpu: Intel(R) Xeon(R) 6973P-C @ 4099.246MHz
BenchmarkEqualWithDeeplyNestedEqual-4   	    1405	    419703 ns/op	  246653 B/op	       0 allocs/op
PASS

shortname: gproto_reflect-Value%2FInterface
toolchain: LLGoFullLTO
goos: linux
goarch: amd64
pkg: google.golang.org/protobuf/reflect/protoreflect
cpu: Intel(R) Xeon(R) 6973P-C @ 3600.645MHz
BenchmarkValue/Interface-4         	30870880	        19.45 ns/op	      32 B/op	       0 allocs/op
PASS

shortname: gproto_reflect-Value%2FInterface
toolchain: LLGoFullLTO
goos: linux
goarch: amd64
pkg: google.golang.org/protobuf/reflect/protoreflect
cpu: Intel(R) Xeon(R) 6973P-C @ 3927.847MHz
BenchmarkValue/Interface-4         	30159838	        20.06 ns/op	      32 B/op	       0 allocs/op
PASS

shortname: gproto_reflect-Value%2FInterface
toolchain: LLGoFullLTO
goos: linux
goarch: amd64
pkg: google.golang.org/protobuf/reflect/protoreflect
cpu: Intel(R) Xeon(R) 6973P-C @ 3600.286MHz
BenchmarkValue/Interface-4         	26920621	        19.15 ns/op	      32 B/op	       0 allocs/op
PASS

shortname: gproto_reflect-Value%2FInterface
toolchain: LLGoFullLTO
goos: linux
goarch: amd64
pkg: google.golang.org/protobuf/reflect/protoreflect
cpu: Intel(R) Xeon(R) 6973P-C @ 3472.445MHz
BenchmarkValue/Interface-4         	25141981	        20.28 ns/op	      32 B/op	       0 allocs/op
PASS

shortname: gproto_reflect-Value%2FInterface
toolchain: LLGoFullLTO
goos: linux
goarch: amd64
pkg: google.golang.org/protobuf/reflect/protoreflect
cpu: Intel(R) Xeon(R) 6973P-C @ 3600.287MHz
BenchmarkValue/Interface-4         	31802444	        19.40 ns/op	      32 B/op	       0 allocs/op
PASS

shortname: k8s_cache-EachListItemWithAlloc%2FPodList
toolchain: LLGoFullLTO
goos: linux
goarch: amd64
pkg: k8s.io/client-go/tools/cache
cpu: Intel(R) Xeon(R) 6973P-C @ 4127.238MHz
BenchmarkEachListItemWithAlloc/PodList-4         	    4838	    124387 ns/op
PASS

shortname: k8s_cache-EachListItemWithAlloc%2FPodList
toolchain: LLGoFullLTO
goos: linux
goarch: amd64
pkg: k8s.io/client-go/tools/cache
cpu: Intel(R) Xeon(R) 6973P-C @ 3601.522MHz
BenchmarkEachListItemWithAlloc/PodList-4         	    4998	    119839 ns/op
PASS

shortname: k8s_cache-EachListItemWithAlloc%2FPodList
toolchain: LLGoFullLTO
goos: linux
goarch: amd64
pkg: k8s.io/client-go/tools/cache
cpu: Intel(R) Xeon(R) 6973P-C @ 4200.925MHz
BenchmarkEachListItemWithAlloc/PodList-4         	    4969	    122963 ns/op
PASS

shortname: k8s_cache-EachListItemWithAlloc%2FPodList
toolchain: LLGoFullLTO
goos: linux
goarch: amd64
pkg: k8s.io/client-go/tools/cache
cpu: Intel(R) Xeon(R) 6973P-C @ 3770.436MHz
BenchmarkEachListItemWithAlloc/PodList-4         	    5018	    119312 ns/op
PASS

shortname: k8s_cache-EachListItemWithAlloc%2FPodList
toolchain: LLGoFullLTO
goos: linux
goarch: amd64
pkg: k8s.io/client-go/tools/cache
cpu: Intel(R) Xeon(R) 6973P-C @ 3600.644MHz
BenchmarkEachListItemWithAlloc/PodList-4         	    4771	    124181 ns/op
PASS

shortname: k8s_workqueue-DelayingQueue_AddAfter
toolchain: LLGoFullLTO
goos: linux
goarch: amd64
pkg: k8s.io/client-go/util/workqueue
cpu: Intel(R) Xeon(R) 6973P-C @ 3600.177MHz
BenchmarkDelayingQueue_AddAfter-4   	   83773	      7863 ns/op
PASS

shortname: k8s_workqueue-DelayingQueue_AddAfter
toolchain: LLGoFullLTO
goos: linux
goarch: amd64
pkg: k8s.io/client-go/util/workqueue
cpu: Intel(R) Xeon(R) 6973P-C @ 3599.961MHz
BenchmarkDelayingQueue_AddAfter-4   	   71252	      7837 ns/op
PASS

shortname: k8s_workqueue-DelayingQueue_AddAfter
toolchain: LLGoFullLTO
goos: linux
goarch: amd64
pkg: k8s.io/client-go/util/workqueue
cpu: Intel(R) Xeon(R) 6973P-C @ 3599.744MHz
BenchmarkDelayingQueue_AddAfter-4   	   84405	      7796 ns/op
PASS

shortname: k8s_workqueue-DelayingQueue_AddAfter
toolchain: LLGoFullLTO
goos: linux
goarch: amd64
pkg: k8s.io/client-go/util/workqueue
cpu: Intel(R) Xeon(R) 6973P-C @ 3602.058MHz
BenchmarkDelayingQueue_AddAfter-4   	   88898	      7855 ns/op
PASS

shortname: k8s_workqueue-DelayingQueue_AddAfter
toolchain: LLGoFullLTO
goos: linux
goarch: amd64
pkg: k8s.io/client-go/util/workqueue
cpu: Intel(R) Xeon(R) 6973P-C @ 3600.466MHz
BenchmarkDelayingQueue_AddAfter-4   	   91161	      7845 ns/op
PASS

shortname: kanzi-ANS0
toolchain: LLGoFullLTO
goos: linux
goarch: amd64
pkg: github.com/flanglet/kanzi-go/v2/benchmark
cpu: Intel(R) Xeon(R) 6973P-C @ 3768.510MHz
BenchmarkANS0-4   	     228	   2626051 ns/op
PASS

shortname: kanzi-ANS0
toolchain: LLGoFullLTO
goos: linux
goarch: amd64
pkg: github.com/flanglet/kanzi-go/v2/benchmark
cpu: Intel(R) Xeon(R) 6973P-C @ 3255.296MHz
BenchmarkANS0-4   	     226	   2629252 ns/op
PASS

shortname: kanzi-ANS0
toolchain: LLGoFullLTO
goos: linux
goarch: amd64
pkg: github.com/flanglet/kanzi-go/v2/benchmark
cpu: Intel(R) Xeon(R) 6973P-C @ 3121.675MHz
BenchmarkANS0-4   	     228	   2611413 ns/op
PASS

shortname: kanzi-ANS0
toolchain: LLGoFullLTO
goos: linux
goarch: amd64
pkg: github.com/flanglet/kanzi-go/v2/benchmark
cpu: Intel(R) Xeon(R) 6973P-C @ 4181.670MHz
BenchmarkANS0-4   	     223	   2750791 ns/op
PASS

shortname: kanzi-ANS0
toolchain: LLGoFullLTO
goos: linux
goarch: amd64
pkg: github.com/flanglet/kanzi-go/v2/benchmark
cpu: Intel(R) Xeon(R) 6973P-C @ 3506.155MHz
BenchmarkANS0-4   	     229	   2612879 ns/op
PASS

shortname: kanzi-BWTSmallBlock
toolchain: LLGoFullLTO
goos: linux
goarch: amd64
pkg: github.com/flanglet/kanzi-go/v2/benchmark
cpu: Intel(R) Xeon(R) 6973P-C @ 2600.000MHz
BenchmarkBWTSmallBlock-4   	      20	  26782117 ns/op
PASS

shortname: kanzi-BWTSmallBlock
toolchain: LLGoFullLTO
goos: linux
goarch: amd64
pkg: github.com/flanglet/kanzi-go/v2/benchmark
cpu: Intel(R) Xeon(R) 6973P-C @ 2600.000MHz
BenchmarkBWTSmallBlock-4   	      20	  26684317 ns/op
PASS

shortname: kanzi-BWTSmallBlock
toolchain: LLGoFullLTO
goos: linux
goarch: amd64
pkg: github.com/flanglet/kanzi-go/v2/benchmark
cpu: Intel(R) Xeon(R) 6973P-C @ 2600.000MHz
BenchmarkBWTSmallBlock-4   	      21	  26447623 ns/op
PASS

shortname: kanzi-BWTSmallBlock
toolchain: LLGoFullLTO
goos: linux
goarch: amd64
pkg: github.com/flanglet/kanzi-go/v2/benchmark
cpu: Intel(R) Xeon(R) 6973P-C @ 4226.919MHz
BenchmarkBWTSmallBlock-4   	      21	  26752282 ns/op
PASS

shortname: kanzi-BWTSmallBlock
toolchain: LLGoFullLTO
goos: linux
goarch: amd64
pkg: github.com/flanglet/kanzi-go/v2/benchmark
cpu: Intel(R) Xeon(R) 6973P-C @ 2600.000MHz
BenchmarkBWTSmallBlock-4   	      21	  26524555 ns/op
PASS

shortname: kanzi-CM
toolchain: LLGoFullLTO
goos: linux
goarch: amd64
pkg: github.com/flanglet/kanzi-go/v2/benchmark
cpu: Intel(R) Xeon(R) 6973P-C @ 2600.000MHz
BenchmarkCM-4   	      18	  33109798 ns/op
PASS

shortname: kanzi-CM
toolchain: LLGoFullLTO
goos: linux
goarch: amd64
pkg: github.com/flanglet/kanzi-go/v2/benchmark
cpu: Intel(R) Xeon(R) 6973P-C @ 2600.000MHz
BenchmarkCM-4   	      15	  33841158 ns/op
PASS

shortname: kanzi-CM
toolchain: LLGoFullLTO
goos: linux
goarch: amd64
pkg: github.com/flanglet/kanzi-go/v2/benchmark
cpu: Intel(R) Xeon(R) 6973P-C @ 2600.000MHz
BenchmarkCM-4   	      16	  31813668 ns/op
PASS

shortname: kanzi-CM
toolchain: LLGoFullLTO
goos: linux
goarch: amd64
pkg: github.com/flanglet/kanzi-go/v2/benchmark
cpu: Intel(R) Xeon(R) 6973P-C @ 4199.870MHz
BenchmarkCM-4   	      18	  31808156 ns/op
PASS

shortname: kanzi-CM
toolchain: LLGoFullLTO
goos: linux
goarch: amd64
pkg: github.com/flanglet/kanzi-go/v2/benchmark
cpu: Intel(R) Xeon(R) 6973P-C @ 2600.000MHz
BenchmarkCM-4   	      18	  32008821 ns/op
PASS

shortname: kanzi-Huffman
toolchain: LLGoFullLTO
goos: linux
goarch: amd64
pkg: github.com/flanglet/kanzi-go/v2/benchmark
cpu: Intel(R) Xeon(R) 6973P-C @ 3599.997MHz
BenchmarkHuffman-4   	     189	   3055781 ns/op
PASS

shortname: kanzi-Huffman
toolchain: LLGoFullLTO
goos: linux
goarch: amd64
pkg: github.com/flanglet/kanzi-go/v2/benchmark
cpu: Intel(R) Xeon(R) 6973P-C @ 3599.925MHz
BenchmarkHuffman-4   	     192	   3038430 ns/op
PASS

shortname: kanzi-Huffman
toolchain: LLGoFullLTO
goos: linux
goarch: amd64
pkg: github.com/flanglet/kanzi-go/v2/benchmark
cpu: Intel(R) Xeon(R) 6973P-C @ 4200.924MHz
BenchmarkHuffman-4   	     177	   3061962 ns/op
PASS

shortname: kanzi-Huffman
toolchain: LLGoFullLTO
goos: linux
goarch: amd64
pkg: github.com/flanglet/kanzi-go/v2/benchmark
cpu: Intel(R) Xeon(R) 6973P-C @ 4099.996MHz
BenchmarkHuffman-4   	     192	   3086672 ns/op
PASS

shortname: kanzi-Huffman
toolchain: LLGoFullLTO
goos: linux
goarch: amd64
pkg: github.com/flanglet/kanzi-go/v2/benchmark
cpu: Intel(R) Xeon(R) 6973P-C @ 3506.902MHz
BenchmarkHuffman-4   	     190	   3046077 ns/op
PASS

shortname: nelsam_gxui_interval-General
toolchain: LLGoFullLTO
goos: linux
goarch: amd64
pkg: git.sr.ht/~nelsam/gxui/interval
cpu: Intel(R) Xeon(R) 6973P-C @ 3599.780MHz
BenchmarkGeneral-4   	  542485	       960.0 ns/op
PASS

shortname: nelsam_gxui_interval-General
toolchain: LLGoFullLTO
goos: linux
goarch: amd64
pkg: git.sr.ht/~nelsam/gxui/interval
cpu: Intel(R) Xeon(R) 6973P-C @ 4099.657MHz
BenchmarkGeneral-4   	  559488	       994.3 ns/op
PASS

shortname: nelsam_gxui_interval-General
toolchain: LLGoFullLTO
goos: linux
goarch: amd64
pkg: git.sr.ht/~nelsam/gxui/interval
cpu: Intel(R) Xeon(R) 6973P-C @ 4199.786MHz
BenchmarkGeneral-4   	  627781	       911.0 ns/op
PASS

shortname: nelsam_gxui_interval-General
toolchain: LLGoFullLTO
goos: linux
goarch: amd64
pkg: git.sr.ht/~nelsam/gxui/interval
cpu: Intel(R) Xeon(R) 6973P-C @ 3601.153MHz
BenchmarkGeneral-4   	  544626	       973.3 ns/op
PASS

shortname: nelsam_gxui_interval-General
toolchain: LLGoFullLTO
goos: linux
goarch: amd64
pkg: git.sr.ht/~nelsam/gxui/interval
cpu: Intel(R) Xeon(R) 6973P-C @ 3600.820MHz
BenchmarkGeneral-4   	  574071	       975.0 ns/op
PASS

shortname: rcrowley_metrics-Histogram
toolchain: LLGoFullLTO
goos: linux
goarch: amd64
pkg: github.com/rcrowley/go-metrics
cpu: Intel(R) Xeon(R) 6973P-C @ 3599.672MHz
BenchmarkHistogram-4   	 6319814	        89.37 ns/op
PASS

shortname: rcrowley_metrics-Histogram
toolchain: LLGoFullLTO
goos: linux
goarch: amd64
pkg: github.com/rcrowley/go-metrics
cpu: Intel(R) Xeon(R) 6973P-C @ 3600.105MHz
BenchmarkHistogram-4   	 6224961	        91.66 ns/op
PASS

shortname: rcrowley_metrics-Histogram
toolchain: LLGoFullLTO
goos: linux
goarch: amd64
pkg: github.com/rcrowley/go-metrics
cpu: Intel(R) Xeon(R) 6973P-C @ 3600.069MHz
BenchmarkHistogram-4   	 6251709	        89.87 ns/op
PASS

shortname: rcrowley_metrics-Histogram
toolchain: LLGoFullLTO
goos: linux
goarch: amd64
pkg: github.com/rcrowley/go-metrics
cpu: Intel(R) Xeon(R) 6973P-C @ 4199.660MHz
BenchmarkHistogram-4   	 6304809	        89.39 ns/op
PASS

shortname: rcrowley_metrics-Histogram
toolchain: LLGoFullLTO
goos: linux
goarch: amd64
pkg: github.com/rcrowley/go-metrics
cpu: Intel(R) Xeon(R) 6973P-C @ 3600.358MHz
BenchmarkHistogram-4   	 6300399	        92.03 ns/op
PASS

shortname: rcrowley_metrics-Timer
toolchain: LLGoFullLTO
goos: linux
goarch: amd64
pkg: github.com/rcrowley/go-metrics
cpu: Intel(R) Xeon(R) 6973P-C @ 4200.164MHz
BenchmarkTimer-4   	 1126623	       527.4 ns/op
PASS

shortname: rcrowley_metrics-Timer
toolchain: LLGoFullLTO
goos: linux
goarch: amd64
pkg: github.com/rcrowley/go-metrics
cpu: Intel(R) Xeon(R) 6973P-C @ 3599.961MHz
BenchmarkTimer-4   	 1000000	       565.8 ns/op
PASS

shortname: rcrowley_metrics-Timer
toolchain: LLGoFullLTO
goos: linux
goarch: amd64
pkg: github.com/rcrowley/go-metrics
cpu: Intel(R) Xeon(R) 6973P-C @ 3600.899MHz
BenchmarkTimer-4   	  937959	       548.2 ns/op
PASS

shortname: rcrowley_metrics-Timer
toolchain: LLGoFullLTO
goos: linux
goarch: amd64
pkg: github.com/rcrowley/go-metrics
cpu: Intel(R) Xeon(R) 6973P-C @ 4200.249MHz
BenchmarkTimer-4   	 1135143	       533.6 ns/op
PASS

shortname: rcrowley_metrics-Timer
toolchain: LLGoFullLTO
goos: linux
goarch: amd64
pkg: github.com/rcrowley/go-metrics
cpu: Intel(R) Xeon(R) 6973P-C @ 3599.595MHz
BenchmarkTimer-4   	  938581	       536.1 ns/op
PASS

shortname: semver-CheckVersionRange
toolchain: LLGoFullLTO
goos: linux
goarch: amd64
pkg: github.com/Masterminds/semver/v3
cpu: Intel(R) Xeon(R) 6973P-C @ 3600.466MHz
BenchmarkCheckVersionRange-4   	 7487050	        76.69 ns/op	      64 B/op	       0 allocs/op
PASS

shortname: semver-CheckVersionRange
toolchain: LLGoFullLTO
goos: linux
goarch: amd64
pkg: github.com/Masterminds/semver/v3
cpu: Intel(R) Xeon(R) 6973P-C @ 4200.334MHz
BenchmarkCheckVersionRange-4   	 7381982	        75.51 ns/op	      64 B/op	       0 allocs/op
PASS

shortname: semver-CheckVersionRange
toolchain: LLGoFullLTO
goos: linux
goarch: amd64
pkg: github.com/Masterminds/semver/v3
cpu: Intel(R) Xeon(R) 6973P-C @ 3556.042MHz
BenchmarkCheckVersionRange-4   	 6610395	        77.51 ns/op	      64 B/op	       0 allocs/op
PASS

shortname: semver-CheckVersionRange
toolchain: LLGoFullLTO
goos: linux
goarch: amd64
pkg: github.com/Masterminds/semver/v3
cpu: Intel(R) Xeon(R) 6973P-C @ 3944.744MHz
BenchmarkCheckVersionRange-4   	 7371760	        76.35 ns/op	      64 B/op	       0 allocs/op
PASS

shortname: semver-CheckVersionRange
toolchain: LLGoFullLTO
goos: linux
goarch: amd64
pkg: github.com/Masterminds/semver/v3
cpu: Intel(R) Xeon(R) 6973P-C @ 3599.564MHz
BenchmarkCheckVersionRange-4   	 7506966	        76.91 ns/op	      64 B/op	       0 allocs/op
PASS

shortname: semver-CoerceNewVersionSimple
toolchain: LLGoFullLTO
goos: linux
goarch: amd64
pkg: github.com/Masterminds/semver/v3
cpu: Intel(R) Xeon(R) 6973P-C @ 4199.786MHz
BenchmarkCoerceNewVersionSimple-4   	 1751082	       334.0 ns/op	     432 B/op	       0 allocs/op
PASS

shortname: semver-CoerceNewVersionSimple
toolchain: LLGoFullLTO
goos: linux
goarch: amd64
pkg: github.com/Masterminds/semver/v3
cpu: Intel(R) Xeon(R) 6973P-C @ 4200.925MHz
BenchmarkCoerceNewVersionSimple-4   	 1792077	       336.3 ns/op	     432 B/op	       0 allocs/op
PASS

shortname: semver-CoerceNewVersionSimple
toolchain: LLGoFullLTO
goos: linux
goarch: amd64
pkg: github.com/Masterminds/semver/v3
cpu: Intel(R) Xeon(R) 6973P-C @ 3663.074MHz
BenchmarkCoerceNewVersionSimple-4   	 1781320	       353.3 ns/op	     432 B/op	       0 allocs/op
PASS

shortname: semver-CoerceNewVersionSimple
toolchain: LLGoFullLTO
goos: linux
goarch: amd64
pkg: github.com/Masterminds/semver/v3
cpu: Intel(R) Xeon(R) 6973P-C @ 3600.610MHz
BenchmarkCoerceNewVersionSimple-4   	 1606278	       361.6 ns/op	     432 B/op	       0 allocs/op
PASS

shortname: semver-CoerceNewVersionSimple
toolchain: LLGoFullLTO
goos: linux
goarch: amd64
pkg: github.com/Masterminds/semver/v3
cpu: Intel(R) Xeon(R) 6973P-C @ 3622.576MHz
BenchmarkCoerceNewVersionSimple-4   	 1653160	       358.4 ns/op	     432 B/op	       0 allocs/op
PASS

shortname: semver-ValidateVersionRangeFail
toolchain: LLGoFullLTO
goos: linux
goarch: amd64
pkg: github.com/Masterminds/semver/v3
cpu: Intel(R) Xeon(R) 6973P-C @ 3600.863MHz
BenchmarkValidateVersionRangeFail-4   	  242497	      2248 ns/op	    3744 B/op	       0 allocs/op
PASS

shortname: semver-ValidateVersionRangeFail
toolchain: LLGoFullLTO
goos: linux
goarch: amd64
pkg: github.com/Masterminds/semver/v3
cpu: Intel(R) Xeon(R) 6973P-C @ 3565.358MHz
BenchmarkValidateVersionRangeFail-4   	  239440	      2256 ns/op	    3744 B/op	       0 allocs/op
PASS

shortname: semver-ValidateVersionRangeFail
toolchain: LLGoFullLTO
goos: linux
goarch: amd64
pkg: github.com/Masterminds/semver/v3
cpu: Intel(R) Xeon(R) 6973P-C @ 3601.728MHz
BenchmarkValidateVersionRangeFail-4   	  243199	      2276 ns/op	    3744 B/op	       0 allocs/op
PASS

shortname: semver-ValidateVersionRangeFail
toolchain: LLGoFullLTO
goos: linux
goarch: amd64
pkg: github.com/Masterminds/semver/v3
cpu: Intel(R) Xeon(R) 6973P-C @ 3600.358MHz
BenchmarkValidateVersionRangeFail-4   	  248709	      2263 ns/op	    3744 B/op	       0 allocs/op
PASS

shortname: semver-ValidateVersionRangeFail
toolchain: LLGoFullLTO
goos: linux
goarch: amd64
pkg: github.com/Masterminds/semver/v3
cpu: Intel(R) Xeon(R) 6973P-C @ 3802.166MHz
BenchmarkValidateVersionRangeFail-4   	  238370	      2380 ns/op	    3744 B/op	       0 allocs/op
PASS

shortname: shopify_sarama-ZstdMemoryConsumption%2Fno_drain
toolchain: LLGoFullLTO
goos: linux
goarch: amd64
pkg: github.com/IBM/sarama
cpu: Intel(R) Xeon(R) 6973P-C @ 2600.000MHz
BenchmarkZstdMemoryConsumption/no_drain-4         	     406	   1430140 ns/op	   94668 B/op	       0 allocs/op
PASS

shortname: shopify_sarama-ZstdMemoryConsumption%2Fno_drain
toolchain: LLGoFullLTO
goos: linux
goarch: amd64
pkg: github.com/IBM/sarama
cpu: Intel(R) Xeon(R) 6973P-C @ 4200.375MHz
BenchmarkZstdMemoryConsumption/no_drain-4         	     420	   1392337 ns/op	   92916 B/op	       0 allocs/op
PASS

shortname: shopify_sarama-ZstdMemoryConsumption%2Fno_drain
toolchain: LLGoFullLTO
goos: linux
goarch: amd64
pkg: github.com/IBM/sarama
cpu: Intel(R) Xeon(R) 6973P-C @ 2600.000MHz
BenchmarkZstdMemoryConsumption/no_drain-4         	     422	   1380748 ns/op	   92674 B/op	       0 allocs/op
PASS

shortname: shopify_sarama-ZstdMemoryConsumption%2Fno_drain
toolchain: LLGoFullLTO
goos: linux
goarch: amd64
pkg: github.com/IBM/sarama
cpu: Intel(R) Xeon(R) 6973P-C @ 2600.000MHz
BenchmarkZstdMemoryConsumption/no_drain-4         	     436	   1331469 ns/op	   91043 B/op	       0 allocs/op
PASS

shortname: shopify_sarama-ZstdMemoryConsumption%2Fno_drain
toolchain: LLGoFullLTO
goos: linux
goarch: amd64
pkg: github.com/IBM/sarama
cpu: Intel(R) Xeon(R) 6973P-C @ 2600.000MHz
BenchmarkZstdMemoryConsumption/no_drain-4         	     415	   1387688 ns/op	   93529 B/op	       0 allocs/op
PASS

shortname: shopify_sarama-_getMetricNameForTopic
toolchain: LLGoFullLTO
goos: linux
goarch: amd64
pkg: github.com/IBM/sarama
cpu: Intel(R) Xeon(R) 6973P-C @ 4200.797MHz
Benchmark_getMetricNameForTopic-4   	 3439880	       172.9 ns/op	     128 B/op	       0 allocs/op
PASS

shortname: shopify_sarama-_getMetricNameForTopic
toolchain: LLGoFullLTO
goos: linux
goarch: amd64
pkg: github.com/IBM/sarama
cpu: Intel(R) Xeon(R) 6973P-C @ 3795.486MHz
Benchmark_getMetricNameForTopic-4   	 3511035	       172.2 ns/op	     128 B/op	       0 allocs/op
PASS

shortname: shopify_sarama-_getMetricNameForTopic
toolchain: LLGoFullLTO
goos: linux
goarch: amd64
pkg: github.com/IBM/sarama
cpu: Intel(R) Xeon(R) 6973P-C @ 3607.653MHz
Benchmark_getMetricNameForTopic-4   	 3458552	       172.7 ns/op	     128 B/op	       0 allocs/op
PASS

shortname: shopify_sarama-_getMetricNameForTopic
toolchain: LLGoFullLTO
goos: linux
goarch: amd64
pkg: github.com/IBM/sarama
cpu: Intel(R) Xeon(R) 6973P-C @ 4198.952MHz
Benchmark_getMetricNameForTopic-4   	 3608529	       168.6 ns/op	     128 B/op	       0 allocs/op
PASS

shortname: shopify_sarama-_getMetricNameForTopic
toolchain: LLGoFullLTO
goos: linux
goarch: amd64
pkg: github.com/IBM/sarama
cpu: Intel(R) Xeon(R) 6973P-C @ 4199.702MHz
Benchmark_getMetricNameForTopic-4   	 3530967	       168.7 ns/op	     128 B/op	       0 allocs/op
PASS

shortname: thriftrw_gen-RoundTrip%2FContainersOfContainers%2FDecode
toolchain: LLGoFullLTO
goos: linux
goarch: amd64
pkg: go.uber.org/thriftrw/gen
cpu: Intel(R) Xeon(R) 6973P-C @ 3599.791MHz
BenchmarkRoundTrip/ContainersOfContainers/Decode-4  	    3589	    144691 ns/op
PASS

shortname: thriftrw_gen-RoundTrip%2FContainersOfContainers%2FDecode
toolchain: LLGoFullLTO
goos: linux
goarch: amd64
pkg: go.uber.org/thriftrw/gen
cpu: Intel(R) Xeon(R) 6973P-C @ 3586.566MHz
BenchmarkRoundTrip/ContainersOfContainers/Decode-4  	    4156	    139234 ns/op
PASS

shortname: thriftrw_gen-RoundTrip%2FContainersOfContainers%2FDecode
toolchain: LLGoFullLTO
goos: linux
goarch: amd64
pkg: go.uber.org/thriftrw/gen
cpu: Intel(R) Xeon(R) 6973P-C @ 3599.456MHz
BenchmarkRoundTrip/ContainersOfContainers/Decode-4  	    4072	    134818 ns/op
PASS

shortname: thriftrw_gen-RoundTrip%2FContainersOfContainers%2FDecode
toolchain: LLGoFullLTO
goos: linux
goarch: amd64
pkg: go.uber.org/thriftrw/gen
cpu: Intel(R) Xeon(R) 6973P-C @ 3599.888MHz
BenchmarkRoundTrip/ContainersOfContainers/Decode-4  	    4161	    135650 ns/op
PASS

shortname: thriftrw_gen-RoundTrip%2FContainersOfContainers%2FDecode
toolchain: LLGoFullLTO
goos: linux
goarch: amd64
pkg: go.uber.org/thriftrw/gen
cpu: Intel(R) Xeon(R) 6973P-C @ 3599.997MHz
BenchmarkRoundTrip/ContainersOfContainers/Decode-4  	    4165	    136402 ns/op
PASS

shortname: thriftrw_gen-RoundTrip%2FContainersOfContainers%2FEncode
toolchain: LLGoFullLTO
goos: linux
goarch: amd64
pkg: go.uber.org/thriftrw/gen
cpu: Intel(R) Xeon(R) 6973P-C @ 3599.816MHz
BenchmarkRoundTrip/ContainersOfContainers/Encode-4  	    6952	     75310 ns/op
PASS

shortname: thriftrw_gen-RoundTrip%2FContainersOfContainers%2FEncode
toolchain: LLGoFullLTO
goos: linux
goarch: amd64
pkg: go.uber.org/thriftrw/gen
cpu: Intel(R) Xeon(R) 6973P-C @ 3600.179MHz
BenchmarkRoundTrip/ContainersOfContainers/Encode-4  	    6868	     74051 ns/op
PASS

shortname: thriftrw_gen-RoundTrip%2FContainersOfContainers%2FEncode
toolchain: LLGoFullLTO
goos: linux
goarch: amd64
pkg: go.uber.org/thriftrw/gen
cpu: Intel(R) Xeon(R) 6973P-C @ 3900.153MHz
BenchmarkRoundTrip/ContainersOfContainers/Encode-4  	    6835	     75147 ns/op
PASS

shortname: thriftrw_gen-RoundTrip%2FContainersOfContainers%2FEncode
toolchain: LLGoFullLTO
goos: linux
goarch: amd64
pkg: go.uber.org/thriftrw/gen
cpu: Intel(R) Xeon(R) 6973P-C @ 3599.924MHz
BenchmarkRoundTrip/ContainersOfContainers/Encode-4  	    6801	     75837 ns/op
PASS

shortname: thriftrw_gen-RoundTrip%2FContainersOfContainers%2FEncode
toolchain: LLGoFullLTO
goos: linux
goarch: amd64
pkg: go.uber.org/thriftrw/gen
cpu: Intel(R) Xeon(R) 6973P-C @ 3598.773MHz
BenchmarkRoundTrip/ContainersOfContainers/Encode-4  	    6867	     73823 ns/op
PASS

shortname: thriftrw_gen-RoundTrip%2FPrimitiveOptionalStruct%2FStreaming_Decode
toolchain: LLGoFullLTO
goos: linux
goarch: amd64
pkg: go.uber.org/thriftrw/gen
cpu: Intel(R) Xeon(R) 6973P-C @ 3945.068MHz
BenchmarkRoundTrip/PrimitiveOptionalStruct/Streaming_Decode-4         	  111156	      4760 ns/op
PASS

shortname: thriftrw_gen-RoundTrip%2FPrimitiveOptionalStruct%2FStreaming_Decode
toolchain: LLGoFullLTO
goos: linux
goarch: amd64
pkg: go.uber.org/thriftrw/gen
cpu: Intel(R) Xeon(R) 6973P-C @ 3600.286MHz
BenchmarkRoundTrip/PrimitiveOptionalStruct/Streaming_Decode-4         	  109802	      4689 ns/op
PASS

shortname: thriftrw_gen-RoundTrip%2FPrimitiveOptionalStruct%2FStreaming_Decode
toolchain: LLGoFullLTO
goos: linux
goarch: amd64
pkg: go.uber.org/thriftrw/gen
cpu: Intel(R) Xeon(R) 6973P-C @ 3599.708MHz
BenchmarkRoundTrip/PrimitiveOptionalStruct/Streaming_Decode-4         	  109521	      4796 ns/op
PASS

shortname: thriftrw_gen-RoundTrip%2FPrimitiveOptionalStruct%2FStreaming_Decode
toolchain: LLGoFullLTO
goos: linux
goarch: amd64
pkg: go.uber.org/thriftrw/gen
cpu: Intel(R) Xeon(R) 6973P-C @ 3599.734MHz
BenchmarkRoundTrip/PrimitiveOptionalStruct/Streaming_Decode-4         	  106414	      4931 ns/op
PASS

shortname: thriftrw_gen-RoundTrip%2FPrimitiveOptionalStruct%2FStreaming_Decode
toolchain: LLGoFullLTO
goos: linux
goarch: amd64
pkg: go.uber.org/thriftrw/gen
cpu: Intel(R) Xeon(R) 6973P-C @ 3600.069MHz
BenchmarkRoundTrip/PrimitiveOptionalStruct/Streaming_Decode-4         	  109230	      5074 ns/op
PASS

shortname: uber_zap-JSONLogMarshalerFunc
toolchain: LLGoFullLTO
goos: linux
goarch: amd64
pkg: go.uber.org/zap/zapcore
cpu: Intel(R) Xeon(R) 6973P-C @ 3599.090MHz
BenchmarkJSONLogMarshalerFunc-4   	  491803	      1187 ns/op
PASS

shortname: uber_zap-JSONLogMarshalerFunc
toolchain: LLGoFullLTO
goos: linux
goarch: amd64
pkg: go.uber.org/zap/zapcore
cpu: Intel(R) Xeon(R) 6973P-C @ 3600.466MHz
BenchmarkJSONLogMarshalerFunc-4   	  487827	      1206 ns/op
PASS

shortname: uber_zap-JSONLogMarshalerFunc
toolchain: LLGoFullLTO
goos: linux
goarch: amd64
pkg: go.uber.org/zap/zapcore
cpu: Intel(R) Xeon(R) 6973P-C @ 3600.286MHz
BenchmarkJSONLogMarshalerFunc-4   	  486506	      1267 ns/op
PASS

shortname: uber_zap-JSONLogMarshalerFunc
toolchain: LLGoFullLTO
goos: linux
goarch: amd64
pkg: go.uber.org/zap/zapcore
cpu: Intel(R) Xeon(R) 6973P-C @ 3599.961MHz
BenchmarkJSONLogMarshalerFunc-4   	  493358	      1185 ns/op
PASS

shortname: uber_zap-JSONLogMarshalerFunc
toolchain: LLGoFullLTO
goos: linux
goarch: amd64
pkg: go.uber.org/zap/zapcore
cpu: Intel(R) Xeon(R) 6973P-C @ 3699.997MHz
BenchmarkJSONLogMarshalerFunc-4   	  466066	      1236 ns/op
PASS

shortname: uuid-New
toolchain: LLGoFullLTO
goos: linux
goarch: amd64
pkg: github.com/google/uuid
cpu: Intel(R) Xeon(R) 6973P-C @ 3599.961MHz
BenchmarkNew-4   	 1000000	       528.6 ns/op
PASS

shortname: uuid-New
toolchain: LLGoFullLTO
goos: linux
goarch: amd64
pkg: github.com/google/uuid
cpu: Intel(R) Xeon(R) 6973P-C @ 3600.501MHz
BenchmarkNew-4   	 1000000	       503.7 ns/op
PASS

shortname: uuid-New
toolchain: LLGoFullLTO
goos: linux
goarch: amd64
pkg: github.com/google/uuid
cpu: Intel(R) Xeon(R) 6973P-C @ 3600.105MHz
BenchmarkNew-4   	 1000000	       501.1 ns/op
PASS

shortname: uuid-New
toolchain: LLGoFullLTO
goos: linux
goarch: amd64
pkg: github.com/google/uuid
cpu: Intel(R) Xeon(R) 6973P-C @ 3600.177MHz
BenchmarkNew-4   	 1000000	       500.4 ns/op
PASS

shortname: uuid-New
toolchain: LLGoFullLTO
goos: linux
goarch: amd64
pkg: github.com/google/uuid
cpu: Intel(R) Xeon(R) 6973P-C @ 3600.069MHz
BenchmarkNew-4   	 1000000	       506.3 ns/op
PASS

shortname: uuid-UUID_MarshalJSON
toolchain: LLGoFullLTO
goos: linux
goarch: amd64
pkg: github.com/google/uuid
cpu: Intel(R) Xeon(R) 6973P-C @ 3550.254MHz
BenchmarkUUID_MarshalJSON-4   	  480008	      1262 ns/op
PASS

shortname: uuid-UUID_MarshalJSON
toolchain: LLGoFullLTO
goos: linux
goarch: amd64
pkg: github.com/google/uuid
cpu: Intel(R) Xeon(R) 6973P-C @ 3600.177MHz
BenchmarkUUID_MarshalJSON-4   	  484639	      1260 ns/op
PASS

shortname: uuid-UUID_MarshalJSON
toolchain: LLGoFullLTO
goos: linux
goarch: amd64
pkg: github.com/google/uuid
cpu: Intel(R) Xeon(R) 6973P-C @ 3577.284MHz
BenchmarkUUID_MarshalJSON-4   	  483207	      1214 ns/op
PASS

shortname: uuid-UUID_MarshalJSON
toolchain: LLGoFullLTO
goos: linux
goarch: amd64
pkg: github.com/google/uuid
cpu: Intel(R) Xeon(R) 6973P-C @ 3599.672MHz
BenchmarkUUID_MarshalJSON-4   	  469468	      1284 ns/op
PASS

shortname: uuid-UUID_MarshalJSON
toolchain: LLGoFullLTO
goos: linux
goarch: amd64
pkg: github.com/google/uuid
cpu: Intel(R) Xeon(R) 6973P-C @ 3601.806MHz
BenchmarkUUID_MarshalJSON-4   	  488888	      1232 ns/op
PASS

shortname: uuid-UUID_UnmarshalJSON
toolchain: LLGoFullLTO
goos: linux
goarch: amd64
pkg: github.com/google/uuid
cpu: Intel(R) Xeon(R) 6973P-C @ 3600.177MHz
BenchmarkUUID_UnmarshalJSON-4   	  206218	      2474 ns/op
PASS

shortname: uuid-UUID_UnmarshalJSON
toolchain: LLGoFullLTO
goos: linux
goarch: amd64
pkg: github.com/google/uuid
cpu: Intel(R) Xeon(R) 6973P-C @ 3524.586MHz
BenchmarkUUID_UnmarshalJSON-4   	  202594	      2522 ns/op
PASS

shortname: uuid-UUID_UnmarshalJSON
toolchain: LLGoFullLTO
goos: linux
goarch: amd64
pkg: github.com/google/uuid
cpu: Intel(R) Xeon(R) 6973P-C @ 3600.033MHz
BenchmarkUUID_UnmarshalJSON-4   	  202963	      2589 ns/op
PASS

shortname: uuid-UUID_UnmarshalJSON
toolchain: LLGoFullLTO
goos: linux
goarch: amd64
pkg: github.com/google/uuid
cpu: Intel(R) Xeon(R) 6973P-C @ 3599.925MHz
BenchmarkUUID_UnmarshalJSON-4   	  236587	      2569 ns/op
PASS

shortname: uuid-UUID_UnmarshalJSON
toolchain: LLGoFullLTO
goos: linux
goarch: amd64
pkg: github.com/google/uuid
cpu: Intel(R) Xeon(R) 6973P-C @ 3600.394MHz
BenchmarkUUID_UnmarshalJSON-4   	  209535	      2628 ns/op
PASS

shortname: workiva_augmentedtree-AddItems
toolchain: LLGoFullLTO
goos: linux
goarch: amd64
pkg: github.com/Workiva/go-datastructures/augmentedtree
cpu: Intel(R) Xeon(R) 6973P-C @ 3600.177MHz
BenchmarkAddItems-4   	    3446	    182585 ns/op
PASS

shortname: workiva_augmentedtree-AddItems
toolchain: LLGoFullLTO
goos: linux
goarch: amd64
pkg: github.com/Workiva/go-datastructures/augmentedtree
cpu: Intel(R) Xeon(R) 6973P-C @ 3600.169MHz
BenchmarkAddItems-4   	    3376	    180851 ns/op
PASS

shortname: workiva_augmentedtree-AddItems
toolchain: LLGoFullLTO
goos: linux
goarch: amd64
pkg: github.com/Workiva/go-datastructures/augmentedtree
cpu: Intel(R) Xeon(R) 6973P-C @ 3599.708MHz
BenchmarkAddItems-4   	    3086	    192849 ns/op
PASS

shortname: workiva_augmentedtree-AddItems
toolchain: LLGoFullLTO
goos: linux
goarch: amd64
pkg: github.com/Workiva/go-datastructures/augmentedtree
cpu: Intel(R) Xeon(R) 6973P-C @ 3494.507MHz
BenchmarkAddItems-4   	    3266	    178909 ns/op
PASS

shortname: workiva_augmentedtree-AddItems
toolchain: LLGoFullLTO
goos: linux
goarch: amd64
pkg: github.com/Workiva/go-datastructures/augmentedtree
cpu: Intel(R) Xeon(R) 6973P-C @ 3599.888MHz
BenchmarkAddItems-4   	    3318	    177118 ns/op
PASS

shortname: workiva_avl-ImmutableInsert
toolchain: LLGoFullLTO
goos: linux
goarch: amd64
pkg: github.com/Workiva/go-datastructures/tree/avl
cpu: Intel(R) Xeon(R) 6973P-C @ 3599.816MHz
BenchmarkImmutableInsert-4   	  876379	      1312 ns/op
PASS

shortname: workiva_avl-ImmutableInsert
toolchain: LLGoFullLTO
goos: linux
goarch: amd64
pkg: github.com/Workiva/go-datastructures/tree/avl
cpu: Intel(R) Xeon(R) 6973P-C @ 3599.852MHz
BenchmarkImmutableInsert-4   	  842338	      1360 ns/op
PASS

shortname: workiva_avl-ImmutableInsert
toolchain: LLGoFullLTO
goos: linux
goarch: amd64
pkg: github.com/Workiva/go-datastructures/tree/avl
cpu: Intel(R) Xeon(R) 6973P-C @ 3600.466MHz
BenchmarkImmutableInsert-4   	  826530	      1396 ns/op
PASS

shortname: workiva_avl-ImmutableInsert
toolchain: LLGoFullLTO
goos: linux
goarch: amd64
pkg: github.com/Workiva/go-datastructures/tree/avl
cpu: Intel(R) Xeon(R) 6973P-C @ 3598.234MHz
BenchmarkImmutableInsert-4   	  887126	      1461 ns/op
PASS

shortname: workiva_avl-ImmutableInsert
toolchain: LLGoFullLTO
goos: linux
goarch: amd64
pkg: github.com/Workiva/go-datastructures/tree/avl
cpu: Intel(R) Xeon(R) 6973P-C @ 3459.732MHz
BenchmarkImmutableInsert-4   	  834483	      1382 ns/op
PASS

shortname: workiva_bitarray-CompressedIntersects
toolchain: LLGoFullLTO
goos: linux
goarch: amd64
pkg: github.com/Workiva/go-datastructures/bitarray
cpu: Intel(R) Xeon(R) 6973P-C @ 3600.466MHz
BenchmarkCompressedIntersects-4   	 1920258	       308.9 ns/op
PASS

shortname: workiva_bitarray-CompressedIntersects
toolchain: LLGoFullLTO
goos: linux
goarch: amd64
pkg: github.com/Workiva/go-datastructures/bitarray
cpu: Intel(R) Xeon(R) 6973P-C @ 3599.492MHz
BenchmarkCompressedIntersects-4   	 1931323	       307.4 ns/op
PASS

shortname: workiva_bitarray-CompressedIntersects
toolchain: LLGoFullLTO
goos: linux
goarch: amd64
pkg: github.com/Workiva/go-datastructures/bitarray
cpu: Intel(R) Xeon(R) 6973P-C @ 3599.852MHz
BenchmarkCompressedIntersects-4   	 1813545	       330.7 ns/op
PASS

shortname: workiva_bitarray-CompressedIntersects
toolchain: LLGoFullLTO
goos: linux
goarch: amd64
pkg: github.com/Workiva/go-datastructures/bitarray
cpu: Intel(R) Xeon(R) 6973P-C @ 3599.961MHz
BenchmarkCompressedIntersects-4   	 1927698	       309.0 ns/op
PASS

shortname: workiva_bitarray-CompressedIntersects
toolchain: LLGoFullLTO
goos: linux
goarch: amd64
pkg: github.com/Workiva/go-datastructures/bitarray
cpu: Intel(R) Xeon(R) 6973P-C @ 3600.931MHz
BenchmarkCompressedIntersects-4   	 1934467	       337.7 ns/op
PASS

shortname: workiva_hilbert-BulkUpdatePoints
toolchain: LLGoFullLTO
goos: linux
goarch: amd64
pkg: github.com/Workiva/go-datastructures/rtree/hilbert
cpu: Intel(R) Xeon(R) 6973P-C @ 3578.493MHz
BenchmarkBulkUpdatePoints-4   	     744	    774655 ns/op
PASS

shortname: workiva_hilbert-BulkUpdatePoints
toolchain: LLGoFullLTO
goos: linux
goarch: amd64
pkg: github.com/Workiva/go-datastructures/rtree/hilbert
cpu: Intel(R) Xeon(R) 6973P-C @ 3603.466MHz
BenchmarkBulkUpdatePoints-4   	     762	    766969 ns/op
PASS

shortname: workiva_hilbert-BulkUpdatePoints
toolchain: LLGoFullLTO
goos: linux
goarch: amd64
pkg: github.com/Workiva/go-datastructures/rtree/hilbert
cpu: Intel(R) Xeon(R) 6973P-C @ 3556.431MHz
BenchmarkBulkUpdatePoints-4   	     694	    787285 ns/op
PASS

shortname: workiva_hilbert-BulkUpdatePoints
toolchain: LLGoFullLTO
goos: linux
goarch: amd64
pkg: github.com/Workiva/go-datastructures/rtree/hilbert
cpu: Intel(R) Xeon(R) 6973P-C @ 3867.965MHz
BenchmarkBulkUpdatePoints-4   	     744	    760478 ns/op
PASS

shortname: workiva_hilbert-BulkUpdatePoints
toolchain: LLGoFullLTO
goos: linux
goarch: amd64
pkg: github.com/Workiva/go-datastructures/rtree/hilbert
cpu: Intel(R) Xeon(R) 6973P-C @ 3589.763MHz
BenchmarkBulkUpdatePoints-4   	     760	    756498 ns/op
PASS

shortname: workiva_queue-PriorityQueue
toolchain: LLGoFullLTO
goos: linux
goarch: amd64
pkg: github.com/Workiva/go-datastructures/queue
cpu: Intel(R) Xeon(R) 6973P-C @ 3420.281MHz
BenchmarkPriorityQueue-4   	  369050	      1456 ns/op
PASS

shortname: workiva_queue-PriorityQueue
toolchain: LLGoFullLTO
goos: linux
goarch: amd64
pkg: github.com/Workiva/go-datastructures/queue
cpu: Intel(R) Xeon(R) 6973P-C @ 3600.829MHz
BenchmarkPriorityQueue-4   	  397425	      1380 ns/op
PASS

shortname: workiva_queue-PriorityQueue
toolchain: LLGoFullLTO
goos: linux
goarch: amd64
pkg: github.com/Workiva/go-datastructures/queue
cpu: Intel(R) Xeon(R) 6973P-C @ 3599.997MHz
BenchmarkPriorityQueue-4   	  397460	      1469 ns/op
PASS

shortname: workiva_queue-PriorityQueue
toolchain: LLGoFullLTO
goos: linux
goarch: amd64
pkg: github.com/Workiva/go-datastructures/queue
cpu: Intel(R) Xeon(R) 6973P-C @ 3600.538MHz
BenchmarkPriorityQueue-4   	  447778	      1392 ns/op
PASS

shortname: workiva_queue-PriorityQueue
toolchain: LLGoFullLTO
goos: linux
goarch: amd64
pkg: github.com/Workiva/go-datastructures/queue
cpu: Intel(R) Xeon(R) 6973P-C @ 3600.539MHz
BenchmarkPriorityQueue-4   	  422540	      1398 ns/op
PASS

shortname: workiva_rangetree-Apply
toolchain: LLGoFullLTO
goos: linux
goarch: amd64
pkg: github.com/Workiva/go-datastructures/rangetree
cpu: Intel(R) Xeon(R) 6973P-C @ 3600.394MHz
BenchmarkApply-4   	    4461	    130782 ns/op
PASS

shortname: workiva_rangetree-Apply
toolchain: LLGoFullLTO
goos: linux
goarch: amd64
pkg: github.com/Workiva/go-datastructures/rangetree
cpu: Intel(R) Xeon(R) 6973P-C @ 3599.202MHz
BenchmarkApply-4   	    4515	    132985 ns/op
PASS

shortname: workiva_rangetree-Apply
toolchain: LLGoFullLTO
goos: linux
goarch: amd64
pkg: github.com/Workiva/go-datastructures/rangetree
cpu: Intel(R) Xeon(R) 6973P-C @ 3600.231MHz
BenchmarkApply-4   	    3726	    136232 ns/op
PASS

shortname: workiva_rangetree-Apply
toolchain: LLGoFullLTO
goos: linux
goarch: amd64
pkg: github.com/Workiva/go-datastructures/rangetree
cpu: Intel(R) Xeon(R) 6973P-C @ 3599.707MHz
BenchmarkApply-4   	    4477	    135450 ns/op
PASS

shortname: workiva_rangetree-Apply
toolchain: LLGoFullLTO
goos: linux
goarch: amd64
pkg: github.com/Workiva/go-datastructures/rangetree
cpu: Intel(R) Xeon(R) 6973P-C @ 3600.466MHz
BenchmarkApply-4   	    4392	    135821 ns/op
PASS

shortname: workiva_rangetree-ImmutableInsertSecondDimension
toolchain: LLGoFullLTO
goos: linux
goarch: amd64
pkg: github.com/Workiva/go-datastructures/rangetree
cpu: Intel(R) Xeon(R) 6973P-C @ 3599.671MHz
BenchmarkImmutableInsertSecondDimension-4   	      15	  37830874 ns/op
PASS

shortname: workiva_rangetree-ImmutableInsertSecondDimension
toolchain: LLGoFullLTO
goos: linux
goarch: amd64
pkg: github.com/Workiva/go-datastructures/rangetree
cpu: Intel(R) Xeon(R) 6973P-C @ 4200.081MHz
BenchmarkImmutableInsertSecondDimension-4   	      18	  34568202 ns/op
PASS

shortname: workiva_rangetree-ImmutableInsertSecondDimension
toolchain: LLGoFullLTO
goos: linux
goarch: amd64
pkg: github.com/Workiva/go-datastructures/rangetree
cpu: Intel(R) Xeon(R) 6973P-C @ 3912.906MHz
BenchmarkImmutableInsertSecondDimension-4   	      16	  34166428 ns/op
PASS

shortname: workiva_rangetree-ImmutableInsertSecondDimension
toolchain: LLGoFullLTO
goos: linux
goarch: amd64
pkg: github.com/Workiva/go-datastructures/rangetree
cpu: Intel(R) Xeon(R) 6973P-C @ 3632.264MHz
BenchmarkImmutableInsertSecondDimension-4   	      16	  33864028 ns/op
PASS

shortname: workiva_rangetree-ImmutableInsertSecondDimension
toolchain: LLGoFullLTO
goos: linux
goarch: amd64
pkg: github.com/Workiva/go-datastructures/rangetree
cpu: Intel(R) Xeon(R) 6973P-C @ 4199.786MHz
BenchmarkImmutableInsertSecondDimension-4   	      18	  35078151 ns/op
PASS

shortname: workiva_set-Clear
toolchain: LLGoFullLTO
goos: linux
goarch: amd64
pkg: github.com/Workiva/go-datastructures/set
cpu: Intel(R) Xeon(R) 6973P-C @ 4110.505MHz
BenchmarkClear-4   	 8585743	        66.52 ns/op
PASS

shortname: workiva_set-Clear
toolchain: LLGoFullLTO
goos: linux
goarch: amd64
pkg: github.com/Workiva/go-datastructures/set
cpu: Intel(R) Xeon(R) 6973P-C @ 3599.889MHz
BenchmarkClear-4   	 7843076	        67.32 ns/op
PASS

shortname: workiva_set-Clear
toolchain: LLGoFullLTO
goos: linux
goarch: amd64
pkg: github.com/Workiva/go-datastructures/set
cpu: Intel(R) Xeon(R) 6973P-C @ 3599.925MHz
BenchmarkClear-4   	 8645091	        70.39 ns/op
PASS

shortname: workiva_set-Clear
toolchain: LLGoFullLTO
goos: linux
goarch: amd64
pkg: github.com/Workiva/go-datastructures/set
cpu: Intel(R) Xeon(R) 6973P-C @ 3685.807MHz
BenchmarkClear-4   	 8735185	        67.00 ns/op
PASS

shortname: workiva_set-Clear
toolchain: LLGoFullLTO
goos: linux
goarch: amd64
pkg: github.com/Workiva/go-datastructures/set
cpu: Intel(R) Xeon(R) 6973P-C @ 3600.069MHz
BenchmarkClear-4   	 7854476	        68.08 ns/op
PASS

shortname: workiva_set-Exists
toolchain: LLGoFullLTO
goos: linux
goarch: amd64
pkg: github.com/Workiva/go-datastructures/set
cpu: Intel(R) Xeon(R) 6973P-C @ 4199.996MHz
BenchmarkExists-4   	10593547	        52.47 ns/op
PASS

shortname: workiva_set-Exists
toolchain: LLGoFullLTO
goos: linux
goarch: amd64
pkg: github.com/Workiva/go-datastructures/set
cpu: Intel(R) Xeon(R) 6973P-C @ 4075.265MHz
BenchmarkExists-4   	10556785	        52.34 ns/op
PASS

shortname: workiva_set-Exists
toolchain: LLGoFullLTO
goos: linux
goarch: amd64
pkg: github.com/Workiva/go-datastructures/set
cpu: Intel(R) Xeon(R) 6973P-C @ 4100.119MHz
BenchmarkExists-4   	10597822	        58.16 ns/op
PASS

shortname: workiva_set-Exists
toolchain: LLGoFullLTO
goos: linux
goarch: amd64
pkg: github.com/Workiva/go-datastructures/set
cpu: Intel(R) Xeon(R) 6973P-C @ 3599.997MHz
BenchmarkExists-4   	 9705348	        57.87 ns/op
PASS

shortname: workiva_set-Exists
toolchain: LLGoFullLTO
goos: linux
goarch: amd64
pkg: github.com/Workiva/go-datastructures/set
cpu: Intel(R) Xeon(R) 6973P-C @ 3599.888MHz
BenchmarkExists-4   	10553576	        53.47 ns/op
PASS

shortname: workiva_triey-Iterator
toolchain: LLGoFullLTO
goos: linux
goarch: amd64
pkg: github.com/Workiva/go-datastructures/trie/yfast
cpu: Intel(R) Xeon(R) 6973P-C @ 3599.708MHz
BenchmarkIterator-4   	  537096	      1066 ns/op
PASS

shortname: workiva_triey-Iterator
toolchain: LLGoFullLTO
goos: linux
goarch: amd64
pkg: github.com/Workiva/go-datastructures/trie/yfast
cpu: Intel(R) Xeon(R) 6973P-C @ 3600.900MHz
BenchmarkIterator-4   	  558450	      1041 ns/op
PASS

shortname: workiva_triey-Iterator
toolchain: LLGoFullLTO
goos: linux
goarch: amd64
pkg: github.com/Workiva/go-datastructures/trie/yfast
cpu: Intel(R) Xeon(R) 6973P-C @ 3585.864MHz
BenchmarkIterator-4   	  604980	       940.6 ns/op
PASS

shortname: workiva_triey-Iterator
toolchain: LLGoFullLTO
goos: linux
goarch: amd64
pkg: github.com/Workiva/go-datastructures/trie/yfast
cpu: Intel(R) Xeon(R) 6973P-C @ 3600.105MHz
BenchmarkIterator-4   	  572038	       943.8 ns/op
PASS

shortname: workiva_triey-Iterator
toolchain: LLGoFullLTO
goos: linux
goarch: amd64
pkg: github.com/Workiva/go-datastructures/trie/yfast
cpu: Intel(R) Xeon(R) 6973P-C @ 3599.997MHz
BenchmarkIterator-4   	  629247	       940.5 ns/op
PASS
