
shortname: benhoyt_goawk-BuiltinGsubAmpersand
toolchain: LLGo
goos: linux
goarch: amd64
pkg: github.com/benhoyt/goawk/interp
cpu: Intel(R) Xeon(R) 6973P-C @ 4199.869MHz
BenchmarkBuiltinGsubAmpersand-4   	   16827	     35459 ns/op
PASS

shortname: benhoyt_goawk-BuiltinGsubAmpersand
toolchain: LLGo
goos: linux
goarch: amd64
pkg: github.com/benhoyt/goawk/interp
cpu: Intel(R) Xeon(R) 6973P-C @ 3600.610MHz
BenchmarkBuiltinGsubAmpersand-4   	   15408	     36727 ns/op
PASS

shortname: benhoyt_goawk-BuiltinGsubAmpersand
toolchain: LLGo
goos: linux
goarch: amd64
pkg: github.com/benhoyt/goawk/interp
cpu: Intel(R) Xeon(R) 6973P-C @ 3721.312MHz
BenchmarkBuiltinGsubAmpersand-4   	   16776	     35972 ns/op
PASS

shortname: benhoyt_goawk-BuiltinGsubAmpersand
toolchain: LLGo
goos: linux
goarch: amd64
pkg: github.com/benhoyt/goawk/interp
cpu: Intel(R) Xeon(R) 6973P-C @ 3581.213MHz
BenchmarkBuiltinGsubAmpersand-4   	   16287	     35556 ns/op
PASS

shortname: benhoyt_goawk-BuiltinGsubAmpersand
toolchain: LLGo
goos: linux
goarch: amd64
pkg: github.com/benhoyt/goawk/interp
cpu: Intel(R) Xeon(R) 6973P-C @ 4199.870MHz
BenchmarkBuiltinGsubAmpersand-4   	   16598	     35168 ns/op
PASS

shortname: benhoyt_goawk-NativeFunc
toolchain: LLGo
goos: linux
goarch: amd64
pkg: github.com/benhoyt/goawk/interp
cpu: Intel(R) Xeon(R) 6973P-C @ 3600.033MHz
BenchmarkNativeFunc-4   	   24410	     25351 ns/op
PASS

shortname: benhoyt_goawk-NativeFunc
toolchain: LLGo
goos: linux
goarch: amd64
pkg: github.com/benhoyt/goawk/interp
cpu: Intel(R) Xeon(R) 6973P-C @ 3599.636MHz
BenchmarkNativeFunc-4   	   23828	     24796 ns/op
PASS

shortname: benhoyt_goawk-NativeFunc
toolchain: LLGo
goos: linux
goarch: amd64
pkg: github.com/benhoyt/goawk/interp
cpu: Intel(R) Xeon(R) 6973P-C @ 3600.033MHz
BenchmarkNativeFunc-4   	   22598	     25346 ns/op
PASS

shortname: benhoyt_goawk-NativeFunc
toolchain: LLGo
goos: linux
goarch: amd64
pkg: github.com/benhoyt/goawk/interp
cpu: Intel(R) Xeon(R) 6973P-C @ 3989.515MHz
BenchmarkNativeFunc-4   	   24016	     24596 ns/op
PASS

shortname: benhoyt_goawk-NativeFunc
toolchain: LLGo
goos: linux
goarch: amd64
pkg: github.com/benhoyt/goawk/interp
cpu: Intel(R) Xeon(R) 6973P-C @ 4181.854MHz
BenchmarkNativeFunc-4   	   24066	     23790 ns/op
PASS

shortname: benhoyt_goawk-RecursiveFunc
toolchain: LLGo
goos: linux
goarch: amd64
pkg: github.com/benhoyt/goawk/interp
cpu: Intel(R) Xeon(R) 6973P-C @ 4144.463MHz
BenchmarkRecursiveFunc-4   	   23396	     25048 ns/op
PASS

shortname: benhoyt_goawk-RecursiveFunc
toolchain: LLGo
goos: linux
goarch: amd64
pkg: github.com/benhoyt/goawk/interp
cpu: Intel(R) Xeon(R) 6973P-C @ 3600.394MHz
BenchmarkRecursiveFunc-4   	   23636	     25275 ns/op
PASS

shortname: benhoyt_goawk-RecursiveFunc
toolchain: LLGo
goos: linux
goarch: amd64
pkg: github.com/benhoyt/goawk/interp
cpu: Intel(R) Xeon(R) 6973P-C @ 4200.333MHz
BenchmarkRecursiveFunc-4   	   23460	     25015 ns/op
PASS

shortname: benhoyt_goawk-RecursiveFunc
toolchain: LLGo
goos: linux
goarch: amd64
pkg: github.com/benhoyt/goawk/interp
cpu: Intel(R) Xeon(R) 6973P-C @ 3918.130MHz
BenchmarkRecursiveFunc-4   	   22561	     26878 ns/op
PASS

shortname: benhoyt_goawk-RecursiveFunc
toolchain: LLGo
goos: linux
goarch: amd64
pkg: github.com/benhoyt/goawk/interp
cpu: Intel(R) Xeon(R) 6973P-C @ 4100.037MHz
BenchmarkRecursiveFunc-4   	   23226	     25331 ns/op
PASS

shortname: benhoyt_goawk-SimpleBuiltins
toolchain: LLGo
goos: linux
goarch: amd64
pkg: github.com/benhoyt/goawk/interp
cpu: Intel(R) Xeon(R) 6973P-C @ 3943.121MHz
BenchmarkSimpleBuiltins-4   	  314895	      1797 ns/op
PASS

shortname: benhoyt_goawk-SimpleBuiltins
toolchain: LLGo
goos: linux
goarch: amd64
pkg: github.com/benhoyt/goawk/interp
cpu: Intel(R) Xeon(R) 6973P-C @ 3600.069MHz
BenchmarkSimpleBuiltins-4   	  319858	      1791 ns/op
PASS

shortname: benhoyt_goawk-SimpleBuiltins
toolchain: LLGo
goos: linux
goarch: amd64
pkg: github.com/benhoyt/goawk/interp
cpu: Intel(R) Xeon(R) 6973P-C @ 3600.213MHz
BenchmarkSimpleBuiltins-4   	  289611	      1910 ns/op
PASS

shortname: benhoyt_goawk-SimpleBuiltins
toolchain: LLGo
goos: linux
goarch: amd64
pkg: github.com/benhoyt/goawk/interp
cpu: Intel(R) Xeon(R) 6973P-C @ 4200.586MHz
BenchmarkSimpleBuiltins-4   	  320462	      1803 ns/op
PASS

shortname: benhoyt_goawk-SimpleBuiltins
toolchain: LLGo
goos: linux
goarch: amd64
pkg: github.com/benhoyt/goawk/interp
cpu: Intel(R) Xeon(R) 6973P-C @ 3999.702MHz
BenchmarkSimpleBuiltins-4   	  314149	      1807 ns/op
PASS

shortname: bloom_bits-BitSetExtractDeposit%2Fsize%3D64%2Ffn%3DDepositTo
toolchain: LLGo
goos: linux
goarch: amd64
pkg: github.com/bits-and-blooms/bitset
cpu: Intel(R) Xeon(R) 6973P-C @ 3600.105MHz
BenchmarkBitSetExtractDeposit/size=64/fn=DepositTo-4         	16223350	        35.76 ns/op	       0 B/op	       0 allocs/op
PASS

shortname: bloom_bits-BitSetExtractDeposit%2Fsize%3D64%2Ffn%3DDepositTo
toolchain: LLGo
goos: linux
goarch: amd64
pkg: github.com/bits-and-blooms/bitset
cpu: Intel(R) Xeon(R) 6973P-C @ 3599.708MHz
BenchmarkBitSetExtractDeposit/size=64/fn=DepositTo-4         	16812590	        35.83 ns/op	       0 B/op	       0 allocs/op
PASS

shortname: bloom_bits-BitSetExtractDeposit%2Fsize%3D64%2Ffn%3DDepositTo
toolchain: LLGo
goos: linux
goarch: amd64
pkg: github.com/bits-and-blooms/bitset
cpu: Intel(R) Xeon(R) 6973P-C @ 3600.250MHz
BenchmarkBitSetExtractDeposit/size=64/fn=DepositTo-4         	16465000	        35.93 ns/op	       0 B/op	       0 allocs/op
PASS

shortname: bloom_bits-BitSetExtractDeposit%2Fsize%3D64%2Ffn%3DDepositTo
toolchain: LLGo
goos: linux
goarch: amd64
pkg: github.com/bits-and-blooms/bitset
cpu: Intel(R) Xeon(R) 6973P-C @ 3600.033MHz
BenchmarkBitSetExtractDeposit/size=64/fn=DepositTo-4         	16328346	        36.21 ns/op	       0 B/op	       0 allocs/op
PASS

shortname: bloom_bits-BitSetExtractDeposit%2Fsize%3D64%2Ffn%3DDepositTo
toolchain: LLGo
goos: linux
goarch: amd64
pkg: github.com/bits-and-blooms/bitset
cpu: Intel(R) Xeon(R) 6973P-C @ 3599.997MHz
BenchmarkBitSetExtractDeposit/size=64/fn=DepositTo-4         	16219387	        38.25 ns/op	       0 B/op	       0 allocs/op
PASS

shortname: capnproto2-Growth_MultiSegment
toolchain: LLGo
goos: linux
goarch: amd64
pkg: zombiezen.com/go/capnproto2
cpu: Intel(R) Xeon(R) 6973P-C @ 3999.756MHz
BenchmarkGrowth_MultiSegment-4   	      24	  23568270 ns/op	  44.49 MB/s	 8311526 B/op	       0 allocs/op
PASS

shortname: capnproto2-Growth_MultiSegment
toolchain: LLGo
goos: linux
goarch: amd64
pkg: zombiezen.com/go/capnproto2
cpu: Intel(R) Xeon(R) 6973P-C @ 2600.000MHz
BenchmarkGrowth_MultiSegment-4   	      26	  23988856 ns/op	  43.71 MB/s	 8311233 B/op	       0 allocs/op
PASS

shortname: capnproto2-Growth_MultiSegment
toolchain: LLGo
goos: linux
goarch: amd64
pkg: zombiezen.com/go/capnproto2
cpu: Intel(R) Xeon(R) 6973P-C @ 4200.123MHz
BenchmarkGrowth_MultiSegment-4   	      25	  22485686 ns/op	  46.63 MB/s	 8311240 B/op	       0 allocs/op
PASS

shortname: capnproto2-Growth_MultiSegment
toolchain: LLGo
goos: linux
goarch: amd64
pkg: zombiezen.com/go/capnproto2
cpu: Intel(R) Xeon(R) 6973P-C @ 4198.392MHz
BenchmarkGrowth_MultiSegment-4   	      25	  22750685 ns/op	  46.09 MB/s	 8311702 B/op	       0 allocs/op
PASS

shortname: capnproto2-Growth_MultiSegment
toolchain: LLGo
goos: linux
goarch: amd64
pkg: zombiezen.com/go/capnproto2
cpu: Intel(R) Xeon(R) 6973P-C @ 2600.000MHz
BenchmarkGrowth_MultiSegment-4   	      25	  22513869 ns/op	  46.58 MB/s	 8310905 B/op	       0 allocs/op
PASS

shortname: capnproto2-Unmarshal_Reuse
toolchain: LLGo
goos: linux
goarch: amd64
pkg: zombiezen.com/go/capnproto2
cpu: Intel(R) Xeon(R) 6973P-C @ 3573.096MHz
BenchmarkUnmarshal_Reuse-4   	  767638	       802.2 ns/op	     272 B/op	       0 allocs/op
PASS

shortname: capnproto2-Unmarshal_Reuse
toolchain: LLGo
goos: linux
goarch: amd64
pkg: zombiezen.com/go/capnproto2
cpu: Intel(R) Xeon(R) 6973P-C @ 3600.720MHz
BenchmarkUnmarshal_Reuse-4   	  697242	       787.1 ns/op	     272 B/op	       0 allocs/op
PASS

shortname: capnproto2-Unmarshal_Reuse
toolchain: LLGo
goos: linux
goarch: amd64
pkg: zombiezen.com/go/capnproto2
cpu: Intel(R) Xeon(R) 6973P-C @ 3600.321MHz
BenchmarkUnmarshal_Reuse-4   	  719871	       794.5 ns/op	     272 B/op	       0 allocs/op
PASS

shortname: capnproto2-Unmarshal_Reuse
toolchain: LLGo
goos: linux
goarch: amd64
pkg: zombiezen.com/go/capnproto2
cpu: Intel(R) Xeon(R) 6973P-C @ 3599.492MHz
BenchmarkUnmarshal_Reuse-4   	  683857	       805.9 ns/op	     272 B/op	       0 allocs/op
PASS

shortname: capnproto2-Unmarshal_Reuse
toolchain: LLGo
goos: linux
goarch: amd64
pkg: zombiezen.com/go/capnproto2
cpu: Intel(R) Xeon(R) 6973P-C @ 3600.575MHz
BenchmarkUnmarshal_Reuse-4   	  773352	       795.5 ns/op	     272 B/op	       0 allocs/op
PASS

shortname: commonmark_markdown-RenderSpecNoHTML
toolchain: LLGo
goos: linux
goarch: amd64
pkg: gitlab.com/golang-commonmark/markdown
cpu: Intel(R) Xeon(R) 6973P-C @ 4200.207MHz
BenchmarkRenderSpecNoHTML-4   	      63	   9348538 ns/op
PASS

shortname: commonmark_markdown-RenderSpecNoHTML
toolchain: LLGo
goos: linux
goarch: amd64
pkg: gitlab.com/golang-commonmark/markdown
cpu: Intel(R) Xeon(R) 6973P-C @ 4150.666MHz
BenchmarkRenderSpecNoHTML-4   	      58	   9384241 ns/op
PASS

shortname: commonmark_markdown-RenderSpecNoHTML
toolchain: LLGo
goos: linux
goarch: amd64
pkg: gitlab.com/golang-commonmark/markdown
cpu: Intel(R) Xeon(R) 6973P-C @ 4037.487MHz
BenchmarkRenderSpecNoHTML-4   	      60	   9440324 ns/op
PASS

shortname: commonmark_markdown-RenderSpecNoHTML
toolchain: LLGo
goos: linux
goarch: amd64
pkg: gitlab.com/golang-commonmark/markdown
cpu: Intel(R) Xeon(R) 6973P-C @ 3600.141MHz
BenchmarkRenderSpecNoHTML-4   	      57	   9388766 ns/op
PASS

shortname: commonmark_markdown-RenderSpecNoHTML
toolchain: LLGo
goos: linux
goarch: amd64
pkg: gitlab.com/golang-commonmark/markdown
cpu: Intel(R) Xeon(R) 6973P-C @ 4121.913MHz
BenchmarkRenderSpecNoHTML-4   	      56	   9546888 ns/op
PASS

shortname: dustin_broadcast-ParallelBrodcast
toolchain: LLGo
goos: linux
goarch: amd64
pkg: github.com/dustin/go-broadcast
cpu: Intel(R) Xeon(R) 6973P-C @ 3460.321MHz
BenchmarkParallelBrodcast-4   	   19347	     28492 ns/op
PASS

shortname: dustin_broadcast-ParallelBrodcast
toolchain: LLGo
goos: linux
goarch: amd64
pkg: github.com/dustin/go-broadcast
cpu: Intel(R) Xeon(R) 6973P-C @ 3534.768MHz
BenchmarkParallelBrodcast-4   	   20090	     28960 ns/op
PASS

shortname: dustin_broadcast-ParallelBrodcast
toolchain: LLGo
goos: linux
goarch: amd64
pkg: github.com/dustin/go-broadcast
cpu: Intel(R) Xeon(R) 6973P-C @ 3600.177MHz
BenchmarkParallelBrodcast-4   	   17568	     34134 ns/op
PASS

shortname: dustin_broadcast-ParallelBrodcast
toolchain: LLGo
goos: linux
goarch: amd64
pkg: github.com/dustin/go-broadcast
cpu: Intel(R) Xeon(R) 6973P-C @ 3577.262MHz
BenchmarkParallelBrodcast-4   	   16020	     31797 ns/op
PASS

shortname: dustin_broadcast-ParallelBrodcast
toolchain: LLGo
goos: linux
goarch: amd64
pkg: github.com/dustin/go-broadcast
cpu: Intel(R) Xeon(R) 6973P-C @ 3511.966MHz
BenchmarkParallelBrodcast-4   	   20144	     28461 ns/op
PASS

shortname: dustin_humanize-BigCommas
toolchain: LLGo
goos: linux
goarch: amd64
pkg: github.com/dustin/go-humanize
cpu: Intel(R) Xeon(R) 6973P-C @ 4100.037MHz
BenchmarkBigCommas-4   	  330074	      1764 ns/op
PASS

shortname: dustin_humanize-BigCommas
toolchain: LLGo
goos: linux
goarch: amd64
pkg: github.com/dustin/go-humanize
cpu: Intel(R) Xeon(R) 6973P-C @ 3600.105MHz
BenchmarkBigCommas-4   	  305586	      1811 ns/op
PASS

shortname: dustin_humanize-BigCommas
toolchain: LLGo
goos: linux
goarch: amd64
pkg: github.com/dustin/go-humanize
cpu: Intel(R) Xeon(R) 6973P-C @ 4200.081MHz
BenchmarkBigCommas-4   	  330523	      1766 ns/op
PASS

shortname: dustin_humanize-BigCommas
toolchain: LLGo
goos: linux
goarch: amd64
pkg: github.com/dustin/go-humanize
cpu: Intel(R) Xeon(R) 6973P-C @ 4199.996MHz
BenchmarkBigCommas-4   	  323907	      1758 ns/op
PASS

shortname: dustin_humanize-BigCommas
toolchain: LLGo
goos: linux
goarch: amd64
pkg: github.com/dustin/go-humanize
cpu: Intel(R) Xeon(R) 6973P-C @ 3600.393MHz
BenchmarkBigCommas-4   	  324789	      1765 ns/op
PASS

shortname: dustin_humanize-Commaf
toolchain: LLGo
goos: linux
goarch: amd64
pkg: github.com/dustin/go-humanize
cpu: Intel(R) Xeon(R) 6973P-C @ 3600.683MHz
BenchmarkCommaf-4   	  582188	       952.1 ns/op
PASS

shortname: dustin_humanize-Commaf
toolchain: LLGo
goos: linux
goarch: amd64
pkg: github.com/dustin/go-humanize
cpu: Intel(R) Xeon(R) 6973P-C @ 4200.502MHz
BenchmarkCommaf-4   	  569899	       948.4 ns/op
PASS

shortname: dustin_humanize-Commaf
toolchain: LLGo
goos: linux
goarch: amd64
pkg: github.com/dustin/go-humanize
cpu: Intel(R) Xeon(R) 6973P-C @ 3600.069MHz
BenchmarkCommaf-4   	  581418	       932.8 ns/op
PASS

shortname: dustin_humanize-Commaf
toolchain: LLGo
goos: linux
goarch: amd64
pkg: github.com/dustin/go-humanize
cpu: Intel(R) Xeon(R) 6973P-C @ 4200.291MHz
BenchmarkCommaf-4   	  625038	       943.0 ns/op
PASS

shortname: dustin_humanize-Commaf
toolchain: LLGo
goos: linux
goarch: amd64
pkg: github.com/dustin/go-humanize
cpu: Intel(R) Xeon(R) 6973P-C @ 3882.566MHz
BenchmarkCommaf-4   	  557876	       982.5 ns/op
PASS

shortname: dustin_humanize-ParseBytes
toolchain: LLGo
goos: linux
goarch: amd64
pkg: github.com/dustin/go-humanize
cpu: Intel(R) Xeon(R) 6973P-C @ 3599.924MHz
BenchmarkParseBytes-4   	 2178451	       286.5 ns/op
PASS

shortname: dustin_humanize-ParseBytes
toolchain: LLGo
goos: linux
goarch: amd64
pkg: github.com/dustin/go-humanize
cpu: Intel(R) Xeon(R) 6973P-C @ 3750.917MHz
BenchmarkParseBytes-4   	 2230477	       264.2 ns/op
PASS

shortname: dustin_humanize-ParseBytes
toolchain: LLGo
goos: linux
goarch: amd64
pkg: github.com/dustin/go-humanize
cpu: Intel(R) Xeon(R) 6973P-C @ 3600.358MHz
BenchmarkParseBytes-4   	 2213318	       268.6 ns/op
PASS

shortname: dustin_humanize-ParseBytes
toolchain: LLGo
goos: linux
goarch: amd64
pkg: github.com/dustin/go-humanize
cpu: Intel(R) Xeon(R) 6973P-C @ 4000.277MHz
BenchmarkParseBytes-4   	 2244276	       279.8 ns/op
PASS

shortname: dustin_humanize-ParseBytes
toolchain: LLGo
goos: linux
goarch: amd64
pkg: github.com/dustin/go-humanize
cpu: Intel(R) Xeon(R) 6973P-C @ 3593.310MHz
BenchmarkParseBytes-4   	 2208602	       266.9 ns/op
PASS

shortname: dustin_humanize-ParseSI
toolchain: LLGo
goos: linux
goarch: amd64
pkg: github.com/dustin/go-humanize
cpu: Intel(R) Xeon(R) 6973P-C @ 3600.249MHz
BenchmarkParseSI-4   	  406222	      1295 ns/op
PASS

shortname: dustin_humanize-ParseSI
toolchain: LLGo
goos: linux
goarch: amd64
pkg: github.com/dustin/go-humanize
cpu: Intel(R) Xeon(R) 6973P-C @ 3600.322MHz
BenchmarkParseSI-4   	  404911	      1296 ns/op
PASS

shortname: dustin_humanize-ParseSI
toolchain: LLGo
goos: linux
goarch: amd64
pkg: github.com/dustin/go-humanize
cpu: Intel(R) Xeon(R) 6973P-C @ 4199.996MHz
BenchmarkParseSI-4   	  425797	      1289 ns/op
PASS

shortname: dustin_humanize-ParseSI
toolchain: LLGo
goos: linux
goarch: amd64
pkg: github.com/dustin/go-humanize
cpu: Intel(R) Xeon(R) 6973P-C @ 3736.975MHz
BenchmarkParseSI-4   	  438310	      1306 ns/op
PASS

shortname: dustin_humanize-ParseSI
toolchain: LLGo
goos: linux
goarch: amd64
pkg: github.com/dustin/go-humanize
cpu: Intel(R) Xeon(R) 6973P-C @ 4200.207MHz
BenchmarkParseSI-4   	  422283	      1324 ns/op
PASS

shortname: ericlagergren_decimal-Mandelbrot_decimal_GDA_9
toolchain: LLGo
goos: linux
goarch: amd64
pkg: github.com/ericlagergren/decimal_benchmarks
cpu: Intel(R) Xeon(R) 6973P-C @ 2600.000MHz
BenchmarkMandelbrot_decimal_GDA_9-4   	       1	3901845046 ns/op
PASS

shortname: ericlagergren_decimal-Mandelbrot_decimal_GDA_9
toolchain: LLGo
goos: linux
goarch: amd64
pkg: github.com/ericlagergren/decimal_benchmarks
cpu: Intel(R) Xeon(R) 6973P-C @ 2600.000MHz
BenchmarkMandelbrot_decimal_GDA_9-4   	       1	4021916167 ns/op
PASS

shortname: ericlagergren_decimal-Mandelbrot_decimal_GDA_9
toolchain: LLGo
goos: linux
goarch: amd64
pkg: github.com/ericlagergren/decimal_benchmarks
cpu: Intel(R) Xeon(R) 6973P-C @ 2600.000MHz
BenchmarkMandelbrot_decimal_GDA_9-4   	       1	4056126424 ns/op
PASS

shortname: ericlagergren_decimal-Mandelbrot_decimal_GDA_9
toolchain: LLGo
goos: linux
goarch: amd64
pkg: github.com/ericlagergren/decimal_benchmarks
cpu: Intel(R) Xeon(R) 6973P-C @ 2600.000MHz
BenchmarkMandelbrot_decimal_GDA_9-4   	       1	3936015458 ns/op
PASS

shortname: ericlagergren_decimal-Mandelbrot_decimal_GDA_9
toolchain: LLGo
goos: linux
goarch: amd64
pkg: github.com/ericlagergren/decimal_benchmarks
cpu: Intel(R) Xeon(R) 6973P-C @ 2600.000MHz
BenchmarkMandelbrot_decimal_GDA_9-4   	       1	3905215410 ns/op
PASS

shortname: ericlagergren_decimal-Pi%2Ffoo%3Dapmckinlay%2Fprec%3D19
toolchain: LLGo
goos: linux
goarch: amd64
pkg: github.com/ericlagergren/decimal_benchmarks
cpu: Intel(R) Xeon(R) 6973P-C @ 3599.925MHz
BenchmarkPi/foo=apmckinlay/prec=19-4 	   65335	      8958 ns/op
PASS

shortname: ericlagergren_decimal-Pi%2Ffoo%3Dapmckinlay%2Fprec%3D19
toolchain: LLGo
goos: linux
goarch: amd64
pkg: github.com/ericlagergren/decimal_benchmarks
cpu: Intel(R) Xeon(R) 6973P-C @ 3599.852MHz
BenchmarkPi/foo=apmckinlay/prec=19-4 	   65256	      9198 ns/op
PASS

shortname: ericlagergren_decimal-Pi%2Ffoo%3Dapmckinlay%2Fprec%3D19
toolchain: LLGo
goos: linux
goarch: amd64
pkg: github.com/ericlagergren/decimal_benchmarks
cpu: Intel(R) Xeon(R) 6973P-C @ 3600.467MHz
BenchmarkPi/foo=apmckinlay/prec=19-4 	   63422	      9029 ns/op
PASS

shortname: ericlagergren_decimal-Pi%2Ffoo%3Dapmckinlay%2Fprec%3D19
toolchain: LLGo
goos: linux
goarch: amd64
pkg: github.com/ericlagergren/decimal_benchmarks
cpu: Intel(R) Xeon(R) 6973P-C @ 3599.708MHz
BenchmarkPi/foo=apmckinlay/prec=19-4 	   64908	      8977 ns/op
PASS

shortname: ericlagergren_decimal-Pi%2Ffoo%3Dapmckinlay%2Fprec%3D19
toolchain: LLGo
goos: linux
goarch: amd64
pkg: github.com/ericlagergren/decimal_benchmarks
cpu: Intel(R) Xeon(R) 6973P-C @ 3600.285MHz
BenchmarkPi/foo=apmckinlay/prec=19-4 	   64468	      9287 ns/op
PASS

shortname: ericlagergren_decimal-Pi%2Ffoo%3Dcockroachdb%2Fapd%2Fprec%3D100
toolchain: LLGo
goos: linux
goarch: amd64
pkg: github.com/ericlagergren/decimal_benchmarks
cpu: Intel(R) Xeon(R) 6973P-C @ 3600.745MHz
BenchmarkPi/foo=cockroachdb/apd/prec=100-4         	      21	  27500719 ns/op
PASS

shortname: ericlagergren_decimal-Pi%2Ffoo%3Dcockroachdb%2Fapd%2Fprec%3D100
toolchain: LLGo
goos: linux
goarch: amd64
pkg: github.com/ericlagergren/decimal_benchmarks
cpu: Intel(R) Xeon(R) 6973P-C @ 2600.000MHz
BenchmarkPi/foo=cockroachdb/apd/prec=100-4         	      20	  28195672 ns/op
PASS

shortname: ericlagergren_decimal-Pi%2Ffoo%3Dcockroachdb%2Fapd%2Fprec%3D100
toolchain: LLGo
goos: linux
goarch: amd64
pkg: github.com/ericlagergren/decimal_benchmarks
cpu: Intel(R) Xeon(R) 6973P-C @ 4200.502MHz
BenchmarkPi/foo=cockroachdb/apd/prec=100-4         	      20	  28259328 ns/op
PASS

shortname: ericlagergren_decimal-Pi%2Ffoo%3Dcockroachdb%2Fapd%2Fprec%3D100
toolchain: LLGo
goos: linux
goarch: amd64
pkg: github.com/ericlagergren/decimal_benchmarks
cpu: Intel(R) Xeon(R) 6973P-C @ 4199.912MHz
BenchmarkPi/foo=cockroachdb/apd/prec=100-4         	      21	  27471682 ns/op
PASS

shortname: ericlagergren_decimal-Pi%2Ffoo%3Dcockroachdb%2Fapd%2Fprec%3D100
toolchain: LLGo
goos: linux
goarch: amd64
pkg: github.com/ericlagergren/decimal_benchmarks
cpu: Intel(R) Xeon(R) 6973P-C @ 2600.000MHz
BenchmarkPi/foo=cockroachdb/apd/prec=100-4         	      20	  28088127 ns/op
PASS

shortname: ericlagergren_decimal-Pi%2Ffoo%3Dgo-inf%2Fprec%3D100
toolchain: LLGo
goos: linux
goarch: amd64
pkg: github.com/ericlagergren/decimal_benchmarks
cpu: Intel(R) Xeon(R) 6973P-C @ 3600.145MHz
BenchmarkPi/foo=go-inf/prec=100-4         	    2462	    244573 ns/op
PASS

shortname: ericlagergren_decimal-Pi%2Ffoo%3Dgo-inf%2Fprec%3D100
toolchain: LLGo
goos: linux
goarch: amd64
pkg: github.com/ericlagergren/decimal_benchmarks
cpu: Intel(R) Xeon(R) 6973P-C @ 3585.789MHz
BenchmarkPi/foo=go-inf/prec=100-4         	    2352	    243986 ns/op
PASS

shortname: ericlagergren_decimal-Pi%2Ffoo%3Dgo-inf%2Fprec%3D100
toolchain: LLGo
goos: linux
goarch: amd64
pkg: github.com/ericlagergren/decimal_benchmarks
cpu: Intel(R) Xeon(R) 6973P-C @ 3444.534MHz
BenchmarkPi/foo=go-inf/prec=100-4         	    2434	    247024 ns/op
PASS

shortname: ericlagergren_decimal-Pi%2Ffoo%3Dgo-inf%2Fprec%3D100
toolchain: LLGo
goos: linux
goarch: amd64
pkg: github.com/ericlagergren/decimal_benchmarks
cpu: Intel(R) Xeon(R) 6973P-C @ 3599.592MHz
BenchmarkPi/foo=go-inf/prec=100-4         	    2390	    245233 ns/op
PASS

shortname: ericlagergren_decimal-Pi%2Ffoo%3Dgo-inf%2Fprec%3D100
toolchain: LLGo
goos: linux
goarch: amd64
pkg: github.com/ericlagergren/decimal_benchmarks
cpu: Intel(R) Xeon(R) 6973P-C @ 3524.502MHz
BenchmarkPi/foo=go-inf/prec=100-4         	    2427	    252577 ns/op
PASS

shortname: gonum_community-NewDirectedLayers%2FgraphSize%3D10%2CnumGraphs%3D1
toolchain: LLGo
goos: linux
goarch: amd64
pkg: gonum.org/v1/gonum/graph/community
cpu: Intel(R) Xeon(R) 6973P-C @ 3897.395MHz
BenchmarkNewDirectedLayers/graphSize=10,numGraphs=1-4         	  393435	      1504 ns/op
PASS

shortname: gonum_community-NewDirectedLayers%2FgraphSize%3D10%2CnumGraphs%3D1
toolchain: LLGo
goos: linux
goarch: amd64
pkg: gonum.org/v1/gonum/graph/community
cpu: Intel(R) Xeon(R) 6973P-C @ 3599.997MHz
BenchmarkNewDirectedLayers/graphSize=10,numGraphs=1-4         	  374858	      1491 ns/op
PASS

shortname: gonum_community-NewDirectedLayers%2FgraphSize%3D10%2CnumGraphs%3D1
toolchain: LLGo
goos: linux
goarch: amd64
pkg: gonum.org/v1/gonum/graph/community
cpu: Intel(R) Xeon(R) 6973P-C @ 3599.961MHz
BenchmarkNewDirectedLayers/graphSize=10,numGraphs=1-4         	  391903	      1492 ns/op
PASS

shortname: gonum_community-NewDirectedLayers%2FgraphSize%3D10%2CnumGraphs%3D1
toolchain: LLGo
goos: linux
goarch: amd64
pkg: gonum.org/v1/gonum/graph/community
cpu: Intel(R) Xeon(R) 6973P-C @ 3600.105MHz
BenchmarkNewDirectedLayers/graphSize=10,numGraphs=1-4         	  385612	      1510 ns/op
PASS

shortname: gonum_community-NewDirectedLayers%2FgraphSize%3D10%2CnumGraphs%3D1
toolchain: LLGo
goos: linux
goarch: amd64
pkg: gonum.org/v1/gonum/graph/community
cpu: Intel(R) Xeon(R) 6973P-C @ 3599.925MHz
BenchmarkNewDirectedLayers/graphSize=10,numGraphs=1-4         	  404049	      1489 ns/op
PASS

shortname: gonum_community-NewDirectedLayers%2FgraphSize%3D1000%2CnumGraphs%3D1
toolchain: LLGo
goos: linux
goarch: amd64
pkg: gonum.org/v1/gonum/graph/community
cpu: Intel(R) Xeon(R) 6973P-C @ 3600.069MHz
BenchmarkNewDirectedLayers/graphSize=1000,numGraphs=1-4         	    3776	    155124 ns/op
PASS

shortname: gonum_community-NewDirectedLayers%2FgraphSize%3D1000%2CnumGraphs%3D1
toolchain: LLGo
goos: linux
goarch: amd64
pkg: gonum.org/v1/gonum/graph/community
cpu: Intel(R) Xeon(R) 6973P-C @ 3599.852MHz
BenchmarkNewDirectedLayers/graphSize=1000,numGraphs=1-4         	    3842	    153618 ns/op
PASS

shortname: gonum_community-NewDirectedLayers%2FgraphSize%3D1000%2CnumGraphs%3D1
toolchain: LLGo
goos: linux
goarch: amd64
pkg: gonum.org/v1/gonum/graph/community
cpu: Intel(R) Xeon(R) 6973P-C @ 3600.059MHz
BenchmarkNewDirectedLayers/graphSize=1000,numGraphs=1-4         	    3512	    156213 ns/op
PASS

shortname: gonum_community-NewDirectedLayers%2FgraphSize%3D1000%2CnumGraphs%3D1
toolchain: LLGo
goos: linux
goarch: amd64
pkg: gonum.org/v1/gonum/graph/community
cpu: Intel(R) Xeon(R) 6973P-C @ 3734.782MHz
BenchmarkNewDirectedLayers/graphSize=1000,numGraphs=1-4         	    3660	    165625 ns/op
PASS

shortname: gonum_community-NewDirectedLayers%2FgraphSize%3D1000%2CnumGraphs%3D1
toolchain: LLGo
goos: linux
goarch: amd64
pkg: gonum.org/v1/gonum/graph/community
cpu: Intel(R) Xeon(R) 6973P-C @ 3599.780MHz
BenchmarkNewDirectedLayers/graphSize=1000,numGraphs=1-4         	    3768	    154792 ns/op
PASS

shortname: gonum_community-NewUndirectedLayers%2FgraphSize%3D1000%2CnumGraphs%3D10
toolchain: LLGo
goos: linux
goarch: amd64
pkg: gonum.org/v1/gonum/graph/community
cpu: Intel(R) Xeon(R) 6973P-C @ 3600.503MHz
BenchmarkNewUndirectedLayers/graphSize=1000,numGraphs=10-4         	     289	   2000394 ns/op
PASS

shortname: gonum_community-NewUndirectedLayers%2FgraphSize%3D1000%2CnumGraphs%3D10
toolchain: LLGo
goos: linux
goarch: amd64
pkg: gonum.org/v1/gonum/graph/community
cpu: Intel(R) Xeon(R) 6973P-C @ 4099.340MHz
BenchmarkNewUndirectedLayers/graphSize=1000,numGraphs=10-4         	     292	   2013424 ns/op
PASS

shortname: gonum_community-NewUndirectedLayers%2FgraphSize%3D1000%2CnumGraphs%3D10
toolchain: LLGo
goos: linux
goarch: amd64
pkg: gonum.org/v1/gonum/graph/community
cpu: Intel(R) Xeon(R) 6973P-C @ 3600.901MHz
BenchmarkNewUndirectedLayers/graphSize=1000,numGraphs=10-4         	     291	   2027670 ns/op
PASS

shortname: gonum_community-NewUndirectedLayers%2FgraphSize%3D1000%2CnumGraphs%3D10
toolchain: LLGo
goos: linux
goarch: amd64
pkg: gonum.org/v1/gonum/graph/community
cpu: Intel(R) Xeon(R) 6973P-C @ 4000.117MHz
BenchmarkNewUndirectedLayers/graphSize=1000,numGraphs=10-4         	     288	   2054477 ns/op
PASS

shortname: gonum_community-NewUndirectedLayers%2FgraphSize%3D1000%2CnumGraphs%3D10
toolchain: LLGo
goos: linux
goarch: amd64
pkg: gonum.org/v1/gonum/graph/community
cpu: Intel(R) Xeon(R) 6973P-C @ 3669.139MHz
BenchmarkNewUndirectedLayers/graphSize=1000,numGraphs=10-4         	     286	   2056733 ns/op
PASS

shortname: gonum_lapack_native-Dgeev%2FCirculant5
toolchain: LLGo
goos: linux
goarch: amd64
pkg: gonum.org/v1/gonum/lapack/gonum
cpu: Intel(R) Xeon(R) 6973P-C @ 3592.663MHz
BenchmarkDgeev/Circulant5-4         	   14524	     41106 ns/op
PASS

shortname: gonum_lapack_native-Dgeev%2FCirculant5
toolchain: LLGo
goos: linux
goarch: amd64
pkg: gonum.org/v1/gonum/lapack/gonum
cpu: Intel(R) Xeon(R) 6973P-C @ 3600.502MHz
BenchmarkDgeev/Circulant5-4         	   14839	     42730 ns/op
PASS

shortname: gonum_lapack_native-Dgeev%2FCirculant5
toolchain: LLGo
goos: linux
goarch: amd64
pkg: gonum.org/v1/gonum/lapack/gonum
cpu: Intel(R) Xeon(R) 6973P-C @ 4201.094MHz
BenchmarkDgeev/Circulant5-4         	   13869	     42669 ns/op
PASS

shortname: gonum_lapack_native-Dgeev%2FCirculant5
toolchain: LLGo
goos: linux
goarch: amd64
pkg: gonum.org/v1/gonum/lapack/gonum
cpu: Intel(R) Xeon(R) 6973P-C @ 3582.282MHz
BenchmarkDgeev/Circulant5-4         	   14462	     41044 ns/op
PASS

shortname: gonum_lapack_native-Dgeev%2FCirculant5
toolchain: LLGo
goos: linux
goarch: amd64
pkg: gonum.org/v1/gonum/lapack/gonum
cpu: Intel(R) Xeon(R) 6973P-C @ 3796.213MHz
BenchmarkDgeev/Circulant5-4         	   13750	     42031 ns/op
PASS

shortname: gonum_mat-AddScaledVec10Inc1
toolchain: LLGo
goos: linux
goarch: amd64
pkg: gonum.org/v1/gonum/mat
cpu: Intel(R) Xeon(R) 6973P-C @ 4200.755MHz
BenchmarkAddScaledVec10Inc1-4   	  228693	      2190 ns/op
PASS

shortname: gonum_mat-AddScaledVec10Inc1
toolchain: LLGo
goos: linux
goarch: amd64
pkg: gonum.org/v1/gonum/mat
cpu: Intel(R) Xeon(R) 6973P-C @ 3643.232MHz
BenchmarkAddScaledVec10Inc1-4   	  230176	      2208 ns/op
PASS

shortname: gonum_mat-AddScaledVec10Inc1
toolchain: LLGo
goos: linux
goarch: amd64
pkg: gonum.org/v1/gonum/mat
cpu: Intel(R) Xeon(R) 6973P-C @ 3600.249MHz
BenchmarkAddScaledVec10Inc1-4   	  277255	      2213 ns/op
PASS

shortname: gonum_mat-AddScaledVec10Inc1
toolchain: LLGo
goos: linux
goarch: amd64
pkg: gonum.org/v1/gonum/mat
cpu: Intel(R) Xeon(R) 6973P-C @ 3599.780MHz
BenchmarkAddScaledVec10Inc1-4   	  272788	      2459 ns/op
PASS

shortname: gonum_mat-AddScaledVec10Inc1
toolchain: LLGo
goos: linux
goarch: amd64
pkg: gonum.org/v1/gonum/mat
cpu: Intel(R) Xeon(R) 6973P-C @ 4053.895MHz
BenchmarkAddScaledVec10Inc1-4   	  233118	      2158 ns/op
PASS

shortname: gonum_mat-CholeskyFactorize%2Fn%3D10
toolchain: LLGo
goos: linux
goarch: amd64
pkg: gonum.org/v1/gonum/mat
cpu: Intel(R) Xeon(R) 6973P-C @ 3600.683MHz
BenchmarkCholeskyFactorize/n=10-4         	   31035	     18400 ns/op
PASS

shortname: gonum_mat-CholeskyFactorize%2Fn%3D10
toolchain: LLGo
goos: linux
goarch: amd64
pkg: gonum.org/v1/gonum/mat
cpu: Intel(R) Xeon(R) 6973P-C @ 3599.961MHz
BenchmarkCholeskyFactorize/n=10-4         	   31131	     18961 ns/op
PASS

shortname: gonum_mat-CholeskyFactorize%2Fn%3D10
toolchain: LLGo
goos: linux
goarch: amd64
pkg: gonum.org/v1/gonum/mat
cpu: Intel(R) Xeon(R) 6973P-C @ 3601.009MHz
BenchmarkCholeskyFactorize/n=10-4         	   30498	     19698 ns/op
PASS

shortname: gonum_mat-CholeskyFactorize%2Fn%3D10
toolchain: LLGo
goos: linux
goarch: amd64
pkg: gonum.org/v1/gonum/mat
cpu: Intel(R) Xeon(R) 6973P-C @ 3600.574MHz
BenchmarkCholeskyFactorize/n=10-4         	   30795	     18605 ns/op
PASS

shortname: gonum_mat-CholeskyFactorize%2Fn%3D10
toolchain: LLGo
goos: linux
goarch: amd64
pkg: gonum.org/v1/gonum/mat
cpu: Intel(R) Xeon(R) 6973P-C @ 3599.997MHz
BenchmarkCholeskyFactorize/n=10-4         	   31692	     19874 ns/op
PASS

shortname: gonum_mat-CholeskyInverseTo%2Fn%3D100
toolchain: LLGo
goos: linux
goarch: amd64
pkg: gonum.org/v1/gonum/mat
cpu: Intel(R) Xeon(R) 6973P-C @ 3933.571MHz
BenchmarkCholeskyInverseTo/n=100-4         	    1426	    424943 ns/op
PASS

shortname: gonum_mat-CholeskyInverseTo%2Fn%3D100
toolchain: LLGo
goos: linux
goarch: amd64
pkg: gonum.org/v1/gonum/mat
cpu: Intel(R) Xeon(R) 6973P-C @ 3600.033MHz
BenchmarkCholeskyInverseTo/n=100-4         	    1495	    399505 ns/op
PASS

shortname: gonum_mat-CholeskyInverseTo%2Fn%3D100
toolchain: LLGo
goos: linux
goarch: amd64
pkg: gonum.org/v1/gonum/mat
cpu: Intel(R) Xeon(R) 6973P-C @ 3600.177MHz
BenchmarkCholeskyInverseTo/n=100-4         	    1497	    398945 ns/op
PASS

shortname: gonum_mat-CholeskyInverseTo%2Fn%3D100
toolchain: LLGo
goos: linux
goarch: amd64
pkg: gonum.org/v1/gonum/mat
cpu: Intel(R) Xeon(R) 6973P-C @ 3797.484MHz
BenchmarkCholeskyInverseTo/n=100-4         	    1437	    399348 ns/op
PASS

shortname: gonum_mat-CholeskyInverseTo%2Fn%3D100
toolchain: LLGo
goos: linux
goarch: amd64
pkg: gonum.org/v1/gonum/mat
cpu: Intel(R) Xeon(R) 6973P-C @ 3718.837MHz
BenchmarkCholeskyInverseTo/n=100-4         	    1490	    398560 ns/op
PASS

shortname: gonum_mat-MarshalToVecDense10
toolchain: LLGo
goos: linux
goarch: amd64
pkg: gonum.org/v1/gonum/mat
cpu: Intel(R) Xeon(R) 6973P-C @ 3599.780MHz
BenchmarkMarshalToVecDense10-4   	  350800	      1610 ns/op
PASS

shortname: gonum_mat-MarshalToVecDense10
toolchain: LLGo
goos: linux
goarch: amd64
pkg: gonum.org/v1/gonum/mat
cpu: Intel(R) Xeon(R) 6973P-C @ 4199.912MHz
BenchmarkMarshalToVecDense10-4   	  373522	      1650 ns/op
PASS

shortname: gonum_mat-MarshalToVecDense10
toolchain: LLGo
goos: linux
goarch: amd64
pkg: gonum.org/v1/gonum/mat
cpu: Intel(R) Xeon(R) 6973P-C @ 4200.628MHz
BenchmarkMarshalToVecDense10-4   	  375454	      1619 ns/op
PASS

shortname: gonum_mat-MarshalToVecDense10
toolchain: LLGo
goos: linux
goarch: amd64
pkg: gonum.org/v1/gonum/mat
cpu: Intel(R) Xeon(R) 6973P-C @ 4200.080MHz
BenchmarkMarshalToVecDense10-4   	  365916	      1620 ns/op
PASS

shortname: gonum_mat-MarshalToVecDense10
toolchain: LLGo
goos: linux
goarch: amd64
pkg: gonum.org/v1/gonum/mat
cpu: Intel(R) Xeon(R) 6973P-C @ 3600.579MHz
BenchmarkMarshalToVecDense10-4   	  352040	      1601 ns/op
PASS

shortname: gonum_mat-Pool100by100Uncleared
toolchain: LLGo
goos: linux
goarch: amd64
pkg: gonum.org/v1/gonum/mat
cpu: Intel(R) Xeon(R) 6973P-C @ 4181.500MHz
BenchmarkPool100by100Uncleared-4   	13197494	        45.45 ns/op
PASS

shortname: gonum_mat-Pool100by100Uncleared
toolchain: LLGo
goos: linux
goarch: amd64
pkg: gonum.org/v1/gonum/mat
cpu: Intel(R) Xeon(R) 6973P-C @ 4201.346MHz
BenchmarkPool100by100Uncleared-4   	12859610	        46.14 ns/op
PASS

shortname: gonum_mat-Pool100by100Uncleared
toolchain: LLGo
goos: linux
goarch: amd64
pkg: gonum.org/v1/gonum/mat
cpu: Intel(R) Xeon(R) 6973P-C @ 4201.854MHz
BenchmarkPool100by100Uncleared-4   	12672688	        45.39 ns/op
PASS

shortname: gonum_mat-Pool100by100Uncleared
toolchain: LLGo
goos: linux
goarch: amd64
pkg: gonum.org/v1/gonum/mat
cpu: Intel(R) Xeon(R) 6973P-C @ 4100.079MHz
BenchmarkPool100by100Uncleared-4   	12967360	        45.39 ns/op
PASS

shortname: gonum_mat-Pool100by100Uncleared
toolchain: LLGo
goos: linux
goarch: amd64
pkg: gonum.org/v1/gonum/mat
cpu: Intel(R) Xeon(R) 6973P-C @ 3600.033MHz
BenchmarkPool100by100Uncleared-4   	12696194	        45.60 ns/op
PASS

shortname: gonum_mat-TriMulDiag%2FBenchmarkTriMulDiag100
toolchain: LLGo
goos: linux
goarch: amd64
pkg: gonum.org/v1/gonum/mat
cpu: Intel(R) Xeon(R) 6973P-C @ 3559.298MHz
BenchmarkTriMulDiag/BenchmarkTriMulDiag100-4         	    7966	     75907 ns/op
PASS

shortname: gonum_mat-TriMulDiag%2FBenchmarkTriMulDiag100
toolchain: LLGo
goos: linux
goarch: amd64
pkg: gonum.org/v1/gonum/mat
cpu: Intel(R) Xeon(R) 6973P-C @ 3600.828MHz
BenchmarkTriMulDiag/BenchmarkTriMulDiag100-4         	    7242	     75163 ns/op
PASS

shortname: gonum_mat-TriMulDiag%2FBenchmarkTriMulDiag100
toolchain: LLGo
goos: linux
goarch: amd64
pkg: gonum.org/v1/gonum/mat
cpu: Intel(R) Xeon(R) 6973P-C @ 3600.394MHz
BenchmarkTriMulDiag/BenchmarkTriMulDiag100-4         	    7414	     78536 ns/op
PASS

shortname: gonum_mat-TriMulDiag%2FBenchmarkTriMulDiag100
toolchain: LLGo
goos: linux
goarch: amd64
pkg: gonum.org/v1/gonum/mat
cpu: Intel(R) Xeon(R) 6973P-C @ 3600.214MHz
BenchmarkTriMulDiag/BenchmarkTriMulDiag100-4         	    7362	     75141 ns/op
PASS

shortname: gonum_mat-TriMulDiag%2FBenchmarkTriMulDiag100
toolchain: LLGo
goos: linux
goarch: amd64
pkg: gonum.org/v1/gonum/mat
cpu: Intel(R) Xeon(R) 6973P-C @ 3599.888MHz
BenchmarkTriMulDiag/BenchmarkTriMulDiag100-4         	    7306	     75440 ns/op
PASS

shortname: gonum_mat-UnmarshalVecDense10
toolchain: LLGo
goos: linux
goarch: amd64
pkg: gonum.org/v1/gonum/mat
cpu: Intel(R) Xeon(R) 6973P-C @ 4110.486MHz
BenchmarkUnmarshalVecDense10-4   	  508641	      1240 ns/op
PASS

shortname: gonum_mat-UnmarshalVecDense10
toolchain: LLGo
goos: linux
goarch: amd64
pkg: gonum.org/v1/gonum/mat
cpu: Intel(R) Xeon(R) 6973P-C @ 3600.757MHz
BenchmarkUnmarshalVecDense10-4   	  515658	      1194 ns/op
PASS

shortname: gonum_mat-UnmarshalVecDense10
toolchain: LLGo
goos: linux
goarch: amd64
pkg: gonum.org/v1/gonum/mat
cpu: Intel(R) Xeon(R) 6973P-C @ 4083.273MHz
BenchmarkUnmarshalVecDense10-4   	  500953	      1221 ns/op
PASS

shortname: gonum_mat-UnmarshalVecDense10
toolchain: LLGo
goos: linux
goarch: amd64
pkg: gonum.org/v1/gonum/mat
cpu: Intel(R) Xeon(R) 6973P-C @ 3599.997MHz
BenchmarkUnmarshalVecDense10-4   	  481096	      1196 ns/op
PASS

shortname: gonum_mat-UnmarshalVecDense10
toolchain: LLGo
goos: linux
goarch: amd64
pkg: gonum.org/v1/gonum/mat
cpu: Intel(R) Xeon(R) 6973P-C @ 4199.996MHz
BenchmarkUnmarshalVecDense10-4   	  504435	      1191 ns/op
PASS

shortname: gonum_topo-SortStabilizedPath_100000
toolchain: LLGo
goos: linux
goarch: amd64
pkg: gonum.org/v1/gonum/graph/topo
cpu: Intel(R) Xeon(R) 6973P-C @ 4199.954MHz
BenchmarkSortStabilizedPath_100000-4   	       3	 257904675 ns/op
PASS

shortname: gonum_topo-SortStabilizedPath_100000
toolchain: LLGo
goos: linux
goarch: amd64
pkg: gonum.org/v1/gonum/graph/topo
cpu: Intel(R) Xeon(R) 6973P-C @ 2600.000MHz
BenchmarkSortStabilizedPath_100000-4   	       2	 250680015 ns/op
PASS

shortname: gonum_topo-SortStabilizedPath_100000
toolchain: LLGo
goos: linux
goarch: amd64
pkg: gonum.org/v1/gonum/graph/topo
cpu: Intel(R) Xeon(R) 6973P-C @ 2600.000MHz
BenchmarkSortStabilizedPath_100000-4   	       2	 257510642 ns/op
PASS

shortname: gonum_topo-SortStabilizedPath_100000
toolchain: LLGo
goos: linux
goarch: amd64
pkg: gonum.org/v1/gonum/graph/topo
cpu: Intel(R) Xeon(R) 6973P-C @ 2600.000MHz
BenchmarkSortStabilizedPath_100000-4   	       2	 253055076 ns/op
PASS

shortname: gonum_topo-SortStabilizedPath_100000
toolchain: LLGo
goos: linux
goarch: amd64
pkg: gonum.org/v1/gonum/graph/topo
cpu: Intel(R) Xeon(R) 6973P-C @ 2600.000MHz
BenchmarkSortStabilizedPath_100000-4   	       3	 265135687 ns/op
PASS

shortname: gonum_traverse-WalkAllDepthFirstGnp_100_half
toolchain: LLGo
goos: linux
goarch: amd64
pkg: gonum.org/v1/gonum/graph/traverse
cpu: Intel(R) Xeon(R) 6973P-C @ 4199.996MHz
BenchmarkWalkAllDepthFirstGnp_100_half-4   	     656	   1065303 ns/op
PASS

shortname: gonum_traverse-WalkAllDepthFirstGnp_100_half
toolchain: LLGo
goos: linux
goarch: amd64
pkg: gonum.org/v1/gonum/graph/traverse
cpu: Intel(R) Xeon(R) 6973P-C @ 4200.418MHz
BenchmarkWalkAllDepthFirstGnp_100_half-4   	     674	   1042135 ns/op
PASS

shortname: gonum_traverse-WalkAllDepthFirstGnp_100_half
toolchain: LLGo
goos: linux
goarch: amd64
pkg: gonum.org/v1/gonum/graph/traverse
cpu: Intel(R) Xeon(R) 6973P-C @ 4182.067MHz
BenchmarkWalkAllDepthFirstGnp_100_half-4   	     667	   1074985 ns/op
PASS

shortname: gonum_traverse-WalkAllDepthFirstGnp_100_half
toolchain: LLGo
goos: linux
goarch: amd64
pkg: gonum.org/v1/gonum/graph/traverse
cpu: Intel(R) Xeon(R) 6973P-C @ 4202.265MHz
BenchmarkWalkAllDepthFirstGnp_100_half-4   	     651	   1100020 ns/op
PASS

shortname: gonum_traverse-WalkAllDepthFirstGnp_100_half
toolchain: LLGo
goos: linux
goarch: amd64
pkg: gonum.org/v1/gonum/graph/traverse
cpu: Intel(R) Xeon(R) 6973P-C @ 4199.870MHz
BenchmarkWalkAllDepthFirstGnp_100_half-4   	     642	   1106731 ns/op
PASS

shortname: gproto_encoding-TextDecode
toolchain: LLGo
goos: linux
goarch: amd64
pkg: google.golang.org/protobuf/encoding
cpu: Intel(R) Xeon(R) 6973P-C @ 4200.080MHz
BenchmarkTextDecode-4   	       5	 107349992 ns/op
PASS

shortname: gproto_encoding-TextDecode
toolchain: LLGo
goos: linux
goarch: amd64
pkg: google.golang.org/protobuf/encoding
cpu: Intel(R) Xeon(R) 6973P-C @ 3638.588MHz
BenchmarkTextDecode-4   	       5	 108143632 ns/op
PASS

shortname: gproto_encoding-TextDecode
toolchain: LLGo
goos: linux
goarch: amd64
pkg: google.golang.org/protobuf/encoding
cpu: Intel(R) Xeon(R) 6973P-C @ 4200.291MHz
BenchmarkTextDecode-4   	       5	 102936195 ns/op
PASS

shortname: gproto_encoding-TextDecode
toolchain: LLGo
goos: linux
goarch: amd64
pkg: google.golang.org/protobuf/encoding
cpu: Intel(R) Xeon(R) 6973P-C @ 4200.334MHz
BenchmarkTextDecode-4   	       5	 108744882 ns/op
PASS

shortname: gproto_encoding-TextDecode
toolchain: LLGo
goos: linux
goarch: amd64
pkg: google.golang.org/protobuf/encoding
cpu: Intel(R) Xeon(R) 6973P-C @ 4200.250MHz
BenchmarkTextDecode-4   	       5	 106726821 ns/op
PASS

shortname: gproto_json-Bool
toolchain: LLGo
goos: linux
goarch: amd64
pkg: google.golang.org/protobuf/internal/encoding/json
cpu: Intel(R) Xeon(R) 6973P-C @ 3828.909MHz
BenchmarkBool-4   	 1835162	       317.9 ns/op
PASS

shortname: gproto_json-Bool
toolchain: LLGo
goos: linux
goarch: amd64
pkg: google.golang.org/protobuf/internal/encoding/json
cpu: Intel(R) Xeon(R) 6973P-C @ 3599.889MHz
BenchmarkBool-4   	 1873606	       307.9 ns/op
PASS

shortname: gproto_json-Bool
toolchain: LLGo
goos: linux
goarch: amd64
pkg: google.golang.org/protobuf/internal/encoding/json
cpu: Intel(R) Xeon(R) 6973P-C @ 4200.333MHz
BenchmarkBool-4   	 1993804	       303.8 ns/op
PASS

shortname: gproto_json-Bool
toolchain: LLGo
goos: linux
goarch: amd64
pkg: google.golang.org/protobuf/internal/encoding/json
cpu: Intel(R) Xeon(R) 6973P-C @ 4199.701MHz
BenchmarkBool-4   	 1907019	       306.4 ns/op
PASS

shortname: gproto_json-Bool
toolchain: LLGo
goos: linux
goarch: amd64
pkg: google.golang.org/protobuf/internal/encoding/json
cpu: Intel(R) Xeon(R) 6973P-C @ 3600.466MHz
BenchmarkBool-4   	 1943942	       304.4 ns/op
PASS

shortname: gproto_json-Int
toolchain: LLGo
goos: linux
goarch: amd64
pkg: google.golang.org/protobuf/internal/encoding/json
cpu: Intel(R) Xeon(R) 6973P-C @ 3600.393MHz
BenchmarkInt-4   	  843733	       636.6 ns/op
PASS

shortname: gproto_json-Int
toolchain: LLGo
goos: linux
goarch: amd64
pkg: google.golang.org/protobuf/internal/encoding/json
cpu: Intel(R) Xeon(R) 6973P-C @ 4199.828MHz
BenchmarkInt-4   	  853156	       637.4 ns/op
PASS

shortname: gproto_json-Int
toolchain: LLGo
goos: linux
goarch: amd64
pkg: google.golang.org/protobuf/internal/encoding/json
cpu: Intel(R) Xeon(R) 6973P-C @ 4200.080MHz
BenchmarkInt-4   	  841532	       631.0 ns/op
PASS

shortname: gproto_json-Int
toolchain: LLGo
goos: linux
goarch: amd64
pkg: google.golang.org/protobuf/internal/encoding/json
cpu: Intel(R) Xeon(R) 6973P-C @ 4200.966MHz
BenchmarkInt-4   	  944215	       628.4 ns/op
PASS

shortname: gproto_json-Int
toolchain: LLGo
goos: linux
goarch: amd64
pkg: google.golang.org/protobuf/internal/encoding/json
cpu: Intel(R) Xeon(R) 6973P-C @ 3600.466MHz
BenchmarkInt-4   	  832494	       626.0 ns/op
PASS

shortname: gproto_proto-Decode%2Fbasic_scalar_types_%28%2Atest.TestAllTypes%29
toolchain: LLGo
goos: linux
goarch: amd64
pkg: google.golang.org/protobuf/proto
cpu: Intel(R) Xeon(R) 6973P-C @ 3999.635MHz
BenchmarkDecode/basic_scalar_types_(*test.TestAllTypes)-4         	   67634	      8062 ns/op
PASS

shortname: gproto_proto-Decode%2Fbasic_scalar_types_%28%2Atest.TestAllTypes%29
toolchain: LLGo
goos: linux
goarch: amd64
pkg: google.golang.org/protobuf/proto
cpu: Intel(R) Xeon(R) 6973P-C @ 3600.395MHz
BenchmarkDecode/basic_scalar_types_(*test.TestAllTypes)-4         	   69966	      7748 ns/op
PASS

shortname: gproto_proto-Decode%2Fbasic_scalar_types_%28%2Atest.TestAllTypes%29
toolchain: LLGo
goos: linux
goarch: amd64
pkg: google.golang.org/protobuf/proto
cpu: Intel(R) Xeon(R) 6973P-C @ 3600.570MHz
BenchmarkDecode/basic_scalar_types_(*test.TestAllTypes)-4         	   67455	      8143 ns/op
PASS

shortname: gproto_proto-Decode%2Fbasic_scalar_types_%28%2Atest.TestAllTypes%29
toolchain: LLGo
goos: linux
goarch: amd64
pkg: google.golang.org/protobuf/proto
cpu: Intel(R) Xeon(R) 6973P-C @ 3599.595MHz
BenchmarkDecode/basic_scalar_types_(*test.TestAllTypes)-4         	   70054	      7931 ns/op
PASS

shortname: gproto_proto-Decode%2Fbasic_scalar_types_%28%2Atest.TestAllTypes%29
toolchain: LLGo
goos: linux
goarch: amd64
pkg: google.golang.org/protobuf/proto
cpu: Intel(R) Xeon(R) 6973P-C @ 3599.961MHz
BenchmarkDecode/basic_scalar_types_(*test.TestAllTypes)-4         	   65392	      8481 ns/op
PASS

shortname: gproto_proto-Decode%2Fjust_at_recursion_limit_%28%2Atest3.TestAllTypes%29
toolchain: LLGo
goos: linux
goarch: amd64
pkg: google.golang.org/protobuf/proto
cpu: Intel(R) Xeon(R) 6973P-C @ 3600.393MHz
BenchmarkDecode/just_at_recursion_limit_(*test3.TestAllTypes)-4         	   63788	      9147 ns/op
PASS

shortname: gproto_proto-Decode%2Fjust_at_recursion_limit_%28%2Atest3.TestAllTypes%29
toolchain: LLGo
goos: linux
goarch: amd64
pkg: google.golang.org/protobuf/proto
cpu: Intel(R) Xeon(R) 6973P-C @ 3600.249MHz
BenchmarkDecode/just_at_recursion_limit_(*test3.TestAllTypes)-4         	   65222	      8714 ns/op
PASS

shortname: gproto_proto-Decode%2Fjust_at_recursion_limit_%28%2Atest3.TestAllTypes%29
toolchain: LLGo
goos: linux
goarch: amd64
pkg: google.golang.org/protobuf/proto
cpu: Intel(R) Xeon(R) 6973P-C @ 4199.744MHz
BenchmarkDecode/just_at_recursion_limit_(*test3.TestAllTypes)-4         	   65190	      8772 ns/op
PASS

shortname: gproto_proto-Decode%2Fjust_at_recursion_limit_%28%2Atest3.TestAllTypes%29
toolchain: LLGo
goos: linux
goarch: amd64
pkg: google.golang.org/protobuf/proto
cpu: Intel(R) Xeon(R) 6973P-C @ 3999.796MHz
BenchmarkDecode/just_at_recursion_limit_(*test3.TestAllTypes)-4         	   63658	      8645 ns/op
PASS

shortname: gproto_proto-Decode%2Fjust_at_recursion_limit_%28%2Atest3.TestAllTypes%29
toolchain: LLGo
goos: linux
goarch: amd64
pkg: google.golang.org/protobuf/proto
cpu: Intel(R) Xeon(R) 6973P-C @ 4199.786MHz
BenchmarkDecode/just_at_recursion_limit_(*test3.TestAllTypes)-4         	   68232	      8363 ns/op
PASS

shortname: gproto_proto-EqualWithDeeplyNestedEqual
toolchain: LLGo
goos: linux
goarch: amd64
pkg: google.golang.org/protobuf/proto
cpu: Intel(R) Xeon(R) 6973P-C @ 3949.808MHz
BenchmarkEqualWithDeeplyNestedEqual-4   	    1348	    459866 ns/op	  246658 B/op	       0 allocs/op
PASS

shortname: gproto_proto-EqualWithDeeplyNestedEqual
toolchain: LLGo
goos: linux
goarch: amd64
pkg: google.golang.org/protobuf/proto
cpu: Intel(R) Xeon(R) 6973P-C @ 3825.720MHz
BenchmarkEqualWithDeeplyNestedEqual-4   	    1299	    455677 ns/op	  246657 B/op	       0 allocs/op
PASS

shortname: gproto_proto-EqualWithDeeplyNestedEqual
toolchain: LLGo
goos: linux
goarch: amd64
pkg: google.golang.org/protobuf/proto
cpu: Intel(R) Xeon(R) 6973P-C @ 4199.744MHz
BenchmarkEqualWithDeeplyNestedEqual-4   	    1334	    449209 ns/op	  246654 B/op	       0 allocs/op
PASS

shortname: gproto_proto-EqualWithDeeplyNestedEqual
toolchain: LLGo
goos: linux
goarch: amd64
pkg: google.golang.org/protobuf/proto
cpu: Intel(R) Xeon(R) 6973P-C @ 3633.932MHz
BenchmarkEqualWithDeeplyNestedEqual-4   	    1330	    453759 ns/op	  246657 B/op	       0 allocs/op
PASS

shortname: gproto_proto-EqualWithDeeplyNestedEqual
toolchain: LLGo
goos: linux
goarch: amd64
pkg: google.golang.org/protobuf/proto
cpu: Intel(R) Xeon(R) 6973P-C @ 3662.422MHz
BenchmarkEqualWithDeeplyNestedEqual-4   	    1275	    461017 ns/op	  246656 B/op	       0 allocs/op
PASS

shortname: gproto_reflect-Value%2FInterface
toolchain: LLGo
goos: linux
goarch: amd64
pkg: google.golang.org/protobuf/reflect/protoreflect
cpu: Intel(R) Xeon(R) 6973P-C @ 3592.533MHz
BenchmarkValue/Interface-4         	30389457	        19.85 ns/op	      32 B/op	       0 allocs/op
PASS

shortname: gproto_reflect-Value%2FInterface
toolchain: LLGo
goos: linux
goarch: amd64
pkg: google.golang.org/protobuf/reflect/protoreflect
cpu: Intel(R) Xeon(R) 6973P-C @ 3599.744MHz
BenchmarkValue/Interface-4         	30175683	        19.59 ns/op	      32 B/op	       0 allocs/op
PASS

shortname: gproto_reflect-Value%2FInterface
toolchain: LLGo
goos: linux
goarch: amd64
pkg: google.golang.org/protobuf/reflect/protoreflect
cpu: Intel(R) Xeon(R) 6973P-C @ 3599.997MHz
BenchmarkValue/Interface-4         	30004941	        20.41 ns/op	      32 B/op	       0 allocs/op
PASS

shortname: gproto_reflect-Value%2FInterface
toolchain: LLGo
goos: linux
goarch: amd64
pkg: google.golang.org/protobuf/reflect/protoreflect
cpu: Intel(R) Xeon(R) 6973P-C @ 3600.177MHz
BenchmarkValue/Interface-4         	29299470	        19.46 ns/op	      32 B/op	       0 allocs/op
PASS

shortname: gproto_reflect-Value%2FInterface
toolchain: LLGo
goos: linux
goarch: amd64
pkg: google.golang.org/protobuf/reflect/protoreflect
cpu: Intel(R) Xeon(R) 6973P-C @ 3600.249MHz
BenchmarkValue/Interface-4         	30205813	        20.55 ns/op	      32 B/op	       0 allocs/op
PASS

shortname: k8s_cache-EachListItemWithAlloc%2FPodList
toolchain: LLGo
goos: linux
goarch: amd64
pkg: k8s.io/client-go/tools/cache
cpu: Intel(R) Xeon(R) 6973P-C @ 3601.185MHz
BenchmarkEachListItemWithAlloc/PodList-4         	    4758	    128741 ns/op
PASS

shortname: k8s_cache-EachListItemWithAlloc%2FPodList
toolchain: LLGo
goos: linux
goarch: amd64
pkg: k8s.io/client-go/tools/cache
cpu: Intel(R) Xeon(R) 6973P-C @ 3599.961MHz
BenchmarkEachListItemWithAlloc/PodList-4         	    4704	    121308 ns/op
PASS

shortname: k8s_cache-EachListItemWithAlloc%2FPodList
toolchain: LLGo
goos: linux
goarch: amd64
pkg: k8s.io/client-go/tools/cache
cpu: Intel(R) Xeon(R) 6973P-C @ 3599.888MHz
BenchmarkEachListItemWithAlloc/PodList-4         	    4459	    132109 ns/op
PASS

shortname: k8s_cache-EachListItemWithAlloc%2FPodList
toolchain: LLGo
goos: linux
goarch: amd64
pkg: k8s.io/client-go/tools/cache
cpu: Intel(R) Xeon(R) 6973P-C @ 3600.213MHz
BenchmarkEachListItemWithAlloc/PodList-4         	    4514	    137765 ns/op
PASS

shortname: k8s_cache-EachListItemWithAlloc%2FPodList
toolchain: LLGo
goos: linux
goarch: amd64
pkg: k8s.io/client-go/tools/cache
cpu: Intel(R) Xeon(R) 6973P-C @ 3600.332MHz
BenchmarkEachListItemWithAlloc/PodList-4         	    3949	    132369 ns/op
PASS

shortname: k8s_workqueue-DelayingQueue_AddAfter
toolchain: LLGo
goos: linux
goarch: amd64
pkg: k8s.io/client-go/util/workqueue
cpu: Intel(R) Xeon(R) 6973P-C @ 3579.325MHz
BenchmarkDelayingQueue_AddAfter-4   	   84915	      8327 ns/op
PASS

shortname: k8s_workqueue-DelayingQueue_AddAfter
toolchain: LLGo
goos: linux
goarch: amd64
pkg: k8s.io/client-go/util/workqueue
cpu: Intel(R) Xeon(R) 6973P-C @ 3599.780MHz
BenchmarkDelayingQueue_AddAfter-4   	   85604	      8626 ns/op
PASS

shortname: k8s_workqueue-DelayingQueue_AddAfter
toolchain: LLGo
goos: linux
goarch: amd64
pkg: k8s.io/client-go/util/workqueue
cpu: Intel(R) Xeon(R) 6973P-C @ 3599.925MHz
BenchmarkDelayingQueue_AddAfter-4   	   80485	      8307 ns/op
PASS

shortname: k8s_workqueue-DelayingQueue_AddAfter
toolchain: LLGo
goos: linux
goarch: amd64
pkg: k8s.io/client-go/util/workqueue
cpu: Intel(R) Xeon(R) 6973P-C @ 3539.907MHz
BenchmarkDelayingQueue_AddAfter-4   	   86770	      8605 ns/op
PASS

shortname: k8s_workqueue-DelayingQueue_AddAfter
toolchain: LLGo
goos: linux
goarch: amd64
pkg: k8s.io/client-go/util/workqueue
cpu: Intel(R) Xeon(R) 6973P-C @ 3599.348MHz
BenchmarkDelayingQueue_AddAfter-4   	   74985	      8444 ns/op
PASS

shortname: kanzi-ANS0
toolchain: LLGo
goos: linux
goarch: amd64
pkg: github.com/flanglet/kanzi-go/v2/benchmark
cpu: Intel(R) Xeon(R) 6973P-C @ 4148.255MHz
BenchmarkANS0-4   	     202	   2840742 ns/op
PASS

shortname: kanzi-ANS0
toolchain: LLGo
goos: linux
goarch: amd64
pkg: github.com/flanglet/kanzi-go/v2/benchmark
cpu: Intel(R) Xeon(R) 6973P-C @ 3600.357MHz
BenchmarkANS0-4   	     205	   2860105 ns/op
PASS

shortname: kanzi-ANS0
toolchain: LLGo
goos: linux
goarch: amd64
pkg: github.com/flanglet/kanzi-go/v2/benchmark
cpu: Intel(R) Xeon(R) 6973P-C @ 4199.600MHz
BenchmarkANS0-4   	     207	   2833636 ns/op
PASS

shortname: kanzi-ANS0
toolchain: LLGo
goos: linux
goarch: amd64
pkg: github.com/flanglet/kanzi-go/v2/benchmark
cpu: Intel(R) Xeon(R) 6973P-C @ 3598.640MHz
BenchmarkANS0-4   	     198	   2869668 ns/op
PASS

shortname: kanzi-ANS0
toolchain: LLGo
goos: linux
goarch: amd64
pkg: github.com/flanglet/kanzi-go/v2/benchmark
cpu: Intel(R) Xeon(R) 6973P-C @ 4184.819MHz
BenchmarkANS0-4   	     205	   2830749 ns/op
PASS

shortname: kanzi-BWTSmallBlock
toolchain: LLGo
goos: linux
goarch: amd64
pkg: github.com/flanglet/kanzi-go/v2/benchmark
cpu: Intel(R) Xeon(R) 6973P-C @ 2600.000MHz
BenchmarkBWTSmallBlock-4   	      16	  31537680 ns/op
PASS

shortname: kanzi-BWTSmallBlock
toolchain: LLGo
goos: linux
goarch: amd64
pkg: github.com/flanglet/kanzi-go/v2/benchmark
cpu: Intel(R) Xeon(R) 6973P-C @ 4200.291MHz
BenchmarkBWTSmallBlock-4   	      18	  31479958 ns/op
PASS

shortname: kanzi-BWTSmallBlock
toolchain: LLGo
goos: linux
goarch: amd64
pkg: github.com/flanglet/kanzi-go/v2/benchmark
cpu: Intel(R) Xeon(R) 6973P-C @ 2600.000MHz
BenchmarkBWTSmallBlock-4   	      16	  31404471 ns/op
PASS

shortname: kanzi-BWTSmallBlock
toolchain: LLGo
goos: linux
goarch: amd64
pkg: github.com/flanglet/kanzi-go/v2/benchmark
cpu: Intel(R) Xeon(R) 6973P-C @ 4175.036MHz
BenchmarkBWTSmallBlock-4   	      18	  31480591 ns/op
PASS

shortname: kanzi-BWTSmallBlock
toolchain: LLGo
goos: linux
goarch: amd64
pkg: github.com/flanglet/kanzi-go/v2/benchmark
cpu: Intel(R) Xeon(R) 6973P-C @ 2600.000MHz
BenchmarkBWTSmallBlock-4   	      16	  31612695 ns/op
PASS

shortname: kanzi-CM
toolchain: LLGo
goos: linux
goarch: amd64
pkg: github.com/flanglet/kanzi-go/v2/benchmark
cpu: Intel(R) Xeon(R) 6973P-C @ 2600.000MHz
BenchmarkCM-4   	      12	  48274740 ns/op
PASS

shortname: kanzi-CM
toolchain: LLGo
goos: linux
goarch: amd64
pkg: github.com/flanglet/kanzi-go/v2/benchmark
cpu: Intel(R) Xeon(R) 6973P-C @ 4013.333MHz
BenchmarkCM-4   	      12	  48062519 ns/op
PASS

shortname: kanzi-CM
toolchain: LLGo
goos: linux
goarch: amd64
pkg: github.com/flanglet/kanzi-go/v2/benchmark
cpu: Intel(R) Xeon(R) 6973P-C @ 2600.000MHz
BenchmarkCM-4   	      12	  48081876 ns/op
PASS

shortname: kanzi-CM
toolchain: LLGo
goos: linux
goarch: amd64
pkg: github.com/flanglet/kanzi-go/v2/benchmark
cpu: Intel(R) Xeon(R) 6973P-C @ 4199.996MHz
BenchmarkCM-4   	      12	  48006071 ns/op
PASS

shortname: kanzi-CM
toolchain: LLGo
goos: linux
goarch: amd64
pkg: github.com/flanglet/kanzi-go/v2/benchmark
cpu: Intel(R) Xeon(R) 6973P-C @ 2600.000MHz
BenchmarkCM-4   	      12	  48239733 ns/op
PASS

shortname: kanzi-Huffman
toolchain: LLGo
goos: linux
goarch: amd64
pkg: github.com/flanglet/kanzi-go/v2/benchmark
cpu: Intel(R) Xeon(R) 6973P-C @ 3600.755MHz
BenchmarkHuffman-4   	     176	   3297728 ns/op
PASS

shortname: kanzi-Huffman
toolchain: LLGo
goos: linux
goarch: amd64
pkg: github.com/flanglet/kanzi-go/v2/benchmark
cpu: Intel(R) Xeon(R) 6973P-C @ 4206.418MHz
BenchmarkHuffman-4   	     180	   3281225 ns/op
PASS

shortname: kanzi-Huffman
toolchain: LLGo
goos: linux
goarch: amd64
pkg: github.com/flanglet/kanzi-go/v2/benchmark
cpu: Intel(R) Xeon(R) 6973P-C @ 3600.105MHz
BenchmarkHuffman-4   	     177	   3309638 ns/op
PASS

shortname: kanzi-Huffman
toolchain: LLGo
goos: linux
goarch: amd64
pkg: github.com/flanglet/kanzi-go/v2/benchmark
cpu: Intel(R) Xeon(R) 6973P-C @ 3600.033MHz
BenchmarkHuffman-4   	     178	   3296049 ns/op
PASS

shortname: kanzi-Huffman
toolchain: LLGo
goos: linux
goarch: amd64
pkg: github.com/flanglet/kanzi-go/v2/benchmark
cpu: Intel(R) Xeon(R) 6973P-C @ 4200.375MHz
BenchmarkHuffman-4   	     178	   3302946 ns/op
PASS

shortname: nelsam_gxui_interval-General
toolchain: LLGo
goos: linux
goarch: amd64
pkg: git.sr.ht/~nelsam/gxui/interval
cpu: Intel(R) Xeon(R) 6973P-C @ 3600.214MHz
BenchmarkGeneral-4   	  573470	      1062 ns/op
PASS

shortname: nelsam_gxui_interval-General
toolchain: LLGo
goos: linux
goarch: amd64
pkg: git.sr.ht/~nelsam/gxui/interval
cpu: Intel(R) Xeon(R) 6973P-C @ 4165.524MHz
BenchmarkGeneral-4   	  580629	       998.7 ns/op
PASS

shortname: nelsam_gxui_interval-General
toolchain: LLGo
goos: linux
goarch: amd64
pkg: git.sr.ht/~nelsam/gxui/interval
cpu: Intel(R) Xeon(R) 6973P-C @ 4100.325MHz
BenchmarkGeneral-4   	  515079	      1041 ns/op
PASS

shortname: nelsam_gxui_interval-General
toolchain: LLGo
goos: linux
goarch: amd64
pkg: git.sr.ht/~nelsam/gxui/interval
cpu: Intel(R) Xeon(R) 6973P-C @ 3600.141MHz
BenchmarkGeneral-4   	  508327	      1014 ns/op
PASS

shortname: nelsam_gxui_interval-General
toolchain: LLGo
goos: linux
goarch: amd64
pkg: git.sr.ht/~nelsam/gxui/interval
cpu: Intel(R) Xeon(R) 6973P-C @ 4200.122MHz
BenchmarkGeneral-4   	  571366	      1036 ns/op
PASS

shortname: rcrowley_metrics-Histogram
toolchain: LLGo
goos: linux
goarch: amd64
pkg: github.com/rcrowley/go-metrics
cpu: Intel(R) Xeon(R) 6973P-C @ 4072.650MHz
BenchmarkHistogram-4   	 5903594	        95.86 ns/op
PASS

shortname: rcrowley_metrics-Histogram
toolchain: LLGo
goos: linux
goarch: amd64
pkg: github.com/rcrowley/go-metrics
cpu: Intel(R) Xeon(R) 6973P-C @ 4199.912MHz
BenchmarkHistogram-4   	 6022968	        95.13 ns/op
PASS

shortname: rcrowley_metrics-Histogram
toolchain: LLGo
goos: linux
goarch: amd64
pkg: github.com/rcrowley/go-metrics
cpu: Intel(R) Xeon(R) 6973P-C @ 3599.997MHz
BenchmarkHistogram-4   	 5785881	        95.03 ns/op
PASS

shortname: rcrowley_metrics-Histogram
toolchain: LLGo
goos: linux
goarch: amd64
pkg: github.com/rcrowley/go-metrics
cpu: Intel(R) Xeon(R) 6973P-C @ 3600.105MHz
BenchmarkHistogram-4   	 5935790	        95.60 ns/op
PASS

shortname: rcrowley_metrics-Histogram
toolchain: LLGo
goos: linux
goarch: amd64
pkg: github.com/rcrowley/go-metrics
cpu: Intel(R) Xeon(R) 6973P-C @ 3600.214MHz
BenchmarkHistogram-4   	 5786980	        93.70 ns/op
PASS

shortname: rcrowley_metrics-Timer
toolchain: LLGo
goos: linux
goarch: amd64
pkg: github.com/rcrowley/go-metrics
cpu: Intel(R) Xeon(R) 6973P-C @ 3699.997MHz
BenchmarkTimer-4   	  820104	       635.5 ns/op
PASS

shortname: rcrowley_metrics-Timer
toolchain: LLGo
goos: linux
goarch: amd64
pkg: github.com/rcrowley/go-metrics
cpu: Intel(R) Xeon(R) 6973P-C @ 3598.368MHz
BenchmarkTimer-4   	  861228	       617.9 ns/op
PASS

shortname: rcrowley_metrics-Timer
toolchain: LLGo
goos: linux
goarch: amd64
pkg: github.com/rcrowley/go-metrics
cpu: Intel(R) Xeon(R) 6973P-C @ 3599.420MHz
BenchmarkTimer-4   	  835914	       610.9 ns/op
PASS

shortname: rcrowley_metrics-Timer
toolchain: LLGo
goos: linux
goarch: amd64
pkg: github.com/rcrowley/go-metrics
cpu: Intel(R) Xeon(R) 6973P-C @ 3565.664MHz
BenchmarkTimer-4   	  862827	       619.2 ns/op
PASS

shortname: rcrowley_metrics-Timer
toolchain: LLGo
goos: linux
goarch: amd64
pkg: github.com/rcrowley/go-metrics
cpu: Intel(R) Xeon(R) 6973P-C @ 3599.888MHz
BenchmarkTimer-4   	  925431	       615.9 ns/op
PASS

shortname: semver-CheckVersionRange
toolchain: LLGo
goos: linux
goarch: amd64
pkg: github.com/Masterminds/semver/v3
cpu: Intel(R) Xeon(R) 6973P-C @ 4200.459MHz
BenchmarkCheckVersionRange-4   	 6458956	        85.69 ns/op	      64 B/op	       0 allocs/op
PASS

shortname: semver-CheckVersionRange
toolchain: LLGo
goos: linux
goarch: amd64
pkg: github.com/Masterminds/semver/v3
cpu: Intel(R) Xeon(R) 6973P-C @ 3519.708MHz
BenchmarkCheckVersionRange-4   	 5835080	        89.00 ns/op	      64 B/op	       0 allocs/op
PASS

shortname: semver-CheckVersionRange
toolchain: LLGo
goos: linux
goarch: amd64
pkg: github.com/Masterminds/semver/v3
cpu: Intel(R) Xeon(R) 6973P-C @ 4200.207MHz
BenchmarkCheckVersionRange-4   	 6594990	        86.65 ns/op	      64 B/op	       0 allocs/op
PASS

shortname: semver-CheckVersionRange
toolchain: LLGo
goos: linux
goarch: amd64
pkg: github.com/Masterminds/semver/v3
cpu: Intel(R) Xeon(R) 6973P-C @ 3600.610MHz
BenchmarkCheckVersionRange-4   	 6470401	        85.62 ns/op	      64 B/op	       0 allocs/op
PASS

shortname: semver-CheckVersionRange
toolchain: LLGo
goos: linux
goarch: amd64
pkg: github.com/Masterminds/semver/v3
cpu: Intel(R) Xeon(R) 6973P-C @ 3600.250MHz
BenchmarkCheckVersionRange-4   	 6704970	        84.96 ns/op	      64 B/op	       0 allocs/op
PASS

shortname: semver-CoerceNewVersionSimple
toolchain: LLGo
goos: linux
goarch: amd64
pkg: github.com/Masterminds/semver/v3
cpu: Intel(R) Xeon(R) 6973P-C @ 3600.501MHz
BenchmarkCoerceNewVersionSimple-4   	 1679984	       366.6 ns/op	     431 B/op	       0 allocs/op
PASS

shortname: semver-CoerceNewVersionSimple
toolchain: LLGo
goos: linux
goarch: amd64
pkg: github.com/Masterminds/semver/v3
cpu: Intel(R) Xeon(R) 6973P-C @ 4200.671MHz
BenchmarkCoerceNewVersionSimple-4   	 1613352	       359.7 ns/op	     431 B/op	       0 allocs/op
PASS

shortname: semver-CoerceNewVersionSimple
toolchain: LLGo
goos: linux
goarch: amd64
pkg: github.com/Masterminds/semver/v3
cpu: Intel(R) Xeon(R) 6973P-C @ 3600.069MHz
BenchmarkCoerceNewVersionSimple-4   	 1568192	       372.1 ns/op	     431 B/op	       0 allocs/op
PASS

shortname: semver-CoerceNewVersionSimple
toolchain: LLGo
goos: linux
goarch: amd64
pkg: github.com/Masterminds/semver/v3
cpu: Intel(R) Xeon(R) 6973P-C @ 4200.587MHz
BenchmarkCoerceNewVersionSimple-4   	 1602955	       380.9 ns/op	     431 B/op	       0 allocs/op
PASS

shortname: semver-CoerceNewVersionSimple
toolchain: LLGo
goos: linux
goarch: amd64
pkg: github.com/Masterminds/semver/v3
cpu: Intel(R) Xeon(R) 6973P-C @ 4200.544MHz
BenchmarkCoerceNewVersionSimple-4   	 1550672	       388.8 ns/op	     431 B/op	       0 allocs/op
PASS

shortname: semver-ValidateVersionRangeFail
toolchain: LLGo
goos: linux
goarch: amd64
pkg: github.com/Masterminds/semver/v3
cpu: Intel(R) Xeon(R) 6973P-C @ 3580.486MHz
BenchmarkValidateVersionRangeFail-4   	  216302	      2447 ns/op	    3744 B/op	       0 allocs/op
PASS

shortname: semver-ValidateVersionRangeFail
toolchain: LLGo
goos: linux
goarch: amd64
pkg: github.com/Masterminds/semver/v3
cpu: Intel(R) Xeon(R) 6973P-C @ 3499.766MHz
BenchmarkValidateVersionRangeFail-4   	  250484	      2420 ns/op	    3744 B/op	       0 allocs/op
PASS

shortname: semver-ValidateVersionRangeFail
toolchain: LLGo
goos: linux
goarch: amd64
pkg: github.com/Masterminds/semver/v3
cpu: Intel(R) Xeon(R) 6973P-C @ 3600.069MHz
BenchmarkValidateVersionRangeFail-4   	  212692	      2405 ns/op	    3744 B/op	       0 allocs/op
PASS

shortname: semver-ValidateVersionRangeFail
toolchain: LLGo
goos: linux
goarch: amd64
pkg: github.com/Masterminds/semver/v3
cpu: Intel(R) Xeon(R) 6973P-C @ 3599.961MHz
BenchmarkValidateVersionRangeFail-4   	  248712	      2411 ns/op	    3744 B/op	       0 allocs/op
PASS

shortname: semver-ValidateVersionRangeFail
toolchain: LLGo
goos: linux
goarch: amd64
pkg: github.com/Masterminds/semver/v3
cpu: Intel(R) Xeon(R) 6973P-C @ 3600.394MHz
BenchmarkValidateVersionRangeFail-4   	  212614	      2479 ns/op	    3744 B/op	       0 allocs/op
PASS

shortname: shopify_sarama-ZstdMemoryConsumption%2Fno_drain
toolchain: LLGo
goos: linux
goarch: amd64
pkg: github.com/IBM/sarama
cpu: Intel(R) Xeon(R) 6973P-C @ 2600.000MHz
BenchmarkZstdMemoryConsumption/no_drain-4         	     144	   4071359 ns/op	  190524 B/op	       0 allocs/op
PASS

shortname: shopify_sarama-ZstdMemoryConsumption%2Fno_drain
toolchain: LLGo
goos: linux
goarch: amd64
pkg: github.com/IBM/sarama
cpu: Intel(R) Xeon(R) 6973P-C @ 2600.000MHz
BenchmarkZstdMemoryConsumption/no_drain-4         	     145	   4040092 ns/op	  189488 B/op	       0 allocs/op
PASS

shortname: shopify_sarama-ZstdMemoryConsumption%2Fno_drain
toolchain: LLGo
goos: linux
goarch: amd64
pkg: github.com/IBM/sarama
cpu: Intel(R) Xeon(R) 6973P-C @ 4200.184MHz
BenchmarkZstdMemoryConsumption/no_drain-4         	     147	   3996172 ns/op	  187478 B/op	       0 allocs/op
PASS

shortname: shopify_sarama-ZstdMemoryConsumption%2Fno_drain
toolchain: LLGo
goos: linux
goarch: amd64
pkg: github.com/IBM/sarama
cpu: Intel(R) Xeon(R) 6973P-C @ 2600.000MHz
BenchmarkZstdMemoryConsumption/no_drain-4         	     145	   4063990 ns/op	  189485 B/op	       0 allocs/op
PASS

shortname: shopify_sarama-ZstdMemoryConsumption%2Fno_drain
toolchain: LLGo
goos: linux
goarch: amd64
pkg: github.com/IBM/sarama
cpu: Intel(R) Xeon(R) 6973P-C @ 2600.000MHz
BenchmarkZstdMemoryConsumption/no_drain-4         	     129	   4292136 ns/op	  207792 B/op	       0 allocs/op
PASS

shortname: shopify_sarama-_getMetricNameForTopic
toolchain: LLGo
goos: linux
goarch: amd64
pkg: github.com/IBM/sarama
cpu: Intel(R) Xeon(R) 6973P-C @ 4002.229MHz
Benchmark_getMetricNameForTopic-4   	 2619801	       230.8 ns/op	     128 B/op	       0 allocs/op
PASS

shortname: shopify_sarama-_getMetricNameForTopic
toolchain: LLGo
goos: linux
goarch: amd64
pkg: github.com/IBM/sarama
cpu: Intel(R) Xeon(R) 6973P-C @ 4200.333MHz
Benchmark_getMetricNameForTopic-4   	 2645912	       225.0 ns/op	     128 B/op	       0 allocs/op
PASS

shortname: shopify_sarama-_getMetricNameForTopic
toolchain: LLGo
goos: linux
goarch: amd64
pkg: github.com/IBM/sarama
cpu: Intel(R) Xeon(R) 6973P-C @ 3600.538MHz
Benchmark_getMetricNameForTopic-4   	 2592511	       230.0 ns/op	     128 B/op	       0 allocs/op
PASS

shortname: shopify_sarama-_getMetricNameForTopic
toolchain: LLGo
goos: linux
goarch: amd64
pkg: github.com/IBM/sarama
cpu: Intel(R) Xeon(R) 6973P-C @ 2600.000MHz
Benchmark_getMetricNameForTopic-4   	 2639936	       227.2 ns/op	     128 B/op	       0 allocs/op
PASS

shortname: shopify_sarama-_getMetricNameForTopic
toolchain: LLGo
goos: linux
goarch: amd64
pkg: github.com/IBM/sarama
cpu: Intel(R) Xeon(R) 6973P-C @ 3599.816MHz
Benchmark_getMetricNameForTopic-4   	 2668244	       226.4 ns/op	     128 B/op	       0 allocs/op
PASS

shortname: thriftrw_gen-RoundTrip%2FContainersOfContainers%2FDecode
toolchain: LLGo
goos: linux
goarch: amd64
pkg: go.uber.org/thriftrw/gen
cpu: Intel(R) Xeon(R) 6973P-C @ 3571.692MHz
BenchmarkRoundTrip/ContainersOfContainers/Decode-4  	    3249	    167824 ns/op
PASS

shortname: thriftrw_gen-RoundTrip%2FContainersOfContainers%2FDecode
toolchain: LLGo
goos: linux
goarch: amd64
pkg: go.uber.org/thriftrw/gen
cpu: Intel(R) Xeon(R) 6973P-C @ 3600.177MHz
BenchmarkRoundTrip/ContainersOfContainers/Decode-4  	    3319	    169224 ns/op
PASS

shortname: thriftrw_gen-RoundTrip%2FContainersOfContainers%2FDecode
toolchain: LLGo
goos: linux
goarch: amd64
pkg: go.uber.org/thriftrw/gen
cpu: Intel(R) Xeon(R) 6973P-C @ 3599.780MHz
BenchmarkRoundTrip/ContainersOfContainers/Decode-4  	    3294	    168101 ns/op
PASS

shortname: thriftrw_gen-RoundTrip%2FContainersOfContainers%2FDecode
toolchain: LLGo
goos: linux
goarch: amd64
pkg: go.uber.org/thriftrw/gen
cpu: Intel(R) Xeon(R) 6973P-C @ 3900.075MHz
BenchmarkRoundTrip/ContainersOfContainers/Decode-4  	    3260	    167857 ns/op
PASS

shortname: thriftrw_gen-RoundTrip%2FContainersOfContainers%2FDecode
toolchain: LLGo
goos: linux
goarch: amd64
pkg: go.uber.org/thriftrw/gen
cpu: Intel(R) Xeon(R) 6973P-C @ 3599.817MHz
BenchmarkRoundTrip/ContainersOfContainers/Decode-4  	    3297	    167163 ns/op
PASS

shortname: thriftrw_gen-RoundTrip%2FContainersOfContainers%2FEncode
toolchain: LLGo
goos: linux
goarch: amd64
pkg: go.uber.org/thriftrw/gen
cpu: Intel(R) Xeon(R) 6973P-C @ 3599.636MHz
BenchmarkRoundTrip/ContainersOfContainers/Encode-4  	    5464	     95882 ns/op
PASS

shortname: thriftrw_gen-RoundTrip%2FContainersOfContainers%2FEncode
toolchain: LLGo
goos: linux
goarch: amd64
pkg: go.uber.org/thriftrw/gen
cpu: Intel(R) Xeon(R) 6973P-C @ 3600.538MHz
BenchmarkRoundTrip/ContainersOfContainers/Encode-4  	    5554	     97256 ns/op
PASS

shortname: thriftrw_gen-RoundTrip%2FContainersOfContainers%2FEncode
toolchain: LLGo
goos: linux
goarch: amd64
pkg: go.uber.org/thriftrw/gen
cpu: Intel(R) Xeon(R) 6973P-C @ 3600.214MHz
BenchmarkRoundTrip/ContainersOfContainers/Encode-4  	    5652	     95994 ns/op
PASS

shortname: thriftrw_gen-RoundTrip%2FContainersOfContainers%2FEncode
toolchain: LLGo
goos: linux
goarch: amd64
pkg: go.uber.org/thriftrw/gen
cpu: Intel(R) Xeon(R) 6973P-C @ 3599.564MHz
BenchmarkRoundTrip/ContainersOfContainers/Encode-4  	    5540	     96006 ns/op
PASS

shortname: thriftrw_gen-RoundTrip%2FContainersOfContainers%2FEncode
toolchain: LLGo
goos: linux
goarch: amd64
pkg: go.uber.org/thriftrw/gen
cpu: Intel(R) Xeon(R) 6973P-C @ 3857.667MHz
BenchmarkRoundTrip/ContainersOfContainers/Encode-4  	    5653	     97142 ns/op
PASS

shortname: thriftrw_gen-RoundTrip%2FPrimitiveOptionalStruct%2FStreaming_Decode
toolchain: LLGo
goos: linux
goarch: amd64
pkg: go.uber.org/thriftrw/gen
cpu: Intel(R) Xeon(R) 6973P-C @ 3600.793MHz
BenchmarkRoundTrip/PrimitiveOptionalStruct/Streaming_Decode-4         	   88472	      6052 ns/op
PASS

shortname: thriftrw_gen-RoundTrip%2FPrimitiveOptionalStruct%2FStreaming_Decode
toolchain: LLGo
goos: linux
goarch: amd64
pkg: go.uber.org/thriftrw/gen
cpu: Intel(R) Xeon(R) 6973P-C @ 3496.314MHz
BenchmarkRoundTrip/PrimitiveOptionalStruct/Streaming_Decode-4         	   95197	      5697 ns/op
PASS

shortname: thriftrw_gen-RoundTrip%2FPrimitiveOptionalStruct%2FStreaming_Decode
toolchain: LLGo
goos: linux
goarch: amd64
pkg: go.uber.org/thriftrw/gen
cpu: Intel(R) Xeon(R) 6973P-C @ 3600.178MHz
BenchmarkRoundTrip/PrimitiveOptionalStruct/Streaming_Decode-4         	   95905	      5652 ns/op
PASS

shortname: thriftrw_gen-RoundTrip%2FPrimitiveOptionalStruct%2FStreaming_Decode
toolchain: LLGo
goos: linux
goarch: amd64
pkg: go.uber.org/thriftrw/gen
cpu: Intel(R) Xeon(R) 6973P-C @ 3568.078MHz
BenchmarkRoundTrip/PrimitiveOptionalStruct/Streaming_Decode-4         	  100003	      5739 ns/op
PASS

shortname: thriftrw_gen-RoundTrip%2FPrimitiveOptionalStruct%2FStreaming_Decode
toolchain: LLGo
goos: linux
goarch: amd64
pkg: go.uber.org/thriftrw/gen
cpu: Intel(R) Xeon(R) 6973P-C @ 3599.672MHz
BenchmarkRoundTrip/PrimitiveOptionalStruct/Streaming_Decode-4         	   94156	      6157 ns/op
PASS

shortname: uber_zap-JSONLogMarshalerFunc
toolchain: LLGo
goos: linux
goarch: amd64
pkg: go.uber.org/zap/zapcore
cpu: Intel(R) Xeon(R) 6973P-C @ 3600.797MHz
BenchmarkJSONLogMarshalerFunc-4   	  439708	      1374 ns/op
PASS

shortname: uber_zap-JSONLogMarshalerFunc
toolchain: LLGo
goos: linux
goarch: amd64
pkg: go.uber.org/zap/zapcore
cpu: Intel(R) Xeon(R) 6973P-C @ 3599.997MHz
BenchmarkJSONLogMarshalerFunc-4   	  438547	      1378 ns/op
PASS

shortname: uber_zap-JSONLogMarshalerFunc
toolchain: LLGo
goos: linux
goarch: amd64
pkg: go.uber.org/zap/zapcore
cpu: Intel(R) Xeon(R) 6973P-C @ 3585.375MHz
BenchmarkJSONLogMarshalerFunc-4   	  446140	      1340 ns/op
PASS

shortname: uber_zap-JSONLogMarshalerFunc
toolchain: LLGo
goos: linux
goarch: amd64
pkg: go.uber.org/zap/zapcore
cpu: Intel(R) Xeon(R) 6973P-C @ 3600.213MHz
BenchmarkJSONLogMarshalerFunc-4   	  439964	      1437 ns/op
PASS

shortname: uber_zap-JSONLogMarshalerFunc
toolchain: LLGo
goos: linux
goarch: amd64
pkg: go.uber.org/zap/zapcore
cpu: Intel(R) Xeon(R) 6973P-C @ 3600.827MHz
BenchmarkJSONLogMarshalerFunc-4   	  422955	      1449 ns/op
PASS

shortname: uuid-New
toolchain: LLGo
goos: linux
goarch: amd64
pkg: github.com/google/uuid
cpu: Intel(R) Xeon(R) 6973P-C @ 3600.321MHz
BenchmarkNew-4   	  995445	       599.9 ns/op
PASS

shortname: uuid-New
toolchain: LLGo
goos: linux
goarch: amd64
pkg: github.com/google/uuid
cpu: Intel(R) Xeon(R) 6973P-C @ 3600.684MHz
BenchmarkNew-4   	 1000000	       609.2 ns/op
PASS

shortname: uuid-New
toolchain: LLGo
goos: linux
goarch: amd64
pkg: github.com/google/uuid
cpu: Intel(R) Xeon(R) 6973P-C @ 3600.323MHz
BenchmarkNew-4   	 1000000	       545.6 ns/op
PASS

shortname: uuid-New
toolchain: LLGo
goos: linux
goarch: amd64
pkg: github.com/google/uuid
cpu: Intel(R) Xeon(R) 6973P-C @ 3599.852MHz
BenchmarkNew-4   	 1000000	       543.9 ns/op
PASS

shortname: uuid-New
toolchain: LLGo
goos: linux
goarch: amd64
pkg: github.com/google/uuid
cpu: Intel(R) Xeon(R) 6973P-C @ 3595.801MHz
BenchmarkNew-4   	  995305	       545.6 ns/op
PASS

shortname: uuid-UUID_MarshalJSON
toolchain: LLGo
goos: linux
goarch: amd64
pkg: github.com/google/uuid
cpu: Intel(R) Xeon(R) 6973P-C @ 3599.816MHz
BenchmarkUUID_MarshalJSON-4   	  382178	      1451 ns/op
PASS

shortname: uuid-UUID_MarshalJSON
toolchain: LLGo
goos: linux
goarch: amd64
pkg: github.com/google/uuid
cpu: Intel(R) Xeon(R) 6973P-C @ 3599.961MHz
BenchmarkUUID_MarshalJSON-4   	  369756	      1434 ns/op
PASS

shortname: uuid-UUID_MarshalJSON
toolchain: LLGo
goos: linux
goarch: amd64
pkg: github.com/google/uuid
cpu: Intel(R) Xeon(R) 6973P-C @ 3600.646MHz
BenchmarkUUID_MarshalJSON-4   	  386271	      1424 ns/op
PASS

shortname: uuid-UUID_MarshalJSON
toolchain: LLGo
goos: linux
goarch: amd64
pkg: github.com/google/uuid
cpu: Intel(R) Xeon(R) 6973P-C @ 3599.780MHz
BenchmarkUUID_MarshalJSON-4   	  369636	      1433 ns/op
PASS

shortname: uuid-UUID_MarshalJSON
toolchain: LLGo
goos: linux
goarch: amd64
pkg: github.com/google/uuid
cpu: Intel(R) Xeon(R) 6973P-C @ 3800.111MHz
BenchmarkUUID_MarshalJSON-4   	  360410	      1444 ns/op
PASS

shortname: uuid-UUID_UnmarshalJSON
toolchain: LLGo
goos: linux
goarch: amd64
pkg: github.com/google/uuid
cpu: Intel(R) Xeon(R) 6973P-C @ 3599.817MHz
BenchmarkUUID_UnmarshalJSON-4   	  160830	      3266 ns/op
PASS

shortname: uuid-UUID_UnmarshalJSON
toolchain: LLGo
goos: linux
goarch: amd64
pkg: github.com/google/uuid
cpu: Intel(R) Xeon(R) 6973P-C @ 3600.214MHz
BenchmarkUUID_UnmarshalJSON-4   	  163510	      3112 ns/op
PASS

shortname: uuid-UUID_UnmarshalJSON
toolchain: LLGo
goos: linux
goarch: amd64
pkg: github.com/google/uuid
cpu: Intel(R) Xeon(R) 6973P-C @ 3600.285MHz
BenchmarkUUID_UnmarshalJSON-4   	  162495	      3196 ns/op
PASS

shortname: uuid-UUID_UnmarshalJSON
toolchain: LLGo
goos: linux
goarch: amd64
pkg: github.com/google/uuid
cpu: Intel(R) Xeon(R) 6973P-C @ 3600.285MHz
BenchmarkUUID_UnmarshalJSON-4   	  193794	      3040 ns/op
PASS

shortname: uuid-UUID_UnmarshalJSON
toolchain: LLGo
goos: linux
goarch: amd64
pkg: github.com/google/uuid
cpu: Intel(R) Xeon(R) 6973P-C @ 3599.527MHz
BenchmarkUUID_UnmarshalJSON-4   	  169245	      3056 ns/op
PASS

shortname: workiva_augmentedtree-AddItems
toolchain: LLGo
goos: linux
goarch: amd64
pkg: github.com/Workiva/go-datastructures/augmentedtree
cpu: Intel(R) Xeon(R) 6973P-C @ 3599.744MHz
BenchmarkAddItems-4   	    1954	    277569 ns/op
PASS

shortname: workiva_augmentedtree-AddItems
toolchain: LLGo
goos: linux
goarch: amd64
pkg: github.com/Workiva/go-datastructures/augmentedtree
cpu: Intel(R) Xeon(R) 6973P-C @ 3599.997MHz
BenchmarkAddItems-4   	    2022	    297543 ns/op
PASS

shortname: workiva_augmentedtree-AddItems
toolchain: LLGo
goos: linux
goarch: amd64
pkg: github.com/Workiva/go-datastructures/augmentedtree
cpu: Intel(R) Xeon(R) 6973P-C @ 3586.168MHz
BenchmarkAddItems-4   	    1857	    298351 ns/op
PASS

shortname: workiva_augmentedtree-AddItems
toolchain: LLGo
goos: linux
goarch: amd64
pkg: github.com/Workiva/go-datastructures/augmentedtree
cpu: Intel(R) Xeon(R) 6973P-C @ 3599.888MHz
BenchmarkAddItems-4   	    1861	    291093 ns/op
PASS

shortname: workiva_augmentedtree-AddItems
toolchain: LLGo
goos: linux
goarch: amd64
pkg: github.com/Workiva/go-datastructures/augmentedtree
cpu: Intel(R) Xeon(R) 6973P-C @ 3600.553MHz
BenchmarkAddItems-4   	    1968	    274022 ns/op
PASS

shortname: workiva_avl-ImmutableInsert
toolchain: LLGo
goos: linux
goarch: amd64
pkg: github.com/Workiva/go-datastructures/tree/avl
cpu: Intel(R) Xeon(R) 6973P-C @ 3600.214MHz
BenchmarkImmutableInsert-4   	  493323	      1329 ns/op
PASS

shortname: workiva_avl-ImmutableInsert
toolchain: LLGo
goos: linux
goarch: amd64
pkg: github.com/Workiva/go-datastructures/tree/avl
cpu: Intel(R) Xeon(R) 6973P-C @ 3600.069MHz
BenchmarkImmutableInsert-4   	  507486	      1429 ns/op
PASS

shortname: workiva_avl-ImmutableInsert
toolchain: LLGo
goos: linux
goarch: amd64
pkg: github.com/Workiva/go-datastructures/tree/avl
cpu: Intel(R) Xeon(R) 6973P-C @ 3599.780MHz
BenchmarkImmutableInsert-4   	  497893	      1534 ns/op
PASS

shortname: workiva_avl-ImmutableInsert
toolchain: LLGo
goos: linux
goarch: amd64
pkg: github.com/Workiva/go-datastructures/tree/avl
cpu: Intel(R) Xeon(R) 6973P-C @ 3599.888MHz
BenchmarkImmutableInsert-4   	  461112	      1386 ns/op
PASS

shortname: workiva_avl-ImmutableInsert
toolchain: LLGo
goos: linux
goarch: amd64
pkg: github.com/Workiva/go-datastructures/tree/avl
cpu: Intel(R) Xeon(R) 6973P-C @ 3599.780MHz
BenchmarkImmutableInsert-4   	  452216	      1482 ns/op
PASS

shortname: workiva_bitarray-CompressedIntersects
toolchain: LLGo
goos: linux
goarch: amd64
pkg: github.com/Workiva/go-datastructures/bitarray
cpu: Intel(R) Xeon(R) 6973P-C @ 3599.708MHz
BenchmarkCompressedIntersects-4   	 1813108	       330.4 ns/op
PASS

shortname: workiva_bitarray-CompressedIntersects
toolchain: LLGo
goos: linux
goarch: amd64
pkg: github.com/Workiva/go-datastructures/bitarray
cpu: Intel(R) Xeon(R) 6973P-C @ 3775.660MHz
BenchmarkCompressedIntersects-4   	 1825512	       324.3 ns/op
PASS

shortname: workiva_bitarray-CompressedIntersects
toolchain: LLGo
goos: linux
goarch: amd64
pkg: github.com/Workiva/go-datastructures/bitarray
cpu: Intel(R) Xeon(R) 6973P-C @ 3900.505MHz
BenchmarkCompressedIntersects-4   	 1808864	       327.7 ns/op
PASS

shortname: workiva_bitarray-CompressedIntersects
toolchain: LLGo
goos: linux
goarch: amd64
pkg: github.com/Workiva/go-datastructures/bitarray
cpu: Intel(R) Xeon(R) 6973P-C @ 3600.181MHz
BenchmarkCompressedIntersects-4   	 1830356	       324.0 ns/op
PASS

shortname: workiva_bitarray-CompressedIntersects
toolchain: LLGo
goos: linux
goarch: amd64
pkg: github.com/Workiva/go-datastructures/bitarray
cpu: Intel(R) Xeon(R) 6973P-C @ 3600.119MHz
BenchmarkCompressedIntersects-4   	 1821236	       327.0 ns/op
PASS

shortname: workiva_hilbert-BulkUpdatePoints
toolchain: LLGo
goos: linux
goarch: amd64
pkg: github.com/Workiva/go-datastructures/rtree/hilbert
cpu: Intel(R) Xeon(R) 6973P-C @ 3602.504MHz
BenchmarkBulkUpdatePoints-4   	     622	    915808 ns/op
PASS

shortname: workiva_hilbert-BulkUpdatePoints
toolchain: LLGo
goos: linux
goarch: amd64
pkg: github.com/Workiva/go-datastructures/rtree/hilbert
cpu: Intel(R) Xeon(R) 6973P-C @ 3731.416MHz
BenchmarkBulkUpdatePoints-4   	     650	    900995 ns/op
PASS

shortname: workiva_hilbert-BulkUpdatePoints
toolchain: LLGo
goos: linux
goarch: amd64
pkg: github.com/Workiva/go-datastructures/rtree/hilbert
cpu: Intel(R) Xeon(R) 6973P-C @ 3600.105MHz
BenchmarkBulkUpdatePoints-4   	     672	    885545 ns/op
PASS

shortname: workiva_hilbert-BulkUpdatePoints
toolchain: LLGo
goos: linux
goarch: amd64
pkg: github.com/Workiva/go-datastructures/rtree/hilbert
cpu: Intel(R) Xeon(R) 6973P-C @ 3602.680MHz
BenchmarkBulkUpdatePoints-4   	     672	    873352 ns/op
PASS

shortname: workiva_hilbert-BulkUpdatePoints
toolchain: LLGo
goos: linux
goarch: amd64
pkg: github.com/Workiva/go-datastructures/rtree/hilbert
cpu: Intel(R) Xeon(R) 6973P-C @ 3610.150MHz
BenchmarkBulkUpdatePoints-4   	     664	    867075 ns/op
PASS

shortname: workiva_queue-PriorityQueue
toolchain: LLGo
goos: linux
goarch: amd64
pkg: github.com/Workiva/go-datastructures/queue
cpu: Intel(R) Xeon(R) 6973P-C @ 3600.394MHz
BenchmarkPriorityQueue-4   	  383192	      1428 ns/op
PASS

shortname: workiva_queue-PriorityQueue
toolchain: LLGo
goos: linux
goarch: amd64
pkg: github.com/Workiva/go-datastructures/queue
cpu: Intel(R) Xeon(R) 6973P-C @ 3600.647MHz
BenchmarkPriorityQueue-4   	  349483	      1494 ns/op
PASS

shortname: workiva_queue-PriorityQueue
toolchain: LLGo
goos: linux
goarch: amd64
pkg: github.com/Workiva/go-datastructures/queue
cpu: Intel(R) Xeon(R) 6973P-C @ 3600.358MHz
BenchmarkPriorityQueue-4   	  386559	      1836 ns/op
PASS

shortname: workiva_queue-PriorityQueue
toolchain: LLGo
goos: linux
goarch: amd64
pkg: github.com/Workiva/go-datastructures/queue
cpu: Intel(R) Xeon(R) 6973P-C @ 3600.250MHz
BenchmarkPriorityQueue-4   	  380846	      1473 ns/op
PASS

shortname: workiva_queue-PriorityQueue
toolchain: LLGo
goos: linux
goarch: amd64
pkg: github.com/Workiva/go-datastructures/queue
cpu: Intel(R) Xeon(R) 6973P-C @ 3903.034MHz
BenchmarkPriorityQueue-4   	  400401	      1673 ns/op
PASS

shortname: workiva_rangetree-Apply
toolchain: LLGo
goos: linux
goarch: amd64
pkg: github.com/Workiva/go-datastructures/rangetree
cpu: Intel(R) Xeon(R) 6973P-C @ 3600.394MHz
BenchmarkApply-4   	    3286	    152922 ns/op
PASS

shortname: workiva_rangetree-Apply
toolchain: LLGo
goos: linux
goarch: amd64
pkg: github.com/Workiva/go-datastructures/rangetree
cpu: Intel(R) Xeon(R) 6973P-C @ 3599.888MHz
BenchmarkApply-4   	    3282	    153484 ns/op
PASS

shortname: workiva_rangetree-Apply
toolchain: LLGo
goos: linux
goarch: amd64
pkg: github.com/Workiva/go-datastructures/rangetree
cpu: Intel(R) Xeon(R) 6973P-C @ 3599.744MHz
BenchmarkApply-4   	    3226	    155111 ns/op
PASS

shortname: workiva_rangetree-Apply
toolchain: LLGo
goos: linux
goarch: amd64
pkg: github.com/Workiva/go-datastructures/rangetree
cpu: Intel(R) Xeon(R) 6973P-C @ 3600.229MHz
BenchmarkApply-4   	    3322	    156738 ns/op
PASS

shortname: workiva_rangetree-Apply
toolchain: LLGo
goos: linux
goarch: amd64
pkg: github.com/Workiva/go-datastructures/rangetree
cpu: Intel(R) Xeon(R) 6973P-C @ 3599.672MHz
BenchmarkApply-4   	    3266	    154824 ns/op
PASS

shortname: workiva_rangetree-ImmutableInsertSecondDimension
toolchain: LLGo
goos: linux
goarch: amd64
pkg: github.com/Workiva/go-datastructures/rangetree
cpu: Intel(R) Xeon(R) 6973P-C @ 2600.000MHz
BenchmarkImmutableInsertSecondDimension-4   	      15	  37609683 ns/op
PASS

shortname: workiva_rangetree-ImmutableInsertSecondDimension
toolchain: LLGo
goos: linux
goarch: amd64
pkg: github.com/Workiva/go-datastructures/rangetree
cpu: Intel(R) Xeon(R) 6973P-C @ 4200.781MHz
BenchmarkImmutableInsertSecondDimension-4   	      15	  38418807 ns/op
PASS

shortname: workiva_rangetree-ImmutableInsertSecondDimension
toolchain: LLGo
goos: linux
goarch: amd64
pkg: github.com/Workiva/go-datastructures/rangetree
cpu: Intel(R) Xeon(R) 6973P-C @ 3598.625MHz
BenchmarkImmutableInsertSecondDimension-4   	      15	  37589372 ns/op
PASS

shortname: workiva_rangetree-ImmutableInsertSecondDimension
toolchain: LLGo
goos: linux
goarch: amd64
pkg: github.com/Workiva/go-datastructures/rangetree
cpu: Intel(R) Xeon(R) 6973P-C @ 3666.302MHz
BenchmarkImmutableInsertSecondDimension-4   	      15	  39179300 ns/op
PASS

shortname: workiva_rangetree-ImmutableInsertSecondDimension
toolchain: LLGo
goos: linux
goarch: amd64
pkg: github.com/Workiva/go-datastructures/rangetree
cpu: Intel(R) Xeon(R) 6973P-C @ 2600.000MHz
BenchmarkImmutableInsertSecondDimension-4   	      14	  39964094 ns/op
PASS

shortname: workiva_set-Clear
toolchain: LLGo
goos: linux
goarch: amd64
pkg: github.com/Workiva/go-datastructures/set
cpu: Intel(R) Xeon(R) 6973P-C @ 3599.454MHz
BenchmarkClear-4   	 8176318	        71.26 ns/op
PASS

shortname: workiva_set-Clear
toolchain: LLGo
goos: linux
goarch: amd64
pkg: github.com/Workiva/go-datastructures/set
cpu: Intel(R) Xeon(R) 6973P-C @ 3600.141MHz
BenchmarkClear-4   	 8039196	        69.84 ns/op
PASS

shortname: workiva_set-Clear
toolchain: LLGo
goos: linux
goarch: amd64
pkg: github.com/Workiva/go-datastructures/set
cpu: Intel(R) Xeon(R) 6973P-C @ 4200.291MHz
BenchmarkClear-4   	 8485035	        69.14 ns/op
PASS

shortname: workiva_set-Clear
toolchain: LLGo
goos: linux
goarch: amd64
pkg: github.com/Workiva/go-datastructures/set
cpu: Intel(R) Xeon(R) 6973P-C @ 4200.712MHz
BenchmarkClear-4   	 8097303	        70.54 ns/op
PASS

shortname: workiva_set-Clear
toolchain: LLGo
goos: linux
goarch: amd64
pkg: github.com/Workiva/go-datastructures/set
cpu: Intel(R) Xeon(R) 6973P-C @ 3600.458MHz
BenchmarkClear-4   	 8289841	        70.38 ns/op
PASS

shortname: workiva_set-Exists
toolchain: LLGo
goos: linux
goarch: amd64
pkg: github.com/Workiva/go-datastructures/set
cpu: Intel(R) Xeon(R) 6973P-C @ 4199.343MHz
BenchmarkExists-4   	 9506271	        59.05 ns/op
PASS

shortname: workiva_set-Exists
toolchain: LLGo
goos: linux
goarch: amd64
pkg: github.com/Workiva/go-datastructures/set
cpu: Intel(R) Xeon(R) 6973P-C @ 3599.347MHz
BenchmarkExists-4   	 9979819	        60.48 ns/op
PASS

shortname: workiva_set-Exists
toolchain: LLGo
goos: linux
goarch: amd64
pkg: github.com/Workiva/go-datastructures/set
cpu: Intel(R) Xeon(R) 6973P-C @ 3600.141MHz
BenchmarkExists-4   	 9433381	        60.30 ns/op
PASS

shortname: workiva_set-Exists
toolchain: LLGo
goos: linux
goarch: amd64
pkg: github.com/Workiva/go-datastructures/set
cpu: Intel(R) Xeon(R) 6973P-C @ 3599.852MHz
BenchmarkExists-4   	 8783377	        67.01 ns/op
PASS

shortname: workiva_set-Exists
toolchain: LLGo
goos: linux
goarch: amd64
pkg: github.com/Workiva/go-datastructures/set
cpu: Intel(R) Xeon(R) 6973P-C @ 3600.069MHz
BenchmarkExists-4   	 9690332	        60.12 ns/op
PASS

shortname: workiva_triey-Iterator
toolchain: LLGo
goos: linux
goarch: amd64
pkg: github.com/Workiva/go-datastructures/trie/yfast
cpu: Intel(R) Xeon(R) 6973P-C @ 3600.719MHz
BenchmarkIterator-4   	  437461	      1357 ns/op
PASS

shortname: workiva_triey-Iterator
toolchain: LLGo
goos: linux
goarch: amd64
pkg: github.com/Workiva/go-datastructures/trie/yfast
cpu: Intel(R) Xeon(R) 6973P-C @ 3699.733MHz
BenchmarkIterator-4   	  397965	      1482 ns/op
PASS

shortname: workiva_triey-Iterator
toolchain: LLGo
goos: linux
goarch: amd64
pkg: github.com/Workiva/go-datastructures/trie/yfast
cpu: Intel(R) Xeon(R) 6973P-C @ 3599.961MHz
BenchmarkIterator-4   	  425281	      1354 ns/op
PASS

shortname: workiva_triey-Iterator
toolchain: LLGo
goos: linux
goarch: amd64
pkg: github.com/Workiva/go-datastructures/trie/yfast
cpu: Intel(R) Xeon(R) 6973P-C @ 3599.708MHz
BenchmarkIterator-4   	  425940	      1354 ns/op
PASS

shortname: workiva_triey-Iterator
toolchain: LLGo
goos: linux
goarch: amd64
pkg: github.com/Workiva/go-datastructures/trie/yfast
cpu: Intel(R) Xeon(R) 6973P-C @ 3600.249MHz
BenchmarkIterator-4   	  417580	      1343 ns/op
PASS
