cache:INFO: generating system library: sysroot/lib/wasm32-emscripten/lto/libGL-getprocaddr.a... (this will be cached in "/home/runner/work/_temp/29368fcf-3493-42f1-9875-2786315ec918/emsdk-main/upstream/emscripten/cache/sysroot/lib/wasm32-emscripten/lto/libGL-getprocaddr.a" for subsequent builds)
system_libs:INFO: compiled 4 inputs in 0.21s
cache:INFO:  - ok
cache:INFO: generating system library: sysroot/lib/wasm32-emscripten/lto/libal.a... (this will be cached in "/home/runner/work/_temp/29368fcf-3493-42f1-9875-2786315ec918/emsdk-main/upstream/emscripten/cache/sysroot/lib/wasm32-emscripten/lto/libal.a" for subsequent builds)
system_libs:INFO: compiled 1 inputs in 0.16s
cache:INFO:  - ok
cache:INFO: generating system library: sysroot/lib/wasm32-emscripten/lto/libhtml5.a... (this will be cached in "/home/runner/work/_temp/29368fcf-3493-42f1-9875-2786315ec918/emsdk-main/upstream/emscripten/cache/sysroot/lib/wasm32-emscripten/lto/libhtml5.a" for subsequent builds)
system_libs:INFO: compiled 5 inputs in 0.33s
cache:INFO:  - ok
cache:INFO: generating system library: sysroot/lib/wasm32-emscripten/lto/libc_optz.a... (this will be cached in "/home/runner/work/_temp/29368fcf-3493-42f1-9875-2786315ec918/emsdk-main/upstream/emscripten/cache/sysroot/lib/wasm32-emscripten/lto/libc_optz.a" for subsequent builds)
system_libs:INFO: compiled 7 inputs in 0.37s
cache:INFO:  - ok
cache:INFO: generating system library: sysroot/lib/wasm32-emscripten/lto/libstubs.a... (this will be cached in "/home/runner/work/_temp/29368fcf-3493-42f1-9875-2786315ec918/emsdk-main/upstream/emscripten/cache/sysroot/lib/wasm32-emscripten/lto/libstubs.a" for subsequent builds)
system_libs:INFO: compiled 2 inputs in 0.16s
cache:INFO:  - ok
cache:INFO: generating system library: sysroot/lib/wasm32-emscripten/lto/libnoexit.a... (this will be cached in "/home/runner/work/_temp/29368fcf-3493-42f1-9875-2786315ec918/emsdk-main/upstream/emscripten/cache/sysroot/lib/wasm32-emscripten/lto/libnoexit.a" for subsequent builds)
system_libs:INFO: compiled 1 inputs in 0.11s
cache:INFO:  - ok
cache:INFO: generating system library: sysroot/lib/wasm32-emscripten/lto/libc.a... (this will be cached in "/home/runner/work/_temp/29368fcf-3493-42f1-9875-2786315ec918/emsdk-main/upstream/emscripten/cache/sysroot/lib/wasm32-emscripten/lto/libc.a" for subsequent builds)
system_libs:INFO: compiled 1045 inputs in 7.46s
cache:INFO:  - ok
cache:INFO: generating system library: sysroot/lib/wasm32-emscripten/lto/libcompiler_rt.a... (this will be cached in "/home/runner/work/_temp/29368fcf-3493-42f1-9875-2786315ec918/emsdk-main/upstream/emscripten/cache/sysroot/lib/wasm32-emscripten/lto/libcompiler_rt.a" for subsequent builds)
system_libs:INFO: compiled 183 inputs in 1.94s
cache:INFO:  - ok
cache:INFO: generating system library: sysroot/lib/wasm32-emscripten/lto/libc++-noexcept.a... (this will be cached in "/home/runner/work/_temp/29368fcf-3493-42f1-9875-2786315ec918/emsdk-main/upstream/emscripten/cache/sysroot/lib/wasm32-emscripten/lto/libc++-noexcept.a" for subsequent builds)
system_libs:INFO: compiled 56 inputs in 14.64s
cache:INFO:  - ok
cache:INFO: generating system library: sysroot/lib/wasm32-emscripten/lto/libc++abi-noexcept.a... (this will be cached in "/home/runner/work/_temp/29368fcf-3493-42f1-9875-2786315ec918/emsdk-main/upstream/emscripten/cache/sysroot/lib/wasm32-emscripten/lto/libc++abi-noexcept.a" for subsequent builds)
system_libs:INFO: compiled 17 inputs in 1.92s
cache:INFO:  - ok
cache:INFO: generating system library: sysroot/lib/wasm32-emscripten/lto/libsockets.a... (this will be cached in "/home/runner/work/_temp/29368fcf-3493-42f1-9875-2786315ec918/emsdk-main/upstream/emscripten/cache/sysroot/lib/wasm32-emscripten/lto/libsockets.a" for subsequent builds)
system_libs:INFO: compiled 27 inputs in 0.58s
cache:INFO:  - ok
warning: JS library symbol '$allocateUTF8' is deprecated. Please open a bug if you have a continuing need for this symbol [-Wdeprecated]
emcc: warning: warnings in JS library compilation [-Wjs-compiler]
Compiler exit status: 0
