
shortname: benhoyt_goawk-BuiltinGsubAmpersand
toolchain: Go
goos: linux
goarch: amd64
pkg: github.com/benhoyt/goawk/interp
cpu: AMD EPYC 7763 64-Core Processor                
BenchmarkBuiltinGsubAmpersand 	   44632	     13205 ns/op
PASS

shortname: benhoyt_goawk-BuiltinGsubAmpersand
toolchain: Go
goos: linux
goarch: amd64
pkg: github.com/benhoyt/goawk/interp
cpu: AMD EPYC 7763 64-Core Processor                
BenchmarkBuiltinGsubAmpersand 	   44973	     13335 ns/op
PASS

shortname: benhoyt_goawk-BuiltinGsubAmpersand
toolchain: Go
goos: linux
goarch: amd64
pkg: github.com/benhoyt/goawk/interp
cpu: AMD EPYC 7763 64-Core Processor                
BenchmarkBuiltinGsubAmpersand 	   45519	     13202 ns/op
PASS

shortname: benhoyt_goawk-BuiltinGsubAmpersand
toolchain: Go
goos: linux
goarch: amd64
pkg: github.com/benhoyt/goawk/interp
cpu: AMD EPYC 7763 64-Core Processor                
BenchmarkBuiltinGsubAmpersand 	   45121	     13181 ns/op
PASS

shortname: benhoyt_goawk-BuiltinGsubAmpersand
toolchain: Go
goos: linux
goarch: amd64
pkg: github.com/benhoyt/goawk/interp
cpu: AMD EPYC 7763 64-Core Processor                
BenchmarkBuiltinGsubAmpersand 	   45284	     13220 ns/op
PASS

shortname: benhoyt_goawk-NativeFunc
toolchain: Go
goos: linux
goarch: amd64
pkg: github.com/benhoyt/goawk/interp
cpu: AMD EPYC 7763 64-Core Processor                
BenchmarkNativeFunc 	   82176	      7462 ns/op
PASS

shortname: benhoyt_goawk-NativeFunc
toolchain: Go
goos: linux
goarch: amd64
pkg: github.com/benhoyt/goawk/interp
cpu: AMD EPYC 7763 64-Core Processor                
BenchmarkNativeFunc 	   82527	      7467 ns/op
PASS

shortname: benhoyt_goawk-NativeFunc
toolchain: Go
goos: linux
goarch: amd64
pkg: github.com/benhoyt/goawk/interp
cpu: AMD EPYC 7763 64-Core Processor                
BenchmarkNativeFunc 	   82962	      7424 ns/op
PASS

shortname: benhoyt_goawk-NativeFunc
toolchain: Go
goos: linux
goarch: amd64
pkg: github.com/benhoyt/goawk/interp
cpu: AMD EPYC 7763 64-Core Processor                
BenchmarkNativeFunc 	   82382	      7593 ns/op
PASS

shortname: benhoyt_goawk-NativeFunc
toolchain: Go
goos: linux
goarch: amd64
pkg: github.com/benhoyt/goawk/interp
cpu: AMD EPYC 7763 64-Core Processor                
BenchmarkNativeFunc 	   81956	      7509 ns/op
PASS

shortname: benhoyt_goawk-RecursiveFunc
toolchain: Go
goos: linux
goarch: amd64
pkg: github.com/benhoyt/goawk/interp
cpu: AMD EPYC 7763 64-Core Processor                
BenchmarkRecursiveFunc 	   53733	     12169 ns/op
PASS

shortname: benhoyt_goawk-RecursiveFunc
toolchain: Go
goos: linux
goarch: amd64
pkg: github.com/benhoyt/goawk/interp
cpu: AMD EPYC 7763 64-Core Processor                
BenchmarkRecursiveFunc 	   54351	     11979 ns/op
PASS

shortname: benhoyt_goawk-RecursiveFunc
toolchain: Go
goos: linux
goarch: amd64
pkg: github.com/benhoyt/goawk/interp
cpu: AMD EPYC 7763 64-Core Processor                
BenchmarkRecursiveFunc 	   53733	     12056 ns/op
PASS

shortname: benhoyt_goawk-RecursiveFunc
toolchain: Go
goos: linux
goarch: amd64
pkg: github.com/benhoyt/goawk/interp
cpu: AMD EPYC 7763 64-Core Processor                
BenchmarkRecursiveFunc 	   54673	     12139 ns/op
PASS

shortname: benhoyt_goawk-RecursiveFunc
toolchain: Go
goos: linux
goarch: amd64
pkg: github.com/benhoyt/goawk/interp
cpu: AMD EPYC 7763 64-Core Processor                
BenchmarkRecursiveFunc 	   53102	     11924 ns/op
PASS

shortname: benhoyt_goawk-SimpleBuiltins
toolchain: Go
goos: linux
goarch: amd64
pkg: github.com/benhoyt/goawk/interp
cpu: AMD EPYC 7763 64-Core Processor                
BenchmarkSimpleBuiltins 	  993457	       576.6 ns/op
PASS

shortname: benhoyt_goawk-SimpleBuiltins
toolchain: Go
goos: linux
goarch: amd64
pkg: github.com/benhoyt/goawk/interp
cpu: AMD EPYC 7763 64-Core Processor                
BenchmarkSimpleBuiltins 	  994172	       580.6 ns/op
PASS

shortname: benhoyt_goawk-SimpleBuiltins
toolchain: Go
goos: linux
goarch: amd64
pkg: github.com/benhoyt/goawk/interp
cpu: AMD EPYC 7763 64-Core Processor                
BenchmarkSimpleBuiltins 	  931003	       574.6 ns/op
PASS

shortname: benhoyt_goawk-SimpleBuiltins
toolchain: Go
goos: linux
goarch: amd64
pkg: github.com/benhoyt/goawk/interp
cpu: AMD EPYC 7763 64-Core Processor                
BenchmarkSimpleBuiltins 	  928335	       574.1 ns/op
PASS

shortname: benhoyt_goawk-SimpleBuiltins
toolchain: Go
goos: linux
goarch: amd64
pkg: github.com/benhoyt/goawk/interp
cpu: AMD EPYC 7763 64-Core Processor                
BenchmarkSimpleBuiltins 	  929772	       576.4 ns/op
PASS

shortname: bloom_bits-BitSetExtractDeposit%2Fsize%3D64%2Ffn%3DDepositTo
toolchain: Go
goos: linux
goarch: amd64
pkg: github.com/bits-and-blooms/bitset
cpu: AMD EPYC 7763 64-Core Processor                
BenchmarkBitSetExtractDeposit/size=64/fn=DepositTo         	27229490	        21.80 ns/op	       0 B/op	       0 allocs/op
PASS

shortname: bloom_bits-BitSetExtractDeposit%2Fsize%3D64%2Ffn%3DDepositTo
toolchain: Go
goos: linux
goarch: amd64
pkg: github.com/bits-and-blooms/bitset
cpu: AMD EPYC 7763 64-Core Processor                
BenchmarkBitSetExtractDeposit/size=64/fn=DepositTo         	26712782	        21.80 ns/op	       0 B/op	       0 allocs/op
PASS

shortname: bloom_bits-BitSetExtractDeposit%2Fsize%3D64%2Ffn%3DDepositTo
toolchain: Go
goos: linux
goarch: amd64
pkg: github.com/bits-and-blooms/bitset
cpu: AMD EPYC 7763 64-Core Processor                
BenchmarkBitSetExtractDeposit/size=64/fn=DepositTo         	27078729	        21.82 ns/op	       0 B/op	       0 allocs/op
PASS

shortname: bloom_bits-BitSetExtractDeposit%2Fsize%3D64%2Ffn%3DDepositTo
toolchain: Go
goos: linux
goarch: amd64
pkg: github.com/bits-and-blooms/bitset
cpu: AMD EPYC 7763 64-Core Processor                
BenchmarkBitSetExtractDeposit/size=64/fn=DepositTo         	26626095	        21.81 ns/op	       0 B/op	       0 allocs/op
PASS

shortname: bloom_bits-BitSetExtractDeposit%2Fsize%3D64%2Ffn%3DDepositTo
toolchain: Go
goos: linux
goarch: amd64
pkg: github.com/bits-and-blooms/bitset
cpu: AMD EPYC 7763 64-Core Processor                
BenchmarkBitSetExtractDeposit/size=64/fn=DepositTo         	26751304	        21.82 ns/op	       0 B/op	       0 allocs/op
PASS

shortname: capnproto2-Growth_MultiSegment
toolchain: Go
goos: linux
goarch: amd64
pkg: zombiezen.com/go/capnproto2
cpu: AMD EPYC 7763 64-Core Processor                
BenchmarkGrowth_MultiSegment 	      44	  12582572 ns/op	  83.34 MB/s	 1648624 B/op	      21 allocs/op
PASS

shortname: capnproto2-Growth_MultiSegment
toolchain: Go
goos: linux
goarch: amd64
pkg: zombiezen.com/go/capnproto2
cpu: AMD EPYC 7763 64-Core Processor                
BenchmarkGrowth_MultiSegment 	      44	  12557554 ns/op	  83.50 MB/s	 1648624 B/op	      21 allocs/op
PASS

shortname: capnproto2-Growth_MultiSegment
toolchain: Go
goos: linux
goarch: amd64
pkg: zombiezen.com/go/capnproto2
cpu: AMD EPYC 7763 64-Core Processor                
BenchmarkGrowth_MultiSegment 	      44	  12558249 ns/op	  83.50 MB/s	 1648624 B/op	      21 allocs/op
PASS

shortname: capnproto2-Growth_MultiSegment
toolchain: Go
goos: linux
goarch: amd64
pkg: zombiezen.com/go/capnproto2
cpu: AMD EPYC 7763 64-Core Processor                
BenchmarkGrowth_MultiSegment 	      44	  12534077 ns/op	  83.66 MB/s	 1648624 B/op	      21 allocs/op
PASS

shortname: capnproto2-Growth_MultiSegment
toolchain: Go
goos: linux
goarch: amd64
pkg: zombiezen.com/go/capnproto2
cpu: AMD EPYC 7763 64-Core Processor                
BenchmarkGrowth_MultiSegment 	      45	  12542721 ns/op	  83.60 MB/s	 1648624 B/op	      21 allocs/op
PASS

shortname: capnproto2-Unmarshal_Reuse
toolchain: Go
goos: linux
goarch: amd64
pkg: zombiezen.com/go/capnproto2
cpu: AMD EPYC 7763 64-Core Processor                
BenchmarkUnmarshal_Reuse 	 1311885	       457.0 ns/op	       0 B/op	       0 allocs/op
PASS

shortname: capnproto2-Unmarshal_Reuse
toolchain: Go
goos: linux
goarch: amd64
pkg: zombiezen.com/go/capnproto2
cpu: AMD EPYC 7763 64-Core Processor                
BenchmarkUnmarshal_Reuse 	 1313310	       456.1 ns/op	       0 B/op	       0 allocs/op
PASS

shortname: capnproto2-Unmarshal_Reuse
toolchain: Go
goos: linux
goarch: amd64
pkg: zombiezen.com/go/capnproto2
cpu: AMD EPYC 7763 64-Core Processor                
BenchmarkUnmarshal_Reuse 	 1309021	       456.6 ns/op	       0 B/op	       0 allocs/op
PASS

shortname: capnproto2-Unmarshal_Reuse
toolchain: Go
goos: linux
goarch: amd64
pkg: zombiezen.com/go/capnproto2
cpu: AMD EPYC 7763 64-Core Processor                
BenchmarkUnmarshal_Reuse 	 1311700	       456.8 ns/op	       0 B/op	       0 allocs/op
PASS

shortname: capnproto2-Unmarshal_Reuse
toolchain: Go
goos: linux
goarch: amd64
pkg: zombiezen.com/go/capnproto2
cpu: AMD EPYC 7763 64-Core Processor                
BenchmarkUnmarshal_Reuse 	 1312934	       456.6 ns/op	       0 B/op	       0 allocs/op
PASS

shortname: commonmark_markdown-RenderSpecNoHTML
toolchain: Go
goos: linux
goarch: amd64
pkg: gitlab.com/golang-commonmark/markdown
cpu: AMD EPYC 7763 64-Core Processor                
BenchmarkRenderSpecNoHTML 	     135	   4407874 ns/op
PASS

shortname: commonmark_markdown-RenderSpecNoHTML
toolchain: Go
goos: linux
goarch: amd64
pkg: gitlab.com/golang-commonmark/markdown
cpu: AMD EPYC 7763 64-Core Processor                
BenchmarkRenderSpecNoHTML 	     134	   4407311 ns/op
PASS

shortname: commonmark_markdown-RenderSpecNoHTML
toolchain: Go
goos: linux
goarch: amd64
pkg: gitlab.com/golang-commonmark/markdown
cpu: AMD EPYC 7763 64-Core Processor                
BenchmarkRenderSpecNoHTML 	     135	   4401420 ns/op
PASS

shortname: commonmark_markdown-RenderSpecNoHTML
toolchain: Go
goos: linux
goarch: amd64
pkg: gitlab.com/golang-commonmark/markdown
cpu: AMD EPYC 7763 64-Core Processor                
BenchmarkRenderSpecNoHTML 	     135	   4427719 ns/op
PASS

shortname: commonmark_markdown-RenderSpecNoHTML
toolchain: Go
goos: linux
goarch: amd64
pkg: gitlab.com/golang-commonmark/markdown
cpu: AMD EPYC 7763 64-Core Processor                
BenchmarkRenderSpecNoHTML 	     135	   4390737 ns/op
PASS

shortname: dustin_broadcast-ParallelBrodcast
toolchain: Go
goos: linux
goarch: amd64
pkg: github.com/dustin/go-broadcast
cpu: AMD EPYC 7763 64-Core Processor                
BenchmarkParallelBrodcast 	 1210605	       564.7 ns/op
PASS

shortname: dustin_broadcast-ParallelBrodcast
toolchain: Go
goos: linux
goarch: amd64
pkg: github.com/dustin/go-broadcast
cpu: AMD EPYC 7763 64-Core Processor                
BenchmarkParallelBrodcast 	 1187293	       542.3 ns/op
PASS

shortname: dustin_broadcast-ParallelBrodcast
toolchain: Go
goos: linux
goarch: amd64
pkg: github.com/dustin/go-broadcast
cpu: AMD EPYC 7763 64-Core Processor                
BenchmarkParallelBrodcast 	 1189611	       543.2 ns/op
PASS

shortname: dustin_broadcast-ParallelBrodcast
toolchain: Go
goos: linux
goarch: amd64
pkg: github.com/dustin/go-broadcast
cpu: AMD EPYC 7763 64-Core Processor                
BenchmarkParallelBrodcast 	 1172476	       510.9 ns/op
PASS

shortname: dustin_broadcast-ParallelBrodcast
toolchain: Go
goos: linux
goarch: amd64
pkg: github.com/dustin/go-broadcast
cpu: AMD EPYC 7763 64-Core Processor                
BenchmarkParallelBrodcast 	 1085317	       499.2 ns/op
PASS

shortname: dustin_humanize-BigCommas
toolchain: Go
goos: linux
goarch: amd64
pkg: github.com/dustin/go-humanize
cpu: AMD EPYC 7763 64-Core Processor                
BenchmarkBigCommas 	 1567918	       379.2 ns/op
PASS

shortname: dustin_humanize-BigCommas
toolchain: Go
goos: linux
goarch: amd64
pkg: github.com/dustin/go-humanize
cpu: AMD EPYC 7763 64-Core Processor                
BenchmarkBigCommas 	 1573644	       378.9 ns/op
PASS

shortname: dustin_humanize-BigCommas
toolchain: Go
goos: linux
goarch: amd64
pkg: github.com/dustin/go-humanize
cpu: AMD EPYC 7763 64-Core Processor                
BenchmarkBigCommas 	 1587448	       378.5 ns/op
PASS

shortname: dustin_humanize-BigCommas
toolchain: Go
goos: linux
goarch: amd64
pkg: github.com/dustin/go-humanize
cpu: AMD EPYC 7763 64-Core Processor                
BenchmarkBigCommas 	 1586859	       378.5 ns/op
PASS

shortname: dustin_humanize-BigCommas
toolchain: Go
goos: linux
goarch: amd64
pkg: github.com/dustin/go-humanize
cpu: AMD EPYC 7763 64-Core Processor                
BenchmarkBigCommas 	 1437132	       427.5 ns/op
PASS

shortname: dustin_humanize-Commaf
toolchain: Go
goos: linux
goarch: amd64
pkg: github.com/dustin/go-humanize
cpu: AMD EPYC 7763 64-Core Processor                
BenchmarkCommaf 	 2425647	       249.0 ns/op
PASS

shortname: dustin_humanize-Commaf
toolchain: Go
goos: linux
goarch: amd64
pkg: github.com/dustin/go-humanize
cpu: AMD EPYC 7763 64-Core Processor                
BenchmarkCommaf 	 2435576	       248.2 ns/op
PASS

shortname: dustin_humanize-Commaf
toolchain: Go
goos: linux
goarch: amd64
pkg: github.com/dustin/go-humanize
cpu: AMD EPYC 7763 64-Core Processor                
BenchmarkCommaf 	 2356656	       250.2 ns/op
PASS

shortname: dustin_humanize-Commaf
toolchain: Go
goos: linux
goarch: amd64
pkg: github.com/dustin/go-humanize
cpu: AMD EPYC 7763 64-Core Processor                
BenchmarkCommaf 	 2315566	       265.5 ns/op
PASS

shortname: dustin_humanize-Commaf
toolchain: Go
goos: linux
goarch: amd64
pkg: github.com/dustin/go-humanize
cpu: AMD EPYC 7763 64-Core Processor                
BenchmarkCommaf 	 2440545	       247.6 ns/op
PASS

shortname: dustin_humanize-ParseBytes
toolchain: Go
goos: linux
goarch: amd64
pkg: github.com/dustin/go-humanize
cpu: AMD EPYC 7763 64-Core Processor                
BenchmarkParseBytes 	 6783732	        88.06 ns/op
PASS

shortname: dustin_humanize-ParseBytes
toolchain: Go
goos: linux
goarch: amd64
pkg: github.com/dustin/go-humanize
cpu: AMD EPYC 7763 64-Core Processor                
BenchmarkParseBytes 	 6740767	        88.11 ns/op
PASS

shortname: dustin_humanize-ParseBytes
toolchain: Go
goos: linux
goarch: amd64
pkg: github.com/dustin/go-humanize
cpu: AMD EPYC 7763 64-Core Processor                
BenchmarkParseBytes 	 6746245	        88.77 ns/op
PASS

shortname: dustin_humanize-ParseBytes
toolchain: Go
goos: linux
goarch: amd64
pkg: github.com/dustin/go-humanize
cpu: AMD EPYC 7763 64-Core Processor                
BenchmarkParseBytes 	 6716276	        88.78 ns/op
PASS

shortname: dustin_humanize-ParseBytes
toolchain: Go
goos: linux
goarch: amd64
pkg: github.com/dustin/go-humanize
cpu: AMD EPYC 7763 64-Core Processor                
BenchmarkParseBytes 	 6745839	        87.98 ns/op
PASS

shortname: dustin_humanize-ParseSI
toolchain: Go
goos: linux
goarch: amd64
pkg: github.com/dustin/go-humanize
cpu: AMD EPYC 7763 64-Core Processor                
BenchmarkParseSI 	 1528768	       391.4 ns/op
PASS

shortname: dustin_humanize-ParseSI
toolchain: Go
goos: linux
goarch: amd64
pkg: github.com/dustin/go-humanize
cpu: AMD EPYC 7763 64-Core Processor                
BenchmarkParseSI 	 1530454	       392.1 ns/op
PASS

shortname: dustin_humanize-ParseSI
toolchain: Go
goos: linux
goarch: amd64
pkg: github.com/dustin/go-humanize
cpu: AMD EPYC 7763 64-Core Processor                
BenchmarkParseSI 	 1523674	       393.1 ns/op
PASS

shortname: dustin_humanize-ParseSI
toolchain: Go
goos: linux
goarch: amd64
pkg: github.com/dustin/go-humanize
cpu: AMD EPYC 7763 64-Core Processor                
BenchmarkParseSI 	 1534470	       392.0 ns/op
PASS

shortname: dustin_humanize-ParseSI
toolchain: Go
goos: linux
goarch: amd64
pkg: github.com/dustin/go-humanize
cpu: AMD EPYC 7763 64-Core Processor                
BenchmarkParseSI 	 1541830	       391.8 ns/op
PASS

shortname: ericlagergren_decimal-Mandelbrot_decimal_GDA_9
toolchain: Go
goos: linux
goarch: amd64
pkg: github.com/ericlagergren/decimal_benchmarks
cpu: AMD EPYC 7763 64-Core Processor                
BenchmarkMandelbrot_decimal_GDA_9 	       1	3449815666 ns/op
PASS

shortname: ericlagergren_decimal-Mandelbrot_decimal_GDA_9
toolchain: Go
goos: linux
goarch: amd64
pkg: github.com/ericlagergren/decimal_benchmarks
cpu: AMD EPYC 7763 64-Core Processor                
BenchmarkMandelbrot_decimal_GDA_9 	       1	3395211989 ns/op
PASS

shortname: ericlagergren_decimal-Mandelbrot_decimal_GDA_9
toolchain: Go
goos: linux
goarch: amd64
pkg: github.com/ericlagergren/decimal_benchmarks
cpu: AMD EPYC 7763 64-Core Processor                
BenchmarkMandelbrot_decimal_GDA_9 	       1	3387956406 ns/op
PASS

shortname: ericlagergren_decimal-Mandelbrot_decimal_GDA_9
toolchain: Go
goos: linux
goarch: amd64
pkg: github.com/ericlagergren/decimal_benchmarks
cpu: AMD EPYC 7763 64-Core Processor                
BenchmarkMandelbrot_decimal_GDA_9 	       1	3391144965 ns/op
PASS

shortname: ericlagergren_decimal-Mandelbrot_decimal_GDA_9
toolchain: Go
goos: linux
goarch: amd64
pkg: github.com/ericlagergren/decimal_benchmarks
cpu: AMD EPYC 7763 64-Core Processor                
BenchmarkMandelbrot_decimal_GDA_9 	       1	3391432096 ns/op
PASS

shortname: ericlagergren_decimal-Pi%2Ffoo%3Dapmckinlay%2Fprec%3D19
toolchain: Go
goos: linux
goarch: amd64
pkg: github.com/ericlagergren/decimal_benchmarks
cpu: AMD EPYC 7763 64-Core Processor                
BenchmarkPi/foo=apmckinlay/prec=19 	  292818	      2022 ns/op
PASS

shortname: ericlagergren_decimal-Pi%2Ffoo%3Dapmckinlay%2Fprec%3D19
toolchain: Go
goos: linux
goarch: amd64
pkg: github.com/ericlagergren/decimal_benchmarks
cpu: AMD EPYC 7763 64-Core Processor                
BenchmarkPi/foo=apmckinlay/prec=19 	  286647	      2014 ns/op
PASS

shortname: ericlagergren_decimal-Pi%2Ffoo%3Dapmckinlay%2Fprec%3D19
toolchain: Go
goos: linux
goarch: amd64
pkg: github.com/ericlagergren/decimal_benchmarks
cpu: AMD EPYC 7763 64-Core Processor                
BenchmarkPi/foo=apmckinlay/prec=19 	  289010	      2017 ns/op
PASS

shortname: ericlagergren_decimal-Pi%2Ffoo%3Dapmckinlay%2Fprec%3D19
toolchain: Go
goos: linux
goarch: amd64
pkg: github.com/ericlagergren/decimal_benchmarks
cpu: AMD EPYC 7763 64-Core Processor                
BenchmarkPi/foo=apmckinlay/prec=19 	  291360	      2049 ns/op
PASS

shortname: ericlagergren_decimal-Pi%2Ffoo%3Dapmckinlay%2Fprec%3D19
toolchain: Go
goos: linux
goarch: amd64
pkg: github.com/ericlagergren/decimal_benchmarks
cpu: AMD EPYC 7763 64-Core Processor                
BenchmarkPi/foo=apmckinlay/prec=19 	  293301	      2007 ns/op
PASS

shortname: ericlagergren_decimal-Pi%2Ffoo%3Dcockroachdb%2Fapd%2Fprec%3D100
toolchain: Go
goos: linux
goarch: amd64
pkg: github.com/ericlagergren/decimal_benchmarks
cpu: AMD EPYC 7763 64-Core Processor                
BenchmarkPi/foo=cockroachdb/apd/prec=100         	     126	   4759673 ns/op
PASS

shortname: ericlagergren_decimal-Pi%2Ffoo%3Dcockroachdb%2Fapd%2Fprec%3D100
toolchain: Go
goos: linux
goarch: amd64
pkg: github.com/ericlagergren/decimal_benchmarks
cpu: AMD EPYC 7763 64-Core Processor                
BenchmarkPi/foo=cockroachdb/apd/prec=100         	     126	   4799597 ns/op
PASS

shortname: ericlagergren_decimal-Pi%2Ffoo%3Dcockroachdb%2Fapd%2Fprec%3D100
toolchain: Go
goos: linux
goarch: amd64
pkg: github.com/ericlagergren/decimal_benchmarks
cpu: AMD EPYC 7763 64-Core Processor                
BenchmarkPi/foo=cockroachdb/apd/prec=100         	     126	   4791280 ns/op
PASS

shortname: ericlagergren_decimal-Pi%2Ffoo%3Dcockroachdb%2Fapd%2Fprec%3D100
toolchain: Go
goos: linux
goarch: amd64
pkg: github.com/ericlagergren/decimal_benchmarks
cpu: AMD EPYC 7763 64-Core Processor                
BenchmarkPi/foo=cockroachdb/apd/prec=100         	     126	   4761541 ns/op
PASS

shortname: ericlagergren_decimal-Pi%2Ffoo%3Dcockroachdb%2Fapd%2Fprec%3D100
toolchain: Go
goos: linux
goarch: amd64
pkg: github.com/ericlagergren/decimal_benchmarks
cpu: AMD EPYC 7763 64-Core Processor                
BenchmarkPi/foo=cockroachdb/apd/prec=100         	     126	   4758203 ns/op
PASS

shortname: ericlagergren_decimal-Pi%2Ffoo%3Dgo-inf%2Fprec%3D100
toolchain: Go
goos: linux
goarch: amd64
pkg: github.com/ericlagergren/decimal_benchmarks
cpu: AMD EPYC 7763 64-Core Processor                
BenchmarkPi/foo=go-inf/prec=100         	    6628	     91051 ns/op
PASS

shortname: ericlagergren_decimal-Pi%2Ffoo%3Dgo-inf%2Fprec%3D100
toolchain: Go
goos: linux
goarch: amd64
pkg: github.com/ericlagergren/decimal_benchmarks
cpu: AMD EPYC 7763 64-Core Processor                
BenchmarkPi/foo=go-inf/prec=100         	    6291	     91355 ns/op
PASS

shortname: ericlagergren_decimal-Pi%2Ffoo%3Dgo-inf%2Fprec%3D100
toolchain: Go
goos: linux
goarch: amd64
pkg: github.com/ericlagergren/decimal_benchmarks
cpu: AMD EPYC 7763 64-Core Processor                
BenchmarkPi/foo=go-inf/prec=100         	    6534	     89923 ns/op
PASS

shortname: ericlagergren_decimal-Pi%2Ffoo%3Dgo-inf%2Fprec%3D100
toolchain: Go
goos: linux
goarch: amd64
pkg: github.com/ericlagergren/decimal_benchmarks
cpu: AMD EPYC 7763 64-Core Processor                
BenchmarkPi/foo=go-inf/prec=100         	    6488	     91317 ns/op
PASS

shortname: ericlagergren_decimal-Pi%2Ffoo%3Dgo-inf%2Fprec%3D100
toolchain: Go
goos: linux
goarch: amd64
pkg: github.com/ericlagergren/decimal_benchmarks
cpu: AMD EPYC 7763 64-Core Processor                
BenchmarkPi/foo=go-inf/prec=100         	    6459	     89894 ns/op
PASS

shortname: gonum_community-NewDirectedLayers%2FgraphSize%3D10%2CnumGraphs%3D1
toolchain: Go
goos: linux
goarch: amd64
pkg: gonum.org/v1/gonum/graph/community
cpu: AMD EPYC 7763 64-Core Processor                
BenchmarkNewDirectedLayers/graphSize=10,numGraphs=1         	  539659	      1211 ns/op
PASS

shortname: gonum_community-NewDirectedLayers%2FgraphSize%3D10%2CnumGraphs%3D1
toolchain: Go
goos: linux
goarch: amd64
pkg: gonum.org/v1/gonum/graph/community
cpu: AMD EPYC 7763 64-Core Processor                
BenchmarkNewDirectedLayers/graphSize=10,numGraphs=1         	  532660	      1215 ns/op
PASS

shortname: gonum_community-NewDirectedLayers%2FgraphSize%3D10%2CnumGraphs%3D1
toolchain: Go
goos: linux
goarch: amd64
pkg: gonum.org/v1/gonum/graph/community
cpu: AMD EPYC 7763 64-Core Processor                
BenchmarkNewDirectedLayers/graphSize=10,numGraphs=1         	  535980	      1225 ns/op
PASS

shortname: gonum_community-NewDirectedLayers%2FgraphSize%3D10%2CnumGraphs%3D1
toolchain: Go
goos: linux
goarch: amd64
pkg: gonum.org/v1/gonum/graph/community
cpu: AMD EPYC 7763 64-Core Processor                
BenchmarkNewDirectedLayers/graphSize=10,numGraphs=1         	  537313	      1214 ns/op
PASS

shortname: gonum_community-NewDirectedLayers%2FgraphSize%3D10%2CnumGraphs%3D1
toolchain: Go
goos: linux
goarch: amd64
pkg: gonum.org/v1/gonum/graph/community
cpu: AMD EPYC 7763 64-Core Processor                
BenchmarkNewDirectedLayers/graphSize=10,numGraphs=1         	  494964	      1369 ns/op
PASS

shortname: gonum_community-NewDirectedLayers%2FgraphSize%3D1000%2CnumGraphs%3D1
toolchain: Go
goos: linux
goarch: amd64
pkg: gonum.org/v1/gonum/graph/community
cpu: AMD EPYC 7763 64-Core Processor                
BenchmarkNewDirectedLayers/graphSize=1000,numGraphs=1         	    4429	    142076 ns/op
PASS

shortname: gonum_community-NewDirectedLayers%2FgraphSize%3D1000%2CnumGraphs%3D1
toolchain: Go
goos: linux
goarch: amd64
pkg: gonum.org/v1/gonum/graph/community
cpu: AMD EPYC 7763 64-Core Processor                
BenchmarkNewDirectedLayers/graphSize=1000,numGraphs=1         	    4504	    141512 ns/op
PASS

shortname: gonum_community-NewDirectedLayers%2FgraphSize%3D1000%2CnumGraphs%3D1
toolchain: Go
goos: linux
goarch: amd64
pkg: gonum.org/v1/gonum/graph/community
cpu: AMD EPYC 7763 64-Core Processor                
BenchmarkNewDirectedLayers/graphSize=1000,numGraphs=1         	    4532	    142385 ns/op
PASS

shortname: gonum_community-NewDirectedLayers%2FgraphSize%3D1000%2CnumGraphs%3D1
toolchain: Go
goos: linux
goarch: amd64
pkg: gonum.org/v1/gonum/graph/community
cpu: AMD EPYC 7763 64-Core Processor                
BenchmarkNewDirectedLayers/graphSize=1000,numGraphs=1         	    4562	    141535 ns/op
PASS

shortname: gonum_community-NewDirectedLayers%2FgraphSize%3D1000%2CnumGraphs%3D1
toolchain: Go
goos: linux
goarch: amd64
pkg: gonum.org/v1/gonum/graph/community
cpu: AMD EPYC 7763 64-Core Processor                
BenchmarkNewDirectedLayers/graphSize=1000,numGraphs=1         	    4494	    141475 ns/op
PASS

shortname: gonum_community-NewUndirectedLayers%2FgraphSize%3D1000%2CnumGraphs%3D10
toolchain: Go
goos: linux
goarch: amd64
pkg: gonum.org/v1/gonum/graph/community
cpu: AMD EPYC 7763 64-Core Processor                
BenchmarkNewUndirectedLayers/graphSize=1000,numGraphs=10         	     349	   1735839 ns/op
PASS

shortname: gonum_community-NewUndirectedLayers%2FgraphSize%3D1000%2CnumGraphs%3D10
toolchain: Go
goos: linux
goarch: amd64
pkg: gonum.org/v1/gonum/graph/community
cpu: AMD EPYC 7763 64-Core Processor                
BenchmarkNewUndirectedLayers/graphSize=1000,numGraphs=10         	     350	   1770788 ns/op
PASS

shortname: gonum_community-NewUndirectedLayers%2FgraphSize%3D1000%2CnumGraphs%3D10
toolchain: Go
goos: linux
goarch: amd64
pkg: gonum.org/v1/gonum/graph/community
cpu: AMD EPYC 7763 64-Core Processor                
BenchmarkNewUndirectedLayers/graphSize=1000,numGraphs=10         	     344	   1748950 ns/op
PASS

shortname: gonum_community-NewUndirectedLayers%2FgraphSize%3D1000%2CnumGraphs%3D10
toolchain: Go
goos: linux
goarch: amd64
pkg: gonum.org/v1/gonum/graph/community
cpu: AMD EPYC 7763 64-Core Processor                
BenchmarkNewUndirectedLayers/graphSize=1000,numGraphs=10         	     348	   1741937 ns/op
PASS

shortname: gonum_community-NewUndirectedLayers%2FgraphSize%3D1000%2CnumGraphs%3D10
toolchain: Go
goos: linux
goarch: amd64
pkg: gonum.org/v1/gonum/graph/community
cpu: AMD EPYC 7763 64-Core Processor                
BenchmarkNewUndirectedLayers/graphSize=1000,numGraphs=10         	     349	   1728836 ns/op
PASS

shortname: gonum_lapack_native-Dgeev%2FCirculant5
toolchain: Go
goos: linux
goarch: amd64
pkg: gonum.org/v1/gonum/lapack/gonum
cpu: AMD EPYC 7763 64-Core Processor                
BenchmarkDgeev/Circulant5         	   71785	      8312 ns/op
PASS

shortname: gonum_lapack_native-Dgeev%2FCirculant5
toolchain: Go
goos: linux
goarch: amd64
pkg: gonum.org/v1/gonum/lapack/gonum
cpu: AMD EPYC 7763 64-Core Processor                
BenchmarkDgeev/Circulant5         	   71292	      9616 ns/op
PASS

shortname: gonum_lapack_native-Dgeev%2FCirculant5
toolchain: Go
goos: linux
goarch: amd64
pkg: gonum.org/v1/gonum/lapack/gonum
cpu: AMD EPYC 7763 64-Core Processor                
BenchmarkDgeev/Circulant5         	   71458	      9291 ns/op
PASS

shortname: gonum_lapack_native-Dgeev%2FCirculant5
toolchain: Go
goos: linux
goarch: amd64
pkg: gonum.org/v1/gonum/lapack/gonum
cpu: AMD EPYC 7763 64-Core Processor                
BenchmarkDgeev/Circulant5         	   70116	      9063 ns/op
PASS

shortname: gonum_lapack_native-Dgeev%2FCirculant5
toolchain: Go
goos: linux
goarch: amd64
pkg: gonum.org/v1/gonum/lapack/gonum
cpu: AMD EPYC 7763 64-Core Processor                
BenchmarkDgeev/Circulant5         	   63036	      8639 ns/op
PASS

shortname: gonum_mat-AddScaledVec10Inc1
toolchain: Go
goos: linux
goarch: amd64
pkg: gonum.org/v1/gonum/mat
cpu: AMD EPYC 7763 64-Core Processor                
BenchmarkAddScaledVec10Inc1 	 3003253	       200.7 ns/op
PASS

shortname: gonum_mat-AddScaledVec10Inc1
toolchain: Go
goos: linux
goarch: amd64
pkg: gonum.org/v1/gonum/mat
cpu: AMD EPYC 7763 64-Core Processor                
BenchmarkAddScaledVec10Inc1 	 3043508	       196.2 ns/op
PASS

shortname: gonum_mat-AddScaledVec10Inc1
toolchain: Go
goos: linux
goarch: amd64
pkg: gonum.org/v1/gonum/mat
cpu: AMD EPYC 7763 64-Core Processor                
BenchmarkAddScaledVec10Inc1 	 3071438	       197.1 ns/op
PASS

shortname: gonum_mat-AddScaledVec10Inc1
toolchain: Go
goos: linux
goarch: amd64
pkg: gonum.org/v1/gonum/mat
cpu: AMD EPYC 7763 64-Core Processor                
BenchmarkAddScaledVec10Inc1 	 2982403	       200.7 ns/op
PASS

shortname: gonum_mat-AddScaledVec10Inc1
toolchain: Go
goos: linux
goarch: amd64
pkg: gonum.org/v1/gonum/mat
cpu: AMD EPYC 7763 64-Core Processor                
BenchmarkAddScaledVec10Inc1 	 2996215	       200.6 ns/op
PASS

shortname: gonum_mat-CholeskyFactorize%2Fn%3D10
toolchain: Go
goos: linux
goarch: amd64
pkg: gonum.org/v1/gonum/mat
cpu: AMD EPYC 7763 64-Core Processor                
BenchmarkCholeskyFactorize/n=10         	  186169	      3209 ns/op
PASS

shortname: gonum_mat-CholeskyFactorize%2Fn%3D10
toolchain: Go
goos: linux
goarch: amd64
pkg: gonum.org/v1/gonum/mat
cpu: AMD EPYC 7763 64-Core Processor                
BenchmarkCholeskyFactorize/n=10         	  183541	      3203 ns/op
PASS

shortname: gonum_mat-CholeskyFactorize%2Fn%3D10
toolchain: Go
goos: linux
goarch: amd64
pkg: gonum.org/v1/gonum/mat
cpu: AMD EPYC 7763 64-Core Processor                
BenchmarkCholeskyFactorize/n=10         	  186295	      3209 ns/op
PASS

shortname: gonum_mat-CholeskyFactorize%2Fn%3D10
toolchain: Go
goos: linux
goarch: amd64
pkg: gonum.org/v1/gonum/mat
cpu: AMD EPYC 7763 64-Core Processor                
BenchmarkCholeskyFactorize/n=10         	  182642	      3216 ns/op
PASS

shortname: gonum_mat-CholeskyFactorize%2Fn%3D10
toolchain: Go
goos: linux
goarch: amd64
pkg: gonum.org/v1/gonum/mat
cpu: AMD EPYC 7763 64-Core Processor                
BenchmarkCholeskyFactorize/n=10         	  186021	      3202 ns/op
PASS

shortname: gonum_mat-CholeskyInverseTo%2Fn%3D100
toolchain: Go
goos: linux
goarch: amd64
pkg: gonum.org/v1/gonum/mat
cpu: AMD EPYC 7763 64-Core Processor                
BenchmarkCholeskyInverseTo/n=100         	    2076	    281770 ns/op
PASS

shortname: gonum_mat-CholeskyInverseTo%2Fn%3D100
toolchain: Go
goos: linux
goarch: amd64
pkg: gonum.org/v1/gonum/mat
cpu: AMD EPYC 7763 64-Core Processor                
BenchmarkCholeskyInverseTo/n=100         	    2115	    278165 ns/op
PASS

shortname: gonum_mat-CholeskyInverseTo%2Fn%3D100
toolchain: Go
goos: linux
goarch: amd64
pkg: gonum.org/v1/gonum/mat
cpu: AMD EPYC 7763 64-Core Processor                
BenchmarkCholeskyInverseTo/n=100         	    2086	    279766 ns/op
PASS

shortname: gonum_mat-CholeskyInverseTo%2Fn%3D100
toolchain: Go
goos: linux
goarch: amd64
pkg: gonum.org/v1/gonum/mat
cpu: AMD EPYC 7763 64-Core Processor                
BenchmarkCholeskyInverseTo/n=100         	    2074	    278090 ns/op
PASS

shortname: gonum_mat-CholeskyInverseTo%2Fn%3D100
toolchain: Go
goos: linux
goarch: amd64
pkg: gonum.org/v1/gonum/mat
cpu: AMD EPYC 7763 64-Core Processor                
BenchmarkCholeskyInverseTo/n=100         	    2127	    282723 ns/op
PASS

shortname: gonum_mat-MarshalToVecDense10
toolchain: Go
goos: linux
goarch: amd64
pkg: gonum.org/v1/gonum/mat
cpu: AMD EPYC 7763 64-Core Processor                
BenchmarkMarshalToVecDense10 	 1205439	       456.1 ns/op
PASS

shortname: gonum_mat-MarshalToVecDense10
toolchain: Go
goos: linux
goarch: amd64
pkg: gonum.org/v1/gonum/mat
cpu: AMD EPYC 7763 64-Core Processor                
BenchmarkMarshalToVecDense10 	 1315039	       459.0 ns/op
PASS

shortname: gonum_mat-MarshalToVecDense10
toolchain: Go
goos: linux
goarch: amd64
pkg: gonum.org/v1/gonum/mat
cpu: AMD EPYC 7763 64-Core Processor                
BenchmarkMarshalToVecDense10 	 1316961	       457.1 ns/op
PASS

shortname: gonum_mat-MarshalToVecDense10
toolchain: Go
goos: linux
goarch: amd64
pkg: gonum.org/v1/gonum/mat
cpu: AMD EPYC 7763 64-Core Processor                
BenchmarkMarshalToVecDense10 	 1308404	       458.4 ns/op
PASS

shortname: gonum_mat-MarshalToVecDense10
toolchain: Go
goos: linux
goarch: amd64
pkg: gonum.org/v1/gonum/mat
cpu: AMD EPYC 7763 64-Core Processor                
BenchmarkMarshalToVecDense10 	 1317585	       457.9 ns/op
PASS

shortname: gonum_mat-Pool100by100Uncleared
toolchain: Go
goos: linux
goarch: amd64
pkg: gonum.org/v1/gonum/mat
cpu: AMD EPYC 7763 64-Core Processor                
BenchmarkPool100by100Uncleared 	35048470	        17.14 ns/op
PASS

shortname: gonum_mat-Pool100by100Uncleared
toolchain: Go
goos: linux
goarch: amd64
pkg: gonum.org/v1/gonum/mat
cpu: AMD EPYC 7763 64-Core Processor                
BenchmarkPool100by100Uncleared 	34228712	        17.14 ns/op
PASS

shortname: gonum_mat-Pool100by100Uncleared
toolchain: Go
goos: linux
goarch: amd64
pkg: gonum.org/v1/gonum/mat
cpu: AMD EPYC 7763 64-Core Processor                
BenchmarkPool100by100Uncleared 	33970442	        17.14 ns/op
PASS

shortname: gonum_mat-Pool100by100Uncleared
toolchain: Go
goos: linux
goarch: amd64
pkg: gonum.org/v1/gonum/mat
cpu: AMD EPYC 7763 64-Core Processor                
BenchmarkPool100by100Uncleared 	34438707	        17.14 ns/op
PASS

shortname: gonum_mat-Pool100by100Uncleared
toolchain: Go
goos: linux
goarch: amd64
pkg: gonum.org/v1/gonum/mat
cpu: AMD EPYC 7763 64-Core Processor                
BenchmarkPool100by100Uncleared 	35072851	        17.18 ns/op
PASS

shortname: gonum_mat-TriMulDiag%2FBenchmarkTriMulDiag100
toolchain: Go
goos: linux
goarch: amd64
pkg: gonum.org/v1/gonum/mat
cpu: AMD EPYC 7763 64-Core Processor                
BenchmarkTriMulDiag/BenchmarkTriMulDiag100         	   13738	     43612 ns/op
PASS

shortname: gonum_mat-TriMulDiag%2FBenchmarkTriMulDiag100
toolchain: Go
goos: linux
goarch: amd64
pkg: gonum.org/v1/gonum/mat
cpu: AMD EPYC 7763 64-Core Processor                
BenchmarkTriMulDiag/BenchmarkTriMulDiag100         	   13779	     43528 ns/op
PASS

shortname: gonum_mat-TriMulDiag%2FBenchmarkTriMulDiag100
toolchain: Go
goos: linux
goarch: amd64
pkg: gonum.org/v1/gonum/mat
cpu: AMD EPYC 7763 64-Core Processor                
BenchmarkTriMulDiag/BenchmarkTriMulDiag100         	   13711	     43717 ns/op
PASS

shortname: gonum_mat-TriMulDiag%2FBenchmarkTriMulDiag100
toolchain: Go
goos: linux
goarch: amd64
pkg: gonum.org/v1/gonum/mat
cpu: AMD EPYC 7763 64-Core Processor                
BenchmarkTriMulDiag/BenchmarkTriMulDiag100         	   13687	     43789 ns/op
PASS

shortname: gonum_mat-TriMulDiag%2FBenchmarkTriMulDiag100
toolchain: Go
goos: linux
goarch: amd64
pkg: gonum.org/v1/gonum/mat
cpu: AMD EPYC 7763 64-Core Processor                
BenchmarkTriMulDiag/BenchmarkTriMulDiag100         	   13746	     43497 ns/op
PASS

shortname: gonum_mat-UnmarshalVecDense10
toolchain: Go
goos: linux
goarch: amd64
pkg: gonum.org/v1/gonum/mat
cpu: AMD EPYC 7763 64-Core Processor                
BenchmarkUnmarshalVecDense10 	 2323645	       258.7 ns/op
PASS

shortname: gonum_mat-UnmarshalVecDense10
toolchain: Go
goos: linux
goarch: amd64
pkg: gonum.org/v1/gonum/mat
cpu: AMD EPYC 7763 64-Core Processor                
BenchmarkUnmarshalVecDense10 	 2270685	       262.1 ns/op
PASS

shortname: gonum_mat-UnmarshalVecDense10
toolchain: Go
goos: linux
goarch: amd64
pkg: gonum.org/v1/gonum/mat
cpu: AMD EPYC 7763 64-Core Processor                
BenchmarkUnmarshalVecDense10 	 2276562	       263.5 ns/op
PASS

shortname: gonum_mat-UnmarshalVecDense10
toolchain: Go
goos: linux
goarch: amd64
pkg: gonum.org/v1/gonum/mat
cpu: AMD EPYC 7763 64-Core Processor                
BenchmarkUnmarshalVecDense10 	 2295578	       259.0 ns/op
PASS

shortname: gonum_mat-UnmarshalVecDense10
toolchain: Go
goos: linux
goarch: amd64
pkg: gonum.org/v1/gonum/mat
cpu: AMD EPYC 7763 64-Core Processor                
BenchmarkUnmarshalVecDense10 	 2286754	       259.4 ns/op
PASS

shortname: gonum_topo-SortStabilizedPath_100000
toolchain: Go
goos: linux
goarch: amd64
pkg: gonum.org/v1/gonum/graph/topo
cpu: AMD EPYC 7763 64-Core Processor                
BenchmarkSortStabilizedPath_100000 	       4	 158091016 ns/op
PASS

shortname: gonum_topo-SortStabilizedPath_100000
toolchain: Go
goos: linux
goarch: amd64
pkg: gonum.org/v1/gonum/graph/topo
cpu: AMD EPYC 7763 64-Core Processor                
BenchmarkSortStabilizedPath_100000 	       4	 148787015 ns/op
PASS

shortname: gonum_topo-SortStabilizedPath_100000
toolchain: Go
goos: linux
goarch: amd64
pkg: gonum.org/v1/gonum/graph/topo
cpu: AMD EPYC 7763 64-Core Processor                
BenchmarkSortStabilizedPath_100000 	       4	 147620414 ns/op
PASS

shortname: gonum_topo-SortStabilizedPath_100000
toolchain: Go
goos: linux
goarch: amd64
pkg: gonum.org/v1/gonum/graph/topo
cpu: AMD EPYC 7763 64-Core Processor                
BenchmarkSortStabilizedPath_100000 	       4	 147562477 ns/op
PASS

shortname: gonum_topo-SortStabilizedPath_100000
toolchain: Go
goos: linux
goarch: amd64
pkg: gonum.org/v1/gonum/graph/topo
cpu: AMD EPYC 7763 64-Core Processor                
BenchmarkSortStabilizedPath_100000 	       4	 151812210 ns/op
PASS

shortname: gonum_traverse-WalkAllDepthFirstGnp_100_half
toolchain: Go
goos: linux
goarch: amd64
pkg: gonum.org/v1/gonum/graph/traverse
cpu: AMD EPYC 7763 64-Core Processor                
BenchmarkWalkAllDepthFirstGnp_100_half 	    1737	    434811 ns/op
PASS

shortname: gonum_traverse-WalkAllDepthFirstGnp_100_half
toolchain: Go
goos: linux
goarch: amd64
pkg: gonum.org/v1/gonum/graph/traverse
cpu: AMD EPYC 7763 64-Core Processor                
BenchmarkWalkAllDepthFirstGnp_100_half 	    1748	    443404 ns/op
PASS

shortname: gonum_traverse-WalkAllDepthFirstGnp_100_half
toolchain: Go
goos: linux
goarch: amd64
pkg: gonum.org/v1/gonum/graph/traverse
cpu: AMD EPYC 7763 64-Core Processor                
BenchmarkWalkAllDepthFirstGnp_100_half 	    1820	    435323 ns/op
PASS

shortname: gonum_traverse-WalkAllDepthFirstGnp_100_half
toolchain: Go
goos: linux
goarch: amd64
pkg: gonum.org/v1/gonum/graph/traverse
cpu: AMD EPYC 7763 64-Core Processor                
BenchmarkWalkAllDepthFirstGnp_100_half 	    1755	    441658 ns/op
PASS

shortname: gonum_traverse-WalkAllDepthFirstGnp_100_half
toolchain: Go
goos: linux
goarch: amd64
pkg: gonum.org/v1/gonum/graph/traverse
cpu: AMD EPYC 7763 64-Core Processor                
BenchmarkWalkAllDepthFirstGnp_100_half 	    1803	    438242 ns/op
PASS

shortname: gproto_encoding-TextDecode
toolchain: Go
goos: linux
goarch: amd64
pkg: google.golang.org/protobuf/encoding
cpu: AMD EPYC 7763 64-Core Processor                
BenchmarkTextDecode 	      15	  37294636 ns/op
PASS

shortname: gproto_encoding-TextDecode
toolchain: Go
goos: linux
goarch: amd64
pkg: google.golang.org/protobuf/encoding
cpu: AMD EPYC 7763 64-Core Processor                
BenchmarkTextDecode 	      15	  37351847 ns/op
PASS

shortname: gproto_encoding-TextDecode
toolchain: Go
goos: linux
goarch: amd64
pkg: google.golang.org/protobuf/encoding
cpu: AMD EPYC 7763 64-Core Processor                
BenchmarkTextDecode 	      15	  36886672 ns/op
PASS

shortname: gproto_encoding-TextDecode
toolchain: Go
goos: linux
goarch: amd64
pkg: google.golang.org/protobuf/encoding
cpu: AMD EPYC 7763 64-Core Processor                
BenchmarkTextDecode 	      15	  37645829 ns/op
PASS

shortname: gproto_encoding-TextDecode
toolchain: Go
goos: linux
goarch: amd64
pkg: google.golang.org/protobuf/encoding
cpu: AMD EPYC 7763 64-Core Processor                
BenchmarkTextDecode 	      15	  37348132 ns/op
PASS

shortname: gproto_json-Bool
toolchain: Go
goos: linux
goarch: amd64
pkg: google.golang.org/protobuf/internal/encoding/json
cpu: AMD EPYC 7763 64-Core Processor                
BenchmarkBool 	10506986	        56.91 ns/op
PASS

shortname: gproto_json-Bool
toolchain: Go
goos: linux
goarch: amd64
pkg: google.golang.org/protobuf/internal/encoding/json
cpu: AMD EPYC 7763 64-Core Processor                
BenchmarkBool 	10427625	        57.07 ns/op
PASS

shortname: gproto_json-Bool
toolchain: Go
goos: linux
goarch: amd64
pkg: google.golang.org/protobuf/internal/encoding/json
cpu: AMD EPYC 7763 64-Core Processor                
BenchmarkBool 	10541680	        57.37 ns/op
PASS

shortname: gproto_json-Bool
toolchain: Go
goos: linux
goarch: amd64
pkg: google.golang.org/protobuf/internal/encoding/json
cpu: AMD EPYC 7763 64-Core Processor                
BenchmarkBool 	10499421	        56.95 ns/op
PASS

shortname: gproto_json-Bool
toolchain: Go
goos: linux
goarch: amd64
pkg: google.golang.org/protobuf/internal/encoding/json
cpu: AMD EPYC 7763 64-Core Processor                
BenchmarkBool 	10503470	        56.91 ns/op
PASS

shortname: gproto_json-Int
toolchain: Go
goos: linux
goarch: amd64
pkg: google.golang.org/protobuf/internal/encoding/json
cpu: AMD EPYC 7763 64-Core Processor                
BenchmarkInt 	 2787129	       214.7 ns/op
PASS

shortname: gproto_json-Int
toolchain: Go
goos: linux
goarch: amd64
pkg: google.golang.org/protobuf/internal/encoding/json
cpu: AMD EPYC 7763 64-Core Processor                
BenchmarkInt 	 2807467	       217.4 ns/op
PASS

shortname: gproto_json-Int
toolchain: Go
goos: linux
goarch: amd64
pkg: google.golang.org/protobuf/internal/encoding/json
cpu: AMD EPYC 7763 64-Core Processor                
BenchmarkInt 	 2780196	       216.4 ns/op
PASS

shortname: gproto_json-Int
toolchain: Go
goos: linux
goarch: amd64
pkg: google.golang.org/protobuf/internal/encoding/json
cpu: AMD EPYC 7763 64-Core Processor                
BenchmarkInt 	 2791404	       214.7 ns/op
PASS

shortname: gproto_json-Int
toolchain: Go
goos: linux
goarch: amd64
pkg: google.golang.org/protobuf/internal/encoding/json
cpu: AMD EPYC 7763 64-Core Processor                
BenchmarkInt 	 2741110	       217.5 ns/op
PASS

shortname: gproto_proto-Decode%2Fbasic_scalar_types_%28%2Atest.TestAllTypes%29
toolchain: Go
goos: linux
goarch: amd64
pkg: google.golang.org/protobuf/proto
cpu: AMD EPYC 7763 64-Core Processor                
BenchmarkDecode/basic_scalar_types_(*test.TestAllTypes)         	  401510	      1355 ns/op
PASS

shortname: gproto_proto-Decode%2Fbasic_scalar_types_%28%2Atest.TestAllTypes%29
toolchain: Go
goos: linux
goarch: amd64
pkg: google.golang.org/protobuf/proto
cpu: AMD EPYC 7763 64-Core Processor                
BenchmarkDecode/basic_scalar_types_(*test.TestAllTypes)         	  411877	      1360 ns/op
PASS

shortname: gproto_proto-Decode%2Fbasic_scalar_types_%28%2Atest.TestAllTypes%29
toolchain: Go
goos: linux
goarch: amd64
pkg: google.golang.org/protobuf/proto
cpu: AMD EPYC 7763 64-Core Processor                
BenchmarkDecode/basic_scalar_types_(*test.TestAllTypes)         	  414343	      1362 ns/op
PASS

shortname: gproto_proto-Decode%2Fbasic_scalar_types_%28%2Atest.TestAllTypes%29
toolchain: Go
goos: linux
goarch: amd64
pkg: google.golang.org/protobuf/proto
cpu: AMD EPYC 7763 64-Core Processor                
BenchmarkDecode/basic_scalar_types_(*test.TestAllTypes)         	  415107	      1341 ns/op
PASS

shortname: gproto_proto-Decode%2Fbasic_scalar_types_%28%2Atest.TestAllTypes%29
toolchain: Go
goos: linux
goarch: amd64
pkg: google.golang.org/protobuf/proto
cpu: AMD EPYC 7763 64-Core Processor                
BenchmarkDecode/basic_scalar_types_(*test.TestAllTypes)         	  405409	      1403 ns/op
PASS

shortname: gproto_proto-Decode%2Fjust_at_recursion_limit_%28%2Atest3.TestAllTypes%29
toolchain: Go
goos: linux
goarch: amd64
pkg: google.golang.org/protobuf/proto
cpu: AMD EPYC 7763 64-Core Processor                
BenchmarkDecode/just_at_recursion_limit_(*test3.TestAllTypes)         	  471824	      1299 ns/op
PASS

shortname: gproto_proto-Decode%2Fjust_at_recursion_limit_%28%2Atest3.TestAllTypes%29
toolchain: Go
goos: linux
goarch: amd64
pkg: google.golang.org/protobuf/proto
cpu: AMD EPYC 7763 64-Core Processor                
BenchmarkDecode/just_at_recursion_limit_(*test3.TestAllTypes)         	  458748	      1351 ns/op
PASS

shortname: gproto_proto-Decode%2Fjust_at_recursion_limit_%28%2Atest3.TestAllTypes%29
toolchain: Go
goos: linux
goarch: amd64
pkg: google.golang.org/protobuf/proto
cpu: AMD EPYC 7763 64-Core Processor                
BenchmarkDecode/just_at_recursion_limit_(*test3.TestAllTypes)         	  462196	      1311 ns/op
PASS

shortname: gproto_proto-Decode%2Fjust_at_recursion_limit_%28%2Atest3.TestAllTypes%29
toolchain: Go
goos: linux
goarch: amd64
pkg: google.golang.org/protobuf/proto
cpu: AMD EPYC 7763 64-Core Processor                
BenchmarkDecode/just_at_recursion_limit_(*test3.TestAllTypes)         	  445734	      1316 ns/op
PASS

shortname: gproto_proto-Decode%2Fjust_at_recursion_limit_%28%2Atest3.TestAllTypes%29
toolchain: Go
goos: linux
goarch: amd64
pkg: google.golang.org/protobuf/proto
cpu: AMD EPYC 7763 64-Core Processor                
BenchmarkDecode/just_at_recursion_limit_(*test3.TestAllTypes)         	  445592	      1357 ns/op
PASS

shortname: gproto_proto-EqualWithDeeplyNestedEqual
toolchain: Go
goos: linux
goarch: amd64
pkg: google.golang.org/protobuf/proto
cpu: AMD EPYC 7763 64-Core Processor                
BenchmarkEqualWithDeeplyNestedEqual 	   10000	     51399 ns/op	       0 B/op	       0 allocs/op
PASS

shortname: gproto_proto-EqualWithDeeplyNestedEqual
toolchain: Go
goos: linux
goarch: amd64
pkg: google.golang.org/protobuf/proto
cpu: AMD EPYC 7763 64-Core Processor                
BenchmarkEqualWithDeeplyNestedEqual 	   10000	     51573 ns/op	       0 B/op	       0 allocs/op
PASS

shortname: gproto_proto-EqualWithDeeplyNestedEqual
toolchain: Go
goos: linux
goarch: amd64
pkg: google.golang.org/protobuf/proto
cpu: AMD EPYC 7763 64-Core Processor                
BenchmarkEqualWithDeeplyNestedEqual 	   10000	     51183 ns/op	       0 B/op	       0 allocs/op
PASS

shortname: gproto_proto-EqualWithDeeplyNestedEqual
toolchain: Go
goos: linux
goarch: amd64
pkg: google.golang.org/protobuf/proto
cpu: AMD EPYC 7763 64-Core Processor                
BenchmarkEqualWithDeeplyNestedEqual 	   10000	     52638 ns/op	       0 B/op	       0 allocs/op
PASS

shortname: gproto_proto-EqualWithDeeplyNestedEqual
toolchain: Go
goos: linux
goarch: amd64
pkg: google.golang.org/protobuf/proto
cpu: AMD EPYC 7763 64-Core Processor                
BenchmarkEqualWithDeeplyNestedEqual 	   10000	     51871 ns/op	       0 B/op	       0 allocs/op
PASS

shortname: gproto_reflect-Value%2FInterface
toolchain: Go
goos: linux
goarch: amd64
pkg: google.golang.org/protobuf/reflect/protoreflect
cpu: AMD EPYC 7763 64-Core Processor                
BenchmarkValue/Interface         	22331073	        29.06 ns/op	      15 B/op	       0 allocs/op
PASS

shortname: gproto_reflect-Value%2FInterface
toolchain: Go
goos: linux
goarch: amd64
pkg: google.golang.org/protobuf/reflect/protoreflect
cpu: AMD EPYC 7763 64-Core Processor                
BenchmarkValue/Interface         	23356135	        28.66 ns/op	      15 B/op	       0 allocs/op
PASS

shortname: gproto_reflect-Value%2FInterface
toolchain: Go
goos: linux
goarch: amd64
pkg: google.golang.org/protobuf/reflect/protoreflect
cpu: AMD EPYC 7763 64-Core Processor                
BenchmarkValue/Interface         	17298915	        29.57 ns/op	      15 B/op	       0 allocs/op
PASS

shortname: gproto_reflect-Value%2FInterface
toolchain: Go
goos: linux
goarch: amd64
pkg: google.golang.org/protobuf/reflect/protoreflect
cpu: AMD EPYC 7763 64-Core Processor                
BenchmarkValue/Interface         	22877865	        28.54 ns/op	      15 B/op	       0 allocs/op
PASS

shortname: gproto_reflect-Value%2FInterface
toolchain: Go
goos: linux
goarch: amd64
pkg: google.golang.org/protobuf/reflect/protoreflect
cpu: AMD EPYC 7763 64-Core Processor                
BenchmarkValue/Interface         	22677807	        28.21 ns/op	      15 B/op	       0 allocs/op
PASS

shortname: k8s_cache-EachListItemWithAlloc%2FPodList
toolchain: Go
goos: linux
goarch: amd64
pkg: k8s.io/client-go/tools/cache
cpu: AMD EPYC 7763 64-Core Processor                
BenchmarkEachListItemWithAlloc/PodList         	    8782	     64345 ns/op
PASS

shortname: k8s_cache-EachListItemWithAlloc%2FPodList
toolchain: Go
goos: linux
goarch: amd64
pkg: k8s.io/client-go/tools/cache
cpu: AMD EPYC 7763 64-Core Processor                
BenchmarkEachListItemWithAlloc/PodList         	    8539	     62666 ns/op
PASS

shortname: k8s_cache-EachListItemWithAlloc%2FPodList
toolchain: Go
goos: linux
goarch: amd64
pkg: k8s.io/client-go/tools/cache
cpu: AMD EPYC 7763 64-Core Processor                
BenchmarkEachListItemWithAlloc/PodList         	    9110	     62595 ns/op
PASS

shortname: k8s_cache-EachListItemWithAlloc%2FPodList
toolchain: Go
goos: linux
goarch: amd64
pkg: k8s.io/client-go/tools/cache
cpu: AMD EPYC 7763 64-Core Processor                
BenchmarkEachListItemWithAlloc/PodList         	    8689	     64355 ns/op
PASS

shortname: k8s_cache-EachListItemWithAlloc%2FPodList
toolchain: Go
goos: linux
goarch: amd64
pkg: k8s.io/client-go/tools/cache
cpu: AMD EPYC 7763 64-Core Processor                
BenchmarkEachListItemWithAlloc/PodList         	    8419	     62036 ns/op
PASS

shortname: k8s_workqueue-DelayingQueue_AddAfter
toolchain: Go
goos: linux
goarch: amd64
pkg: k8s.io/client-go/util/workqueue
cpu: AMD EPYC 7763 64-Core Processor                
BenchmarkDelayingQueue_AddAfter 	  479154	      3366 ns/op
PASS

shortname: k8s_workqueue-DelayingQueue_AddAfter
toolchain: Go
goos: linux
goarch: amd64
pkg: k8s.io/client-go/util/workqueue
cpu: AMD EPYC 7763 64-Core Processor                
BenchmarkDelayingQueue_AddAfter 	  458624	      3142 ns/op
PASS

shortname: k8s_workqueue-DelayingQueue_AddAfter
toolchain: Go
goos: linux
goarch: amd64
pkg: k8s.io/client-go/util/workqueue
cpu: AMD EPYC 7763 64-Core Processor                
BenchmarkDelayingQueue_AddAfter 	  479697	      3150 ns/op
PASS

shortname: k8s_workqueue-DelayingQueue_AddAfter
toolchain: Go
goos: linux
goarch: amd64
pkg: k8s.io/client-go/util/workqueue
cpu: AMD EPYC 7763 64-Core Processor                
BenchmarkDelayingQueue_AddAfter 	  461919	      3190 ns/op
PASS

shortname: k8s_workqueue-DelayingQueue_AddAfter
toolchain: Go
goos: linux
goarch: amd64
pkg: k8s.io/client-go/util/workqueue
cpu: AMD EPYC 7763 64-Core Processor                
BenchmarkDelayingQueue_AddAfter 	  472700	      2801 ns/op
PASS

shortname: kanzi-ANS0
toolchain: Go
goos: linux
goarch: amd64
pkg: github.com/flanglet/kanzi-go/v2/benchmark
cpu: AMD EPYC 7763 64-Core Processor                
BenchmarkANS0 	     301	   1954605 ns/op
PASS

shortname: kanzi-ANS0
toolchain: Go
goos: linux
goarch: amd64
pkg: github.com/flanglet/kanzi-go/v2/benchmark
cpu: AMD EPYC 7763 64-Core Processor                
BenchmarkANS0 	     306	   1936188 ns/op
PASS

shortname: kanzi-ANS0
toolchain: Go
goos: linux
goarch: amd64
pkg: github.com/flanglet/kanzi-go/v2/benchmark
cpu: AMD EPYC 7763 64-Core Processor                
BenchmarkANS0 	     307	   1945248 ns/op
PASS

shortname: kanzi-ANS0
toolchain: Go
goos: linux
goarch: amd64
pkg: github.com/flanglet/kanzi-go/v2/benchmark
cpu: AMD EPYC 7763 64-Core Processor                
BenchmarkANS0 	     302	   1963969 ns/op
PASS

shortname: kanzi-ANS0
toolchain: Go
goos: linux
goarch: amd64
pkg: github.com/flanglet/kanzi-go/v2/benchmark
cpu: AMD EPYC 7763 64-Core Processor                
BenchmarkANS0 	     303	   1938201 ns/op
PASS

shortname: kanzi-BWTSmallBlock
toolchain: Go
goos: linux
goarch: amd64
pkg: github.com/flanglet/kanzi-go/v2/benchmark
cpu: AMD EPYC 7763 64-Core Processor                
BenchmarkBWTSmallBlock 	      16	  34269466 ns/op
PASS

shortname: kanzi-BWTSmallBlock
toolchain: Go
goos: linux
goarch: amd64
pkg: github.com/flanglet/kanzi-go/v2/benchmark
cpu: AMD EPYC 7763 64-Core Processor                
BenchmarkBWTSmallBlock 	      16	  34554410 ns/op
PASS

shortname: kanzi-BWTSmallBlock
toolchain: Go
goos: linux
goarch: amd64
pkg: github.com/flanglet/kanzi-go/v2/benchmark
cpu: AMD EPYC 7763 64-Core Processor                
BenchmarkBWTSmallBlock 	      16	  34335169 ns/op
PASS

shortname: kanzi-BWTSmallBlock
toolchain: Go
goos: linux
goarch: amd64
pkg: github.com/flanglet/kanzi-go/v2/benchmark
cpu: AMD EPYC 7763 64-Core Processor                
BenchmarkBWTSmallBlock 	      16	  34203090 ns/op
PASS

shortname: kanzi-BWTSmallBlock
toolchain: Go
goos: linux
goarch: amd64
pkg: github.com/flanglet/kanzi-go/v2/benchmark
cpu: AMD EPYC 7763 64-Core Processor                
BenchmarkBWTSmallBlock 	      16	  34596462 ns/op
PASS

shortname: kanzi-CM
toolchain: Go
goos: linux
goarch: amd64
pkg: github.com/flanglet/kanzi-go/v2/benchmark
cpu: AMD EPYC 7763 64-Core Processor                
BenchmarkCM 	      14	  40036328 ns/op
PASS

shortname: kanzi-CM
toolchain: Go
goos: linux
goarch: amd64
pkg: github.com/flanglet/kanzi-go/v2/benchmark
cpu: AMD EPYC 7763 64-Core Processor                
BenchmarkCM 	      14	  40051340 ns/op
PASS

shortname: kanzi-CM
toolchain: Go
goos: linux
goarch: amd64
pkg: github.com/flanglet/kanzi-go/v2/benchmark
cpu: AMD EPYC 7763 64-Core Processor                
BenchmarkCM 	      14	  40100023 ns/op
PASS

shortname: kanzi-CM
toolchain: Go
goos: linux
goarch: amd64
pkg: github.com/flanglet/kanzi-go/v2/benchmark
cpu: AMD EPYC 7763 64-Core Processor                
BenchmarkCM 	      13	  40139583 ns/op
PASS

shortname: kanzi-CM
toolchain: Go
goos: linux
goarch: amd64
pkg: github.com/flanglet/kanzi-go/v2/benchmark
cpu: AMD EPYC 7763 64-Core Processor                
BenchmarkCM 	      14	  40048887 ns/op
PASS

shortname: kanzi-Huffman
toolchain: Go
goos: linux
goarch: amd64
pkg: github.com/flanglet/kanzi-go/v2/benchmark
cpu: AMD EPYC 7763 64-Core Processor                
BenchmarkHuffman 	     372	   1601065 ns/op
PASS

shortname: kanzi-Huffman
toolchain: Go
goos: linux
goarch: amd64
pkg: github.com/flanglet/kanzi-go/v2/benchmark
cpu: AMD EPYC 7763 64-Core Processor                
BenchmarkHuffman 	     370	   1613849 ns/op
PASS

shortname: kanzi-Huffman
toolchain: Go
goos: linux
goarch: amd64
pkg: github.com/flanglet/kanzi-go/v2/benchmark
cpu: AMD EPYC 7763 64-Core Processor                
BenchmarkHuffman 	     370	   1606262 ns/op
PASS

shortname: kanzi-Huffman
toolchain: Go
goos: linux
goarch: amd64
pkg: github.com/flanglet/kanzi-go/v2/benchmark
cpu: AMD EPYC 7763 64-Core Processor                
BenchmarkHuffman 	     366	   1609268 ns/op
PASS

shortname: kanzi-Huffman
toolchain: Go
goos: linux
goarch: amd64
pkg: github.com/flanglet/kanzi-go/v2/benchmark
cpu: AMD EPYC 7763 64-Core Processor                
BenchmarkHuffman 	     367	   1618458 ns/op
PASS

shortname: nelsam_gxui_interval-General
toolchain: Go
goos: linux
goarch: amd64
pkg: git.sr.ht/~nelsam/gxui/interval
cpu: AMD EPYC 7763 64-Core Processor                
BenchmarkGeneral 	 2217760	       270.2 ns/op
PASS

shortname: nelsam_gxui_interval-General
toolchain: Go
goos: linux
goarch: amd64
pkg: git.sr.ht/~nelsam/gxui/interval
cpu: AMD EPYC 7763 64-Core Processor                
BenchmarkGeneral 	 2204967	       276.6 ns/op
PASS

shortname: nelsam_gxui_interval-General
toolchain: Go
goos: linux
goarch: amd64
pkg: git.sr.ht/~nelsam/gxui/interval
cpu: AMD EPYC 7763 64-Core Processor                
BenchmarkGeneral 	 2184138	       271.3 ns/op
PASS

shortname: nelsam_gxui_interval-General
toolchain: Go
goos: linux
goarch: amd64
pkg: git.sr.ht/~nelsam/gxui/interval
cpu: AMD EPYC 7763 64-Core Processor                
BenchmarkGeneral 	 2201352	       269.7 ns/op
PASS

shortname: nelsam_gxui_interval-General
toolchain: Go
goos: linux
goarch: amd64
pkg: git.sr.ht/~nelsam/gxui/interval
cpu: AMD EPYC 7763 64-Core Processor                
BenchmarkGeneral 	 2190922	       276.7 ns/op
PASS

shortname: rcrowley_metrics-Histogram
toolchain: Go
goos: linux
goarch: amd64
pkg: github.com/rcrowley/go-metrics
cpu: AMD EPYC 7763 64-Core Processor                
BenchmarkHistogram 	31067130	        18.72 ns/op
PASS

shortname: rcrowley_metrics-Histogram
toolchain: Go
goos: linux
goarch: amd64
pkg: github.com/rcrowley/go-metrics
cpu: AMD EPYC 7763 64-Core Processor                
BenchmarkHistogram 	31007661	        18.72 ns/op
PASS

shortname: rcrowley_metrics-Histogram
toolchain: Go
goos: linux
goarch: amd64
pkg: github.com/rcrowley/go-metrics
cpu: AMD EPYC 7763 64-Core Processor                
BenchmarkHistogram 	31705225	        18.70 ns/op
PASS

shortname: rcrowley_metrics-Histogram
toolchain: Go
goos: linux
goarch: amd64
pkg: github.com/rcrowley/go-metrics
cpu: AMD EPYC 7763 64-Core Processor                
BenchmarkHistogram 	30858589	        19.32 ns/op
PASS

shortname: rcrowley_metrics-Histogram
toolchain: Go
goos: linux
goarch: amd64
pkg: github.com/rcrowley/go-metrics
cpu: AMD EPYC 7763 64-Core Processor                
BenchmarkHistogram 	31703360	        18.70 ns/op
PASS

shortname: rcrowley_metrics-Timer
toolchain: Go
goos: linux
goarch: amd64
pkg: github.com/rcrowley/go-metrics
cpu: AMD EPYC 7763 64-Core Processor                
BenchmarkTimer 	 2544934	       233.4 ns/op
PASS

shortname: rcrowley_metrics-Timer
toolchain: Go
goos: linux
goarch: amd64
pkg: github.com/rcrowley/go-metrics
cpu: AMD EPYC 7763 64-Core Processor                
BenchmarkTimer 	 2522271	       233.9 ns/op
PASS

shortname: rcrowley_metrics-Timer
toolchain: Go
goos: linux
goarch: amd64
pkg: github.com/rcrowley/go-metrics
cpu: AMD EPYC 7763 64-Core Processor                
BenchmarkTimer 	 2556309	       234.0 ns/op
PASS

shortname: rcrowley_metrics-Timer
toolchain: Go
goos: linux
goarch: amd64
pkg: github.com/rcrowley/go-metrics
cpu: AMD EPYC 7763 64-Core Processor                
BenchmarkTimer 	 2564786	       233.7 ns/op
PASS

shortname: rcrowley_metrics-Timer
toolchain: Go
goos: linux
goarch: amd64
pkg: github.com/rcrowley/go-metrics
cpu: AMD EPYC 7763 64-Core Processor                
BenchmarkTimer 	 2563556	       233.7 ns/op
PASS

shortname: semver-CheckVersionRange
toolchain: Go
goos: linux
goarch: amd64
pkg: github.com/Masterminds/semver/v3
cpu: AMD EPYC 7763 64-Core Processor                
BenchmarkCheckVersionRange 	13021729	        45.69 ns/op	       0 B/op	       0 allocs/op
PASS

shortname: semver-CheckVersionRange
toolchain: Go
goos: linux
goarch: amd64
pkg: github.com/Masterminds/semver/v3
cpu: AMD EPYC 7763 64-Core Processor                
BenchmarkCheckVersionRange 	12895744	        45.79 ns/op	       0 B/op	       0 allocs/op
PASS

shortname: semver-CheckVersionRange
toolchain: Go
goos: linux
goarch: amd64
pkg: github.com/Masterminds/semver/v3
cpu: AMD EPYC 7763 64-Core Processor                
BenchmarkCheckVersionRange 	13138957	        45.49 ns/op	       0 B/op	       0 allocs/op
PASS

shortname: semver-CheckVersionRange
toolchain: Go
goos: linux
goarch: amd64
pkg: github.com/Masterminds/semver/v3
cpu: AMD EPYC 7763 64-Core Processor                
BenchmarkCheckVersionRange 	13069675	        45.65 ns/op	       0 B/op	       0 allocs/op
PASS

shortname: semver-CheckVersionRange
toolchain: Go
goos: linux
goarch: amd64
pkg: github.com/Masterminds/semver/v3
cpu: AMD EPYC 7763 64-Core Processor                
BenchmarkCheckVersionRange 	12946197	        45.56 ns/op	       0 B/op	       0 allocs/op
PASS

shortname: semver-CoerceNewVersionSimple
toolchain: Go
goos: linux
goarch: amd64
pkg: github.com/Masterminds/semver/v3
cpu: AMD EPYC 7763 64-Core Processor                
BenchmarkCoerceNewVersionSimple 	 4131920	       145.9 ns/op	     128 B/op	       2 allocs/op
PASS

shortname: semver-CoerceNewVersionSimple
toolchain: Go
goos: linux
goarch: amd64
pkg: github.com/Masterminds/semver/v3
cpu: AMD EPYC 7763 64-Core Processor                
BenchmarkCoerceNewVersionSimple 	 4223017	       143.6 ns/op	     128 B/op	       2 allocs/op
PASS

shortname: semver-CoerceNewVersionSimple
toolchain: Go
goos: linux
goarch: amd64
pkg: github.com/Masterminds/semver/v3
cpu: AMD EPYC 7763 64-Core Processor                
BenchmarkCoerceNewVersionSimple 	 4193356	       145.0 ns/op	     128 B/op	       2 allocs/op
PASS

shortname: semver-CoerceNewVersionSimple
toolchain: Go
goos: linux
goarch: amd64
pkg: github.com/Masterminds/semver/v3
cpu: AMD EPYC 7763 64-Core Processor                
BenchmarkCoerceNewVersionSimple 	 4130259	       146.3 ns/op	     128 B/op	       2 allocs/op
PASS

shortname: semver-CoerceNewVersionSimple
toolchain: Go
goos: linux
goarch: amd64
pkg: github.com/Masterminds/semver/v3
cpu: AMD EPYC 7763 64-Core Processor                
BenchmarkCoerceNewVersionSimple 	 4139257	       142.0 ns/op	     128 B/op	       2 allocs/op
PASS

shortname: semver-ValidateVersionRangeFail
toolchain: Go
goos: linux
goarch: amd64
pkg: github.com/Masterminds/semver/v3
cpu: AMD EPYC 7763 64-Core Processor                
BenchmarkValidateVersionRangeFail 	  991576	       611.3 ns/op	     189 B/op	       7 allocs/op
PASS

shortname: semver-ValidateVersionRangeFail
toolchain: Go
goos: linux
goarch: amd64
pkg: github.com/Masterminds/semver/v3
cpu: AMD EPYC 7763 64-Core Processor                
BenchmarkValidateVersionRangeFail 	 1000000	       606.0 ns/op	     189 B/op	       7 allocs/op
PASS

shortname: semver-ValidateVersionRangeFail
toolchain: Go
goos: linux
goarch: amd64
pkg: github.com/Masterminds/semver/v3
cpu: AMD EPYC 7763 64-Core Processor                
BenchmarkValidateVersionRangeFail 	 1000000	       617.6 ns/op	     189 B/op	       7 allocs/op
PASS

shortname: semver-ValidateVersionRangeFail
toolchain: Go
goos: linux
goarch: amd64
pkg: github.com/Masterminds/semver/v3
cpu: AMD EPYC 7763 64-Core Processor                
BenchmarkValidateVersionRangeFail 	 1000000	       625.2 ns/op	     189 B/op	       7 allocs/op
PASS

shortname: semver-ValidateVersionRangeFail
toolchain: Go
goos: linux
goarch: amd64
pkg: github.com/Masterminds/semver/v3
cpu: AMD EPYC 7763 64-Core Processor                
BenchmarkValidateVersionRangeFail 	  997646	       608.5 ns/op	     189 B/op	       7 allocs/op
PASS

shortname: shopify_sarama-ZstdMemoryConsumption%2Fno_drain
toolchain: Go
goos: linux
goarch: amd64
pkg: github.com/IBM/sarama
cpu: AMD EPYC 7763 64-Core Processor                
BenchmarkZstdMemoryConsumption/no_drain         	    1330	    430785 ns/op	   19176 B/op	       4 allocs/op
PASS

shortname: shopify_sarama-ZstdMemoryConsumption%2Fno_drain
toolchain: Go
goos: linux
goarch: amd64
pkg: github.com/IBM/sarama
cpu: AMD EPYC 7763 64-Core Processor                
BenchmarkZstdMemoryConsumption/no_drain         	    1320	    438631 ns/op	   19298 B/op	       4 allocs/op
PASS

shortname: shopify_sarama-ZstdMemoryConsumption%2Fno_drain
toolchain: Go
goos: linux
goarch: amd64
pkg: github.com/IBM/sarama
cpu: AMD EPYC 7763 64-Core Processor                
BenchmarkZstdMemoryConsumption/no_drain         	    1335	    430955 ns/op	   19116 B/op	       4 allocs/op
PASS

shortname: shopify_sarama-ZstdMemoryConsumption%2Fno_drain
toolchain: Go
goos: linux
goarch: amd64
pkg: github.com/IBM/sarama
cpu: AMD EPYC 7763 64-Core Processor                
BenchmarkZstdMemoryConsumption/no_drain         	    1324	    429999 ns/op	   19249 B/op	       4 allocs/op
PASS

shortname: shopify_sarama-ZstdMemoryConsumption%2Fno_drain
toolchain: Go
goos: linux
goarch: amd64
pkg: github.com/IBM/sarama
cpu: AMD EPYC 7763 64-Core Processor                
BenchmarkZstdMemoryConsumption/no_drain         	    1332	    430146 ns/op	   19152 B/op	       4 allocs/op
PASS

shortname: shopify_sarama-_getMetricNameForTopic
toolchain: Go
goos: linux
goarch: amd64
pkg: github.com/IBM/sarama
cpu: AMD EPYC 7763 64-Core Processor                
Benchmark_getMetricNameForTopic 	 6887629	        90.21 ns/op	      16 B/op	       1 allocs/op
PASS

shortname: shopify_sarama-_getMetricNameForTopic
toolchain: Go
goos: linux
goarch: amd64
pkg: github.com/IBM/sarama
cpu: AMD EPYC 7763 64-Core Processor                
Benchmark_getMetricNameForTopic 	 6766942	        91.42 ns/op	      16 B/op	       1 allocs/op
PASS

shortname: shopify_sarama-_getMetricNameForTopic
toolchain: Go
goos: linux
goarch: amd64
pkg: github.com/IBM/sarama
cpu: AMD EPYC 7763 64-Core Processor                
Benchmark_getMetricNameForTopic 	 6813058	        91.43 ns/op	      16 B/op	       1 allocs/op
PASS

shortname: shopify_sarama-_getMetricNameForTopic
toolchain: Go
goos: linux
goarch: amd64
pkg: github.com/IBM/sarama
cpu: AMD EPYC 7763 64-Core Processor                
Benchmark_getMetricNameForTopic 	 6750490	        92.01 ns/op	      16 B/op	       1 allocs/op
PASS

shortname: shopify_sarama-_getMetricNameForTopic
toolchain: Go
goos: linux
goarch: amd64
pkg: github.com/IBM/sarama
cpu: AMD EPYC 7763 64-Core Processor                
Benchmark_getMetricNameForTopic 	 6801830	        91.68 ns/op	      16 B/op	       1 allocs/op
PASS

shortname: thriftrw_gen-RoundTrip%2FContainersOfContainers%2FDecode
toolchain: Go
goos: linux
goarch: amd64
pkg: go.uber.org/thriftrw/gen
cpu: AMD EPYC 7763 64-Core Processor                
BenchmarkRoundTrip/ContainersOfContainers/Decode  	   13605	     45263 ns/op
PASS

shortname: thriftrw_gen-RoundTrip%2FContainersOfContainers%2FDecode
toolchain: Go
goos: linux
goarch: amd64
pkg: go.uber.org/thriftrw/gen
cpu: AMD EPYC 7763 64-Core Processor                
BenchmarkRoundTrip/ContainersOfContainers/Decode  	   13514	     44281 ns/op
PASS

shortname: thriftrw_gen-RoundTrip%2FContainersOfContainers%2FDecode
toolchain: Go
goos: linux
goarch: amd64
pkg: go.uber.org/thriftrw/gen
cpu: AMD EPYC 7763 64-Core Processor                
BenchmarkRoundTrip/ContainersOfContainers/Decode  	   13502	     44317 ns/op
PASS

shortname: thriftrw_gen-RoundTrip%2FContainersOfContainers%2FDecode
toolchain: Go
goos: linux
goarch: amd64
pkg: go.uber.org/thriftrw/gen
cpu: AMD EPYC 7763 64-Core Processor                
BenchmarkRoundTrip/ContainersOfContainers/Decode  	   13386	     45222 ns/op
PASS

shortname: thriftrw_gen-RoundTrip%2FContainersOfContainers%2FDecode
toolchain: Go
goos: linux
goarch: amd64
pkg: go.uber.org/thriftrw/gen
cpu: AMD EPYC 7763 64-Core Processor                
BenchmarkRoundTrip/ContainersOfContainers/Decode  	   13578	     44820 ns/op
PASS

shortname: thriftrw_gen-RoundTrip%2FContainersOfContainers%2FEncode
toolchain: Go
goos: linux
goarch: amd64
pkg: go.uber.org/thriftrw/gen
cpu: AMD EPYC 7763 64-Core Processor                
BenchmarkRoundTrip/ContainersOfContainers/Encode  	   33435	     18169 ns/op
PASS

shortname: thriftrw_gen-RoundTrip%2FContainersOfContainers%2FEncode
toolchain: Go
goos: linux
goarch: amd64
pkg: go.uber.org/thriftrw/gen
cpu: AMD EPYC 7763 64-Core Processor                
BenchmarkRoundTrip/ContainersOfContainers/Encode  	   28527	     21334 ns/op
PASS

shortname: thriftrw_gen-RoundTrip%2FContainersOfContainers%2FEncode
toolchain: Go
goos: linux
goarch: amd64
pkg: go.uber.org/thriftrw/gen
cpu: AMD EPYC 7763 64-Core Processor                
BenchmarkRoundTrip/ContainersOfContainers/Encode  	   33490	     18384 ns/op
PASS

shortname: thriftrw_gen-RoundTrip%2FContainersOfContainers%2FEncode
toolchain: Go
goos: linux
goarch: amd64
pkg: go.uber.org/thriftrw/gen
cpu: AMD EPYC 7763 64-Core Processor                
BenchmarkRoundTrip/ContainersOfContainers/Encode  	   32928	     18471 ns/op
PASS

shortname: thriftrw_gen-RoundTrip%2FContainersOfContainers%2FEncode
toolchain: Go
goos: linux
goarch: amd64
pkg: go.uber.org/thriftrw/gen
cpu: AMD EPYC 7763 64-Core Processor                
BenchmarkRoundTrip/ContainersOfContainers/Encode  	   33172	     18540 ns/op
PASS

shortname: thriftrw_gen-RoundTrip%2FPrimitiveOptionalStruct%2FStreaming_Decode
toolchain: Go
goos: linux
goarch: amd64
pkg: go.uber.org/thriftrw/gen
cpu: AMD EPYC 7763 64-Core Processor                
BenchmarkRoundTrip/PrimitiveOptionalStruct/Streaming_Decode         	  691590	       835.8 ns/op
PASS

shortname: thriftrw_gen-RoundTrip%2FPrimitiveOptionalStruct%2FStreaming_Decode
toolchain: Go
goos: linux
goarch: amd64
pkg: go.uber.org/thriftrw/gen
cpu: AMD EPYC 7763 64-Core Processor                
BenchmarkRoundTrip/PrimitiveOptionalStruct/Streaming_Decode         	  661450	       840.1 ns/op
PASS

shortname: thriftrw_gen-RoundTrip%2FPrimitiveOptionalStruct%2FStreaming_Decode
toolchain: Go
goos: linux
goarch: amd64
pkg: go.uber.org/thriftrw/gen
cpu: AMD EPYC 7763 64-Core Processor                
BenchmarkRoundTrip/PrimitiveOptionalStruct/Streaming_Decode         	  671120	       837.2 ns/op
PASS

shortname: thriftrw_gen-RoundTrip%2FPrimitiveOptionalStruct%2FStreaming_Decode
toolchain: Go
goos: linux
goarch: amd64
pkg: go.uber.org/thriftrw/gen
cpu: AMD EPYC 7763 64-Core Processor                
BenchmarkRoundTrip/PrimitiveOptionalStruct/Streaming_Decode         	  694513	       830.0 ns/op
PASS

shortname: thriftrw_gen-RoundTrip%2FPrimitiveOptionalStruct%2FStreaming_Decode
toolchain: Go
goos: linux
goarch: amd64
pkg: go.uber.org/thriftrw/gen
cpu: AMD EPYC 7763 64-Core Processor                
BenchmarkRoundTrip/PrimitiveOptionalStruct/Streaming_Decode         	  642765	       845.2 ns/op
PASS

shortname: uber_zap-JSONLogMarshalerFunc
toolchain: Go
goos: linux
goarch: amd64
pkg: go.uber.org/zap/zapcore
cpu: AMD EPYC 7763 64-Core Processor                
BenchmarkJSONLogMarshalerFunc 	 1379954	       437.9 ns/op
PASS

shortname: uber_zap-JSONLogMarshalerFunc
toolchain: Go
goos: linux
goarch: amd64
pkg: go.uber.org/zap/zapcore
cpu: AMD EPYC 7763 64-Core Processor                
BenchmarkJSONLogMarshalerFunc 	 1370902	       439.3 ns/op
PASS

shortname: uber_zap-JSONLogMarshalerFunc
toolchain: Go
goos: linux
goarch: amd64
pkg: go.uber.org/zap/zapcore
cpu: AMD EPYC 7763 64-Core Processor                
BenchmarkJSONLogMarshalerFunc 	 1409470	       428.8 ns/op
PASS

shortname: uber_zap-JSONLogMarshalerFunc
toolchain: Go
goos: linux
goarch: amd64
pkg: go.uber.org/zap/zapcore
cpu: AMD EPYC 7763 64-Core Processor                
BenchmarkJSONLogMarshalerFunc 	 1402736	       426.0 ns/op
PASS

shortname: uber_zap-JSONLogMarshalerFunc
toolchain: Go
goos: linux
goarch: amd64
pkg: go.uber.org/zap/zapcore
cpu: AMD EPYC 7763 64-Core Processor                
BenchmarkJSONLogMarshalerFunc 	 1412650	       427.4 ns/op
PASS

shortname: uuid-New
toolchain: Go
goos: linux
goarch: amd64
pkg: github.com/google/uuid
cpu: AMD EPYC 7763 64-Core Processor                
BenchmarkNew 	 6532621	        92.18 ns/op
PASS

shortname: uuid-New
toolchain: Go
goos: linux
goarch: amd64
pkg: github.com/google/uuid
cpu: AMD EPYC 7763 64-Core Processor                
BenchmarkNew 	 6554482	        91.62 ns/op
PASS

shortname: uuid-New
toolchain: Go
goos: linux
goarch: amd64
pkg: github.com/google/uuid
cpu: AMD EPYC 7763 64-Core Processor                
BenchmarkNew 	 6525980	        92.12 ns/op
PASS

shortname: uuid-New
toolchain: Go
goos: linux
goarch: amd64
pkg: github.com/google/uuid
cpu: AMD EPYC 7763 64-Core Processor                
BenchmarkNew 	 6541791	        92.24 ns/op
PASS

shortname: uuid-New
toolchain: Go
goos: linux
goarch: amd64
pkg: github.com/google/uuid
cpu: AMD EPYC 7763 64-Core Processor                
BenchmarkNew 	 6570063	        91.84 ns/op
PASS

shortname: uuid-UUID_MarshalJSON
toolchain: Go
goos: linux
goarch: amd64
pkg: github.com/google/uuid
cpu: AMD EPYC 7763 64-Core Processor                
BenchmarkUUID_MarshalJSON 	 2115837	       287.7 ns/op
PASS

shortname: uuid-UUID_MarshalJSON
toolchain: Go
goos: linux
goarch: amd64
pkg: github.com/google/uuid
cpu: AMD EPYC 7763 64-Core Processor                
BenchmarkUUID_MarshalJSON 	 2131557	       283.7 ns/op
PASS

shortname: uuid-UUID_MarshalJSON
toolchain: Go
goos: linux
goarch: amd64
pkg: github.com/google/uuid
cpu: AMD EPYC 7763 64-Core Processor                
BenchmarkUUID_MarshalJSON 	 2107659	       287.2 ns/op
PASS

shortname: uuid-UUID_MarshalJSON
toolchain: Go
goos: linux
goarch: amd64
pkg: github.com/google/uuid
cpu: AMD EPYC 7763 64-Core Processor                
BenchmarkUUID_MarshalJSON 	 2116728	       285.5 ns/op
PASS

shortname: uuid-UUID_MarshalJSON
toolchain: Go
goos: linux
goarch: amd64
pkg: github.com/google/uuid
cpu: AMD EPYC 7763 64-Core Processor                
BenchmarkUUID_MarshalJSON 	 2111516	       283.7 ns/op
PASS

shortname: uuid-UUID_UnmarshalJSON
toolchain: Go
goos: linux
goarch: amd64
pkg: github.com/google/uuid
cpu: AMD EPYC 7763 64-Core Processor                
BenchmarkUUID_UnmarshalJSON 	  754912	       781.1 ns/op
PASS

shortname: uuid-UUID_UnmarshalJSON
toolchain: Go
goos: linux
goarch: amd64
pkg: github.com/google/uuid
cpu: AMD EPYC 7763 64-Core Processor                
BenchmarkUUID_UnmarshalJSON 	  788623	       771.9 ns/op
PASS

shortname: uuid-UUID_UnmarshalJSON
toolchain: Go
goos: linux
goarch: amd64
pkg: github.com/google/uuid
cpu: AMD EPYC 7763 64-Core Processor                
BenchmarkUUID_UnmarshalJSON 	  754626	       781.3 ns/op
PASS

shortname: uuid-UUID_UnmarshalJSON
toolchain: Go
goos: linux
goarch: amd64
pkg: github.com/google/uuid
cpu: AMD EPYC 7763 64-Core Processor                
BenchmarkUUID_UnmarshalJSON 	  733999	       793.7 ns/op
PASS

shortname: uuid-UUID_UnmarshalJSON
toolchain: Go
goos: linux
goarch: amd64
pkg: github.com/google/uuid
cpu: AMD EPYC 7763 64-Core Processor                
BenchmarkUUID_UnmarshalJSON 	  729606	       780.2 ns/op
PASS

shortname: workiva_augmentedtree-AddItems
toolchain: Go
goos: linux
goarch: amd64
pkg: github.com/Workiva/go-datastructures/augmentedtree
cpu: AMD EPYC 7763 64-Core Processor                
BenchmarkAddItems 	    3444	    190298 ns/op
PASS

shortname: workiva_augmentedtree-AddItems
toolchain: Go
goos: linux
goarch: amd64
pkg: github.com/Workiva/go-datastructures/augmentedtree
cpu: AMD EPYC 7763 64-Core Processor                
BenchmarkAddItems 	    3374	    189876 ns/op
PASS

shortname: workiva_augmentedtree-AddItems
toolchain: Go
goos: linux
goarch: amd64
pkg: github.com/Workiva/go-datastructures/augmentedtree
cpu: AMD EPYC 7763 64-Core Processor                
BenchmarkAddItems 	    3370	    189153 ns/op
PASS

shortname: workiva_augmentedtree-AddItems
toolchain: Go
goos: linux
goarch: amd64
pkg: github.com/Workiva/go-datastructures/augmentedtree
cpu: AMD EPYC 7763 64-Core Processor                
BenchmarkAddItems 	    3398	    190336 ns/op
PASS

shortname: workiva_augmentedtree-AddItems
toolchain: Go
goos: linux
goarch: amd64
pkg: github.com/Workiva/go-datastructures/augmentedtree
cpu: AMD EPYC 7763 64-Core Processor                
BenchmarkAddItems 	    3441	    188802 ns/op
PASS

shortname: workiva_avl-ImmutableInsert
toolchain: Go
goos: linux
goarch: amd64
pkg: github.com/Workiva/go-datastructures/tree/avl
cpu: AMD EPYC 7763 64-Core Processor                
BenchmarkImmutableInsert 	  655520	      2129 ns/op
PASS

shortname: workiva_avl-ImmutableInsert
toolchain: Go
goos: linux
goarch: amd64
pkg: github.com/Workiva/go-datastructures/tree/avl
cpu: AMD EPYC 7763 64-Core Processor                
BenchmarkImmutableInsert 	  692092	      2145 ns/op
PASS

shortname: workiva_avl-ImmutableInsert
toolchain: Go
goos: linux
goarch: amd64
pkg: github.com/Workiva/go-datastructures/tree/avl
cpu: AMD EPYC 7763 64-Core Processor                
BenchmarkImmutableInsert 	  669050	      2177 ns/op
PASS

shortname: workiva_avl-ImmutableInsert
toolchain: Go
goos: linux
goarch: amd64
pkg: github.com/Workiva/go-datastructures/tree/avl
cpu: AMD EPYC 7763 64-Core Processor                
BenchmarkImmutableInsert 	  693513	      2103 ns/op
PASS

shortname: workiva_avl-ImmutableInsert
toolchain: Go
goos: linux
goarch: amd64
pkg: github.com/Workiva/go-datastructures/tree/avl
cpu: AMD EPYC 7763 64-Core Processor                
BenchmarkImmutableInsert 	  684414	      2108 ns/op
PASS

shortname: workiva_bitarray-CompressedIntersects
toolchain: Go
goos: linux
goarch: amd64
pkg: github.com/Workiva/go-datastructures/bitarray
cpu: AMD EPYC 7763 64-Core Processor                
BenchmarkCompressedIntersects 	12475200	        51.08 ns/op
PASS

shortname: workiva_bitarray-CompressedIntersects
toolchain: Go
goos: linux
goarch: amd64
pkg: github.com/Workiva/go-datastructures/bitarray
cpu: AMD EPYC 7763 64-Core Processor                
BenchmarkCompressedIntersects 	12260098	        51.27 ns/op
PASS

shortname: workiva_bitarray-CompressedIntersects
toolchain: Go
goos: linux
goarch: amd64
pkg: github.com/Workiva/go-datastructures/bitarray
cpu: AMD EPYC 7763 64-Core Processor                
BenchmarkCompressedIntersects 	12392476	        51.00 ns/op
PASS

shortname: workiva_bitarray-CompressedIntersects
toolchain: Go
goos: linux
goarch: amd64
pkg: github.com/Workiva/go-datastructures/bitarray
cpu: AMD EPYC 7763 64-Core Processor                
BenchmarkCompressedIntersects 	12190482	        51.49 ns/op
PASS

shortname: workiva_bitarray-CompressedIntersects
toolchain: Go
goos: linux
goarch: amd64
pkg: github.com/Workiva/go-datastructures/bitarray
cpu: AMD EPYC 7763 64-Core Processor                
BenchmarkCompressedIntersects 	12293846	        51.64 ns/op
PASS

shortname: workiva_hilbert-BulkUpdatePoints
toolchain: Go
goos: linux
goarch: amd64
pkg: github.com/Workiva/go-datastructures/rtree/hilbert
cpu: AMD EPYC 7763 64-Core Processor                
BenchmarkBulkUpdatePoints 	    2089	    278334 ns/op
PASS

shortname: workiva_hilbert-BulkUpdatePoints
toolchain: Go
goos: linux
goarch: amd64
pkg: github.com/Workiva/go-datastructures/rtree/hilbert
cpu: AMD EPYC 7763 64-Core Processor                
BenchmarkBulkUpdatePoints 	    2176	    279242 ns/op
PASS

shortname: workiva_hilbert-BulkUpdatePoints
toolchain: Go
goos: linux
goarch: amd64
pkg: github.com/Workiva/go-datastructures/rtree/hilbert
cpu: AMD EPYC 7763 64-Core Processor                
BenchmarkBulkUpdatePoints 	    2142	    277489 ns/op
PASS

shortname: workiva_hilbert-BulkUpdatePoints
toolchain: Go
goos: linux
goarch: amd64
pkg: github.com/Workiva/go-datastructures/rtree/hilbert
cpu: AMD EPYC 7763 64-Core Processor                
BenchmarkBulkUpdatePoints 	    2049	    279264 ns/op
PASS

shortname: workiva_hilbert-BulkUpdatePoints
toolchain: Go
goos: linux
goarch: amd64
pkg: github.com/Workiva/go-datastructures/rtree/hilbert
cpu: AMD EPYC 7763 64-Core Processor                
BenchmarkBulkUpdatePoints 	    2088	    275193 ns/op
PASS

shortname: workiva_queue-PriorityQueue
toolchain: Go
goos: linux
goarch: amd64
pkg: github.com/Workiva/go-datastructures/queue
cpu: AMD EPYC 7763 64-Core Processor                
BenchmarkPriorityQueue 	 1000000	       644.0 ns/op
PASS

shortname: workiva_queue-PriorityQueue
toolchain: Go
goos: linux
goarch: amd64
pkg: github.com/Workiva/go-datastructures/queue
cpu: AMD EPYC 7763 64-Core Processor                
BenchmarkPriorityQueue 	 1000000	       652.2 ns/op
PASS

shortname: workiva_queue-PriorityQueue
toolchain: Go
goos: linux
goarch: amd64
pkg: github.com/Workiva/go-datastructures/queue
cpu: AMD EPYC 7763 64-Core Processor                
BenchmarkPriorityQueue 	 1000000	       653.2 ns/op
PASS

shortname: workiva_queue-PriorityQueue
toolchain: Go
goos: linux
goarch: amd64
pkg: github.com/Workiva/go-datastructures/queue
cpu: AMD EPYC 7763 64-Core Processor                
BenchmarkPriorityQueue 	 1000000	       667.9 ns/op
PASS

shortname: workiva_queue-PriorityQueue
toolchain: Go
goos: linux
goarch: amd64
pkg: github.com/Workiva/go-datastructures/queue
cpu: AMD EPYC 7763 64-Core Processor                
BenchmarkPriorityQueue 	 1000000	       652.2 ns/op
PASS

shortname: workiva_rangetree-Apply
toolchain: Go
goos: linux
goarch: amd64
pkg: github.com/Workiva/go-datastructures/rangetree
cpu: AMD EPYC 7763 64-Core Processor                
BenchmarkApply 	   44654	     14097 ns/op
PASS

shortname: workiva_rangetree-Apply
toolchain: Go
goos: linux
goarch: amd64
pkg: github.com/Workiva/go-datastructures/rangetree
cpu: AMD EPYC 7763 64-Core Processor                
BenchmarkApply 	   44312	     13470 ns/op
PASS

shortname: workiva_rangetree-Apply
toolchain: Go
goos: linux
goarch: amd64
pkg: github.com/Workiva/go-datastructures/rangetree
cpu: AMD EPYC 7763 64-Core Processor                
BenchmarkApply 	   42463	     14119 ns/op
PASS

shortname: workiva_rangetree-Apply
toolchain: Go
goos: linux
goarch: amd64
pkg: github.com/Workiva/go-datastructures/rangetree
cpu: AMD EPYC 7763 64-Core Processor                
BenchmarkApply 	   44320	     13488 ns/op
PASS

shortname: workiva_rangetree-Apply
toolchain: Go
goos: linux
goarch: amd64
pkg: github.com/Workiva/go-datastructures/rangetree
cpu: AMD EPYC 7763 64-Core Processor                
BenchmarkApply 	   44180	     14093 ns/op
PASS

shortname: workiva_rangetree-ImmutableInsertSecondDimension
toolchain: Go
goos: linux
goarch: amd64
pkg: github.com/Workiva/go-datastructures/rangetree
cpu: AMD EPYC 7763 64-Core Processor                
BenchmarkImmutableInsertSecondDimension 	      18	  35411826 ns/op
PASS

shortname: workiva_rangetree-ImmutableInsertSecondDimension
toolchain: Go
goos: linux
goarch: amd64
pkg: github.com/Workiva/go-datastructures/rangetree
cpu: AMD EPYC 7763 64-Core Processor                
BenchmarkImmutableInsertSecondDimension 	      18	  35510936 ns/op
PASS

shortname: workiva_rangetree-ImmutableInsertSecondDimension
toolchain: Go
goos: linux
goarch: amd64
pkg: github.com/Workiva/go-datastructures/rangetree
cpu: AMD EPYC 7763 64-Core Processor                
BenchmarkImmutableInsertSecondDimension 	      16	  36260562 ns/op
PASS

shortname: workiva_rangetree-ImmutableInsertSecondDimension
toolchain: Go
goos: linux
goarch: amd64
pkg: github.com/Workiva/go-datastructures/rangetree
cpu: AMD EPYC 7763 64-Core Processor                
BenchmarkImmutableInsertSecondDimension 	      19	  34347802 ns/op
PASS

shortname: workiva_rangetree-ImmutableInsertSecondDimension
toolchain: Go
goos: linux
goarch: amd64
pkg: github.com/Workiva/go-datastructures/rangetree
cpu: AMD EPYC 7763 64-Core Processor                
BenchmarkImmutableInsertSecondDimension 	      16	  34390176 ns/op
PASS

shortname: workiva_set-Clear
toolchain: Go
goos: linux
goarch: amd64
pkg: github.com/Workiva/go-datastructures/set
cpu: AMD EPYC 7763 64-Core Processor                
BenchmarkClear 	13167390	        46.08 ns/op
PASS

shortname: workiva_set-Clear
toolchain: Go
goos: linux
goarch: amd64
pkg: github.com/Workiva/go-datastructures/set
cpu: AMD EPYC 7763 64-Core Processor                
BenchmarkClear 	13037667	        45.99 ns/op
PASS

shortname: workiva_set-Clear
toolchain: Go
goos: linux
goarch: amd64
pkg: github.com/Workiva/go-datastructures/set
cpu: AMD EPYC 7763 64-Core Processor                
BenchmarkClear 	13295488	        45.74 ns/op
PASS

shortname: workiva_set-Clear
toolchain: Go
goos: linux
goarch: amd64
pkg: github.com/Workiva/go-datastructures/set
cpu: AMD EPYC 7763 64-Core Processor                
BenchmarkClear 	12791448	        46.08 ns/op
PASS

shortname: workiva_set-Clear
toolchain: Go
goos: linux
goarch: amd64
pkg: github.com/Workiva/go-datastructures/set
cpu: AMD EPYC 7763 64-Core Processor                
BenchmarkClear 	13161351	        46.05 ns/op
PASS

shortname: workiva_set-Exists
toolchain: Go
goos: linux
goarch: amd64
pkg: github.com/Workiva/go-datastructures/set
cpu: AMD EPYC 7763 64-Core Processor                
BenchmarkExists 	32056842	        18.10 ns/op
PASS

shortname: workiva_set-Exists
toolchain: Go
goos: linux
goarch: amd64
pkg: github.com/Workiva/go-datastructures/set
cpu: AMD EPYC 7763 64-Core Processor                
BenchmarkExists 	32219319	        18.13 ns/op
PASS

shortname: workiva_set-Exists
toolchain: Go
goos: linux
goarch: amd64
pkg: github.com/Workiva/go-datastructures/set
cpu: AMD EPYC 7763 64-Core Processor                
BenchmarkExists 	32464732	        18.10 ns/op
PASS

shortname: workiva_set-Exists
toolchain: Go
goos: linux
goarch: amd64
pkg: github.com/Workiva/go-datastructures/set
cpu: AMD EPYC 7763 64-Core Processor                
BenchmarkExists 	32593093	        18.09 ns/op
PASS

shortname: workiva_set-Exists
toolchain: Go
goos: linux
goarch: amd64
pkg: github.com/Workiva/go-datastructures/set
cpu: AMD EPYC 7763 64-Core Processor                
BenchmarkExists 	32562099	        18.18 ns/op
PASS

shortname: workiva_triey-Iterator
toolchain: Go
goos: linux
goarch: amd64
pkg: github.com/Workiva/go-datastructures/trie/yfast
cpu: AMD EPYC 7763 64-Core Processor                
BenchmarkIterator 	  245214	      2444 ns/op
PASS

shortname: workiva_triey-Iterator
toolchain: Go
goos: linux
goarch: amd64
pkg: github.com/Workiva/go-datastructures/trie/yfast
cpu: AMD EPYC 7763 64-Core Processor                
BenchmarkIterator 	  244789	      2431 ns/op
PASS

shortname: workiva_triey-Iterator
toolchain: Go
goos: linux
goarch: amd64
pkg: github.com/Workiva/go-datastructures/trie/yfast
cpu: AMD EPYC 7763 64-Core Processor                
BenchmarkIterator 	  237939	      2444 ns/op
PASS

shortname: workiva_triey-Iterator
toolchain: Go
goos: linux
goarch: amd64
pkg: github.com/Workiva/go-datastructures/trie/yfast
cpu: AMD EPYC 7763 64-Core Processor                
BenchmarkIterator 	  245802	      2434 ns/op
PASS

shortname: workiva_triey-Iterator
toolchain: Go
goos: linux
goarch: amd64
pkg: github.com/Workiva/go-datastructures/trie/yfast
cpu: AMD EPYC 7763 64-Core Processor                
BenchmarkIterator 	  244728	      2462 ns/op
PASS
