
shortname: benhoyt_goawk-BuiltinGsubAmpersand
toolchain: Go
goos: linux
goarch: amd64
pkg: github.com/benhoyt/goawk/interp
cpu: INTEL(R) XEON(R) PLATINUM 8573C
BenchmarkBuiltinGsubAmpersand 	   49362	     12116 ns/op
PASS

shortname: benhoyt_goawk-BuiltinGsubAmpersand
toolchain: Go
goos: linux
goarch: amd64
pkg: github.com/benhoyt/goawk/interp
cpu: INTEL(R) XEON(R) PLATINUM 8573C
BenchmarkBuiltinGsubAmpersand 	   49263	     12123 ns/op
PASS

shortname: benhoyt_goawk-BuiltinGsubAmpersand
toolchain: Go
goos: linux
goarch: amd64
pkg: github.com/benhoyt/goawk/interp
cpu: INTEL(R) XEON(R) PLATINUM 8573C
BenchmarkBuiltinGsubAmpersand 	   49402	     12179 ns/op
PASS

shortname: benhoyt_goawk-BuiltinGsubAmpersand
toolchain: Go
goos: linux
goarch: amd64
pkg: github.com/benhoyt/goawk/interp
cpu: INTEL(R) XEON(R) PLATINUM 8573C
BenchmarkBuiltinGsubAmpersand 	   49156	     12189 ns/op
PASS

shortname: benhoyt_goawk-BuiltinGsubAmpersand
toolchain: Go
goos: linux
goarch: amd64
pkg: github.com/benhoyt/goawk/interp
cpu: INTEL(R) XEON(R) PLATINUM 8573C
BenchmarkBuiltinGsubAmpersand 	   49058	     12106 ns/op
PASS

shortname: benhoyt_goawk-NativeFunc
toolchain: Go
goos: linux
goarch: amd64
pkg: github.com/benhoyt/goawk/interp
cpu: INTEL(R) XEON(R) PLATINUM 8573C
BenchmarkNativeFunc 	   88063	      7000 ns/op
PASS

shortname: benhoyt_goawk-NativeFunc
toolchain: Go
goos: linux
goarch: amd64
pkg: github.com/benhoyt/goawk/interp
cpu: INTEL(R) XEON(R) PLATINUM 8573C
BenchmarkNativeFunc 	   88323	      6961 ns/op
PASS

shortname: benhoyt_goawk-NativeFunc
toolchain: Go
goos: linux
goarch: amd64
pkg: github.com/benhoyt/goawk/interp
cpu: INTEL(R) XEON(R) PLATINUM 8573C
BenchmarkNativeFunc 	   87700	      6983 ns/op
PASS

shortname: benhoyt_goawk-NativeFunc
toolchain: Go
goos: linux
goarch: amd64
pkg: github.com/benhoyt/goawk/interp
cpu: INTEL(R) XEON(R) PLATINUM 8573C
BenchmarkNativeFunc 	   87579	      7042 ns/op
PASS

shortname: benhoyt_goawk-NativeFunc
toolchain: Go
goos: linux
goarch: amd64
pkg: github.com/benhoyt/goawk/interp
cpu: INTEL(R) XEON(R) PLATINUM 8573C
BenchmarkNativeFunc 	   87945	      7020 ns/op
PASS

shortname: benhoyt_goawk-RecursiveFunc
toolchain: Go
goos: linux
goarch: amd64
pkg: github.com/benhoyt/goawk/interp
cpu: INTEL(R) XEON(R) PLATINUM 8573C
BenchmarkRecursiveFunc 	   66344	      9878 ns/op
PASS

shortname: benhoyt_goawk-RecursiveFunc
toolchain: Go
goos: linux
goarch: amd64
pkg: github.com/benhoyt/goawk/interp
cpu: INTEL(R) XEON(R) PLATINUM 8573C
BenchmarkRecursiveFunc 	   67688	      9690 ns/op
PASS

shortname: benhoyt_goawk-RecursiveFunc
toolchain: Go
goos: linux
goarch: amd64
pkg: github.com/benhoyt/goawk/interp
cpu: INTEL(R) XEON(R) PLATINUM 8573C
BenchmarkRecursiveFunc 	   64731	      9746 ns/op
PASS

shortname: benhoyt_goawk-RecursiveFunc
toolchain: Go
goos: linux
goarch: amd64
pkg: github.com/benhoyt/goawk/interp
cpu: INTEL(R) XEON(R) PLATINUM 8573C
BenchmarkRecursiveFunc 	   66394	      9726 ns/op
PASS

shortname: benhoyt_goawk-RecursiveFunc
toolchain: Go
goos: linux
goarch: amd64
pkg: github.com/benhoyt/goawk/interp
cpu: INTEL(R) XEON(R) PLATINUM 8573C
BenchmarkRecursiveFunc 	   61837	      9757 ns/op
PASS

shortname: benhoyt_goawk-SimpleBuiltins
toolchain: Go
goos: linux
goarch: amd64
pkg: github.com/benhoyt/goawk/interp
cpu: INTEL(R) XEON(R) PLATINUM 8573C
BenchmarkSimpleBuiltins 	 1352072	       416.3 ns/op
PASS

shortname: benhoyt_goawk-SimpleBuiltins
toolchain: Go
goos: linux
goarch: amd64
pkg: github.com/benhoyt/goawk/interp
cpu: INTEL(R) XEON(R) PLATINUM 8573C
BenchmarkSimpleBuiltins 	 1434102	       416.2 ns/op
PASS

shortname: benhoyt_goawk-SimpleBuiltins
toolchain: Go
goos: linux
goarch: amd64
pkg: github.com/benhoyt/goawk/interp
cpu: INTEL(R) XEON(R) PLATINUM 8573C
BenchmarkSimpleBuiltins 	 1441198	       416.4 ns/op
PASS

shortname: benhoyt_goawk-SimpleBuiltins
toolchain: Go
goos: linux
goarch: amd64
pkg: github.com/benhoyt/goawk/interp
cpu: INTEL(R) XEON(R) PLATINUM 8573C
BenchmarkSimpleBuiltins 	 1425414	       415.2 ns/op
PASS

shortname: benhoyt_goawk-SimpleBuiltins
toolchain: Go
goos: linux
goarch: amd64
pkg: github.com/benhoyt/goawk/interp
cpu: INTEL(R) XEON(R) PLATINUM 8573C
BenchmarkSimpleBuiltins 	 1437192	       414.9 ns/op
PASS

shortname: bloom_bits-BitSetExtractDeposit%2Fsize%3D64%2Ffn%3DDepositTo
toolchain: Go
goos: linux
goarch: amd64
pkg: github.com/bits-and-blooms/bitset
cpu: INTEL(R) XEON(R) PLATINUM 8573C
BenchmarkBitSetExtractDeposit/size=64/fn=DepositTo         	28147737	        21.45 ns/op	       0 B/op	       0 allocs/op
PASS

shortname: bloom_bits-BitSetExtractDeposit%2Fsize%3D64%2Ffn%3DDepositTo
toolchain: Go
goos: linux
goarch: amd64
pkg: github.com/bits-and-blooms/bitset
cpu: INTEL(R) XEON(R) PLATINUM 8573C
BenchmarkBitSetExtractDeposit/size=64/fn=DepositTo         	27875356	        20.80 ns/op	       0 B/op	       0 allocs/op
PASS

shortname: bloom_bits-BitSetExtractDeposit%2Fsize%3D64%2Ffn%3DDepositTo
toolchain: Go
goos: linux
goarch: amd64
pkg: github.com/bits-and-blooms/bitset
cpu: INTEL(R) XEON(R) PLATINUM 8573C
BenchmarkBitSetExtractDeposit/size=64/fn=DepositTo         	27989199	        20.86 ns/op	       0 B/op	       0 allocs/op
PASS

shortname: bloom_bits-BitSetExtractDeposit%2Fsize%3D64%2Ffn%3DDepositTo
toolchain: Go
goos: linux
goarch: amd64
pkg: github.com/bits-and-blooms/bitset
cpu: INTEL(R) XEON(R) PLATINUM 8573C
BenchmarkBitSetExtractDeposit/size=64/fn=DepositTo         	28185614	        20.77 ns/op	       0 B/op	       0 allocs/op
PASS

shortname: bloom_bits-BitSetExtractDeposit%2Fsize%3D64%2Ffn%3DDepositTo
toolchain: Go
goos: linux
goarch: amd64
pkg: github.com/bits-and-blooms/bitset
cpu: INTEL(R) XEON(R) PLATINUM 8573C
BenchmarkBitSetExtractDeposit/size=64/fn=DepositTo         	28344300	        20.79 ns/op	       0 B/op	       0 allocs/op
PASS

shortname: capnproto2-Growth_MultiSegment
toolchain: Go
goos: linux
goarch: amd64
pkg: zombiezen.com/go/capnproto2
cpu: INTEL(R) XEON(R) PLATINUM 8573C
BenchmarkGrowth_MultiSegment 	      50	  11364684 ns/op	  92.27 MB/s	 1648624 B/op	      21 allocs/op
PASS

shortname: capnproto2-Growth_MultiSegment
toolchain: Go
goos: linux
goarch: amd64
pkg: zombiezen.com/go/capnproto2
cpu: INTEL(R) XEON(R) PLATINUM 8573C
BenchmarkGrowth_MultiSegment 	      49	  11359889 ns/op	  92.31 MB/s	 1648624 B/op	      21 allocs/op
PASS

shortname: capnproto2-Growth_MultiSegment
toolchain: Go
goos: linux
goarch: amd64
pkg: zombiezen.com/go/capnproto2
cpu: INTEL(R) XEON(R) PLATINUM 8573C
BenchmarkGrowth_MultiSegment 	      50	  11348007 ns/op	  92.40 MB/s	 1648624 B/op	      21 allocs/op
PASS

shortname: capnproto2-Growth_MultiSegment
toolchain: Go
goos: linux
goarch: amd64
pkg: zombiezen.com/go/capnproto2
cpu: INTEL(R) XEON(R) PLATINUM 8573C
BenchmarkGrowth_MultiSegment 	      49	  11340173 ns/op	  92.47 MB/s	 1648624 B/op	      21 allocs/op
PASS

shortname: capnproto2-Growth_MultiSegment
toolchain: Go
goos: linux
goarch: amd64
pkg: zombiezen.com/go/capnproto2
cpu: INTEL(R) XEON(R) PLATINUM 8573C
BenchmarkGrowth_MultiSegment 	      49	  11360390 ns/op	  92.30 MB/s	 1648624 B/op	      21 allocs/op
PASS

shortname: capnproto2-Unmarshal_Reuse
toolchain: Go
goos: linux
goarch: amd64
pkg: zombiezen.com/go/capnproto2
cpu: INTEL(R) XEON(R) PLATINUM 8573C
BenchmarkUnmarshal_Reuse 	 1427918	       419.2 ns/op	       0 B/op	       0 allocs/op
PASS

shortname: capnproto2-Unmarshal_Reuse
toolchain: Go
goos: linux
goarch: amd64
pkg: zombiezen.com/go/capnproto2
cpu: INTEL(R) XEON(R) PLATINUM 8573C
BenchmarkUnmarshal_Reuse 	 1429719	       419.2 ns/op	       0 B/op	       0 allocs/op
PASS

shortname: capnproto2-Unmarshal_Reuse
toolchain: Go
goos: linux
goarch: amd64
pkg: zombiezen.com/go/capnproto2
cpu: INTEL(R) XEON(R) PLATINUM 8573C
BenchmarkUnmarshal_Reuse 	 1429815	       436.8 ns/op	       0 B/op	       0 allocs/op
PASS

shortname: capnproto2-Unmarshal_Reuse
toolchain: Go
goos: linux
goarch: amd64
pkg: zombiezen.com/go/capnproto2
cpu: INTEL(R) XEON(R) PLATINUM 8573C
BenchmarkUnmarshal_Reuse 	 1430072	       419.5 ns/op	       0 B/op	       0 allocs/op
PASS

shortname: capnproto2-Unmarshal_Reuse
toolchain: Go
goos: linux
goarch: amd64
pkg: zombiezen.com/go/capnproto2
cpu: INTEL(R) XEON(R) PLATINUM 8573C
BenchmarkUnmarshal_Reuse 	 1431435	       418.7 ns/op	       0 B/op	       0 allocs/op
PASS

shortname: commonmark_markdown-RenderSpecNoHTML
toolchain: Go
goos: linux
goarch: amd64
pkg: gitlab.com/golang-commonmark/markdown
cpu: INTEL(R) XEON(R) PLATINUM 8573C
BenchmarkRenderSpecNoHTML 	     139	   4283270 ns/op
PASS

shortname: commonmark_markdown-RenderSpecNoHTML
toolchain: Go
goos: linux
goarch: amd64
pkg: gitlab.com/golang-commonmark/markdown
cpu: INTEL(R) XEON(R) PLATINUM 8573C
BenchmarkRenderSpecNoHTML 	     139	   4263641 ns/op
PASS

shortname: commonmark_markdown-RenderSpecNoHTML
toolchain: Go
goos: linux
goarch: amd64
pkg: gitlab.com/golang-commonmark/markdown
cpu: INTEL(R) XEON(R) PLATINUM 8573C
BenchmarkRenderSpecNoHTML 	     139	   4273284 ns/op
PASS

shortname: commonmark_markdown-RenderSpecNoHTML
toolchain: Go
goos: linux
goarch: amd64
pkg: gitlab.com/golang-commonmark/markdown
cpu: INTEL(R) XEON(R) PLATINUM 8573C
BenchmarkRenderSpecNoHTML 	     138	   4317418 ns/op
PASS

shortname: commonmark_markdown-RenderSpecNoHTML
toolchain: Go
goos: linux
goarch: amd64
pkg: gitlab.com/golang-commonmark/markdown
cpu: INTEL(R) XEON(R) PLATINUM 8573C
BenchmarkRenderSpecNoHTML 	     139	   4284076 ns/op
PASS

shortname: dustin_broadcast-ParallelBrodcast
toolchain: Go
goos: linux
goarch: amd64
pkg: github.com/dustin/go-broadcast
cpu: INTEL(R) XEON(R) PLATINUM 8573C
BenchmarkParallelBrodcast 	  880196	       594.9 ns/op
PASS

shortname: dustin_broadcast-ParallelBrodcast
toolchain: Go
goos: linux
goarch: amd64
pkg: github.com/dustin/go-broadcast
cpu: INTEL(R) XEON(R) PLATINUM 8573C
BenchmarkParallelBrodcast 	  907566	       594.8 ns/op
PASS

shortname: dustin_broadcast-ParallelBrodcast
toolchain: Go
goos: linux
goarch: amd64
pkg: github.com/dustin/go-broadcast
cpu: INTEL(R) XEON(R) PLATINUM 8573C
BenchmarkParallelBrodcast 	  830497	       638.5 ns/op
PASS

shortname: dustin_broadcast-ParallelBrodcast
toolchain: Go
goos: linux
goarch: amd64
pkg: github.com/dustin/go-broadcast
cpu: INTEL(R) XEON(R) PLATINUM 8573C
BenchmarkParallelBrodcast 	  837232	       648.0 ns/op
PASS

shortname: dustin_broadcast-ParallelBrodcast
toolchain: Go
goos: linux
goarch: amd64
pkg: github.com/dustin/go-broadcast
cpu: INTEL(R) XEON(R) PLATINUM 8573C
BenchmarkParallelBrodcast 	  882528	       600.7 ns/op
PASS

shortname: dustin_humanize-BigCommas
toolchain: Go
goos: linux
goarch: amd64
pkg: github.com/dustin/go-humanize
cpu: INTEL(R) XEON(R) PLATINUM 8573C
BenchmarkBigCommas 	 1728318	       346.1 ns/op
PASS

shortname: dustin_humanize-BigCommas
toolchain: Go
goos: linux
goarch: amd64
pkg: github.com/dustin/go-humanize
cpu: INTEL(R) XEON(R) PLATINUM 8573C
BenchmarkBigCommas 	 1737937	       342.7 ns/op
PASS

shortname: dustin_humanize-BigCommas
toolchain: Go
goos: linux
goarch: amd64
pkg: github.com/dustin/go-humanize
cpu: INTEL(R) XEON(R) PLATINUM 8573C
BenchmarkBigCommas 	 1725888	       356.6 ns/op
PASS

shortname: dustin_humanize-BigCommas
toolchain: Go
goos: linux
goarch: amd64
pkg: github.com/dustin/go-humanize
cpu: INTEL(R) XEON(R) PLATINUM 8573C
BenchmarkBigCommas 	 1727358	       345.9 ns/op
PASS

shortname: dustin_humanize-BigCommas
toolchain: Go
goos: linux
goarch: amd64
pkg: github.com/dustin/go-humanize
cpu: INTEL(R) XEON(R) PLATINUM 8573C
BenchmarkBigCommas 	 1717982	       344.8 ns/op
PASS

shortname: dustin_humanize-Commaf
toolchain: Go
goos: linux
goarch: amd64
pkg: github.com/dustin/go-humanize
cpu: INTEL(R) XEON(R) PLATINUM 8573C
BenchmarkCommaf 	 2759312	       217.2 ns/op
PASS

shortname: dustin_humanize-Commaf
toolchain: Go
goos: linux
goarch: amd64
pkg: github.com/dustin/go-humanize
cpu: INTEL(R) XEON(R) PLATINUM 8573C
BenchmarkCommaf 	 2797988	       215.5 ns/op
PASS

shortname: dustin_humanize-Commaf
toolchain: Go
goos: linux
goarch: amd64
pkg: github.com/dustin/go-humanize
cpu: INTEL(R) XEON(R) PLATINUM 8573C
BenchmarkCommaf 	 2796319	       216.4 ns/op
PASS

shortname: dustin_humanize-Commaf
toolchain: Go
goos: linux
goarch: amd64
pkg: github.com/dustin/go-humanize
cpu: INTEL(R) XEON(R) PLATINUM 8573C
BenchmarkCommaf 	 2769242	       217.6 ns/op
PASS

shortname: dustin_humanize-Commaf
toolchain: Go
goos: linux
goarch: amd64
pkg: github.com/dustin/go-humanize
cpu: INTEL(R) XEON(R) PLATINUM 8573C
BenchmarkCommaf 	 2787864	       216.3 ns/op
PASS

shortname: dustin_humanize-ParseBytes
toolchain: Go
goos: linux
goarch: amd64
pkg: github.com/dustin/go-humanize
cpu: INTEL(R) XEON(R) PLATINUM 8573C
BenchmarkParseBytes 	 7331610	        82.82 ns/op
PASS

shortname: dustin_humanize-ParseBytes
toolchain: Go
goos: linux
goarch: amd64
pkg: github.com/dustin/go-humanize
cpu: INTEL(R) XEON(R) PLATINUM 8573C
BenchmarkParseBytes 	 7281354	        82.48 ns/op
PASS

shortname: dustin_humanize-ParseBytes
toolchain: Go
goos: linux
goarch: amd64
pkg: github.com/dustin/go-humanize
cpu: INTEL(R) XEON(R) PLATINUM 8573C
BenchmarkParseBytes 	 7335024	        82.91 ns/op
PASS

shortname: dustin_humanize-ParseBytes
toolchain: Go
goos: linux
goarch: amd64
pkg: github.com/dustin/go-humanize
cpu: INTEL(R) XEON(R) PLATINUM 8573C
BenchmarkParseBytes 	 7220204	        83.24 ns/op
PASS

shortname: dustin_humanize-ParseBytes
toolchain: Go
goos: linux
goarch: amd64
pkg: github.com/dustin/go-humanize
cpu: INTEL(R) XEON(R) PLATINUM 8573C
BenchmarkParseBytes 	 7246656	        82.42 ns/op
PASS

shortname: dustin_humanize-ParseSI
toolchain: Go
goos: linux
goarch: amd64
pkg: github.com/dustin/go-humanize
cpu: INTEL(R) XEON(R) PLATINUM 8573C
BenchmarkParseSI 	 1786369	       335.8 ns/op
PASS

shortname: dustin_humanize-ParseSI
toolchain: Go
goos: linux
goarch: amd64
pkg: github.com/dustin/go-humanize
cpu: INTEL(R) XEON(R) PLATINUM 8573C
BenchmarkParseSI 	 1778851	       339.6 ns/op
PASS

shortname: dustin_humanize-ParseSI
toolchain: Go
goos: linux
goarch: amd64
pkg: github.com/dustin/go-humanize
cpu: INTEL(R) XEON(R) PLATINUM 8573C
BenchmarkParseSI 	 1766187	       339.7 ns/op
PASS

shortname: dustin_humanize-ParseSI
toolchain: Go
goos: linux
goarch: amd64
pkg: github.com/dustin/go-humanize
cpu: INTEL(R) XEON(R) PLATINUM 8573C
BenchmarkParseSI 	 1775362	       337.8 ns/op
PASS

shortname: dustin_humanize-ParseSI
toolchain: Go
goos: linux
goarch: amd64
pkg: github.com/dustin/go-humanize
cpu: INTEL(R) XEON(R) PLATINUM 8573C
BenchmarkParseSI 	 1783418	       336.4 ns/op
PASS

shortname: ericlagergren_decimal-Mandelbrot_decimal_GDA_9
toolchain: Go
goos: linux
goarch: amd64
pkg: github.com/ericlagergren/decimal_benchmarks
cpu: INTEL(R) XEON(R) PLATINUM 8573C
BenchmarkMandelbrot_decimal_GDA_9 	       1	3047926078 ns/op
PASS

shortname: ericlagergren_decimal-Mandelbrot_decimal_GDA_9
toolchain: Go
goos: linux
goarch: amd64
pkg: github.com/ericlagergren/decimal_benchmarks
cpu: INTEL(R) XEON(R) PLATINUM 8573C
BenchmarkMandelbrot_decimal_GDA_9 	       1	3044333814 ns/op
PASS

shortname: ericlagergren_decimal-Mandelbrot_decimal_GDA_9
toolchain: Go
goos: linux
goarch: amd64
pkg: github.com/ericlagergren/decimal_benchmarks
cpu: INTEL(R) XEON(R) PLATINUM 8573C
BenchmarkMandelbrot_decimal_GDA_9 	       1	3051463760 ns/op
PASS

shortname: ericlagergren_decimal-Mandelbrot_decimal_GDA_9
toolchain: Go
goos: linux
goarch: amd64
pkg: github.com/ericlagergren/decimal_benchmarks
cpu: INTEL(R) XEON(R) PLATINUM 8573C
BenchmarkMandelbrot_decimal_GDA_9 	       1	3049333731 ns/op
PASS

shortname: ericlagergren_decimal-Mandelbrot_decimal_GDA_9
toolchain: Go
goos: linux
goarch: amd64
pkg: github.com/ericlagergren/decimal_benchmarks
cpu: INTEL(R) XEON(R) PLATINUM 8573C
BenchmarkMandelbrot_decimal_GDA_9 	       1	3047405713 ns/op
PASS

shortname: ericlagergren_decimal-Pi%2Ffoo%3Dapmckinlay%2Fprec%3D19
toolchain: Go
goos: linux
goarch: amd64
pkg: github.com/ericlagergren/decimal_benchmarks
cpu: INTEL(R) XEON(R) PLATINUM 8573C
BenchmarkPi/foo=apmckinlay/prec=19 	  391407	      1453 ns/op
PASS

shortname: ericlagergren_decimal-Pi%2Ffoo%3Dapmckinlay%2Fprec%3D19
toolchain: Go
goos: linux
goarch: amd64
pkg: github.com/ericlagergren/decimal_benchmarks
cpu: INTEL(R) XEON(R) PLATINUM 8573C
BenchmarkPi/foo=apmckinlay/prec=19 	  395246	      1456 ns/op
PASS

shortname: ericlagergren_decimal-Pi%2Ffoo%3Dapmckinlay%2Fprec%3D19
toolchain: Go
goos: linux
goarch: amd64
pkg: github.com/ericlagergren/decimal_benchmarks
cpu: INTEL(R) XEON(R) PLATINUM 8573C
BenchmarkPi/foo=apmckinlay/prec=19 	  397671	      1448 ns/op
PASS

shortname: ericlagergren_decimal-Pi%2Ffoo%3Dapmckinlay%2Fprec%3D19
toolchain: Go
goos: linux
goarch: amd64
pkg: github.com/ericlagergren/decimal_benchmarks
cpu: INTEL(R) XEON(R) PLATINUM 8573C
BenchmarkPi/foo=apmckinlay/prec=19 	  393634	      1445 ns/op
PASS

shortname: ericlagergren_decimal-Pi%2Ffoo%3Dapmckinlay%2Fprec%3D19
toolchain: Go
goos: linux
goarch: amd64
pkg: github.com/ericlagergren/decimal_benchmarks
cpu: INTEL(R) XEON(R) PLATINUM 8573C
BenchmarkPi/foo=apmckinlay/prec=19 	  394533	      1451 ns/op
PASS

shortname: ericlagergren_decimal-Pi%2Ffoo%3Dcockroachdb%2Fapd%2Fprec%3D100
toolchain: Go
goos: linux
goarch: amd64
pkg: github.com/ericlagergren/decimal_benchmarks
cpu: INTEL(R) XEON(R) PLATINUM 8573C
BenchmarkPi/foo=cockroachdb/apd/prec=100         	     146	   4233277 ns/op
PASS

shortname: ericlagergren_decimal-Pi%2Ffoo%3Dcockroachdb%2Fapd%2Fprec%3D100
toolchain: Go
goos: linux
goarch: amd64
pkg: github.com/ericlagergren/decimal_benchmarks
cpu: INTEL(R) XEON(R) PLATINUM 8573C
BenchmarkPi/foo=cockroachdb/apd/prec=100         	     145	   4049607 ns/op
PASS

shortname: ericlagergren_decimal-Pi%2Ffoo%3Dcockroachdb%2Fapd%2Fprec%3D100
toolchain: Go
goos: linux
goarch: amd64
pkg: github.com/ericlagergren/decimal_benchmarks
cpu: INTEL(R) XEON(R) PLATINUM 8573C
BenchmarkPi/foo=cockroachdb/apd/prec=100         	     145	   4255020 ns/op
PASS

shortname: ericlagergren_decimal-Pi%2Ffoo%3Dcockroachdb%2Fapd%2Fprec%3D100
toolchain: Go
goos: linux
goarch: amd64
pkg: github.com/ericlagergren/decimal_benchmarks
cpu: INTEL(R) XEON(R) PLATINUM 8573C
BenchmarkPi/foo=cockroachdb/apd/prec=100         	     144	   4050172 ns/op
PASS

shortname: ericlagergren_decimal-Pi%2Ffoo%3Dcockroachdb%2Fapd%2Fprec%3D100
toolchain: Go
goos: linux
goarch: amd64
pkg: github.com/ericlagergren/decimal_benchmarks
cpu: INTEL(R) XEON(R) PLATINUM 8573C
BenchmarkPi/foo=cockroachdb/apd/prec=100         	     146	   4154760 ns/op
PASS

shortname: ericlagergren_decimal-Pi%2Ffoo%3Dgo-inf%2Fprec%3D100
toolchain: Go
goos: linux
goarch: amd64
pkg: github.com/ericlagergren/decimal_benchmarks
cpu: INTEL(R) XEON(R) PLATINUM 8573C
BenchmarkPi/foo=go-inf/prec=100         	    6568	     88065 ns/op
PASS

shortname: ericlagergren_decimal-Pi%2Ffoo%3Dgo-inf%2Fprec%3D100
toolchain: Go
goos: linux
goarch: amd64
pkg: github.com/ericlagergren/decimal_benchmarks
cpu: INTEL(R) XEON(R) PLATINUM 8573C
BenchmarkPi/foo=go-inf/prec=100         	    6600	     86436 ns/op
PASS

shortname: ericlagergren_decimal-Pi%2Ffoo%3Dgo-inf%2Fprec%3D100
toolchain: Go
goos: linux
goarch: amd64
pkg: github.com/ericlagergren/decimal_benchmarks
cpu: INTEL(R) XEON(R) PLATINUM 8573C
BenchmarkPi/foo=go-inf/prec=100         	    6531	     86565 ns/op
PASS

shortname: ericlagergren_decimal-Pi%2Ffoo%3Dgo-inf%2Fprec%3D100
toolchain: Go
goos: linux
goarch: amd64
pkg: github.com/ericlagergren/decimal_benchmarks
cpu: INTEL(R) XEON(R) PLATINUM 8573C
BenchmarkPi/foo=go-inf/prec=100         	    6853	     87273 ns/op
PASS

shortname: ericlagergren_decimal-Pi%2Ffoo%3Dgo-inf%2Fprec%3D100
toolchain: Go
goos: linux
goarch: amd64
pkg: github.com/ericlagergren/decimal_benchmarks
cpu: INTEL(R) XEON(R) PLATINUM 8573C
BenchmarkPi/foo=go-inf/prec=100         	    6601	     86945 ns/op
PASS

shortname: gonum_community-NewDirectedLayers%2FgraphSize%3D10%2CnumGraphs%3D1
toolchain: Go
goos: linux
goarch: amd64
pkg: gonum.org/v1/gonum/graph/community
cpu: INTEL(R) XEON(R) PLATINUM 8573C
BenchmarkNewDirectedLayers/graphSize=10,numGraphs=1         	  596618	      1055 ns/op
PASS

shortname: gonum_community-NewDirectedLayers%2FgraphSize%3D10%2CnumGraphs%3D1
toolchain: Go
goos: linux
goarch: amd64
pkg: gonum.org/v1/gonum/graph/community
cpu: INTEL(R) XEON(R) PLATINUM 8573C
BenchmarkNewDirectedLayers/graphSize=10,numGraphs=1         	  601702	      1058 ns/op
PASS

shortname: gonum_community-NewDirectedLayers%2FgraphSize%3D10%2CnumGraphs%3D1
toolchain: Go
goos: linux
goarch: amd64
pkg: gonum.org/v1/gonum/graph/community
cpu: INTEL(R) XEON(R) PLATINUM 8573C
BenchmarkNewDirectedLayers/graphSize=10,numGraphs=1         	  597414	      1052 ns/op
PASS

shortname: gonum_community-NewDirectedLayers%2FgraphSize%3D10%2CnumGraphs%3D1
toolchain: Go
goos: linux
goarch: amd64
pkg: gonum.org/v1/gonum/graph/community
cpu: INTEL(R) XEON(R) PLATINUM 8573C
BenchmarkNewDirectedLayers/graphSize=10,numGraphs=1         	  606655	      1057 ns/op
PASS

shortname: gonum_community-NewDirectedLayers%2FgraphSize%3D10%2CnumGraphs%3D1
toolchain: Go
goos: linux
goarch: amd64
pkg: gonum.org/v1/gonum/graph/community
cpu: INTEL(R) XEON(R) PLATINUM 8573C
BenchmarkNewDirectedLayers/graphSize=10,numGraphs=1         	  624592	      1034 ns/op
PASS

shortname: gonum_community-NewDirectedLayers%2FgraphSize%3D1000%2CnumGraphs%3D1
toolchain: Go
goos: linux
goarch: amd64
pkg: gonum.org/v1/gonum/graph/community
cpu: INTEL(R) XEON(R) PLATINUM 8573C
BenchmarkNewDirectedLayers/graphSize=1000,numGraphs=1         	    5715	    109738 ns/op
PASS

shortname: gonum_community-NewDirectedLayers%2FgraphSize%3D1000%2CnumGraphs%3D1
toolchain: Go
goos: linux
goarch: amd64
pkg: gonum.org/v1/gonum/graph/community
cpu: INTEL(R) XEON(R) PLATINUM 8573C
BenchmarkNewDirectedLayers/graphSize=1000,numGraphs=1         	    5599	    109069 ns/op
PASS

shortname: gonum_community-NewDirectedLayers%2FgraphSize%3D1000%2CnumGraphs%3D1
toolchain: Go
goos: linux
goarch: amd64
pkg: gonum.org/v1/gonum/graph/community
cpu: INTEL(R) XEON(R) PLATINUM 8573C
BenchmarkNewDirectedLayers/graphSize=1000,numGraphs=1         	    5593	    109158 ns/op
PASS

shortname: gonum_community-NewDirectedLayers%2FgraphSize%3D1000%2CnumGraphs%3D1
toolchain: Go
goos: linux
goarch: amd64
pkg: gonum.org/v1/gonum/graph/community
cpu: INTEL(R) XEON(R) PLATINUM 8573C
BenchmarkNewDirectedLayers/graphSize=1000,numGraphs=1         	    5654	    109343 ns/op
PASS

shortname: gonum_community-NewDirectedLayers%2FgraphSize%3D1000%2CnumGraphs%3D1
toolchain: Go
goos: linux
goarch: amd64
pkg: gonum.org/v1/gonum/graph/community
cpu: INTEL(R) XEON(R) PLATINUM 8573C
BenchmarkNewDirectedLayers/graphSize=1000,numGraphs=1         	    5635	    109131 ns/op
PASS

shortname: gonum_community-NewUndirectedLayers%2FgraphSize%3D1000%2CnumGraphs%3D10
toolchain: Go
goos: linux
goarch: amd64
pkg: gonum.org/v1/gonum/graph/community
cpu: INTEL(R) XEON(R) PLATINUM 8573C
BenchmarkNewUndirectedLayers/graphSize=1000,numGraphs=10         	     442	   1348804 ns/op
PASS

shortname: gonum_community-NewUndirectedLayers%2FgraphSize%3D1000%2CnumGraphs%3D10
toolchain: Go
goos: linux
goarch: amd64
pkg: gonum.org/v1/gonum/graph/community
cpu: INTEL(R) XEON(R) PLATINUM 8573C
BenchmarkNewUndirectedLayers/graphSize=1000,numGraphs=10         	     446	   1341670 ns/op
PASS

shortname: gonum_community-NewUndirectedLayers%2FgraphSize%3D1000%2CnumGraphs%3D10
toolchain: Go
goos: linux
goarch: amd64
pkg: gonum.org/v1/gonum/graph/community
cpu: INTEL(R) XEON(R) PLATINUM 8573C
BenchmarkNewUndirectedLayers/graphSize=1000,numGraphs=10         	     445	   1341472 ns/op
PASS

shortname: gonum_community-NewUndirectedLayers%2FgraphSize%3D1000%2CnumGraphs%3D10
toolchain: Go
goos: linux
goarch: amd64
pkg: gonum.org/v1/gonum/graph/community
cpu: INTEL(R) XEON(R) PLATINUM 8573C
BenchmarkNewUndirectedLayers/graphSize=1000,numGraphs=10         	     445	   1346771 ns/op
PASS

shortname: gonum_community-NewUndirectedLayers%2FgraphSize%3D1000%2CnumGraphs%3D10
toolchain: Go
goos: linux
goarch: amd64
pkg: gonum.org/v1/gonum/graph/community
cpu: INTEL(R) XEON(R) PLATINUM 8573C
BenchmarkNewUndirectedLayers/graphSize=1000,numGraphs=10         	     447	   1348172 ns/op
PASS

shortname: gonum_lapack_native-Dgeev%2FCirculant5
toolchain: Go
goos: linux
goarch: amd64
pkg: gonum.org/v1/gonum/lapack/gonum
cpu: INTEL(R) XEON(R) PLATINUM 8573C
BenchmarkDgeev/Circulant5         	   92212	      7342 ns/op
PASS

shortname: gonum_lapack_native-Dgeev%2FCirculant5
toolchain: Go
goos: linux
goarch: amd64
pkg: gonum.org/v1/gonum/lapack/gonum
cpu: INTEL(R) XEON(R) PLATINUM 8573C
BenchmarkDgeev/Circulant5         	   86336	      7326 ns/op
PASS

shortname: gonum_lapack_native-Dgeev%2FCirculant5
toolchain: Go
goos: linux
goarch: amd64
pkg: gonum.org/v1/gonum/lapack/gonum
cpu: INTEL(R) XEON(R) PLATINUM 8573C
BenchmarkDgeev/Circulant5         	   91783	      6847 ns/op
PASS

shortname: gonum_lapack_native-Dgeev%2FCirculant5
toolchain: Go
goos: linux
goarch: amd64
pkg: gonum.org/v1/gonum/lapack/gonum
cpu: INTEL(R) XEON(R) PLATINUM 8573C
BenchmarkDgeev/Circulant5         	   92466	      7324 ns/op
PASS

shortname: gonum_lapack_native-Dgeev%2FCirculant5
toolchain: Go
goos: linux
goarch: amd64
pkg: gonum.org/v1/gonum/lapack/gonum
cpu: INTEL(R) XEON(R) PLATINUM 8573C
BenchmarkDgeev/Circulant5         	   90943	      7191 ns/op
PASS

shortname: gonum_mat-AddScaledVec10Inc1
toolchain: Go
goos: linux
goarch: amd64
pkg: gonum.org/v1/gonum/mat
cpu: INTEL(R) XEON(R) PLATINUM 8573C
BenchmarkAddScaledVec10Inc1 	 3502824	       171.4 ns/op
PASS

shortname: gonum_mat-AddScaledVec10Inc1
toolchain: Go
goos: linux
goarch: amd64
pkg: gonum.org/v1/gonum/mat
cpu: INTEL(R) XEON(R) PLATINUM 8573C
BenchmarkAddScaledVec10Inc1 	 3512948	       171.3 ns/op
PASS

shortname: gonum_mat-AddScaledVec10Inc1
toolchain: Go
goos: linux
goarch: amd64
pkg: gonum.org/v1/gonum/mat
cpu: INTEL(R) XEON(R) PLATINUM 8573C
BenchmarkAddScaledVec10Inc1 	 3520338	       171.4 ns/op
PASS

shortname: gonum_mat-AddScaledVec10Inc1
toolchain: Go
goos: linux
goarch: amd64
pkg: gonum.org/v1/gonum/mat
cpu: INTEL(R) XEON(R) PLATINUM 8573C
BenchmarkAddScaledVec10Inc1 	 3500629	       171.7 ns/op
PASS

shortname: gonum_mat-AddScaledVec10Inc1
toolchain: Go
goos: linux
goarch: amd64
pkg: gonum.org/v1/gonum/mat
cpu: INTEL(R) XEON(R) PLATINUM 8573C
BenchmarkAddScaledVec10Inc1 	 3511647	       172.0 ns/op
PASS

shortname: gonum_mat-CholeskyFactorize%2Fn%3D10
toolchain: Go
goos: linux
goarch: amd64
pkg: gonum.org/v1/gonum/mat
cpu: INTEL(R) XEON(R) PLATINUM 8573C
BenchmarkCholeskyFactorize/n=10         	  230742	      2495 ns/op
PASS

shortname: gonum_mat-CholeskyFactorize%2Fn%3D10
toolchain: Go
goos: linux
goarch: amd64
pkg: gonum.org/v1/gonum/mat
cpu: INTEL(R) XEON(R) PLATINUM 8573C
BenchmarkCholeskyFactorize/n=10         	  237289	      2487 ns/op
PASS

shortname: gonum_mat-CholeskyFactorize%2Fn%3D10
toolchain: Go
goos: linux
goarch: amd64
pkg: gonum.org/v1/gonum/mat
cpu: INTEL(R) XEON(R) PLATINUM 8573C
BenchmarkCholeskyFactorize/n=10         	  234636	      2484 ns/op
PASS

shortname: gonum_mat-CholeskyFactorize%2Fn%3D10
toolchain: Go
goos: linux
goarch: amd64
pkg: gonum.org/v1/gonum/mat
cpu: INTEL(R) XEON(R) PLATINUM 8573C
BenchmarkCholeskyFactorize/n=10         	  228828	      2496 ns/op
PASS

shortname: gonum_mat-CholeskyFactorize%2Fn%3D10
toolchain: Go
goos: linux
goarch: amd64
pkg: gonum.org/v1/gonum/mat
cpu: INTEL(R) XEON(R) PLATINUM 8573C
BenchmarkCholeskyFactorize/n=10         	  237220	      2501 ns/op
PASS

shortname: gonum_mat-CholeskyInverseTo%2Fn%3D100
toolchain: Go
goos: linux
goarch: amd64
pkg: gonum.org/v1/gonum/mat
cpu: INTEL(R) XEON(R) PLATINUM 8573C
BenchmarkCholeskyInverseTo/n=100         	    2492	    236692 ns/op
PASS

shortname: gonum_mat-CholeskyInverseTo%2Fn%3D100
toolchain: Go
goos: linux
goarch: amd64
pkg: gonum.org/v1/gonum/mat
cpu: INTEL(R) XEON(R) PLATINUM 8573C
BenchmarkCholeskyInverseTo/n=100         	    2468	    237124 ns/op
PASS

shortname: gonum_mat-CholeskyInverseTo%2Fn%3D100
toolchain: Go
goos: linux
goarch: amd64
pkg: gonum.org/v1/gonum/mat
cpu: INTEL(R) XEON(R) PLATINUM 8573C
BenchmarkCholeskyInverseTo/n=100         	    2455	    238599 ns/op
PASS

shortname: gonum_mat-CholeskyInverseTo%2Fn%3D100
toolchain: Go
goos: linux
goarch: amd64
pkg: gonum.org/v1/gonum/mat
cpu: INTEL(R) XEON(R) PLATINUM 8573C
BenchmarkCholeskyInverseTo/n=100         	    2545	    236482 ns/op
PASS

shortname: gonum_mat-CholeskyInverseTo%2Fn%3D100
toolchain: Go
goos: linux
goarch: amd64
pkg: gonum.org/v1/gonum/mat
cpu: INTEL(R) XEON(R) PLATINUM 8573C
BenchmarkCholeskyInverseTo/n=100         	    2424	    236489 ns/op
PASS

shortname: gonum_mat-MarshalToVecDense10
toolchain: Go
goos: linux
goarch: amd64
pkg: gonum.org/v1/gonum/mat
cpu: INTEL(R) XEON(R) PLATINUM 8573C
BenchmarkMarshalToVecDense10 	 1420456	       421.6 ns/op
PASS

shortname: gonum_mat-MarshalToVecDense10
toolchain: Go
goos: linux
goarch: amd64
pkg: gonum.org/v1/gonum/mat
cpu: INTEL(R) XEON(R) PLATINUM 8573C
BenchmarkMarshalToVecDense10 	 1415445	       422.2 ns/op
PASS

shortname: gonum_mat-MarshalToVecDense10
toolchain: Go
goos: linux
goarch: amd64
pkg: gonum.org/v1/gonum/mat
cpu: INTEL(R) XEON(R) PLATINUM 8573C
BenchmarkMarshalToVecDense10 	 1422259	       422.4 ns/op
PASS

shortname: gonum_mat-MarshalToVecDense10
toolchain: Go
goos: linux
goarch: amd64
pkg: gonum.org/v1/gonum/mat
cpu: INTEL(R) XEON(R) PLATINUM 8573C
BenchmarkMarshalToVecDense10 	 1411198	       422.7 ns/op
PASS

shortname: gonum_mat-MarshalToVecDense10
toolchain: Go
goos: linux
goarch: amd64
pkg: gonum.org/v1/gonum/mat
cpu: INTEL(R) XEON(R) PLATINUM 8573C
BenchmarkMarshalToVecDense10 	 1419756	       422.7 ns/op
PASS

shortname: gonum_mat-Pool100by100Uncleared
toolchain: Go
goos: linux
goarch: amd64
pkg: gonum.org/v1/gonum/mat
cpu: INTEL(R) XEON(R) PLATINUM 8573C
BenchmarkPool100by100Uncleared 	42069944	        13.56 ns/op
PASS

shortname: gonum_mat-Pool100by100Uncleared
toolchain: Go
goos: linux
goarch: amd64
pkg: gonum.org/v1/gonum/mat
cpu: INTEL(R) XEON(R) PLATINUM 8573C
BenchmarkPool100by100Uncleared 	40466527	        13.47 ns/op
PASS

shortname: gonum_mat-Pool100by100Uncleared
toolchain: Go
goos: linux
goarch: amd64
pkg: gonum.org/v1/gonum/mat
cpu: INTEL(R) XEON(R) PLATINUM 8573C
BenchmarkPool100by100Uncleared 	43781322	        13.75 ns/op
PASS

shortname: gonum_mat-Pool100by100Uncleared
toolchain: Go
goos: linux
goarch: amd64
pkg: gonum.org/v1/gonum/mat
cpu: INTEL(R) XEON(R) PLATINUM 8573C
BenchmarkPool100by100Uncleared 	43010092	        13.38 ns/op
PASS

shortname: gonum_mat-Pool100by100Uncleared
toolchain: Go
goos: linux
goarch: amd64
pkg: gonum.org/v1/gonum/mat
cpu: INTEL(R) XEON(R) PLATINUM 8573C
BenchmarkPool100by100Uncleared 	44219572	        13.62 ns/op
PASS

shortname: gonum_mat-TriMulDiag%2FBenchmarkTriMulDiag100
toolchain: Go
goos: linux
goarch: amd64
pkg: gonum.org/v1/gonum/mat
cpu: INTEL(R) XEON(R) PLATINUM 8573C
BenchmarkTriMulDiag/BenchmarkTriMulDiag100         	   16552	     36071 ns/op
PASS

shortname: gonum_mat-TriMulDiag%2FBenchmarkTriMulDiag100
toolchain: Go
goos: linux
goarch: amd64
pkg: gonum.org/v1/gonum/mat
cpu: INTEL(R) XEON(R) PLATINUM 8573C
BenchmarkTriMulDiag/BenchmarkTriMulDiag100         	   16612	     35948 ns/op
PASS

shortname: gonum_mat-TriMulDiag%2FBenchmarkTriMulDiag100
toolchain: Go
goos: linux
goarch: amd64
pkg: gonum.org/v1/gonum/mat
cpu: INTEL(R) XEON(R) PLATINUM 8573C
BenchmarkTriMulDiag/BenchmarkTriMulDiag100         	   16605	     36043 ns/op
PASS

shortname: gonum_mat-TriMulDiag%2FBenchmarkTriMulDiag100
toolchain: Go
goos: linux
goarch: amd64
pkg: gonum.org/v1/gonum/mat
cpu: INTEL(R) XEON(R) PLATINUM 8573C
BenchmarkTriMulDiag/BenchmarkTriMulDiag100         	   16641	     36092 ns/op
PASS

shortname: gonum_mat-TriMulDiag%2FBenchmarkTriMulDiag100
toolchain: Go
goos: linux
goarch: amd64
pkg: gonum.org/v1/gonum/mat
cpu: INTEL(R) XEON(R) PLATINUM 8573C
BenchmarkTriMulDiag/BenchmarkTriMulDiag100         	   16687	     35954 ns/op
PASS

shortname: gonum_mat-UnmarshalVecDense10
toolchain: Go
goos: linux
goarch: amd64
pkg: gonum.org/v1/gonum/mat
cpu: INTEL(R) XEON(R) PLATINUM 8573C
BenchmarkUnmarshalVecDense10 	 2564612	       233.7 ns/op
PASS

shortname: gonum_mat-UnmarshalVecDense10
toolchain: Go
goos: linux
goarch: amd64
pkg: gonum.org/v1/gonum/mat
cpu: INTEL(R) XEON(R) PLATINUM 8573C
BenchmarkUnmarshalVecDense10 	 2536530	       237.0 ns/op
PASS

shortname: gonum_mat-UnmarshalVecDense10
toolchain: Go
goos: linux
goarch: amd64
pkg: gonum.org/v1/gonum/mat
cpu: INTEL(R) XEON(R) PLATINUM 8573C
BenchmarkUnmarshalVecDense10 	 2562432	       234.2 ns/op
PASS

shortname: gonum_mat-UnmarshalVecDense10
toolchain: Go
goos: linux
goarch: amd64
pkg: gonum.org/v1/gonum/mat
cpu: INTEL(R) XEON(R) PLATINUM 8573C
BenchmarkUnmarshalVecDense10 	 2552274	       233.5 ns/op
PASS

shortname: gonum_mat-UnmarshalVecDense10
toolchain: Go
goos: linux
goarch: amd64
pkg: gonum.org/v1/gonum/mat
cpu: INTEL(R) XEON(R) PLATINUM 8573C
BenchmarkUnmarshalVecDense10 	 2534391	       232.9 ns/op
PASS

shortname: gonum_topo-SortStabilizedPath_100000
toolchain: Go
goos: linux
goarch: amd64
pkg: gonum.org/v1/gonum/graph/topo
cpu: INTEL(R) XEON(R) PLATINUM 8573C
BenchmarkSortStabilizedPath_100000 	       4	 145686847 ns/op
PASS

shortname: gonum_topo-SortStabilizedPath_100000
toolchain: Go
goos: linux
goarch: amd64
pkg: gonum.org/v1/gonum/graph/topo
cpu: INTEL(R) XEON(R) PLATINUM 8573C
BenchmarkSortStabilizedPath_100000 	       4	 144482470 ns/op
PASS

shortname: gonum_topo-SortStabilizedPath_100000
toolchain: Go
goos: linux
goarch: amd64
pkg: gonum.org/v1/gonum/graph/topo
cpu: INTEL(R) XEON(R) PLATINUM 8573C
BenchmarkSortStabilizedPath_100000 	       4	 156445251 ns/op
PASS

shortname: gonum_topo-SortStabilizedPath_100000
toolchain: Go
goos: linux
goarch: amd64
pkg: gonum.org/v1/gonum/graph/topo
cpu: INTEL(R) XEON(R) PLATINUM 8573C
BenchmarkSortStabilizedPath_100000 	       4	 141310803 ns/op
PASS

shortname: gonum_topo-SortStabilizedPath_100000
toolchain: Go
goos: linux
goarch: amd64
pkg: gonum.org/v1/gonum/graph/topo
cpu: INTEL(R) XEON(R) PLATINUM 8573C
BenchmarkSortStabilizedPath_100000 	       4	 152602045 ns/op
PASS

shortname: gonum_traverse-WalkAllDepthFirstGnp_100_half
toolchain: Go
goos: linux
goarch: amd64
pkg: gonum.org/v1/gonum/graph/traverse
cpu: INTEL(R) XEON(R) PLATINUM 8573C
BenchmarkWalkAllDepthFirstGnp_100_half 	    2106	    392526 ns/op
PASS

shortname: gonum_traverse-WalkAllDepthFirstGnp_100_half
toolchain: Go
goos: linux
goarch: amd64
pkg: gonum.org/v1/gonum/graph/traverse
cpu: INTEL(R) XEON(R) PLATINUM 8573C
BenchmarkWalkAllDepthFirstGnp_100_half 	    2096	    392750 ns/op
PASS

shortname: gonum_traverse-WalkAllDepthFirstGnp_100_half
toolchain: Go
goos: linux
goarch: amd64
pkg: gonum.org/v1/gonum/graph/traverse
cpu: INTEL(R) XEON(R) PLATINUM 8573C
BenchmarkWalkAllDepthFirstGnp_100_half 	    2134	    388158 ns/op
PASS

shortname: gonum_traverse-WalkAllDepthFirstGnp_100_half
toolchain: Go
goos: linux
goarch: amd64
pkg: gonum.org/v1/gonum/graph/traverse
cpu: INTEL(R) XEON(R) PLATINUM 8573C
BenchmarkWalkAllDepthFirstGnp_100_half 	    2154	    388064 ns/op
PASS

shortname: gonum_traverse-WalkAllDepthFirstGnp_100_half
toolchain: Go
goos: linux
goarch: amd64
pkg: gonum.org/v1/gonum/graph/traverse
cpu: INTEL(R) XEON(R) PLATINUM 8573C
BenchmarkWalkAllDepthFirstGnp_100_half 	    2229	    376131 ns/op
PASS

shortname: gproto_encoding-TextDecode
toolchain: Go
goos: linux
goarch: amd64
pkg: google.golang.org/protobuf/encoding
cpu: INTEL(R) XEON(R) PLATINUM 8573C
BenchmarkTextDecode 	      19	  30035982 ns/op
PASS

shortname: gproto_encoding-TextDecode
toolchain: Go
goos: linux
goarch: amd64
pkg: google.golang.org/protobuf/encoding
cpu: INTEL(R) XEON(R) PLATINUM 8573C
BenchmarkTextDecode 	      19	  30036935 ns/op
PASS

shortname: gproto_encoding-TextDecode
toolchain: Go
goos: linux
goarch: amd64
pkg: google.golang.org/protobuf/encoding
cpu: INTEL(R) XEON(R) PLATINUM 8573C
BenchmarkTextDecode 	      19	  30036536 ns/op
PASS

shortname: gproto_encoding-TextDecode
toolchain: Go
goos: linux
goarch: amd64
pkg: google.golang.org/protobuf/encoding
cpu: INTEL(R) XEON(R) PLATINUM 8573C
BenchmarkTextDecode 	      19	  30309036 ns/op
PASS

shortname: gproto_encoding-TextDecode
toolchain: Go
goos: linux
goarch: amd64
pkg: google.golang.org/protobuf/encoding
cpu: INTEL(R) XEON(R) PLATINUM 8573C
BenchmarkTextDecode 	      19	  30420145 ns/op
PASS

shortname: gproto_json-Bool
toolchain: Go
goos: linux
goarch: amd64
pkg: google.golang.org/protobuf/internal/encoding/json
cpu: INTEL(R) XEON(R) PLATINUM 8573C
BenchmarkBool 	13038366	        45.61 ns/op
PASS

shortname: gproto_json-Bool
toolchain: Go
goos: linux
goarch: amd64
pkg: google.golang.org/protobuf/internal/encoding/json
cpu: INTEL(R) XEON(R) PLATINUM 8573C
BenchmarkBool 	12950828	        45.66 ns/op
PASS

shortname: gproto_json-Bool
toolchain: Go
goos: linux
goarch: amd64
pkg: google.golang.org/protobuf/internal/encoding/json
cpu: INTEL(R) XEON(R) PLATINUM 8573C
BenchmarkBool 	12998006	        45.68 ns/op
PASS

shortname: gproto_json-Bool
toolchain: Go
goos: linux
goarch: amd64
pkg: google.golang.org/protobuf/internal/encoding/json
cpu: INTEL(R) XEON(R) PLATINUM 8573C
BenchmarkBool 	12893293	        45.66 ns/op
PASS

shortname: gproto_json-Bool
toolchain: Go
goos: linux
goarch: amd64
pkg: google.golang.org/protobuf/internal/encoding/json
cpu: INTEL(R) XEON(R) PLATINUM 8573C
BenchmarkBool 	13022455	        45.70 ns/op
PASS

shortname: gproto_json-Int
toolchain: Go
goos: linux
goarch: amd64
pkg: google.golang.org/protobuf/internal/encoding/json
cpu: INTEL(R) XEON(R) PLATINUM 8573C
BenchmarkInt 	 3485042	       171.8 ns/op
PASS

shortname: gproto_json-Int
toolchain: Go
goos: linux
goarch: amd64
pkg: google.golang.org/protobuf/internal/encoding/json
cpu: INTEL(R) XEON(R) PLATINUM 8573C
BenchmarkInt 	 3477123	       172.3 ns/op
PASS

shortname: gproto_json-Int
toolchain: Go
goos: linux
goarch: amd64
pkg: google.golang.org/protobuf/internal/encoding/json
cpu: INTEL(R) XEON(R) PLATINUM 8573C
BenchmarkInt 	 3482323	       171.9 ns/op
PASS

shortname: gproto_json-Int
toolchain: Go
goos: linux
goarch: amd64
pkg: google.golang.org/protobuf/internal/encoding/json
cpu: INTEL(R) XEON(R) PLATINUM 8573C
BenchmarkInt 	 3490132	       172.0 ns/op
PASS

shortname: gproto_json-Int
toolchain: Go
goos: linux
goarch: amd64
pkg: google.golang.org/protobuf/internal/encoding/json
cpu: INTEL(R) XEON(R) PLATINUM 8573C
BenchmarkInt 	 3464091	       172.0 ns/op
PASS

shortname: gproto_proto-Decode%2Fbasic_scalar_types_%28%2Atest.TestAllTypes%29
toolchain: Go
goos: linux
goarch: amd64
pkg: google.golang.org/protobuf/proto
cpu: INTEL(R) XEON(R) PLATINUM 8573C
BenchmarkDecode/basic_scalar_types_(*test.TestAllTypes)         	  458209	      1135 ns/op
PASS

shortname: gproto_proto-Decode%2Fbasic_scalar_types_%28%2Atest.TestAllTypes%29
toolchain: Go
goos: linux
goarch: amd64
pkg: google.golang.org/protobuf/proto
cpu: INTEL(R) XEON(R) PLATINUM 8573C
BenchmarkDecode/basic_scalar_types_(*test.TestAllTypes)         	  462650	      1133 ns/op
PASS

shortname: gproto_proto-Decode%2Fbasic_scalar_types_%28%2Atest.TestAllTypes%29
toolchain: Go
goos: linux
goarch: amd64
pkg: google.golang.org/protobuf/proto
cpu: INTEL(R) XEON(R) PLATINUM 8573C
BenchmarkDecode/basic_scalar_types_(*test.TestAllTypes)         	  456510	      1139 ns/op
PASS

shortname: gproto_proto-Decode%2Fbasic_scalar_types_%28%2Atest.TestAllTypes%29
toolchain: Go
goos: linux
goarch: amd64
pkg: google.golang.org/protobuf/proto
cpu: INTEL(R) XEON(R) PLATINUM 8573C
BenchmarkDecode/basic_scalar_types_(*test.TestAllTypes)         	  455130	      1138 ns/op
PASS

shortname: gproto_proto-Decode%2Fbasic_scalar_types_%28%2Atest.TestAllTypes%29
toolchain: Go
goos: linux
goarch: amd64
pkg: google.golang.org/protobuf/proto
cpu: INTEL(R) XEON(R) PLATINUM 8573C
BenchmarkDecode/basic_scalar_types_(*test.TestAllTypes)         	  463874	      1134 ns/op
PASS

shortname: gproto_proto-Decode%2Fjust_at_recursion_limit_%28%2Atest3.TestAllTypes%29
toolchain: Go
goos: linux
goarch: amd64
pkg: google.golang.org/protobuf/proto
cpu: INTEL(R) XEON(R) PLATINUM 8573C
BenchmarkDecode/just_at_recursion_limit_(*test3.TestAllTypes)         	  505784	      1186 ns/op
PASS

shortname: gproto_proto-Decode%2Fjust_at_recursion_limit_%28%2Atest3.TestAllTypes%29
toolchain: Go
goos: linux
goarch: amd64
pkg: google.golang.org/protobuf/proto
cpu: INTEL(R) XEON(R) PLATINUM 8573C
BenchmarkDecode/just_at_recursion_limit_(*test3.TestAllTypes)         	  500862	      1189 ns/op
PASS

shortname: gproto_proto-Decode%2Fjust_at_recursion_limit_%28%2Atest3.TestAllTypes%29
toolchain: Go
goos: linux
goarch: amd64
pkg: google.golang.org/protobuf/proto
cpu: INTEL(R) XEON(R) PLATINUM 8573C
BenchmarkDecode/just_at_recursion_limit_(*test3.TestAllTypes)         	  505680	      1198 ns/op
PASS

shortname: gproto_proto-Decode%2Fjust_at_recursion_limit_%28%2Atest3.TestAllTypes%29
toolchain: Go
goos: linux
goarch: amd64
pkg: google.golang.org/protobuf/proto
cpu: INTEL(R) XEON(R) PLATINUM 8573C
BenchmarkDecode/just_at_recursion_limit_(*test3.TestAllTypes)         	  501771	      1192 ns/op
PASS

shortname: gproto_proto-Decode%2Fjust_at_recursion_limit_%28%2Atest3.TestAllTypes%29
toolchain: Go
goos: linux
goarch: amd64
pkg: google.golang.org/protobuf/proto
cpu: INTEL(R) XEON(R) PLATINUM 8573C
BenchmarkDecode/just_at_recursion_limit_(*test3.TestAllTypes)         	  496378	      1192 ns/op
PASS

shortname: gproto_proto-EqualWithDeeplyNestedEqual
toolchain: Go
goos: linux
goarch: amd64
pkg: google.golang.org/protobuf/proto
cpu: INTEL(R) XEON(R) PLATINUM 8573C
BenchmarkEqualWithDeeplyNestedEqual 	   15402	     38888 ns/op	       0 B/op	       0 allocs/op
PASS

shortname: gproto_proto-EqualWithDeeplyNestedEqual
toolchain: Go
goos: linux
goarch: amd64
pkg: google.golang.org/protobuf/proto
cpu: INTEL(R) XEON(R) PLATINUM 8573C
BenchmarkEqualWithDeeplyNestedEqual 	   15182	     39602 ns/op	       0 B/op	       0 allocs/op
PASS

shortname: gproto_proto-EqualWithDeeplyNestedEqual
toolchain: Go
goos: linux
goarch: amd64
pkg: google.golang.org/protobuf/proto
cpu: INTEL(R) XEON(R) PLATINUM 8573C
BenchmarkEqualWithDeeplyNestedEqual 	   15538	     38610 ns/op	       0 B/op	       0 allocs/op
PASS

shortname: gproto_proto-EqualWithDeeplyNestedEqual
toolchain: Go
goos: linux
goarch: amd64
pkg: google.golang.org/protobuf/proto
cpu: INTEL(R) XEON(R) PLATINUM 8573C
BenchmarkEqualWithDeeplyNestedEqual 	   15474	     38729 ns/op	       0 B/op	       0 allocs/op
PASS

shortname: gproto_proto-EqualWithDeeplyNestedEqual
toolchain: Go
goos: linux
goarch: amd64
pkg: google.golang.org/protobuf/proto
cpu: INTEL(R) XEON(R) PLATINUM 8573C
BenchmarkEqualWithDeeplyNestedEqual 	   15907	     37718 ns/op	       0 B/op	       0 allocs/op
PASS

shortname: gproto_reflect-Value%2FInterface
toolchain: Go
goos: linux
goarch: amd64
pkg: google.golang.org/protobuf/reflect/protoreflect
cpu: INTEL(R) XEON(R) PLATINUM 8573C
BenchmarkValue/Interface         	26796685	        22.97 ns/op	      15 B/op	       0 allocs/op
PASS

shortname: gproto_reflect-Value%2FInterface
toolchain: Go
goos: linux
goarch: amd64
pkg: google.golang.org/protobuf/reflect/protoreflect
cpu: INTEL(R) XEON(R) PLATINUM 8573C
BenchmarkValue/Interface         	26569327	        22.88 ns/op	      15 B/op	       0 allocs/op
PASS

shortname: gproto_reflect-Value%2FInterface
toolchain: Go
goos: linux
goarch: amd64
pkg: google.golang.org/protobuf/reflect/protoreflect
cpu: INTEL(R) XEON(R) PLATINUM 8573C
BenchmarkValue/Interface         	26785110	        23.34 ns/op	      15 B/op	       0 allocs/op
PASS

shortname: gproto_reflect-Value%2FInterface
toolchain: Go
goos: linux
goarch: amd64
pkg: google.golang.org/protobuf/reflect/protoreflect
cpu: INTEL(R) XEON(R) PLATINUM 8573C
BenchmarkValue/Interface         	26590989	        23.09 ns/op	      15 B/op	       0 allocs/op
PASS

shortname: gproto_reflect-Value%2FInterface
toolchain: Go
goos: linux
goarch: amd64
pkg: google.golang.org/protobuf/reflect/protoreflect
cpu: INTEL(R) XEON(R) PLATINUM 8573C
BenchmarkValue/Interface         	26673742	        23.27 ns/op	      15 B/op	       0 allocs/op
PASS

shortname: k8s_cache-EachListItemWithAlloc%2FPodList
toolchain: Go
goos: linux
goarch: amd64
pkg: k8s.io/client-go/tools/cache
cpu: INTEL(R) XEON(R) PLATINUM 8573C
BenchmarkEachListItemWithAlloc/PodList         	    8748	     58563 ns/op
PASS

shortname: k8s_cache-EachListItemWithAlloc%2FPodList
toolchain: Go
goos: linux
goarch: amd64
pkg: k8s.io/client-go/tools/cache
cpu: INTEL(R) XEON(R) PLATINUM 8573C
BenchmarkEachListItemWithAlloc/PodList         	   10268	     58418 ns/op
PASS

shortname: k8s_cache-EachListItemWithAlloc%2FPodList
toolchain: Go
goos: linux
goarch: amd64
pkg: k8s.io/client-go/tools/cache
cpu: INTEL(R) XEON(R) PLATINUM 8573C
BenchmarkEachListItemWithAlloc/PodList         	   10212	     58630 ns/op
PASS

shortname: k8s_cache-EachListItemWithAlloc%2FPodList
toolchain: Go
goos: linux
goarch: amd64
pkg: k8s.io/client-go/tools/cache
cpu: INTEL(R) XEON(R) PLATINUM 8573C
BenchmarkEachListItemWithAlloc/PodList         	    8728	     58033 ns/op
PASS

shortname: k8s_cache-EachListItemWithAlloc%2FPodList
toolchain: Go
goos: linux
goarch: amd64
pkg: k8s.io/client-go/tools/cache
cpu: INTEL(R) XEON(R) PLATINUM 8573C
BenchmarkEachListItemWithAlloc/PodList         	    8706	     58450 ns/op
PASS

shortname: k8s_workqueue-DelayingQueue_AddAfter
toolchain: Go
goos: linux
goarch: amd64
pkg: k8s.io/client-go/util/workqueue
cpu: INTEL(R) XEON(R) PLATINUM 8573C
BenchmarkDelayingQueue_AddAfter 	  571615	      2276 ns/op
PASS

shortname: k8s_workqueue-DelayingQueue_AddAfter
toolchain: Go
goos: linux
goarch: amd64
pkg: k8s.io/client-go/util/workqueue
cpu: INTEL(R) XEON(R) PLATINUM 8573C
BenchmarkDelayingQueue_AddAfter 	  569055	      2277 ns/op
PASS

shortname: k8s_workqueue-DelayingQueue_AddAfter
toolchain: Go
goos: linux
goarch: amd64
pkg: k8s.io/client-go/util/workqueue
cpu: INTEL(R) XEON(R) PLATINUM 8573C
BenchmarkDelayingQueue_AddAfter 	  573976	      2521 ns/op
PASS

shortname: k8s_workqueue-DelayingQueue_AddAfter
toolchain: Go
goos: linux
goarch: amd64
pkg: k8s.io/client-go/util/workqueue
cpu: INTEL(R) XEON(R) PLATINUM 8573C
BenchmarkDelayingQueue_AddAfter 	  574478	      2338 ns/op
PASS

shortname: k8s_workqueue-DelayingQueue_AddAfter
toolchain: Go
goos: linux
goarch: amd64
pkg: k8s.io/client-go/util/workqueue
cpu: INTEL(R) XEON(R) PLATINUM 8573C
BenchmarkDelayingQueue_AddAfter 	  557727	      2266 ns/op
PASS

shortname: kanzi-ANS0
toolchain: Go
goos: linux
goarch: amd64
pkg: github.com/flanglet/kanzi-go/v2/benchmark
cpu: INTEL(R) XEON(R) PLATINUM 8573C
BenchmarkANS0 	     385	   1539711 ns/op
PASS

shortname: kanzi-ANS0
toolchain: Go
goos: linux
goarch: amd64
pkg: github.com/flanglet/kanzi-go/v2/benchmark
cpu: INTEL(R) XEON(R) PLATINUM 8573C
BenchmarkANS0 	     384	   1540877 ns/op
PASS

shortname: kanzi-ANS0
toolchain: Go
goos: linux
goarch: amd64
pkg: github.com/flanglet/kanzi-go/v2/benchmark
cpu: INTEL(R) XEON(R) PLATINUM 8573C
BenchmarkANS0 	     384	   1541140 ns/op
PASS

shortname: kanzi-ANS0
toolchain: Go
goos: linux
goarch: amd64
pkg: github.com/flanglet/kanzi-go/v2/benchmark
cpu: INTEL(R) XEON(R) PLATINUM 8573C
BenchmarkANS0 	     386	   1538080 ns/op
PASS

shortname: kanzi-ANS0
toolchain: Go
goos: linux
goarch: amd64
pkg: github.com/flanglet/kanzi-go/v2/benchmark
cpu: INTEL(R) XEON(R) PLATINUM 8573C
BenchmarkANS0 	     385	   1540613 ns/op
PASS

shortname: kanzi-BWTSmallBlock
toolchain: Go
goos: linux
goarch: amd64
pkg: github.com/flanglet/kanzi-go/v2/benchmark
cpu: INTEL(R) XEON(R) PLATINUM 8573C
BenchmarkBWTSmallBlock 	      16	  32814417 ns/op
PASS

shortname: kanzi-BWTSmallBlock
toolchain: Go
goos: linux
goarch: amd64
pkg: github.com/flanglet/kanzi-go/v2/benchmark
cpu: INTEL(R) XEON(R) PLATINUM 8573C
BenchmarkBWTSmallBlock 	      18	  33007144 ns/op
PASS

shortname: kanzi-BWTSmallBlock
toolchain: Go
goos: linux
goarch: amd64
pkg: github.com/flanglet/kanzi-go/v2/benchmark
cpu: INTEL(R) XEON(R) PLATINUM 8573C
BenchmarkBWTSmallBlock 	      16	  33109162 ns/op
PASS

shortname: kanzi-BWTSmallBlock
toolchain: Go
goos: linux
goarch: amd64
pkg: github.com/flanglet/kanzi-go/v2/benchmark
cpu: INTEL(R) XEON(R) PLATINUM 8573C
BenchmarkBWTSmallBlock 	      16	  32794266 ns/op
PASS

shortname: kanzi-BWTSmallBlock
toolchain: Go
goos: linux
goarch: amd64
pkg: github.com/flanglet/kanzi-go/v2/benchmark
cpu: INTEL(R) XEON(R) PLATINUM 8573C
BenchmarkBWTSmallBlock 	      16	  33228140 ns/op
PASS

shortname: kanzi-CM
toolchain: Go
goos: linux
goarch: amd64
pkg: github.com/flanglet/kanzi-go/v2/benchmark
cpu: INTEL(R) XEON(R) PLATINUM 8573C
BenchmarkCM 	      14	  38146982 ns/op
PASS

shortname: kanzi-CM
toolchain: Go
goos: linux
goarch: amd64
pkg: github.com/flanglet/kanzi-go/v2/benchmark
cpu: INTEL(R) XEON(R) PLATINUM 8573C
BenchmarkCM 	      14	  37958013 ns/op
PASS

shortname: kanzi-CM
toolchain: Go
goos: linux
goarch: amd64
pkg: github.com/flanglet/kanzi-go/v2/benchmark
cpu: INTEL(R) XEON(R) PLATINUM 8573C
BenchmarkCM 	      15	  38188121 ns/op
PASS

shortname: kanzi-CM
toolchain: Go
goos: linux
goarch: amd64
pkg: github.com/flanglet/kanzi-go/v2/benchmark
cpu: INTEL(R) XEON(R) PLATINUM 8573C
BenchmarkCM 	      14	  38178662 ns/op
PASS

shortname: kanzi-CM
toolchain: Go
goos: linux
goarch: amd64
pkg: github.com/flanglet/kanzi-go/v2/benchmark
cpu: INTEL(R) XEON(R) PLATINUM 8573C
BenchmarkCM 	      15	  38034674 ns/op
PASS

shortname: kanzi-Huffman
toolchain: Go
goos: linux
goarch: amd64
pkg: github.com/flanglet/kanzi-go/v2/benchmark
cpu: INTEL(R) XEON(R) PLATINUM 8573C
BenchmarkHuffman 	     380	   1562842 ns/op
PASS

shortname: kanzi-Huffman
toolchain: Go
goos: linux
goarch: amd64
pkg: github.com/flanglet/kanzi-go/v2/benchmark
cpu: INTEL(R) XEON(R) PLATINUM 8573C
BenchmarkHuffman 	     380	   1568944 ns/op
PASS

shortname: kanzi-Huffman
toolchain: Go
goos: linux
goarch: amd64
pkg: github.com/flanglet/kanzi-go/v2/benchmark
cpu: INTEL(R) XEON(R) PLATINUM 8573C
BenchmarkHuffman 	     381	   1562724 ns/op
PASS

shortname: kanzi-Huffman
toolchain: Go
goos: linux
goarch: amd64
pkg: github.com/flanglet/kanzi-go/v2/benchmark
cpu: INTEL(R) XEON(R) PLATINUM 8573C
BenchmarkHuffman 	     381	   1572875 ns/op
PASS

shortname: kanzi-Huffman
toolchain: Go
goos: linux
goarch: amd64
pkg: github.com/flanglet/kanzi-go/v2/benchmark
cpu: INTEL(R) XEON(R) PLATINUM 8573C
BenchmarkHuffman 	     379	   1562364 ns/op
PASS

shortname: nelsam_gxui_interval-General
toolchain: Go
goos: linux
goarch: amd64
pkg: git.sr.ht/~nelsam/gxui/interval
cpu: INTEL(R) XEON(R) PLATINUM 8573C
BenchmarkGeneral 	 2419783	       245.5 ns/op
PASS

shortname: nelsam_gxui_interval-General
toolchain: Go
goos: linux
goarch: amd64
pkg: git.sr.ht/~nelsam/gxui/interval
cpu: INTEL(R) XEON(R) PLATINUM 8573C
BenchmarkGeneral 	 2428405	       246.6 ns/op
PASS

shortname: nelsam_gxui_interval-General
toolchain: Go
goos: linux
goarch: amd64
pkg: git.sr.ht/~nelsam/gxui/interval
cpu: INTEL(R) XEON(R) PLATINUM 8573C
BenchmarkGeneral 	 2425671	       245.2 ns/op
PASS

shortname: nelsam_gxui_interval-General
toolchain: Go
goos: linux
goarch: amd64
pkg: git.sr.ht/~nelsam/gxui/interval
cpu: INTEL(R) XEON(R) PLATINUM 8573C
BenchmarkGeneral 	 2422645	       247.2 ns/op
PASS

shortname: nelsam_gxui_interval-General
toolchain: Go
goos: linux
goarch: amd64
pkg: git.sr.ht/~nelsam/gxui/interval
cpu: INTEL(R) XEON(R) PLATINUM 8573C
BenchmarkGeneral 	 2418824	       245.6 ns/op
PASS

shortname: rcrowley_metrics-Histogram
toolchain: Go
goos: linux
goarch: amd64
pkg: github.com/rcrowley/go-metrics
cpu: INTEL(R) XEON(R) PLATINUM 8573C
BenchmarkHistogram 	23296828	        25.48 ns/op
PASS

shortname: rcrowley_metrics-Histogram
toolchain: Go
goos: linux
goarch: amd64
pkg: github.com/rcrowley/go-metrics
cpu: INTEL(R) XEON(R) PLATINUM 8573C
BenchmarkHistogram 	23269218	        25.47 ns/op
PASS

shortname: rcrowley_metrics-Histogram
toolchain: Go
goos: linux
goarch: amd64
pkg: github.com/rcrowley/go-metrics
cpu: INTEL(R) XEON(R) PLATINUM 8573C
BenchmarkHistogram 	22993809	        25.50 ns/op
PASS

shortname: rcrowley_metrics-Histogram
toolchain: Go
goos: linux
goarch: amd64
pkg: github.com/rcrowley/go-metrics
cpu: INTEL(R) XEON(R) PLATINUM 8573C
BenchmarkHistogram 	23176658	        25.47 ns/op
PASS

shortname: rcrowley_metrics-Histogram
toolchain: Go
goos: linux
goarch: amd64
pkg: github.com/rcrowley/go-metrics
cpu: INTEL(R) XEON(R) PLATINUM 8573C
BenchmarkHistogram 	23188452	        25.50 ns/op
PASS

shortname: rcrowley_metrics-Timer
toolchain: Go
goos: linux
goarch: amd64
pkg: github.com/rcrowley/go-metrics
cpu: INTEL(R) XEON(R) PLATINUM 8573C
BenchmarkTimer 	 2115242	       273.5 ns/op
PASS

shortname: rcrowley_metrics-Timer
toolchain: Go
goos: linux
goarch: amd64
pkg: github.com/rcrowley/go-metrics
cpu: INTEL(R) XEON(R) PLATINUM 8573C
BenchmarkTimer 	 2165295	       273.3 ns/op
PASS

shortname: rcrowley_metrics-Timer
toolchain: Go
goos: linux
goarch: amd64
pkg: github.com/rcrowley/go-metrics
cpu: INTEL(R) XEON(R) PLATINUM 8573C
BenchmarkTimer 	 2165412	       273.1 ns/op
PASS

shortname: rcrowley_metrics-Timer
toolchain: Go
goos: linux
goarch: amd64
pkg: github.com/rcrowley/go-metrics
cpu: INTEL(R) XEON(R) PLATINUM 8573C
BenchmarkTimer 	 2162320	       273.6 ns/op
PASS

shortname: rcrowley_metrics-Timer
toolchain: Go
goos: linux
goarch: amd64
pkg: github.com/rcrowley/go-metrics
cpu: INTEL(R) XEON(R) PLATINUM 8573C
BenchmarkTimer 	 2166684	       273.3 ns/op
PASS

shortname: semver-CheckVersionRange
toolchain: Go
goos: linux
goarch: amd64
pkg: github.com/Masterminds/semver/v3
cpu: INTEL(R) XEON(R) PLATINUM 8573C
BenchmarkCheckVersionRange 	15730618	        37.75 ns/op	       0 B/op	       0 allocs/op
PASS

shortname: semver-CheckVersionRange
toolchain: Go
goos: linux
goarch: amd64
pkg: github.com/Masterminds/semver/v3
cpu: INTEL(R) XEON(R) PLATINUM 8573C
BenchmarkCheckVersionRange 	15850932	        37.97 ns/op	       0 B/op	       0 allocs/op
PASS

shortname: semver-CheckVersionRange
toolchain: Go
goos: linux
goarch: amd64
pkg: github.com/Masterminds/semver/v3
cpu: INTEL(R) XEON(R) PLATINUM 8573C
BenchmarkCheckVersionRange 	16006213	        37.33 ns/op	       0 B/op	       0 allocs/op
PASS

shortname: semver-CheckVersionRange
toolchain: Go
goos: linux
goarch: amd64
pkg: github.com/Masterminds/semver/v3
cpu: INTEL(R) XEON(R) PLATINUM 8573C
BenchmarkCheckVersionRange 	15862398	        38.13 ns/op	       0 B/op	       0 allocs/op
PASS

shortname: semver-CheckVersionRange
toolchain: Go
goos: linux
goarch: amd64
pkg: github.com/Masterminds/semver/v3
cpu: INTEL(R) XEON(R) PLATINUM 8573C
BenchmarkCheckVersionRange 	15502987	        37.93 ns/op	       0 B/op	       0 allocs/op
PASS

shortname: semver-CoerceNewVersionSimple
toolchain: Go
goos: linux
goarch: amd64
pkg: github.com/Masterminds/semver/v3
cpu: INTEL(R) XEON(R) PLATINUM 8573C
BenchmarkCoerceNewVersionSimple 	 4357346	       137.2 ns/op	     128 B/op	       2 allocs/op
PASS

shortname: semver-CoerceNewVersionSimple
toolchain: Go
goos: linux
goarch: amd64
pkg: github.com/Masterminds/semver/v3
cpu: INTEL(R) XEON(R) PLATINUM 8573C
BenchmarkCoerceNewVersionSimple 	 4305402	       140.8 ns/op	     128 B/op	       2 allocs/op
PASS

shortname: semver-CoerceNewVersionSimple
toolchain: Go
goos: linux
goarch: amd64
pkg: github.com/Masterminds/semver/v3
cpu: INTEL(R) XEON(R) PLATINUM 8573C
BenchmarkCoerceNewVersionSimple 	 4329912	       139.5 ns/op	     128 B/op	       2 allocs/op
PASS

shortname: semver-CoerceNewVersionSimple
toolchain: Go
goos: linux
goarch: amd64
pkg: github.com/Masterminds/semver/v3
cpu: INTEL(R) XEON(R) PLATINUM 8573C
BenchmarkCoerceNewVersionSimple 	 4329213	       140.4 ns/op	     128 B/op	       2 allocs/op
PASS

shortname: semver-CoerceNewVersionSimple
toolchain: Go
goos: linux
goarch: amd64
pkg: github.com/Masterminds/semver/v3
cpu: INTEL(R) XEON(R) PLATINUM 8573C
BenchmarkCoerceNewVersionSimple 	 4327093	       139.8 ns/op	     128 B/op	       2 allocs/op
PASS

shortname: semver-ValidateVersionRangeFail
toolchain: Go
goos: linux
goarch: amd64
pkg: github.com/Masterminds/semver/v3
cpu: INTEL(R) XEON(R) PLATINUM 8573C
BenchmarkValidateVersionRangeFail 	 1000000	       569.7 ns/op	     189 B/op	       7 allocs/op
PASS

shortname: semver-ValidateVersionRangeFail
toolchain: Go
goos: linux
goarch: amd64
pkg: github.com/Masterminds/semver/v3
cpu: INTEL(R) XEON(R) PLATINUM 8573C
BenchmarkValidateVersionRangeFail 	 1000000	       562.1 ns/op	     189 B/op	       7 allocs/op
PASS

shortname: semver-ValidateVersionRangeFail
toolchain: Go
goos: linux
goarch: amd64
pkg: github.com/Masterminds/semver/v3
cpu: INTEL(R) XEON(R) PLATINUM 8573C
BenchmarkValidateVersionRangeFail 	 1000000	       558.5 ns/op	     189 B/op	       7 allocs/op
PASS

shortname: semver-ValidateVersionRangeFail
toolchain: Go
goos: linux
goarch: amd64
pkg: github.com/Masterminds/semver/v3
cpu: INTEL(R) XEON(R) PLATINUM 8573C
BenchmarkValidateVersionRangeFail 	 1000000	       559.4 ns/op	     189 B/op	       7 allocs/op
PASS

shortname: semver-ValidateVersionRangeFail
toolchain: Go
goos: linux
goarch: amd64
pkg: github.com/Masterminds/semver/v3
cpu: INTEL(R) XEON(R) PLATINUM 8573C
BenchmarkValidateVersionRangeFail 	 1000000	       557.4 ns/op	     189 B/op	       7 allocs/op
PASS

shortname: shopify_sarama-ZstdMemoryConsumption%2Fno_drain
toolchain: Go
goos: linux
goarch: amd64
pkg: github.com/IBM/sarama
cpu: INTEL(R) XEON(R) PLATINUM 8573C
BenchmarkZstdMemoryConsumption/no_drain         	    1431	    397875 ns/op	   18041 B/op	       4 allocs/op
PASS

shortname: shopify_sarama-ZstdMemoryConsumption%2Fno_drain
toolchain: Go
goos: linux
goarch: amd64
pkg: github.com/IBM/sarama
cpu: INTEL(R) XEON(R) PLATINUM 8573C
BenchmarkZstdMemoryConsumption/no_drain         	    1416	    398060 ns/op	   18199 B/op	       4 allocs/op
PASS

shortname: shopify_sarama-ZstdMemoryConsumption%2Fno_drain
toolchain: Go
goos: linux
goarch: amd64
pkg: github.com/IBM/sarama
cpu: INTEL(R) XEON(R) PLATINUM 8573C
BenchmarkZstdMemoryConsumption/no_drain         	    1406	    398883 ns/op	   18307 B/op	       4 allocs/op
PASS

shortname: shopify_sarama-ZstdMemoryConsumption%2Fno_drain
toolchain: Go
goos: linux
goarch: amd64
pkg: github.com/IBM/sarama
cpu: INTEL(R) XEON(R) PLATINUM 8573C
BenchmarkZstdMemoryConsumption/no_drain         	    1422	    399227 ns/op	   18136 B/op	       4 allocs/op
PASS

shortname: shopify_sarama-ZstdMemoryConsumption%2Fno_drain
toolchain: Go
goos: linux
goarch: amd64
pkg: github.com/IBM/sarama
cpu: INTEL(R) XEON(R) PLATINUM 8573C
BenchmarkZstdMemoryConsumption/no_drain         	    1426	    397633 ns/op	   18093 B/op	       4 allocs/op
PASS

shortname: shopify_sarama-_getMetricNameForTopic
toolchain: Go
goos: linux
goarch: amd64
pkg: github.com/IBM/sarama
cpu: INTEL(R) XEON(R) PLATINUM 8573C
Benchmark_getMetricNameForTopic 	 8014579	        76.22 ns/op	      16 B/op	       1 allocs/op
PASS

shortname: shopify_sarama-_getMetricNameForTopic
toolchain: Go
goos: linux
goarch: amd64
pkg: github.com/IBM/sarama
cpu: INTEL(R) XEON(R) PLATINUM 8573C
Benchmark_getMetricNameForTopic 	 8300154	        75.98 ns/op	      16 B/op	       1 allocs/op
PASS

shortname: shopify_sarama-_getMetricNameForTopic
toolchain: Go
goos: linux
goarch: amd64
pkg: github.com/IBM/sarama
cpu: INTEL(R) XEON(R) PLATINUM 8573C
Benchmark_getMetricNameForTopic 	 8298680	        76.13 ns/op	      16 B/op	       1 allocs/op
PASS

shortname: shopify_sarama-_getMetricNameForTopic
toolchain: Go
goos: linux
goarch: amd64
pkg: github.com/IBM/sarama
cpu: INTEL(R) XEON(R) PLATINUM 8573C
Benchmark_getMetricNameForTopic 	 8365866	        75.64 ns/op	      16 B/op	       1 allocs/op
PASS

shortname: shopify_sarama-_getMetricNameForTopic
toolchain: Go
goos: linux
goarch: amd64
pkg: github.com/IBM/sarama
cpu: INTEL(R) XEON(R) PLATINUM 8573C
Benchmark_getMetricNameForTopic 	 8258394	        76.18 ns/op	      16 B/op	       1 allocs/op
PASS

shortname: thriftrw_gen-RoundTrip%2FContainersOfContainers%2FDecode
toolchain: Go
goos: linux
goarch: amd64
pkg: go.uber.org/thriftrw/gen
cpu: INTEL(R) XEON(R) PLATINUM 8573C
BenchmarkRoundTrip/ContainersOfContainers/Decode  	   16168	     36770 ns/op
PASS

shortname: thriftrw_gen-RoundTrip%2FContainersOfContainers%2FDecode
toolchain: Go
goos: linux
goarch: amd64
pkg: go.uber.org/thriftrw/gen
cpu: INTEL(R) XEON(R) PLATINUM 8573C
BenchmarkRoundTrip/ContainersOfContainers/Decode  	   16372	     36696 ns/op
PASS

shortname: thriftrw_gen-RoundTrip%2FContainersOfContainers%2FDecode
toolchain: Go
goos: linux
goarch: amd64
pkg: go.uber.org/thriftrw/gen
cpu: INTEL(R) XEON(R) PLATINUM 8573C
BenchmarkRoundTrip/ContainersOfContainers/Decode  	   16191	     36637 ns/op
PASS

shortname: thriftrw_gen-RoundTrip%2FContainersOfContainers%2FDecode
toolchain: Go
goos: linux
goarch: amd64
pkg: go.uber.org/thriftrw/gen
cpu: INTEL(R) XEON(R) PLATINUM 8573C
BenchmarkRoundTrip/ContainersOfContainers/Decode  	   16333	     36705 ns/op
PASS

shortname: thriftrw_gen-RoundTrip%2FContainersOfContainers%2FDecode
toolchain: Go
goos: linux
goarch: amd64
pkg: go.uber.org/thriftrw/gen
cpu: INTEL(R) XEON(R) PLATINUM 8573C
BenchmarkRoundTrip/ContainersOfContainers/Decode  	   16340	     36622 ns/op
PASS

shortname: thriftrw_gen-RoundTrip%2FContainersOfContainers%2FEncode
toolchain: Go
goos: linux
goarch: amd64
pkg: go.uber.org/thriftrw/gen
cpu: INTEL(R) XEON(R) PLATINUM 8573C
BenchmarkRoundTrip/ContainersOfContainers/Encode  	   39720	     15192 ns/op
PASS

shortname: thriftrw_gen-RoundTrip%2FContainersOfContainers%2FEncode
toolchain: Go
goos: linux
goarch: amd64
pkg: go.uber.org/thriftrw/gen
cpu: INTEL(R) XEON(R) PLATINUM 8573C
BenchmarkRoundTrip/ContainersOfContainers/Encode  	   39607	     15213 ns/op
PASS

shortname: thriftrw_gen-RoundTrip%2FContainersOfContainers%2FEncode
toolchain: Go
goos: linux
goarch: amd64
pkg: go.uber.org/thriftrw/gen
cpu: INTEL(R) XEON(R) PLATINUM 8573C
BenchmarkRoundTrip/ContainersOfContainers/Encode  	   39682	     15046 ns/op
PASS

shortname: thriftrw_gen-RoundTrip%2FContainersOfContainers%2FEncode
toolchain: Go
goos: linux
goarch: amd64
pkg: go.uber.org/thriftrw/gen
cpu: INTEL(R) XEON(R) PLATINUM 8573C
BenchmarkRoundTrip/ContainersOfContainers/Encode  	   39496	     15093 ns/op
PASS

shortname: thriftrw_gen-RoundTrip%2FContainersOfContainers%2FEncode
toolchain: Go
goos: linux
goarch: amd64
pkg: go.uber.org/thriftrw/gen
cpu: INTEL(R) XEON(R) PLATINUM 8573C
BenchmarkRoundTrip/ContainersOfContainers/Encode  	   39591	     15210 ns/op
PASS

shortname: thriftrw_gen-RoundTrip%2FPrimitiveOptionalStruct%2FStreaming_Decode
toolchain: Go
goos: linux
goarch: amd64
pkg: go.uber.org/thriftrw/gen
cpu: INTEL(R) XEON(R) PLATINUM 8573C
BenchmarkRoundTrip/PrimitiveOptionalStruct/Streaming_Decode         	  741091	       743.5 ns/op
PASS

shortname: thriftrw_gen-RoundTrip%2FPrimitiveOptionalStruct%2FStreaming_Decode
toolchain: Go
goos: linux
goarch: amd64
pkg: go.uber.org/thriftrw/gen
cpu: INTEL(R) XEON(R) PLATINUM 8573C
BenchmarkRoundTrip/PrimitiveOptionalStruct/Streaming_Decode         	  767174	       742.7 ns/op
PASS

shortname: thriftrw_gen-RoundTrip%2FPrimitiveOptionalStruct%2FStreaming_Decode
toolchain: Go
goos: linux
goarch: amd64
pkg: go.uber.org/thriftrw/gen
cpu: INTEL(R) XEON(R) PLATINUM 8573C
BenchmarkRoundTrip/PrimitiveOptionalStruct/Streaming_Decode         	  771414	       747.2 ns/op
PASS

shortname: thriftrw_gen-RoundTrip%2FPrimitiveOptionalStruct%2FStreaming_Decode
toolchain: Go
goos: linux
goarch: amd64
pkg: go.uber.org/thriftrw/gen
cpu: INTEL(R) XEON(R) PLATINUM 8573C
BenchmarkRoundTrip/PrimitiveOptionalStruct/Streaming_Decode         	  737535	       745.0 ns/op
PASS

shortname: thriftrw_gen-RoundTrip%2FPrimitiveOptionalStruct%2FStreaming_Decode
toolchain: Go
goos: linux
goarch: amd64
pkg: go.uber.org/thriftrw/gen
cpu: INTEL(R) XEON(R) PLATINUM 8573C
BenchmarkRoundTrip/PrimitiveOptionalStruct/Streaming_Decode         	  758928	       748.5 ns/op
PASS

shortname: uber_zap-JSONLogMarshalerFunc
toolchain: Go
goos: linux
goarch: amd64
pkg: go.uber.org/zap/zapcore
cpu: INTEL(R) XEON(R) PLATINUM 8573C
BenchmarkJSONLogMarshalerFunc 	 1416708	       423.6 ns/op
PASS

shortname: uber_zap-JSONLogMarshalerFunc
toolchain: Go
goos: linux
goarch: amd64
pkg: go.uber.org/zap/zapcore
cpu: INTEL(R) XEON(R) PLATINUM 8573C
BenchmarkJSONLogMarshalerFunc 	 1398618	       428.9 ns/op
PASS

shortname: uber_zap-JSONLogMarshalerFunc
toolchain: Go
goos: linux
goarch: amd64
pkg: go.uber.org/zap/zapcore
cpu: INTEL(R) XEON(R) PLATINUM 8573C
BenchmarkJSONLogMarshalerFunc 	 1420174	       424.2 ns/op
PASS

shortname: uber_zap-JSONLogMarshalerFunc
toolchain: Go
goos: linux
goarch: amd64
pkg: go.uber.org/zap/zapcore
cpu: INTEL(R) XEON(R) PLATINUM 8573C
BenchmarkJSONLogMarshalerFunc 	 1421164	       422.7 ns/op
PASS

shortname: uber_zap-JSONLogMarshalerFunc
toolchain: Go
goos: linux
goarch: amd64
pkg: go.uber.org/zap/zapcore
cpu: INTEL(R) XEON(R) PLATINUM 8573C
BenchmarkJSONLogMarshalerFunc 	 1387156	       432.4 ns/op
PASS

shortname: uuid-New
toolchain: Go
goos: linux
goarch: amd64
pkg: github.com/google/uuid
cpu: INTEL(R) XEON(R) PLATINUM 8573C
BenchmarkNew 	 6854962	        86.98 ns/op
PASS

shortname: uuid-New
toolchain: Go
goos: linux
goarch: amd64
pkg: github.com/google/uuid
cpu: INTEL(R) XEON(R) PLATINUM 8573C
BenchmarkNew 	 6903836	        86.80 ns/op
PASS

shortname: uuid-New
toolchain: Go
goos: linux
goarch: amd64
pkg: github.com/google/uuid
cpu: INTEL(R) XEON(R) PLATINUM 8573C
BenchmarkNew 	 6848540	        87.15 ns/op
PASS

shortname: uuid-New
toolchain: Go
goos: linux
goarch: amd64
pkg: github.com/google/uuid
cpu: INTEL(R) XEON(R) PLATINUM 8573C
BenchmarkNew 	 6878190	        86.79 ns/op
PASS

shortname: uuid-New
toolchain: Go
goos: linux
goarch: amd64
pkg: github.com/google/uuid
cpu: INTEL(R) XEON(R) PLATINUM 8573C
BenchmarkNew 	 6854050	        86.88 ns/op
PASS

shortname: uuid-UUID_MarshalJSON
toolchain: Go
goos: linux
goarch: amd64
pkg: github.com/google/uuid
cpu: INTEL(R) XEON(R) PLATINUM 8573C
BenchmarkUUID_MarshalJSON 	 2476707	       242.4 ns/op
PASS

shortname: uuid-UUID_MarshalJSON
toolchain: Go
goos: linux
goarch: amd64
pkg: github.com/google/uuid
cpu: INTEL(R) XEON(R) PLATINUM 8573C
BenchmarkUUID_MarshalJSON 	 2450270	       246.0 ns/op
PASS

shortname: uuid-UUID_MarshalJSON
toolchain: Go
goos: linux
goarch: amd64
pkg: github.com/google/uuid
cpu: INTEL(R) XEON(R) PLATINUM 8573C
BenchmarkUUID_MarshalJSON 	 2448015	       244.5 ns/op
PASS

shortname: uuid-UUID_MarshalJSON
toolchain: Go
goos: linux
goarch: amd64
pkg: github.com/google/uuid
cpu: INTEL(R) XEON(R) PLATINUM 8573C
BenchmarkUUID_MarshalJSON 	 2466525	       247.2 ns/op
PASS

shortname: uuid-UUID_MarshalJSON
toolchain: Go
goos: linux
goarch: amd64
pkg: github.com/google/uuid
cpu: INTEL(R) XEON(R) PLATINUM 8573C
BenchmarkUUID_MarshalJSON 	 2451538	       244.0 ns/op
PASS

shortname: uuid-UUID_UnmarshalJSON
toolchain: Go
goos: linux
goarch: amd64
pkg: github.com/google/uuid
cpu: INTEL(R) XEON(R) PLATINUM 8573C
BenchmarkUUID_UnmarshalJSON 	  829766	       716.0 ns/op
PASS

shortname: uuid-UUID_UnmarshalJSON
toolchain: Go
goos: linux
goarch: amd64
pkg: github.com/google/uuid
cpu: INTEL(R) XEON(R) PLATINUM 8573C
BenchmarkUUID_UnmarshalJSON 	  834955	       711.6 ns/op
PASS

shortname: uuid-UUID_UnmarshalJSON
toolchain: Go
goos: linux
goarch: amd64
pkg: github.com/google/uuid
cpu: INTEL(R) XEON(R) PLATINUM 8573C
BenchmarkUUID_UnmarshalJSON 	  812412	       715.0 ns/op
PASS

shortname: uuid-UUID_UnmarshalJSON
toolchain: Go
goos: linux
goarch: amd64
pkg: github.com/google/uuid
cpu: INTEL(R) XEON(R) PLATINUM 8573C
BenchmarkUUID_UnmarshalJSON 	  824241	       718.7 ns/op
PASS

shortname: uuid-UUID_UnmarshalJSON
toolchain: Go
goos: linux
goarch: amd64
pkg: github.com/google/uuid
cpu: INTEL(R) XEON(R) PLATINUM 8573C
BenchmarkUUID_UnmarshalJSON 	  814566	       710.5 ns/op
PASS

shortname: workiva_augmentedtree-AddItems
toolchain: Go
goos: linux
goarch: amd64
pkg: github.com/Workiva/go-datastructures/augmentedtree
cpu: INTEL(R) XEON(R) PLATINUM 8573C
BenchmarkAddItems 	    3752	    173808 ns/op
PASS

shortname: workiva_augmentedtree-AddItems
toolchain: Go
goos: linux
goarch: amd64
pkg: github.com/Workiva/go-datastructures/augmentedtree
cpu: INTEL(R) XEON(R) PLATINUM 8573C
BenchmarkAddItems 	    3690	    172735 ns/op
PASS

shortname: workiva_augmentedtree-AddItems
toolchain: Go
goos: linux
goarch: amd64
pkg: github.com/Workiva/go-datastructures/augmentedtree
cpu: INTEL(R) XEON(R) PLATINUM 8573C
BenchmarkAddItems 	    3645	    172479 ns/op
PASS

shortname: workiva_augmentedtree-AddItems
toolchain: Go
goos: linux
goarch: amd64
pkg: github.com/Workiva/go-datastructures/augmentedtree
cpu: INTEL(R) XEON(R) PLATINUM 8573C
BenchmarkAddItems 	    3679	    173203 ns/op
PASS

shortname: workiva_augmentedtree-AddItems
toolchain: Go
goos: linux
goarch: amd64
pkg: github.com/Workiva/go-datastructures/augmentedtree
cpu: INTEL(R) XEON(R) PLATINUM 8573C
BenchmarkAddItems 	    3697	    171755 ns/op
PASS

shortname: workiva_avl-ImmutableInsert
toolchain: Go
goos: linux
goarch: amd64
pkg: github.com/Workiva/go-datastructures/tree/avl
cpu: INTEL(R) XEON(R) PLATINUM 8573C
BenchmarkImmutableInsert 	  722490	      2204 ns/op
PASS

shortname: workiva_avl-ImmutableInsert
toolchain: Go
goos: linux
goarch: amd64
pkg: github.com/Workiva/go-datastructures/tree/avl
cpu: INTEL(R) XEON(R) PLATINUM 8573C
BenchmarkImmutableInsert 	  740752	      2306 ns/op
PASS

shortname: workiva_avl-ImmutableInsert
toolchain: Go
goos: linux
goarch: amd64
pkg: github.com/Workiva/go-datastructures/tree/avl
cpu: INTEL(R) XEON(R) PLATINUM 8573C
BenchmarkImmutableInsert 	  726920	      2254 ns/op
PASS

shortname: workiva_avl-ImmutableInsert
toolchain: Go
goos: linux
goarch: amd64
pkg: github.com/Workiva/go-datastructures/tree/avl
cpu: INTEL(R) XEON(R) PLATINUM 8573C
BenchmarkImmutableInsert 	  715904	      2212 ns/op
PASS

shortname: workiva_avl-ImmutableInsert
toolchain: Go
goos: linux
goarch: amd64
pkg: github.com/Workiva/go-datastructures/tree/avl
cpu: INTEL(R) XEON(R) PLATINUM 8573C
BenchmarkImmutableInsert 	  767258	      2166 ns/op
PASS

shortname: workiva_bitarray-CompressedIntersects
toolchain: Go
goos: linux
goarch: amd64
pkg: github.com/Workiva/go-datastructures/bitarray
cpu: INTEL(R) XEON(R) PLATINUM 8573C
BenchmarkCompressedIntersects 	12358512	        50.17 ns/op
PASS

shortname: workiva_bitarray-CompressedIntersects
toolchain: Go
goos: linux
goarch: amd64
pkg: github.com/Workiva/go-datastructures/bitarray
cpu: INTEL(R) XEON(R) PLATINUM 8573C
BenchmarkCompressedIntersects 	12585340	        50.58 ns/op
PASS

shortname: workiva_bitarray-CompressedIntersects
toolchain: Go
goos: linux
goarch: amd64
pkg: github.com/Workiva/go-datastructures/bitarray
cpu: INTEL(R) XEON(R) PLATINUM 8573C
BenchmarkCompressedIntersects 	12592296	        50.71 ns/op
PASS

shortname: workiva_bitarray-CompressedIntersects
toolchain: Go
goos: linux
goarch: amd64
pkg: github.com/Workiva/go-datastructures/bitarray
cpu: INTEL(R) XEON(R) PLATINUM 8573C
BenchmarkCompressedIntersects 	12463764	        50.34 ns/op
PASS

shortname: workiva_bitarray-CompressedIntersects
toolchain: Go
goos: linux
goarch: amd64
pkg: github.com/Workiva/go-datastructures/bitarray
cpu: INTEL(R) XEON(R) PLATINUM 8573C
BenchmarkCompressedIntersects 	12567250	        50.59 ns/op
PASS

shortname: workiva_hilbert-BulkUpdatePoints
toolchain: Go
goos: linux
goarch: amd64
pkg: github.com/Workiva/go-datastructures/rtree/hilbert
cpu: INTEL(R) XEON(R) PLATINUM 8573C
BenchmarkBulkUpdatePoints 	    2176	    267791 ns/op
PASS

shortname: workiva_hilbert-BulkUpdatePoints
toolchain: Go
goos: linux
goarch: amd64
pkg: github.com/Workiva/go-datastructures/rtree/hilbert
cpu: INTEL(R) XEON(R) PLATINUM 8573C
BenchmarkBulkUpdatePoints 	    2179	    268653 ns/op
PASS

shortname: workiva_hilbert-BulkUpdatePoints
toolchain: Go
goos: linux
goarch: amd64
pkg: github.com/Workiva/go-datastructures/rtree/hilbert
cpu: INTEL(R) XEON(R) PLATINUM 8573C
BenchmarkBulkUpdatePoints 	    2179	    267182 ns/op
PASS

shortname: workiva_hilbert-BulkUpdatePoints
toolchain: Go
goos: linux
goarch: amd64
pkg: github.com/Workiva/go-datastructures/rtree/hilbert
cpu: INTEL(R) XEON(R) PLATINUM 8573C
BenchmarkBulkUpdatePoints 	    2168	    270004 ns/op
PASS

shortname: workiva_hilbert-BulkUpdatePoints
toolchain: Go
goos: linux
goarch: amd64
pkg: github.com/Workiva/go-datastructures/rtree/hilbert
cpu: INTEL(R) XEON(R) PLATINUM 8573C
BenchmarkBulkUpdatePoints 	    2194	    268151 ns/op
PASS

shortname: workiva_queue-PriorityQueue
toolchain: Go
goos: linux
goarch: amd64
pkg: github.com/Workiva/go-datastructures/queue
cpu: INTEL(R) XEON(R) PLATINUM 8573C
BenchmarkPriorityQueue 	 1000000	       574.3 ns/op
PASS

shortname: workiva_queue-PriorityQueue
toolchain: Go
goos: linux
goarch: amd64
pkg: github.com/Workiva/go-datastructures/queue
cpu: INTEL(R) XEON(R) PLATINUM 8573C
BenchmarkPriorityQueue 	 1000000	       560.1 ns/op
PASS

shortname: workiva_queue-PriorityQueue
toolchain: Go
goos: linux
goarch: amd64
pkg: github.com/Workiva/go-datastructures/queue
cpu: INTEL(R) XEON(R) PLATINUM 8573C
BenchmarkPriorityQueue 	 1000000	       618.6 ns/op
PASS

shortname: workiva_queue-PriorityQueue
toolchain: Go
goos: linux
goarch: amd64
pkg: github.com/Workiva/go-datastructures/queue
cpu: INTEL(R) XEON(R) PLATINUM 8573C
BenchmarkPriorityQueue 	 1000000	       610.8 ns/op
PASS

shortname: workiva_queue-PriorityQueue
toolchain: Go
goos: linux
goarch: amd64
pkg: github.com/Workiva/go-datastructures/queue
cpu: INTEL(R) XEON(R) PLATINUM 8573C
BenchmarkPriorityQueue 	 1000000	       613.4 ns/op
PASS

shortname: workiva_rangetree-Apply
toolchain: Go
goos: linux
goarch: amd64
pkg: github.com/Workiva/go-datastructures/rangetree
cpu: INTEL(R) XEON(R) PLATINUM 8573C
BenchmarkApply 	   49554	     11529 ns/op
PASS

shortname: workiva_rangetree-Apply
toolchain: Go
goos: linux
goarch: amd64
pkg: github.com/Workiva/go-datastructures/rangetree
cpu: INTEL(R) XEON(R) PLATINUM 8573C
BenchmarkApply 	   53072	     11395 ns/op
PASS

shortname: workiva_rangetree-Apply
toolchain: Go
goos: linux
goarch: amd64
pkg: github.com/Workiva/go-datastructures/rangetree
cpu: INTEL(R) XEON(R) PLATINUM 8573C
BenchmarkApply 	   52740	     11566 ns/op
PASS

shortname: workiva_rangetree-Apply
toolchain: Go
goos: linux
goarch: amd64
pkg: github.com/Workiva/go-datastructures/rangetree
cpu: INTEL(R) XEON(R) PLATINUM 8573C
BenchmarkApply 	   52442	     11544 ns/op
PASS

shortname: workiva_rangetree-Apply
toolchain: Go
goos: linux
goarch: amd64
pkg: github.com/Workiva/go-datastructures/rangetree
cpu: INTEL(R) XEON(R) PLATINUM 8573C
BenchmarkApply 	   48726	     11438 ns/op
PASS

shortname: workiva_rangetree-ImmutableInsertSecondDimension
toolchain: Go
goos: linux
goarch: amd64
pkg: github.com/Workiva/go-datastructures/rangetree
cpu: INTEL(R) XEON(R) PLATINUM 8573C
BenchmarkImmutableInsertSecondDimension 	      19	  32130147 ns/op
PASS

shortname: workiva_rangetree-ImmutableInsertSecondDimension
toolchain: Go
goos: linux
goarch: amd64
pkg: github.com/Workiva/go-datastructures/rangetree
cpu: INTEL(R) XEON(R) PLATINUM 8573C
BenchmarkImmutableInsertSecondDimension 	      20	  32127162 ns/op
PASS

shortname: workiva_rangetree-ImmutableInsertSecondDimension
toolchain: Go
goos: linux
goarch: amd64
pkg: github.com/Workiva/go-datastructures/rangetree
cpu: INTEL(R) XEON(R) PLATINUM 8573C
BenchmarkImmutableInsertSecondDimension 	      18	  31135391 ns/op
PASS

shortname: workiva_rangetree-ImmutableInsertSecondDimension
toolchain: Go
goos: linux
goarch: amd64
pkg: github.com/Workiva/go-datastructures/rangetree
cpu: INTEL(R) XEON(R) PLATINUM 8573C
BenchmarkImmutableInsertSecondDimension 	      19	  31566555 ns/op
PASS

shortname: workiva_rangetree-ImmutableInsertSecondDimension
toolchain: Go
goos: linux
goarch: amd64
pkg: github.com/Workiva/go-datastructures/rangetree
cpu: INTEL(R) XEON(R) PLATINUM 8573C
BenchmarkImmutableInsertSecondDimension 	      20	  30845258 ns/op
PASS

shortname: workiva_set-Clear
toolchain: Go
goos: linux
goarch: amd64
pkg: github.com/Workiva/go-datastructures/set
cpu: INTEL(R) XEON(R) PLATINUM 8573C
BenchmarkClear 	 9825018	        61.96 ns/op
PASS

shortname: workiva_set-Clear
toolchain: Go
goos: linux
goarch: amd64
pkg: github.com/Workiva/go-datastructures/set
cpu: INTEL(R) XEON(R) PLATINUM 8573C
BenchmarkClear 	 9812490	        62.14 ns/op
PASS

shortname: workiva_set-Clear
toolchain: Go
goos: linux
goarch: amd64
pkg: github.com/Workiva/go-datastructures/set
cpu: INTEL(R) XEON(R) PLATINUM 8573C
BenchmarkClear 	 9696582	        62.29 ns/op
PASS

shortname: workiva_set-Clear
toolchain: Go
goos: linux
goarch: amd64
pkg: github.com/Workiva/go-datastructures/set
cpu: INTEL(R) XEON(R) PLATINUM 8573C
BenchmarkClear 	 9751992	        62.57 ns/op
PASS

shortname: workiva_set-Clear
toolchain: Go
goos: linux
goarch: amd64
pkg: github.com/Workiva/go-datastructures/set
cpu: INTEL(R) XEON(R) PLATINUM 8573C
BenchmarkClear 	 9577702	        62.54 ns/op
PASS

shortname: workiva_set-Exists
toolchain: Go
goos: linux
goarch: amd64
pkg: github.com/Workiva/go-datastructures/set
cpu: INTEL(R) XEON(R) PLATINUM 8573C
BenchmarkExists 	25062216	        23.81 ns/op
PASS

shortname: workiva_set-Exists
toolchain: Go
goos: linux
goarch: amd64
pkg: github.com/Workiva/go-datastructures/set
cpu: INTEL(R) XEON(R) PLATINUM 8573C
BenchmarkExists 	24913218	        23.78 ns/op
PASS

shortname: workiva_set-Exists
toolchain: Go
goos: linux
goarch: amd64
pkg: github.com/Workiva/go-datastructures/set
cpu: INTEL(R) XEON(R) PLATINUM 8573C
BenchmarkExists 	24606110	        23.71 ns/op
PASS

shortname: workiva_set-Exists
toolchain: Go
goos: linux
goarch: amd64
pkg: github.com/Workiva/go-datastructures/set
cpu: INTEL(R) XEON(R) PLATINUM 8573C
BenchmarkExists 	24659691	        23.77 ns/op
PASS

shortname: workiva_set-Exists
toolchain: Go
goos: linux
goarch: amd64
pkg: github.com/Workiva/go-datastructures/set
cpu: INTEL(R) XEON(R) PLATINUM 8573C
BenchmarkExists 	24935092	        23.76 ns/op
PASS

shortname: workiva_triey-Iterator
toolchain: Go
goos: linux
goarch: amd64
pkg: github.com/Workiva/go-datastructures/trie/yfast
cpu: INTEL(R) XEON(R) PLATINUM 8573C
BenchmarkIterator 	  273411	      2077 ns/op
PASS

shortname: workiva_triey-Iterator
toolchain: Go
goos: linux
goarch: amd64
pkg: github.com/Workiva/go-datastructures/trie/yfast
cpu: INTEL(R) XEON(R) PLATINUM 8573C
BenchmarkIterator 	  275173	      2096 ns/op
PASS

shortname: workiva_triey-Iterator
toolchain: Go
goos: linux
goarch: amd64
pkg: github.com/Workiva/go-datastructures/trie/yfast
cpu: INTEL(R) XEON(R) PLATINUM 8573C
BenchmarkIterator 	  277034	      2112 ns/op
PASS

shortname: workiva_triey-Iterator
toolchain: Go
goos: linux
goarch: amd64
pkg: github.com/Workiva/go-datastructures/trie/yfast
cpu: INTEL(R) XEON(R) PLATINUM 8573C
BenchmarkIterator 	  275746	      2093 ns/op
PASS

shortname: workiva_triey-Iterator
toolchain: Go
goos: linux
goarch: amd64
pkg: github.com/Workiva/go-datastructures/trie/yfast
cpu: INTEL(R) XEON(R) PLATINUM 8573C
BenchmarkIterator 	  282884	      2058 ns/op
PASS
